../Core/Src/main.c:90:5:main	16	static
../Core/Src/main.c:152:6:SystemClock_Config	88	static
../Core/Src/main.c:200:13:MX_ADC1_Init	24	static
../Core/Src/main.c:252:13:MX_I2C1_Init	8	static
../Core/Src/main.c:286:13:MX_TIM3_Init	64	static
../Core/Src/main.c:345:13:MX_UART4_Init	8	static
../Core/Src/main.c:378:13:MX_GPIO_Init	48	static
../Core/Src/main.c:430:9:events	16	static
../Core/Src/main.c:453:6:FSM_Init	8	static
../Core/Src/main.c:468:6:FSM	16	static
../Core/Src/main.c:503:6:action_read	8	static
../Core/Src/main.c:508:6:First_Write	8	static
../Core/Src/main.c:515:6:action_write	8	static
../Core/Src/main.c:523:6:debugger_GPIO	16	static
../Core/Src/main.c:550:6:Error_Handler	4	static,ignoring_inline_asm
