../Core/Src/main.c:91:5:main	16	static
../Core/Src/main.c:164:6:SystemClock_Config	88	static
../Core/Src/main.c:212:13:MX_ADC1_Init	24	static
../Core/Src/main.c:264:13:MX_TIM3_Init	64	static
../Core/Src/main.c:323:13:MX_GPIO_Init	48	static
../Core/Src/main.c:365:6:HAL_ADC_ConvCpltCallback	16	static
../Core/Src/main.c:373:6:PWM_Control	16	static
../Core/Src/main.c:378:6:FSM	16	static
../Core/Src/main.c:412:6:action_read	8	static
../Core/Src/main.c:417:6:SM_init	16	static
../Core/Src/main.c:424:6:action_wait	8	static
../Core/Src/main.c:429:6:action_write	16	static
../Core/Src/main.c:436:6:wellcome	4	static
../Core/Src/main.c:453:6:Error_Handler	4	static,ignoring_inline_asm
