../Core/Src/main.c:94:5:main	1
../Core/Src/main.c:155:6:SystemClock_Config	3
../Core/Src/main.c:203:13:MX_ADC1_Init	3
../Core/Src/main.c:255:13:MX_TIM3_Init	6
../Core/Src/main.c:314:13:MX_GPIO_Init	1
../Core/Src/main.c:349:6:HAL_ADC_ConvCpltCallback	2
../Core/Src/main.c:357:6:PWM_Control	1
../Core/Src/main.c:362:9:events	4
../Core/Src/main.c:380:6:FSM	10
../Core/Src/main.c:414:6:action_read	1
../Core/Src/main.c:419:6:SM_init	1
../Core/Src/main.c:426:6:action_wait	1
../Core/Src/main.c:431:6:action_write	1
../Core/Src/main.c:438:6:wellcome	1
../Core/Src/main.c:455:6:Error_Handler	1
