../Core/Src/main.c:86:5:main	1
../Core/Src/main.c:149:6:SystemClock_Config	3
../Core/Src/main.c:197:13:MX_ADC1_Init	3
../Core/Src/main.c:249:13:MX_I2C1_Init	2
../Core/Src/main.c:283:13:MX_TIM3_Init	6
../Core/Src/main.c:342:13:MX_GPIO_Init	1
../Core/Src/main.c:378:6:HAL_ADC_ConvCpltCallback	2
../Core/Src/main.c:387:9:events	4
../Core/Src/main.c:406:6:FSM	10
../Core/Src/main.c:441:6:action_read	1
../Core/Src/main.c:446:6:SM_init	1
../Core/Src/main.c:453:6:action_wait	1
../Core/Src/main.c:458:6:action_write	1
../Core/Src/main.c:474:6:Error_Handler	1
