Archive member included to satisfy reference by file (symbol)

/opt/st/stm32cubeide_1.19.0/plugins/com.st.stm32cube.ide.mcu.externaltools.gnu-tools-for-stm32.13.3.rel1.linux64_1.0.0.202410170706/tools/bin/../lib/gcc/arm-none-eabi/13.3.1/../../../../arm-none-eabi/lib/thumb/v7e-m+fp/hard/libc_nano.a(libc_a-exit.o)
                              /opt/st/stm32cubeide_1.19.0/plugins/com.st.stm32cube.ide.mcu.externaltools.gnu-tools-for-stm32.13.3.rel1.linux64_1.0.0.202410170706/tools/bin/../lib/gcc/arm-none-eabi/13.3.1/../../../../arm-none-eabi/lib/thumb/v7e-m+fp/hard/crt0.o (exit)
/opt/st/stm32cubeide_1.19.0/plugins/com.st.stm32cube.ide.mcu.externaltools.gnu-tools-for-stm32.13.3.rel1.linux64_1.0.0.202410170706/tools/bin/../lib/gcc/arm-none-eabi/13.3.1/../../../../arm-none-eabi/lib/thumb/v7e-m+fp/hard/libc_nano.a(libc_a-findfp.o)
                              /opt/st/stm32cubeide_1.19.0/plugins/com.st.stm32cube.ide.mcu.externaltools.gnu-tools-for-stm32.13.3.rel1.linux64_1.0.0.202410170706/tools/bin/../lib/gcc/arm-none-eabi/13.3.1/../../../../arm-none-eabi/lib/thumb/v7e-m+fp/hard/libc_nano.a(libc_a-exit.o) (__stdio_exit_handler)
/opt/st/stm32cubeide_1.19.0/plugins/com.st.stm32cube.ide.mcu.externaltools.gnu-tools-for-stm32.13.3.rel1.linux64_1.0.0.202410170706/tools/bin/../lib/gcc/arm-none-eabi/13.3.1/../../../../arm-none-eabi/lib/thumb/v7e-m+fp/hard/libc_nano.a(libc_a-fwalk.o)
                              /opt/st/stm32cubeide_1.19.0/plugins/com.st.stm32cube.ide.mcu.externaltools.gnu-tools-for-stm32.13.3.rel1.linux64_1.0.0.202410170706/tools/bin/../lib/gcc/arm-none-eabi/13.3.1/../../../../arm-none-eabi/lib/thumb/v7e-m+fp/hard/libc_nano.a(libc_a-findfp.o) (_fwalk_sglue)
/opt/st/stm32cubeide_1.19.0/plugins/com.st.stm32cube.ide.mcu.externaltools.gnu-tools-for-stm32.13.3.rel1.linux64_1.0.0.202410170706/tools/bin/../lib/gcc/arm-none-eabi/13.3.1/../../../../arm-none-eabi/lib/thumb/v7e-m+fp/hard/libc_nano.a(libc_a-stdio.o)
                              /opt/st/stm32cubeide_1.19.0/plugins/com.st.stm32cube.ide.mcu.externaltools.gnu-tools-for-stm32.13.3.rel1.linux64_1.0.0.202410170706/tools/bin/../lib/gcc/arm-none-eabi/13.3.1/../../../../arm-none-eabi/lib/thumb/v7e-m+fp/hard/libc_nano.a(libc_a-findfp.o) (__sread)
/opt/st/stm32cubeide_1.19.0/plugins/com.st.stm32cube.ide.mcu.externaltools.gnu-tools-for-stm32.13.3.rel1.linux64_1.0.0.202410170706/tools/bin/../lib/gcc/arm-none-eabi/13.3.1/../../../../arm-none-eabi/lib/thumb/v7e-m+fp/hard/libc_nano.a(libc_a-memset.o)
                              /opt/st/stm32cubeide_1.19.0/plugins/com.st.stm32cube.ide.mcu.externaltools.gnu-tools-for-stm32.13.3.rel1.linux64_1.0.0.202410170706/tools/bin/../lib/gcc/arm-none-eabi/13.3.1/../../../../arm-none-eabi/lib/thumb/v7e-m+fp/hard/crt0.o (memset)
/opt/st/stm32cubeide_1.19.0/plugins/com.st.stm32cube.ide.mcu.externaltools.gnu-tools-for-stm32.13.3.rel1.linux64_1.0.0.202410170706/tools/bin/../lib/gcc/arm-none-eabi/13.3.1/../../../../arm-none-eabi/lib/thumb/v7e-m+fp/hard/libc_nano.a(libc_a-closer.o)
                              /opt/st/stm32cubeide_1.19.0/plugins/com.st.stm32cube.ide.mcu.externaltools.gnu-tools-for-stm32.13.3.rel1.linux64_1.0.0.202410170706/tools/bin/../lib/gcc/arm-none-eabi/13.3.1/../../../../arm-none-eabi/lib/thumb/v7e-m+fp/hard/libc_nano.a(libc_a-stdio.o) (_close_r)
/opt/st/stm32cubeide_1.19.0/plugins/com.st.stm32cube.ide.mcu.externaltools.gnu-tools-for-stm32.13.3.rel1.linux64_1.0.0.202410170706/tools/bin/../lib/gcc/arm-none-eabi/13.3.1/../../../../arm-none-eabi/lib/thumb/v7e-m+fp/hard/libc_nano.a(libc_a-reent.o)
                              /opt/st/stm32cubeide_1.19.0/plugins/com.st.stm32cube.ide.mcu.externaltools.gnu-tools-for-stm32.13.3.rel1.linux64_1.0.0.202410170706/tools/bin/../lib/gcc/arm-none-eabi/13.3.1/../../../../arm-none-eabi/lib/thumb/v7e-m+fp/hard/libc_nano.a(libc_a-closer.o) (errno)
/opt/st/stm32cubeide_1.19.0/plugins/com.st.stm32cube.ide.mcu.externaltools.gnu-tools-for-stm32.13.3.rel1.linux64_1.0.0.202410170706/tools/bin/../lib/gcc/arm-none-eabi/13.3.1/../../../../arm-none-eabi/lib/thumb/v7e-m+fp/hard/libc_nano.a(libc_a-impure.o)
                              /opt/st/stm32cubeide_1.19.0/plugins/com.st.stm32cube.ide.mcu.externaltools.gnu-tools-for-stm32.13.3.rel1.linux64_1.0.0.202410170706/tools/bin/../lib/gcc/arm-none-eabi/13.3.1/../../../../arm-none-eabi/lib/thumb/v7e-m+fp/hard/libc_nano.a(libc_a-reent.o) (_impure_ptr)
/opt/st/stm32cubeide_1.19.0/plugins/com.st.stm32cube.ide.mcu.externaltools.gnu-tools-for-stm32.13.3.rel1.linux64_1.0.0.202410170706/tools/bin/../lib/gcc/arm-none-eabi/13.3.1/../../../../arm-none-eabi/lib/thumb/v7e-m+fp/hard/libc_nano.a(libc_a-lseekr.o)
                              /opt/st/stm32cubeide_1.19.0/plugins/com.st.stm32cube.ide.mcu.externaltools.gnu-tools-for-stm32.13.3.rel1.linux64_1.0.0.202410170706/tools/bin/../lib/gcc/arm-none-eabi/13.3.1/../../../../arm-none-eabi/lib/thumb/v7e-m+fp/hard/libc_nano.a(libc_a-stdio.o) (_lseek_r)
[...]
Memory Configuration

Name             Origin             Length             Attributes
RAM              0x20000000         0x00020000         xrw
FLASH            0x08000000         0x00080000         xr
*default*        0x00000000         0xffffffff

Linker script and memory map

LOAD /opt/st/stm32cubeide_1.19.0/plugins/com.st.stm32cube.ide.mcu.externaltools.gnu-tools-for-stm32.13.3.rel1.linux64_1.0.0.202410170706/tools/bin/../lib/gcc/arm-none-eabi/13.3.1/thumb/v7e-m+fp/hard/crti.o
LOAD /opt/st/stm32cubeide_1.19.0/plugins/com.st.stm32cube.ide.mcu.externaltools.gnu-tools-for-stm32.13.3.rel1.linux64_1.0.0.202410170706/tools/bin/../lib/gcc/arm-none-eabi/13.3.1/thumb/v7e-m+fp/hard/crtbegin.o
LOAD /opt/st/stm32cubeide_1.19.0/plugins/com.st.stm32cube.ide.mcu.externaltools.gnu-tools-for-stm32.13.3.rel1.linux64_1.0.0.202410170706/tools/bin/../lib/gcc/arm-none-eabi/13.3.1/../../../../arm-none-eabi/lib/thumb/v7e-m+fp/hard/crt0.o
LOAD ./Core/Src/main.o
LOAD ./Core/Src/stm32f4xx_hal_msp.o
LOAD ./Core/Src/stm32f4xx_it.o
LOAD ./Core/Src/syscalls.o
LOAD ./Core/Src/sysmem.o
LOAD ./Core/Src/system_stm32f4xx.o
LOAD ./Core/Startup/startup_stm32f446retx.o
LOAD ./Drivers/API/Src/API_debounce.o
LOAD ./Drivers/API/Src/API_delay.o
LOAD ./Drivers/API/Src/API_uart.o
LOAD ./Drivers/STM32F4xx_HAL_Driver/Src/stm32f4xx_hal.o
LOAD ./Drivers/STM32F4xx_HAL_Driver/Src/stm32f4xx_hal_cortex.o
LOAD ./Drivers/STM32F4xx_HAL_Driver/Src/stm32f4xx_hal_dma.o
LOAD ./Drivers/STM32F4xx_HAL_Driver/Src/stm32f4xx_hal_dma_ex.o
LOAD ./Drivers/STM32F4xx_HAL_Driver/Src/stm32f4xx_hal_exti.o
LOAD ./Drivers/STM32F4xx_HAL_Driver/Src/stm32f4xx_hal_flash.o
LOAD ./Drivers/STM32F4xx_HAL_Driver/Src/stm32f4xx_hal_flash_ex.o
LOAD ./Drivers/STM32F4xx_HAL_Driver/Src/stm32f4xx_hal_flash_ramfunc.o
LOAD ./Drivers/STM32F4xx_HAL_Driver/Src/stm32f4xx_hal_gpio.o
LOAD ./Drivers/STM32F4xx_HAL_Driver/Src/stm32f4xx_hal_pwr.o
LOAD ./Drivers/STM32F4xx_HAL_Driver/Src/stm32f4xx_hal_pwr_ex.o
LOAD ./Drivers/STM32F4xx_HAL_Driver/Src/stm32f4xx_hal_rcc.o
LOAD ./Drivers/STM32F4xx_HAL_Driver/Src/stm32f4xx_hal_rcc_ex.o
LOAD ./Drivers/STM32F4xx_HAL_Driver/Src/stm32f4xx_hal_uart.o
START GROUP
LOAD /opt/st/stm32cubeide_1.19.0/plugins/com.st.stm32cube.ide.mcu.externaltools.gnu-tools-for-stm32.13.3.rel1.linux64_1.0.0.202410170706/tools/bin/../lib/gcc/arm-none-eabi/13.3.1/../../../../arm-none-eabi/lib/thumb/v7e-m+fp/hard/libc_nano.a
LOAD /opt/st/stm32cubeide_1.19.0/plugins/com.st.stm32cube.ide.mcu.externaltools.gnu-tools-for-stm32.13.3.rel1.linux64_1.0.0.202410170706/tools/bin/../lib/gcc/arm-none-eabi/13.3.1/../../../../arm-none-eabi/lib/thumb/v7e-m+fp/hard/libm.a
END GROUP
START GROUP
LOAD /opt/st/stm32cubeide_1.19.0/plugins/com.st.stm32cube.ide.mcu.externaltools.gnu-tools-for-stm32.13.3.rel1.linux64_1.0.0.202410170706/tools/bin/../lib/gcc/arm-none-eabi/13.3.1/thumb/v7e-m+fp/hard/libgcc.a
LOAD /opt/st/stm32cubeide_1.19.0/plugins/com.st.stm32cube.ide.mcu.externaltools.gnu-tools-for-stm32.13.3.rel1.linux64_1.0.0.202410170706/tools/bin/../lib/gcc/arm-none-eabi/13.3.1/../../../../arm-none-eabi/lib/thumb/v7e-m+fp/hard/libc_nano.a
END GROUP
START GROUP
LOAD /opt/st/stm32cubeide_1.19.0/plugins/com.st.stm32cube.ide.mcu.externaltools.gnu-tools-for-stm32.13.3.rel1.linux64_1.0.0.202410170706/tools/bin/../lib/gcc/arm-none-eabi/13.3.1/thumb/v7e-m+fp/hard/libgcc.a
LOAD /opt/st/stm32cubeide_1.19.0/plugins/com.st.stm32cube.ide.mcu.externaltools.gnu-tools-for-stm32.13.3.rel1.linux64_1.0.0.202410170706/tools/bin/../lib/gcc/arm-none-eabi/13.3.1/../../../../arm-none-eabi/lib/thumb/v7e-m+fp/hard/libc_nano.a
LOAD /opt/st/stm32cubeide_1.19.0/plugins/com.st.stm32cube.ide.mcu.externaltools.gnu-tools-for-stm32.13.3.rel1.linux64_1.0.0.202410170706/tools/bin/../lib/gcc/arm-none-eabi/13.3.1/../../../../arm-none-eabi/lib/thumb/v7e-m+fp/hard/libnosys.a
END GROUP
START GROUP
LOAD /opt/st/stm32cubeide_1.19.0/plugins/com.st.stm32cube.ide.mcu.externaltools.gnu-tools-for-stm32.13.3.rel1.linux64_1.0.0.202410170706/tools/bin/../lib/gcc/arm-none-eabi/13.3.1/thumb/v7e-m+fp/hard/libgcc.a
LOAD /opt/st/stm32cubeide_1.19.0/plugins/com.st.stm32cube.ide.mcu.externaltools.gnu-tools-for-stm32.13.3.rel1.linux64_1.0.0.202410170706/tools/bin/../lib/gcc/arm-none-eabi/13.3.1/../../../../arm-none-eabi/lib/thumb/v7e-m+fp/hard/libc_nano.a
LOAD /opt/st/stm32cubeide_1.19.0/plugins/com.st.stm32cube.ide.mcu.externaltools.gnu-tools-for-stm32.13.3.rel1.linux64_1.0.0.202410170706/tools/bin/../lib/gcc/arm-none-eabi/13.3.1/../../../../arm-none-eabi/lib/thumb/v7e-m+fp/hard/libnosys.a
END GROUP
LOAD /opt/st/stm32cubeide_1.19.0/plugins/com.st.stm32cube.ide.mcu.externaltools.gnu-tools-for-stm32.13.3.rel1.linux64_1.0.0.202410170706/tools/bin/../lib/gcc/arm-none-eabi/13.3.1/thumb/v7e-m+fp/hard/crtend.o
LOAD /opt/st/stm32cubeide_1.19.0/plugins/com.st.stm32cube.ide.mcu.externaltools.gnu-tools-for-stm32.13.3.rel1.linux64_1.0.0.202410170706/tools/bin/../lib/gcc/arm-none-eabi/13.3.1/thumb/v7e-m+fp/hard/crtn.o
                0x20020000                        _estack = (ORIGIN (RAM) + LENGTH (RAM))
                0x00000200                        _Min_Heap_Size = 0x200
                0x00000400                        _Min_Stack_Size = 0x400

.isr_vector     0x08000000      0x1c4
                0x08000000                        . = ALIGN (0x4)
 *(.isr_vector)
 .isr_vector    0x08000000      0x1c4 ./Core/Startup/startup_stm32f446retx.o
                0x08000000                g_pfnVectors
                0x080001c4                        . = ALIGN (0x4)

.text           0x080001c4     0x22f0
                0x080001c4                        . = ALIGN (0x4)
 *(.text)
 .text          0x080001c4       0x40 /opt/st/stm32cubeide_1.19.0/plugins/com.st.stm32cube.ide.mcu.externaltools.gnu-tools-for-stm32.13.3.rel1.linux64_1.0.0.202410170706/tools/bin/../lib/gcc/arm-none-eabi/13.3.1/thumb/v7e-m+fp/hard/crtbegin.o
 .text          0x08000204       0x30 /opt/st/stm32cubeide_1.19.0/plugins/com.st.stm32cube.ide.mcu.externaltools.gnu-tools-for-stm32.13.3.rel1.linux64_1.0.0.202410170706/tools/bin/../lib/gcc/arm-none-eabi/13.3.1/thumb/v7e-m+fp/hard/libgcc.a(_aeabi_uldivmod.o)
                0x08000204                __aeabi_uldivmod
 .text          0x08000234      0x2f8 /opt/st/stm32cubeide_1.19.0/plugins/com.st.stm32cube.ide.mcu.externaltools.gnu-tools-for-stm32.13.3.rel1.linux64_1.0.0.202410170706/tools/bin/../lib/gcc/arm-none-eabi/13.3.1/thumb/v7e-m+fp/hard/libgcc.a(_udivmoddi4.o)
                0x08000234                __udivmoddi4
 .text          0x0800052c        0x4 /opt/st/stm32cubeide_1.19.0/plugins/com.st.stm32cube.ide.mcu.externaltools.gnu-tools-for-stm32.13.3.rel1.linux64_1.0.0.202410170706/tools/bin/../lib/gcc/arm-none-eabi/13.3.1/thumb/v7e-m+fp/hard/libgcc.a(_dvmd_tls.o)
                0x0800052c                __aeabi_ldiv0
                0x0800052c                __aeabi_idiv0
 *(.text*)
 .text.main     0x08000530       0x58 ./Core/Src/main.o
                0x08000530                main
 .text.SystemClock_Config
                0x08000588       0xd8 ./Core/Src/main.o
                0x08000588                SystemClock_Config
 .text.MX_USART1_UART_Init
                0x08000660       0x54 ./Core/Src/main.o
 .text.MX_GPIO_Init
                0x080006b4       0xc0 ./Core/Src/main.o
 .text.Error_Handler
                0x08000774        0xc ./Core/Src/main.o
                0x08000774                Error_Handler
 .text.HAL_MspInit
                0x08000780       0x50 ./Core/Src/stm32f4xx_hal_msp.o
                0x08000780                HAL_MspInit
 .text.HAL_UART_MspInit
                0x080007d0       0x90 ./Core/Src/stm32f4xx_hal_msp.o
                0x080007d0                HAL_UART_MspInit
 .text.NMI_Handler
                0x08000860        0x8 ./Core/Src/stm32f4xx_it.o
                0x08000860                NMI_Handler
 .text.HardFault_Handler
                0x08000868        0x8 ./Core/Src/stm32f4xx_it.o
                0x08000868                HardFault_Handler
 .text.MemManage_Handler
                0x08000870        0x8 ./Core/Src/stm32f4xx_it.o
                0x08000870                MemManage_Handler
 .text.BusFault_Handler
                0x08000878        0x8 ./Core/Src/stm32f4xx_it.o
                0x08000878                BusFault_Handler
 .text.UsageFault_Handler
                0x08000880        0x8 ./Core/Src/stm32f4xx_it.o
                0x08000880                UsageFault_Handler
 .text.SVC_Handler
                0x08000888        0xe ./Core/Src/stm32f4xx_it.o
                0x08000888                SVC_Handler
 .text.DebugMon_Handler
                0x08000896        0xe ./Core/Src/stm32f4xx_it.o
                0x08000896                DebugMon_Handler
 .text.PendSV_Handler
                0x080008a4        0xe ./Core/Src/stm32f4xx_it.o
                0x080008a4                PendSV_Handler
 .text.SysTick_Handler
                0x080008b2        0xc ./Core/Src/stm32f4xx_it.o
                0x080008b2                SysTick_Handler
 *fill*         0x080008be        0x2 
 .text.SystemInit
                0x080008c0       0x24 ./Core/Src/system_stm32f4xx.o
                0x080008c0                SystemInit
 .text.Reset_Handler
                0x080008e4       0x50 ./Core/Startup/startup_stm32f446retx.o
                0x080008e4                Reset_Handler
 .text.Default_Handler
                0x08000934        0x2 ./Core/Startup/startup_stm32f446retx.o
                0x08000934                RTC_Alarm_IRQHandler
                0x08000934                EXTI2_IRQHandler
                0x08000934                TIM8_CC_IRQHandler
                0x08000934                FMPI2C1_EV_IRQHandler
                0x08000934                SPI4_IRQHandler
                0x08000934                TIM1_CC_IRQHandler
                0x08000934                DMA2_Stream5_IRQHandler
                0x08000934                DMA1_Stream5_IRQHandler
                0x08000934                PVD_IRQHandler
                0x08000934                SDIO_IRQHandler
                0x08000934                TAMP_STAMP_IRQHandler
                0x08000934                CAN2_RX1_IRQHandler
                0x08000934                EXTI3_IRQHandler
                0x08000934                TIM8_TRG_COM_TIM14_IRQHandler
                0x08000934                TIM1_UP_TIM10_IRQHandler
                0x08000934                TIM8_UP_TIM13_IRQHandler
                0x08000934                I2C3_ER_IRQHandler
                0x08000934                EXTI0_IRQHandler
                0x08000934                I2C2_EV_IRQHandler
                0x08000934                DMA1_Stream2_IRQHandler
                0x08000934                CAN1_RX0_IRQHandler
                0x08000934                FPU_IRQHandler
                0x08000934                OTG_HS_WKUP_IRQHandler
                0x08000934                CAN2_SCE_IRQHandler
                0x08000934                DMA2_Stream2_IRQHandler
                0x08000934                SPI1_IRQHandler
                0x08000934                TIM6_DAC_IRQHandler
                0x08000934                TIM1_BRK_TIM9_IRQHandler
                0x08000934                DCMI_IRQHandler
                0x08000934                CAN2_RX0_IRQHandler
                0x08000934                DMA2_Stream3_IRQHandler
                0x08000934                SAI2_IRQHandler
                0x08000934                USART6_IRQHandler
                0x08000934                USART3_IRQHandler
                0x08000934                CAN1_RX1_IRQHandler
                0x08000934                UART5_IRQHandler
                0x08000934                DMA2_Stream0_IRQHandler
                0x08000934                TIM4_IRQHandler
                0x08000934                QUADSPI_IRQHandler
                0x08000934                I2C1_EV_IRQHandler
                0x08000934                DMA1_Stream6_IRQHandler
                0x08000934                DMA1_Stream1_IRQHandler
                0x08000934                UART4_IRQHandler
                0x08000934                TIM3_IRQHandler
                0x08000934                RCC_IRQHandler
                0x08000934                TIM8_BRK_TIM12_IRQHandler
                0x08000934                Default_Handler
                0x08000934                CEC_IRQHandler
                0x08000934                EXTI15_10_IRQHandler
                0x08000934                ADC_IRQHandler
                0x08000934                DMA1_Stream7_IRQHandler
                0x08000934                TIM7_IRQHandler
                0x08000934                CAN2_TX_IRQHandler
                0x08000934                TIM5_IRQHandler
                0x08000934                DMA2_Stream7_IRQHandler
                0x08000934                I2C3_EV_IRQHandler
                0x08000934                EXTI9_5_IRQHandler
                0x08000934                RTC_WKUP_IRQHandler
                0x08000934                SPDIF_RX_IRQHandler
                0x08000934                SPI2_IRQHandler
                0x08000934                OTG_HS_EP1_IN_IRQHandler
                0x08000934                DMA1_Stream0_IRQHandler
                0x08000934                CAN1_TX_IRQHandler
                0x08000934                FMPI2C1_ER_IRQHandler
                0x08000934                EXTI4_IRQHandler
                0x08000934                OTG_HS_EP1_OUT_IRQHandler
                0x08000934                WWDG_IRQHandler
                0x08000934                TIM2_IRQHandler
                0x08000934                OTG_FS_WKUP_IRQHandler
                0x08000934                TIM1_TRG_COM_TIM11_IRQHandler
                0x08000934                OTG_HS_IRQHandler
                0x08000934                EXTI1_IRQHandler
                0x08000934                USART2_IRQHandler
                0x08000934                I2C2_ER_IRQHandler
                0x08000934                DMA2_Stream1_IRQHandler
                0x08000934                CAN1_SCE_IRQHandler
                0x08000934                FLASH_IRQHandler
                0x08000934                DMA2_Stream4_IRQHandler
                0x08000934                USART1_IRQHandler
                0x08000934                OTG_FS_IRQHandler
                0x08000934                SPI3_IRQHandler
                0x08000934                DMA1_Stream4_IRQHandler
                0x08000934                I2C1_ER_IRQHandler
                0x08000934                FMC_IRQHandler
                0x08000934                DMA2_Stream6_IRQHandler
                0x08000934                SAI1_IRQHandler
                0x08000934                DMA1_Stream3_IRQHandler
 *fill*         0x08000936        0x2 
 .text.uartInit
                0x08000938       0x20 ./Drivers/API/Src/API_uart.o
                0x08000938                uartInit
 .text.uartSendString
                0x08000958       0x40 ./Drivers/API/Src/API_uart.o
                0x08000958                uartSendString
 .text.uartSendStringSize
                0x08000998       0x28 ./Drivers/API/Src/API_uart.o
                0x08000998                uartSendStringSize
 .text.uartReceiveStringSize
                0x080009c0       0x28 ./Drivers/API/Src/API_uart.o
                0x080009c0                uartReceiveStringSize
 .text.HAL_Init
                0x080009e8       0x44 ./Drivers/STM32F4xx_HAL_Driver/Src/stm32f4xx_hal.o
                0x080009e8                HAL_Init
 .text.HAL_InitTick
                0x08000a2c       0x60 ./Drivers/STM32F4xx_HAL_Driver/Src/stm32f4xx_hal.o
                0x08000a2c                HAL_InitTick
 .text.HAL_IncTick
                0x08000a8c       0x28 ./Drivers/STM32F4xx_HAL_Driver/Src/stm32f4xx_hal.o
                0x08000a8c                HAL_IncTick
 .text.HAL_GetTick
                0x08000ab4       0x18 ./Drivers/STM32F4xx_HAL_Driver/Src/stm32f4xx_hal.o
                0x08000ab4                HAL_GetTick
 .text.HAL_Delay
                0x08000acc       0x48 ./Drivers/STM32F4xx_HAL_Driver/Src/stm32f4xx_hal.o
                0x08000acc                HAL_Delay
 .text.__NVIC_SetPriorityGrouping
                0x08000b14       0x48 ./Drivers/STM32F4xx_HAL_Driver/Src/stm32f4xx_hal_cortex.o
 .text.__NVIC_GetPriorityGrouping
                0x08000b5c       0x1c ./Drivers/STM32F4xx_HAL_Driver/Src/stm32f4xx_hal_cortex.o
 .text.__NVIC_SetPriority
                0x08000b78       0x54 ./Drivers/STM32F4xx_HAL_Driver/Src/stm32f4xx_hal_cortex.o
 .text.NVIC_EncodePriority
                0x08000bcc       0x66 ./Drivers/STM32F4xx_HAL_Driver/Src/stm32f4xx_hal_cortex.o
 *fill*         0x08000c32        0x2 
 .text.SysTick_Config
                0x08000c34       0x44 ./Drivers/STM32F4xx_HAL_Driver/Src/stm32f4xx_hal_cortex.o
 .text.HAL_NVIC_SetPriorityGrouping
                0x08000c78       0x16 ./Drivers/STM32F4xx_HAL_Driver/Src/stm32f4xx_hal_cortex.o
                0x08000c78                HAL_NVIC_SetPriorityGrouping
 .text.HAL_NVIC_SetPriority
                0x08000c8e       0x38 ./Drivers/STM32F4xx_HAL_Driver/Src/stm32f4xx_hal_cortex.o
                0x08000c8e                HAL_NVIC_SetPriority
 .text.HAL_SYSTICK_Config
                0x08000cc6       0x18 ./Drivers/STM32F4xx_HAL_Driver/Src/stm32f4xx_hal_cortex.o
                0x08000cc6                HAL_SYSTICK_Config
 *fill*         0x08000cde        0x2 
 .text.HAL_GPIO_Init
                0x08000ce0      0x328 ./Drivers/STM32F4xx_HAL_Driver/Src/stm32f4xx_hal_gpio.o
                0x08000ce0                HAL_GPIO_Init
 .text.HAL_GPIO_WritePin
                0x08001008       0x32 ./Drivers/STM32F4xx_HAL_Driver/Src/stm32f4xx_hal_gpio.o
                0x08001008                HAL_GPIO_WritePin
 *fill*         0x0800103a        0x2 
 .text.HAL_RCC_ClockConfig
                0x0800103c      0x1cc ./Drivers/STM32F4xx_HAL_Driver/Src/stm32f4xx_hal_rcc.o
                0x0800103c                HAL_RCC_ClockConfig
 .text.HAL_RCC_GetHCLKFreq
                0x08001208       0x18 ./Drivers/STM32F4xx_HAL_Driver/Src/stm32f4xx_hal_rcc.o
                0x08001208                HAL_RCC_GetHCLKFreq
 .text.HAL_RCC_GetPCLK1Freq
                0x08001220       0x28 ./Drivers/STM32F4xx_HAL_Driver/Src/stm32f4xx_hal_rcc.o
                0x08001220                HAL_RCC_GetPCLK1Freq
 .text.HAL_RCC_GetPCLK2Freq
                0x08001248       0x28 ./Drivers/STM32F4xx_HAL_Driver/Src/stm32f4xx_hal_rcc.o
                0x08001248                HAL_RCC_GetPCLK2Freq
 .text.HAL_RCC_GetSysClockFreq
                0x08001270      0x354 ./Drivers/STM32F4xx_HAL_Driver/Src/stm32f4xx_hal_rcc_ex.o
                0x08001270                HAL_RCC_GetSysClockFreq
 .text.HAL_RCC_OscConfig
                0x080015c4      0x53c ./Drivers/STM32F4xx_HAL_Driver/Src/stm32f4xx_hal_rcc_ex.o
                0x080015c4                HAL_RCC_OscConfig
 .text.HAL_UART_Init
                0x08001b00       0xa0 ./Drivers/STM32F4xx_HAL_Driver/Src/stm32f4xx_hal_uart.o
                0x08001b00                HAL_UART_Init
 .text.HAL_UART_Transmit
                0x08001ba0      0x116 ./Drivers/STM32F4xx_HAL_Driver/Src/stm32f4xx_hal_uart.o
                0x08001ba0                HAL_UART_Transmit
 .text.HAL_UART_Receive
                0x08001cb6      0x12e ./Drivers/STM32F4xx_HAL_Driver/Src/stm32f4xx_hal_uart.o
                0x08001cb6                HAL_UART_Receive
 .text.UART_WaitOnFlagUntilTimeout
                0x08001de4       0xb2 ./Drivers/STM32F4xx_HAL_Driver/Src/stm32f4xx_hal_uart.o
 .text.UART_EndRxTransfer
                0x08001e96       0xc6 ./Drivers/STM32F4xx_HAL_Driver/Src/stm32f4xx_hal_uart.o
 .text.UART_SetConfig
                0x08001f5c      0x4e8 ./Drivers/STM32F4xx_HAL_Driver/Src/stm32f4xx_hal_uart.o
 .text.memset   0x08002444       0x10 /opt/st/stm32cubeide_1.19.0/plugins/com.st.stm32cube.ide.mcu.externaltools.gnu-tools-for-stm32.13.3.rel1.linux64_1.0.0.202410170706/tools/bin/../lib/gcc/arm-none-eabi/13.3.1/../../../../arm-none-eabi/lib/thumb/v7e-m+fp/hard/libc_nano.a(libc_a-memset.o)
                0x08002444                memset
 .text.__libc_init_array
                0x08002454       0x48 /opt/st/stm32cubeide_1.19.0/plugins/com.st.stm32cube.ide.mcu.externaltools.gnu-tools-for-stm32.13.3.rel1.linux64_1.0.0.202410170706/tools/bin/../lib/gcc/arm-none-eabi/13.3.1/../../../../arm-none-eabi/lib/thumb/v7e-m+fp/hard/libc_nano.a(libc_a-init.o)
                0x08002454                __libc_init_array
 *(.glue_7)
 .glue_7        0x0800249c        0x0 linker stubs
 *(.glue_7t)
 .glue_7t       0x0800249c        0x0 linker stubs
 *(.eh_frame)
 .eh_frame      0x0800249c        0x0 /opt/st/stm32cubeide_1.19.0/plugins/com.st.stm32cube.ide.mcu.externaltools.gnu-tools-for-stm32.13.3.rel1.linux64_1.0.0.202410170706/tools/bin/../lib/gcc/arm-none-eabi/13.3.1/thumb/v7e-m+fp/hard/crtbegin.o
 *(.init)
 .init          0x0800249c        0x4 /opt/st/stm32cubeide_1.19.0/plugins/com.st.stm32cube.ide.mcu.externaltools.gnu-tools-for-stm32.13.3.rel1.linux64_1.0.0.202410170706/tools/bin/../lib/gcc/arm-none-eabi/13.3.1/thumb/v7e-m+fp/hard/crti.o
                0x0800249c                _init
 .init          0x080024a0        0x8 /opt/st/stm32cubeide_1.19.0/plugins/com.st.stm32cube.ide.mcu.externaltools.gnu-tools-for-stm32.13.3.rel1.linux64_1.0.0.202410170706/tools/bin/../lib/gcc/arm-none-eabi/13.3.1/thumb/v7e-m+fp/hard/crtn.o
 *(.fini)
 .fini          0x080024a8        0x4 /opt/st/stm32cubeide_1.19.0/plugins/com.st.stm32cube.ide.mcu.externaltools.gnu-tools-for-stm32.13.3.rel1.linux64_1.0.0.202410170706/tools/bin/../lib/gcc/arm-none-eabi/13.3.1/thumb/v7e-m+fp/hard/crti.o
                0x080024a8                _fini
 .fini          0x080024ac        0x8 /opt/st/stm32cubeide_1.19.0/plugins/com.st.stm32cube.ide.mcu.externaltools.gnu-tools-for-stm32.13.3.rel1.linux64_1.0.0.202410170706/tools/bin/../lib/gcc/arm-none-eabi/13.3.1/thumb/v7e-m+fp/hard/crtn.o
                0x080024b4                        . = ALIGN (0x4)
                0x080024b4                        _etext = .

.vfp11_veneer   0x080024b4        0x0
 .vfp11_veneer  0x080024b4        0x0 linker stubs

.v4_bx          0x080024b4        0x0
 .v4_bx         0x080024b4        0x0 linker stubs

.iplt           0x080024b4        0x0
 .iplt          0x080024b4        0x0 /opt/st/stm32cubeide_1.19.0/plugins/com.st.stm32cube.ide.mcu.externaltools.gnu-tools-for-stm32.13.3.rel1.linux64_1.0.0.202410170706/tools/bin/../lib/gcc/arm-none-eabi/13.3.1/thumb/v7e-m+fp/hard/crtbegin.o

.rodata         0x080024b4       0x24
                0x080024b4                        . = ALIGN (0x4)
 *(.rodata)
 .rodata        0x080024b4        0xc ./Core/Src/main.o
 *(.rodata*)
 .rodata.AHBPrescTable
                0x080024c0       0x10 ./Core/Src/system_stm32f4xx.o
                0x080024c0                AHBPrescTable
 .rodata.APBPrescTable
                0x080024d0        0x8 ./Core/Src/system_stm32f4xx.o
                0x080024d0                APBPrescTable
                0x080024d8                        . = ALIGN (0x4)

.ARM.extab      0x080024d8        0x0
                0x080024d8                        . = ALIGN (0x4)
 *(.ARM.extab* .gnu.linkonce.armextab.*)
                0x080024d8                        . = ALIGN (0x4)

.ARM            0x080024d8        0x8
                0x080024d8                        . = ALIGN (0x4)
                0x080024d8                        __exidx_start = .
 *(.ARM.exidx*)
 .ARM.exidx     0x080024d8        0x8 /opt/st/stm32cubeide_1.19.0/plugins/com.st.stm32cube.ide.mcu.externaltools.gnu-tools-for-stm32.13.3.rel1.linux64_1.0.0.202410170706/tools/bin/../lib/gcc/arm-none-eabi/13.3.1/thumb/v7e-m+fp/hard/libgcc.a(_udivmoddi4.o)
                0x080024e0                        __exidx_end = .
                0x080024e0                        . = ALIGN (0x4)

.preinit_array  0x080024e0        0x0
                0x080024e0                        . = ALIGN (0x4)
                0x080024e0                        PROVIDE (__preinit_array_start = .)
 *(.preinit_array*)
                0x080024e0                        PROVIDE (__preinit_array_end = .)
                0x080024e0                        . = ALIGN (0x4)

.init_array     0x080024e0        0x4
                0x080024e0                        . = ALIGN (0x4)
                0x080024e0                        PROVIDE (__init_array_start = .)
 *(SORT_BY_NAME(.init_array.*))
 *(.init_array*)
 .init_array    0x080024e0        0x4 /opt/st/stm32cubeide_1.19.0/plugins/com.st.stm32cube.ide.mcu.externaltools.gnu-tools-for-stm32.13.3.rel1.linux64_1.0.0.202410170706/tools/bin/../lib/gcc/arm-none-eabi/13.3.1/thumb/v7e-m+fp/hard/crtbegin.o
                0x080024e4                        PROVIDE (__init_array_end = .)
                0x080024e4                        . = ALIGN (0x4)

.fini_array     0x080024e4        0x4
                0x080024e4                        . = ALIGN (0x4)
                [!provide]                        PROVIDE (__fini_array_start = .)
 *(SORT_BY_NAME(.fini_array.*))
 *(.fini_array*)
 .fini_array    0x080024e4        0x4 /opt/st/stm32cubeide_1.19.0/plugins/com.st.stm32cube.ide.mcu.externaltools.gnu-tools-for-stm32.13.3.rel1.linux64_1.0.0.202410170706/tools/bin/../lib/gcc/arm-none-eabi/13.3.1/thumb/v7e-m+fp/hard/crtbegin.o
                [!provide]                        PROVIDE (__fini_array_end = .)
                0x080024e8                        . = ALIGN (0x4)
                0x080024e8                        _sidata = LOADADDR (.data)

.rel.dyn        0x080024e8        0x0
 .rel.iplt      0x080024e8        0x0 /opt/st/stm32cubeide_1.19.0/plugins/com.st.stm32cube.ide.mcu.externaltools.gnu-tools-for-stm32.13.3.rel1.linux64_1.0.0.202410170706/tools/bin/../lib/gcc/arm-none-eabi/13.3.1/thumb/v7e-m+fp/hard/crtbegin.o

.data           0x20000000        0xc load address 0x080024e8
                0x20000000                        . = ALIGN (0x4)
                0x20000000                        _sdata = .
 *(.data)
 *(.data*)
 .data.SystemCoreClock
                0x20000000        0x4 ./Core/Src/system_stm32f4xx.o
                0x20000000                SystemCoreClock
 .data.uwTickPrio
                0x20000004        0x4 ./Drivers/STM32F4xx_HAL_Driver/Src/stm32f4xx_hal.o
                0x20000004                uwTickPrio
 .data.uwTickFreq
                0x20000008        0x1 ./Drivers/STM32F4xx_HAL_Driver/Src/stm32f4xx_hal.o
                0x20000008                uwTickFreq
 *(.RamFunc)
 *(.RamFunc*)
                0x2000000c                        . = ALIGN (0x4)
 *fill*         0x20000009        0x3 
                0x2000000c                        _edata = .

.igot.plt       0x2000000c        0x0 load address 0x080024f4
 .igot.plt      0x2000000c        0x0 /opt/st/stm32cubeide_1.19.0/plugins/com.st.stm32cube.ide.mcu.externaltools.gnu-tools-for-stm32.13.3.rel1.linux64_1.0.0.202410170706/tools/bin/../lib/gcc/arm-none-eabi/13.3.1/thumb/v7e-m+fp/hard/crtbegin.o
                0x2000000c                        . = ALIGN (0x4)

.bss            0x2000000c       0x68 load address 0x080024f4
                0x2000000c                        _sbss = .
                0x2000000c                        __bss_start__ = _sbss
 *(.bss)
 .bss           0x2000000c       0x1c /opt/st/stm32cubeide_1.19.0/plugins/com.st.stm32cube.ide.mcu.externaltools.gnu-tools-for-stm32.13.3.rel1.linux64_1.0.0.202410170706/tools/bin/../lib/gcc/arm-none-eabi/13.3.1/thumb/v7e-m+fp/hard/crtbegin.o
 *(.bss*)
 .bss.huart1    0x20000028       0x48 ./Core/Src/main.o
                0x20000028                huart1
 .bss.uwTick    0x20000070        0x4 ./Drivers/STM32F4xx_HAL_Driver/Src/stm32f4xx_hal.o
                0x20000070                uwTick
 *(COMMON)
                0x20000074                        . = ALIGN (0x4)
                0x20000074                        _ebss = .
                0x20000074                        __bss_end__ = _ebss

._user_heap_stack
                0x20000074      0x604 load address 0x080024f4
                0x20000078                        . = ALIGN (0x8)
 *fill*         0x20000074        0x4 
                [!provide]                        PROVIDE (end = .)
                0x20000078                        PROVIDE (_end = .)
                0x20000278                        . = (. + _Min_Heap_Size)
 *fill*         0x20000078      0x200 
                0x20000678                        . = (. + _Min_Stack_Size)
 *fill*         0x20000278      0x400 
                0x20000678                        . = ALIGN (0x8)

/DISCARD/
 libc.a(*)
 libm.a(*)
 libgcc.a(*)

.ARM.attributes
                0x00000000       0x30
 *(.ARM.attributes)
 .ARM.attributes
                0x00000000       0x22 /opt/st/stm32cubeide_1.19.0/plugins/com.st.stm32cube.ide.mcu.externaltools.gnu-tools-for-stm32.13.3.rel1.linux64_1.0.0.202410170706/tools/bin/../lib/gcc/arm-none-eabi/13.3.1/thumb/v7e-m+fp/hard/crti.o
 .ARM.attributes
                0x00000022       0x34 /opt/st/stm32cubeide_1.19.0/plugins/com.st.stm32cube.ide.mcu.externaltools.gnu-tools-for-stm32.13.3.rel1.linux64_1.0.0.202410170706/tools/bin/../lib/gcc/arm-none-eabi/13.3.1/thumb/v7e-m+fp/hard/crtbegin.o
 .ARM.attributes
                0x00000056       0x34 ./Core/Src/main.o
 .ARM.attributes
                0x0000008a       0x34 ./Core/Src/stm32f4xx_hal_msp.o
 .ARM.attributes
                0x000000be       0x34 ./Core/Src/stm32f4xx_it.o
 .ARM.attributes
                0x000000f2       0x34 ./Core/Src/system_stm32f4xx.o
 .ARM.attributes
                0x00000126       0x21 ./Core/Startup/startup_stm32f446retx.o
 .ARM.attributes
                0x00000147       0x34 ./Drivers/API/Src/API_uart.o
 .ARM.attributes
                0x0000017b       0x34 ./Drivers/STM32F4xx_HAL_Driver/Src/stm32f4xx_hal.o
 .ARM.attributes
                0x000001af       0x34 ./Drivers/STM32F4xx_HAL_Driver/Src/stm32f4xx_hal_cortex.o
 .ARM.attributes
                0x000001e3       0x34 ./Drivers/STM32F4xx_HAL_Driver/Src/stm32f4xx_hal_gpio.o
 .ARM.attributes
                0x00000217       0x34 ./Drivers/STM32F4xx_HAL_Driver/Src/stm32f4xx_hal_rcc.o
 .ARM.attributes
                0x0000024b       0x34 ./Drivers/STM32F4xx_HAL_Driver/Src/stm32f4xx_hal_rcc_ex.o
 .ARM.attributes
                0x0000027f       0x34 ./Drivers/STM32F4xx_HAL_Driver/Src/stm32f4xx_hal_uart.o
 .ARM.attributes
                0x000002b3       0x34 /opt/st/stm32cubeide_1.19.0/plugins/com.st.stm32cube.ide.mcu.externaltools.gnu-tools-for-stm32.13.3.rel1.linux64_1.0.0.202410170706/tools/bin/../lib/gcc/arm-none-eabi/13.3.1/../../../../arm-none-eabi/lib/thumb/v7e-m+fp/hard/libc_nano.a(libc_a-memset.o)
 .ARM.attributes
                0x000002e7       0x34 /opt/st/stm32cubeide_1.19.0/plugins/com.st.stm32cube.ide.mcu.externaltools.gnu-tools-for-stm32.13.3.rel1.linux64_1.0.0.202410170706/tools/bin/../lib/gcc/arm-none-eabi/13.3.1/../../../../arm-none-eabi/lib/thumb/v7e-m+fp/hard/libc_nano.a(libc_a-init.o)
 .ARM.attributes
                0x0000031b       0x22 /opt/st/stm32cubeide_1.19.0/plugins/com.st.stm32cube.ide.mcu.externaltools.gnu-tools-for-stm32.13.3.rel1.linux64_1.0.0.202410170706/tools/bin/../lib/gcc/arm-none-eabi/13.3.1/thumb/v7e-m+fp/hard/libgcc.a(_aeabi_uldivmod.o)
 .ARM.attributes
                0x0000033d       0x34 /opt/st/stm32cubeide_1.19.0/plugins/com.st.stm32cube.ide.mcu.externaltools.gnu-tools-for-stm32.13.3.rel1.linux64_1.0.0.202410170706/tools/bin/../lib/gcc/arm-none-eabi/13.3.1/thumb/v7e-m+fp/hard/libgcc.a(_udivmoddi4.o)
 .ARM.attributes
                0x00000371       0x22 /opt/st/stm32cubeide_1.19.0/plugins/com.st.stm32cube.ide.mcu.externaltools.gnu-tools-for-stm32.13.3.rel1.linux64_1.0.0.202410170706/tools/bin/../lib/gcc/arm-none-eabi/13.3.1/thumb/v7e-m+fp/hard/libgcc.a(_dvmd_tls.o)
 .ARM.attributes
                0x00000393       0x22 /opt/st/stm32cubeide_1.19.0/plugins/com.st.stm32cube.ide.mcu.externaltools.gnu-tools-for-stm32.13.3.rel1.linux64_1.0.0.202410170706/tools/bin/../lib/gcc/arm-none-eabi/13.3.1/thumb/v7e-m+fp/hard/crtn.o
OUTPUT(ej1_p5.elf elf32-littlearm)
LOAD linker stubs
LOAD /opt/st/stm32cubeide_1.19.0/plugins/com.st.stm32cube.ide.mcu.externaltools.gnu-tools-for-stm32.13.3.rel1.linux64_1.0.0.202410170706/tools/bin/../lib/gcc/arm-none-eabi/13.3.1/../../../../arm-none-eabi/lib/thumb/v7e-m+fp/hard/libc.a
LOAD /opt/st/stm32cubeide_1.19.0/plugins/com.st.stm32cube.ide.mcu.externaltools.gnu-tools-for-stm32.13.3.rel1.linux64_1.0.0.202410170706/tools/bin/../lib/gcc/arm-none-eabi/13.3.1/../../../../arm-none-eabi/lib/thumb/v7e-m+fp/hard/libm.a
LOAD /opt/st/stm32cubeide_1.19.0/plugins/com.st.stm32cube.ide.mcu.externaltools.gnu-tools-for-stm32.13.3.rel1.linux64_1.0.0.202410170706/tools/bin/../lib/gcc/arm-none-eabi/13.3.1/thumb/v7e-m+fp/hard/libgcc.a

.debug_info     0x00000000     0x82ec
 .debug_info    0x00000000      0xc6e ./Core/Src/main.o
 .debug_info    0x00000c6e      0x920 ./Core/Src/stm32f4xx_hal_msp.o
 .debug_info    0x0000158e      0x119 ./Core/Src/stm32f4xx_it.o
 .debug_info    0x000016a7      0x54a ./Core/Src/system_stm32f4xx.o
 .debug_info    0x00001bf1       0x30 ./Core/Startup/startup_stm32f446retx.o
 .debug_info    0x00001c21      0x6ce ./Drivers/API/Src/API_uart.o
 .debug_info    0x000022ef      0x99a ./Drivers/STM32F4xx_HAL_Driver/Src/stm32f4xx_hal.o
 .debug_info    0x00002c89      0xdaa ./Drivers/STM32F4xx_HAL_Driver/Src/stm32f4xx_hal_cortex.o
 .debug_info    0x00003a33      0x70b ./Drivers/STM32F4xx_HAL_Driver/Src/stm32f4xx_hal_gpio.o
 .debug_info    0x0000413e      0x8ff ./Drivers/STM32F4xx_HAL_Driver/Src/stm32f4xx_hal_rcc.o
 .debug_info    0x00004a3d      0x960 ./Drivers/STM32F4xx_HAL_Driver/Src/stm32f4xx_hal_rcc_ex.o
 .debug_info    0x0000539d     0x2f4f ./Drivers/STM32F4xx_HAL_Driver/Src/stm32f4xx_hal_uart.o

.debug_abbrev   0x00000000     0x1624
 .debug_abbrev  0x00000000      0x261 ./Core/Src/main.o
 .debug_abbrev  0x00000261      0x1ad ./Core/Src/stm32f4xx_hal_msp.o
 .debug_abbrev  0x0000040e       0x73 ./Core/Src/stm32f4xx_it.o
 .debug_abbrev  0x00000481      0x11a ./Core/Src/system_stm32f4xx.o
 .debug_abbrev  0x0000059b       0x24 ./Core/Startup/startup_stm32f446retx.o
 .debug_abbrev  0x000005bf      0x18a ./Drivers/API/Src/API_uart.o
 .debug_abbrev  0x00000749      0x214 ./Drivers/STM32F4xx_HAL_Driver/Src/stm32f4xx_hal.o
 .debug_abbrev  0x0000095d      0x31d ./Drivers/STM32F4xx_HAL_Driver/Src/stm32f4xx_hal_cortex.o
 .debug_abbrev  0x00000c7a      0x1d4 ./Drivers/STM32F4xx_HAL_Driver/Src/stm32f4xx_hal_gpio.o
 .debug_abbrev  0x00000e4e      0x2b7 ./Drivers/STM32F4xx_HAL_Driver/Src/stm32f4xx_hal_rcc.o
 .debug_abbrev  0x00001105      0x211 ./Drivers/STM32F4xx_HAL_Driver/Src/stm32f4xx_hal_rcc_ex.o
 .debug_abbrev  0x00001316      0x30e ./Drivers/STM32F4xx_HAL_Driver/Src/stm32f4xx_hal_uart.o

.debug_aranges  0x00000000      0x6d8
 .debug_aranges
                0x00000000       0x40 ./Core/Src/main.o
 .debug_aranges
                0x00000040       0x30 ./Core/Src/stm32f4xx_hal_msp.o
 .debug_aranges
                0x00000070       0x60 ./Core/Src/stm32f4xx_it.o
 .debug_aranges
                0x000000d0       0x28 ./Core/Src/system_stm32f4xx.o
 .debug_aranges
                0x000000f8       0x28 ./Core/Startup/startup_stm32f446retx.o
 .debug_aranges
                0x00000120       0x38 ./Drivers/API/Src/API_uart.o
 .debug_aranges
                0x00000158       0xf0 ./Drivers/STM32F4xx_HAL_Driver/Src/stm32f4xx_hal.o
 .debug_aranges
                0x00000248      0x130 ./Drivers/STM32F4xx_HAL_Driver/Src/stm32f4xx_hal_cortex.o
 .debug_aranges
                0x00000378       0x58 ./Drivers/STM32F4xx_HAL_Driver/Src/stm32f4xx_hal_gpio.o
 .debug_aranges
                0x000003d0       0x88 ./Drivers/STM32F4xx_HAL_Driver/Src/stm32f4xx_hal_rcc.o
 .debug_aranges
                0x00000458       0x78 ./Drivers/STM32F4xx_HAL_Driver/Src/stm32f4xx_hal_rcc_ex.o
 .debug_aranges
                0x000004d0      0x208 ./Drivers/STM32F4xx_HAL_Driver/Src/stm32f4xx_hal_uart.o

.debug_rnglists
                0x00000000      0x536
 .debug_rnglists
                0x00000000       0x2d ./Core/Src/main.o
 .debug_rnglists
                0x0000002d       0x20 ./Core/Src/stm32f4xx_hal_msp.o
 .debug_rnglists
                0x0000004d       0x43 ./Core/Src/stm32f4xx_it.o
 .debug_rnglists
                0x00000090       0x1a ./Core/Src/system_stm32f4xx.o
 .debug_rnglists
                0x000000aa       0x19 ./Core/Startup/startup_stm32f446retx.o
 .debug_rnglists
                0x000000c3       0x25 ./Drivers/API/Src/API_uart.o
 .debug_rnglists
                0x000000e8       0xaf ./Drivers/STM32F4xx_HAL_Driver/Src/stm32f4xx_hal.o
 .debug_rnglists
                0x00000197       0xe0 ./Drivers/STM32F4xx_HAL_Driver/Src/stm32f4xx_hal_cortex.o
 .debug_rnglists
                0x00000277       0x3f ./Drivers/STM32F4xx_HAL_Driver/Src/stm32f4xx_hal_gpio.o
 .debug_rnglists
                0x000002b6       0x66 ./Drivers/STM32F4xx_HAL_Driver/Src/stm32f4xx_hal_rcc.o
 .debug_rnglists
                0x0000031c       0x5e ./Drivers/STM32F4xx_HAL_Driver/Src/stm32f4xx_hal_rcc_ex.o
 .debug_rnglists
                0x0000037a      0x1bc ./Drivers/STM32F4xx_HAL_Driver/Src/stm32f4xx_hal_uart.o

.debug_macro    0x00000000    0x20d37
 .debug_macro   0x00000000      0x2c4 ./Core/Src/main.o
 .debug_macro   0x000002c4      0xad8 ./Core/Src/main.o
 .debug_macro   0x00000d9c      0x295 ./Core/Src/main.o
 .debug_macro   0x00001031       0x2e ./Core/Src/main.o
 .debug_macro   0x0000105f       0x28 ./Core/Src/main.o
 .debug_macro   0x00001087       0x22 ./Core/Src/main.o
 .debug_macro   0x000010a9       0x8e ./Core/Src/main.o
 .debug_macro   0x00001137       0x51 ./Core/Src/main.o
 .debug_macro   0x00001188      0x103 ./Core/Src/main.o
 .debug_macro   0x0000128b       0x6a ./Core/Src/main.o
 .debug_macro   0x000012f5      0x1df ./Core/Src/main.o
 .debug_macro   0x000014d4       0x1c ./Core/Src/main.o
 .debug_macro   0x000014f0       0x22 ./Core/Src/main.o
 .debug_macro   0x00001512       0xfb ./Core/Src/main.o
 .debug_macro   0x0000160d     0x1011 ./Core/Src/main.o
 .debug_macro   0x0000261e      0x11f ./Core/Src/main.o
 .debug_macro   0x0000273d    0x1675e ./Core/Src/main.o
 .debug_macro   0x00018e9b       0x6d ./Core/Src/main.o
 .debug_macro   0x00018f08     0x3693 ./Core/Src/main.o
 .debug_macro   0x0001c59b      0x190 ./Core/Src/main.o
 .debug_macro   0x0001c72b       0x5c ./Core/Src/main.o
 .debug_macro   0x0001c787      0xca5 ./Core/Src/main.o
 .debug_macro   0x0001d42c      0x9e9 ./Core/Src/main.o
 .debug_macro   0x0001de15      0x115 ./Core/Src/main.o
 .debug_macro   0x0001df2a      0x1a0 ./Core/Src/main.o
 .debug_macro   0x0001e0ca       0xa5 ./Core/Src/main.o
 .debug_macro   0x0001e16f      0x16d ./Core/Src/main.o
 .debug_macro   0x0001e2dc      0x287 ./Core/Src/main.o
 .debug_macro   0x0001e563       0x5f ./Core/Src/main.o
 .debug_macro   0x0001e5c2      0x236 ./Core/Src/main.o
 .debug_macro   0x0001e7f8      0x132 ./Core/Src/main.o
 .debug_macro   0x0001e92a      0x29c ./Core/Src/main.o
 .debug_macro   0x0001ebc6       0x2e ./Core/Src/main.o
 .debug_macro   0x0001ebf4      0x127 ./Core/Src/main.o
 .debug_macro   0x0001ed1b       0xe8 ./Core/Src/main.o
 .debug_macro   0x0001ee03       0x89 ./Core/Src/main.o
 .debug_macro   0x0001ee8c      0x2aa ./Core/Src/main.o
 .debug_macro   0x0001f136      0x126 ./Core/Src/main.o
 .debug_macro   0x0001f25c       0x22 ./Core/Src/main.o
 .debug_macro   0x0001f27e       0x58 ./Core/Src/main.o
 .debug_macro   0x0001f2d6       0x61 ./Core/Src/main.o
 .debug_macro   0x0001f337       0x2a ./Core/Src/main.o
 .debug_macro   0x0001f361       0x43 ./Core/Src/main.o
 .debug_macro   0x0001f3a4       0x34 ./Core/Src/main.o
 .debug_macro   0x0001f3d8      0x370 ./Core/Src/main.o
 .debug_macro   0x0001f748       0x16 ./Core/Src/main.o
 .debug_macro   0x0001f75e       0x4a ./Core/Src/main.o
 .debug_macro   0x0001f7a8       0x34 ./Core/Src/main.o
 .debug_macro   0x0001f7dc       0x10 ./Core/Src/main.o
 .debug_macro   0x0001f7ec       0x58 ./Core/Src/main.o
 .debug_macro   0x0001f844       0x8e ./Core/Src/main.o
 .debug_macro   0x0001f8d2       0x1c ./Core/Src/main.o
 .debug_macro   0x0001f8ee      0x185 ./Core/Src/main.o
 .debug_macro   0x0001fa73       0x10 ./Core/Src/main.o
 .debug_macro   0x0001fa83       0x3c ./Core/Src/main.o
 .debug_macro   0x0001fabf       0x20 ./Core/Src/main.o
 .debug_macro   0x0001fadf      0x1f0 ./Core/Src/stm32f4xx_hal_msp.o
 .debug_macro   0x0001fccf      0x1fa ./Core/Src/stm32f4xx_it.o
 .debug_macro   0x0001fec9      0x1ba ./Core/Src/system_stm32f4xx.o
 .debug_macro   0x00020083      0x1cd ./Drivers/API/Src/API_uart.o
 .debug_macro   0x00020250      0x21a ./Drivers/STM32F4xx_HAL_Driver/Src/stm32f4xx_hal.o
 .debug_macro   0x0002046a      0x1ba ./Drivers/STM32F4xx_HAL_Driver/Src/stm32f4xx_hal_cortex.o
 .debug_macro   0x00020624      0x1c0 ./Drivers/STM32F4xx_HAL_Driver/Src/stm32f4xx_hal_gpio.o
 .debug_macro   0x000207e4      0x1de ./Drivers/STM32F4xx_HAL_Driver/Src/stm32f4xx_hal_rcc.o
 .debug_macro   0x000209c2      0x1ba ./Drivers/STM32F4xx_HAL_Driver/Src/stm32f4xx_hal_rcc_ex.o
 .debug_macro   0x00020b7c      0x1bb ./Drivers/STM32F4xx_HAL_Driver/Src/stm32f4xx_hal_uart.o

.debug_line     0x00000000     0x8c4f
 .debug_line    0x00000000      0x92e ./Core/Src/main.o
 .debug_line    0x0000092e      0x72c ./Core/Src/stm32f4xx_hal_msp.o
 .debug_line    0x0000105a      0x78e ./Core/Src/stm32f4xx_it.o
 .debug_line    0x000017e8      0x6d0 ./Core/Src/system_stm32f4xx.o
 .debug_line    0x00001eb8       0x7a ./Core/Startup/startup_stm32f446retx.o
 .debug_line    0x00001f32      0x717 ./Drivers/API/Src/API_uart.o
 .debug_line    0x00002649      0x94c ./Drivers/STM32F4xx_HAL_Driver/Src/stm32f4xx_hal.o
 .debug_line    0x00002f95      0xc1c ./Drivers/STM32F4xx_HAL_Driver/Src/stm32f4xx_hal_cortex.o
 .debug_line    0x00003bb1      0xa90 ./Drivers/STM32F4xx_HAL_Driver/Src/stm32f4xx_hal_gpio.o
 .debug_line    0x00004641      0xd65 ./Drivers/STM32F4xx_HAL_Driver/Src/stm32f4xx_hal_rcc.o
 .debug_line    0x000053a6     0x1415 ./Drivers/STM32F4xx_HAL_Driver/Src/stm32f4xx_hal_rcc_ex.o
 .debug_line    0x000067bb     0x2494 ./Drivers/STM32F4xx_HAL_Driver/Src/stm32f4xx_hal_uart.o

.debug_str      0x00000000    0xc7ce2
 .debug_str     0x00000000    0xc7ce2 ./Core/Src/main.o
                              0xc61c4 (size before relaxing)
 .debug_str     0x000c7ce2    0xc2d95 ./Core/Src/stm32f4xx_hal_msp.o
 .debug_str     0x000c7ce2    0xc27d7 ./Core/Src/stm32f4xx_it.o
 .debug_str     0x000c7ce2    0xc2770 ./Core/Src/system_stm32f4xx.o
 .debug_str     0x000c7ce2       0x83 ./Core/Startup/startup_stm32f446retx.o
 .debug_str     0x000c7ce2    0xc2b0e ./Drivers/API/Src/API_uart.o
 .debug_str     0x000c7ce2    0xc3335 ./Drivers/STM32F4xx_HAL_Driver/Src/stm32f4xx_hal.o
 .debug_str     0x000c7ce2    0xc308c ./Drivers/STM32F4xx_HAL_Driver/Src/stm32f4xx_hal_cortex.o
 .debug_str     0x000c7ce2    0xc28eb ./Drivers/STM32F4xx_HAL_Driver/Src/stm32f4xx_hal_gpio.o
 .debug_str     0x000c7ce2    0xc2ba9 ./Drivers/STM32F4xx_HAL_Driver/Src/stm32f4xx_hal_rcc.o
 .debug_str     0x000c7ce2    0xc2bdc ./Drivers/STM32F4xx_HAL_Driver/Src/stm32f4xx_hal_rcc_ex.o
 .debug_str     0x000c7ce2    0xc3160 ./Drivers/STM32F4xx_HAL_Driver/Src/stm32f4xx_hal_uart.o

.comment        0x00000000       0x43
 .comment       0x00000000       0x43 ./Core/Src/main.o
                                 0x44 (size before relaxing)
 .comment       0x00000043       0x44 ./Core/Src/stm32f4xx_hal_msp.o
 .comment       0x00000043       0x44 ./Core/Src/stm32f4xx_it.o
 .comment       0x00000043       0x44 ./Core/Src/system_stm32f4xx.o
 .comment       0x00000043       0x44 ./Drivers/API/Src/API_uart.o
 .comment       0x00000043       0x44 ./Drivers/STM32F4xx_HAL_Driver/Src/stm32f4xx_hal.o
 .comment       0x00000043       0x44 ./Drivers/STM32F4xx_HAL_Driver/Src/stm32f4xx_hal_cortex.o
 .comment       0x00000043       0x44 ./Drivers/STM32F4xx_HAL_Driver/Src/stm32f4xx_hal_gpio.o
 .comment       0x00000043       0x44 ./Drivers/STM32F4xx_HAL_Driver/Src/stm32f4xx_hal_rcc.o
 .comment       0x00000043       0x44 ./Drivers/STM32F4xx_HAL_Driver/Src/stm32f4xx_hal_rcc_ex.o
 .comment       0x00000043       0x44 ./Drivers/STM32F4xx_HAL_Driver/Src/stm32f4xx_hal_uart.o

.debug_frame    0x00000000     0x1ac4
 .debug_frame   0x00000000       0xac ./Core/Src/main.o
 .debug_frame   0x000000ac       0x80 ./Core/Src/stm32f4xx_hal_msp.o
 .debug_frame   0x0000012c      0x104 ./Core/Src/stm32f4xx_it.o
 .debug_frame   0x00000230       0x58 ./Core/Src/system_stm32f4xx.o
 .debug_frame   0x00000288       0x98 ./Drivers/API/Src/API_uart.o
 .debug_frame   0x00000320      0x374 ./Drivers/STM32F4xx_HAL_Driver/Src/stm32f4xx_hal.o
 .debug_frame   0x00000694      0x508 ./Drivers/STM32F4xx_HAL_Driver/Src/stm32f4xx_hal_cortex.o
 .debug_frame   0x00000b9c      0x14c ./Drivers/STM32F4xx_HAL_Driver/Src/stm32f4xx_hal_gpio.o
 .debug_frame   0x00000ce8      0x1f4 ./Drivers/STM32F4xx_HAL_Driver/Src/stm32f4xx_hal_rcc.o
 .debug_frame   0x00000edc      0x1e8 ./Drivers/STM32F4xx_HAL_Driver/Src/stm32f4xx_hal_rcc_ex.o
 .debug_frame   0x000010c4      0x954 ./Drivers/STM32F4xx_HAL_Driver/Src/stm32f4xx_hal_uart.o
 .debug_frame   0x00001a18       0x20 /opt/st/stm32cubeide_1.19.0/plugins/com.st.stm32cube.ide.mcu.externaltools.gnu-tools-for-stm32.13.3.rel1.linux64_1.0.0.202410170706/tools/bin/../lib/gcc/arm-none-eabi/13.3.1/../../../../arm-none-eabi/lib/thumb/v7e-m+fp/hard/libc_nano.a(libc_a-memset.o)
 .debug_frame   0x00001a38       0x2c /opt/st/stm32cubeide_1.19.0/plugins/com.st.stm32cube.ide.mcu.externaltools.gnu-tools-for-stm32.13.3.rel1.linux64_1.0.0.202410170706/tools/bin/../lib/gcc/arm-none-eabi/13.3.1/../../../../arm-none-eabi/lib/thumb/v7e-m+fp/hard/libc_nano.a(libc_a-init.o)
 .debug_frame   0x00001a64       0x2c /opt/st/stm32cubeide_1.19.0/plugins/com.st.stm32cube.ide.mcu.externaltools.gnu-tools-for-stm32.13.3.rel1.linux64_1.0.0.202410170706/tools/bin/../lib/gcc/arm-none-eabi/13.3.1/thumb/v7e-m+fp/hard/libgcc.a(_aeabi_uldivmod.o)
 .debug_frame   0x00001a90       0x34 /opt/st/stm32cubeide_1.19.0/plugins/com.st.stm32cube.ide.mcu.externaltools.gnu-tools-for-stm32.13.3.rel1.linux64_1.0.0.202410170706/tools/bin/../lib/gcc/arm-none-eabi/13.3.1/thumb/v7e-m+fp/hard/libgcc.a(_udivmoddi4.o)

.debug_line_str
                0x00000000       0x67
 .debug_line_str
                0x00000000       0x67 ./Core/Startup/startup_stm32f446retx.o
