Archive member included to satisfy reference by file (symbol)

/opt/st/stm32cubeide_1.19.0/plugins/com.st.stm32cube.ide.mcu.externaltools.gnu-tools-for-stm32.13.3.rel1.linux64_1.0.0.202410170706/tools/bin/../lib/gcc/arm-none-eabi/13.3.1/../../../../arm-none-eabi/lib/thumb/v7e-m+fp/hard/libc_nano.a(libc_a-exit.o)
                              /opt/st/stm32cubeide_1.19.0/plugins/com.st.stm32cube.ide.mcu.externaltools.gnu-tools-for-stm32.13.3.rel1.linux64_1.0.0.202410170706/tools/bin/../lib/gcc/arm-none-eabi/13.3.1/../../../../arm-none-eabi/lib/thumb/v7e-m+fp/hard/crt0.o (exit)
/opt/st/stm32cubeide_1.19.0/plugins/com.st.stm32cube.ide.mcu.externaltools.gnu-tools-for-stm32.13.3.rel1.linux64_1.0.0.202410170706/tools/bin/../lib/gcc/arm-none-eabi/13.3.1/../../../../arm-none-eabi/lib/thumb/v7e-m+fp/hard/libc_nano.a(libc_a-findfp.o)
                              /opt/st/stm32cubeide_1.19.0/plugins/com.st.stm32cube.ide.mcu.externaltools.gnu-tools-for-stm32.13.3.rel1.linux64_1.0.0.202410170706/tools/bin/../lib/gcc/arm-none-eabi/13.3.1/../../../../arm-none-eabi/lib/thumb/v7e-m+fp/hard/libc_nano.a(libc_a-exit.o) (__stdio_exit_handler)
/opt/st/stm32cubeide_1.19.0/plugins/com.st.stm32cube.ide.mcu.externaltools.gnu-tools-for-stm32.13.3.rel1.linux64_1.0.0.202410170706/tools/bin/../lib/gcc/arm-none-eabi/13.3.1/../../../../arm-none-eabi/lib/thumb/v7e-m+fp/hard/libc_nano.a(libc_a-fwalk.o)
                              /opt/st/stm32cubeide_1.19.0/plugins/com.st.stm32cube.ide.mcu.externaltools.gnu-tools-for-stm32.13.3.rel1.linux64_1.0.0.202410170706/tools/bin/../lib/gcc/arm-none-eabi/13.3.1/../../../../arm-none-eabi/lib/thumb/v7e-m+fp/hard/libc_nano.a(libc_a-findfp.o) (_fwalk_sglue)
/opt/st/stm32cubeide_1.19.0/plugins/com.st.stm32cube.ide.mcu.externaltools.gnu-tools-for-stm32.13.3.rel1.linux64_1.0.0.202410170706/tools/bin/../lib/gcc/arm-none-eabi/13.3.1/../../../../arm-none-eabi/lib/thumb/v7e-m+fp/hard/libc_nano.a(libc_a-sprintf.o)
                              ./Drivers/API/Src/API_Display.o (sprintf)
/opt/st/stm32cubeide_1.19.0/plugins/com.st.stm32cube.ide.mcu.externaltools.gnu-tools-for-stm32.13.3.rel1.linux64_1.0.0.202410170706/tools/bin/../lib/gcc/arm-none-eabi/13.3.1/../../../../arm-none-eabi/lib/thumb/v7e-m+fp/hard/libc_nano.a(libc_a-stdio.o)
                              /opt/st/stm32cubeide_1.19.0/plugins/com.st.stm32cube.ide.mcu.externaltools.gnu-tools-for-stm32.13.3.rel1.linux64_1.0.0.202410170706/tools/bin/../lib/gcc/arm-none-eabi/13.3.1/../../../../arm-none-eabi/lib/thumb/v7e-m+fp/hard/libc_nano.a(libc_a-findfp.o) (__sread)
/opt/st/stm32cubeide_1.19.0/plugins/com.st.stm32cube.ide.mcu.externaltools.gnu-tools-for-stm32.13.3.rel1.linux64_1.0.0.202410170706/tools/bin/../lib/gcc/arm-none-eabi/13.3.1/../../../../arm-none-eabi/lib/thumb/v7e-m+fp/hard/libc_nano.a(libc_a-memset.o)
                              /opt/st/stm32cubeide_1.19.0/plugins/com.st.stm32cube.ide.mcu.externaltools.gnu-tools-for-stm32.13.3.rel1.linux64_1.0.0.202410170706/tools/bin/../lib/gcc/arm-none-eabi/13.3.1/../../../../arm-none-eabi/lib/thumb/v7e-m+fp/hard/crt0.o (memset)
/opt/st/stm32cubeide_1.19.0/plugins/com.st.stm32cube.ide.mcu.externaltools.gnu-tools-for-stm32.13.3.rel1.linux64_1.0.0.202410170706/tools/bin/../lib/gcc/arm-none-eabi/13.3.1/../../../../arm-none-eabi/lib/thumb/v7e-m+fp/hard/libc_nano.a(libc_a-closer.o)
                              /opt/st/stm32cubeide_1.19.0/plugins/com.st.stm32cube.ide.mcu.externaltools.gnu-tools-for-stm32.13.3.rel1.linux64_1.0.0.202410170706/tools/bin/../lib/gcc/arm-none-eabi/13.3.1/../../../../arm-none-eabi/lib/thumb/v7e-m+fp/hard/libc_nano.a(libc_a-stdio.o) (_close_r)
/opt/st/stm32cubeide_1.19.0/plugins/com.st.stm32cube.ide.mcu.externaltools.gnu-tools-for-stm32.13.3.rel1.linux64_1.0.0.202410170706/tools/bin/../lib/gcc/arm-none-eabi/13.3.1/../../../../arm-none-eabi/lib/thumb/v7e-m+fp/hard/libc_nano.a(libc_a-reent.o)
                              /opt/st/stm32cubeide_1.19.0/plugins/com.st.stm32cube.ide.mcu.externaltools.gnu-tools-for-stm32.13.3.rel1.linux64_1.0.0.202410170706/tools/bin/../lib/gcc/arm-none-eabi/13.3.1/../../../../arm-none-eabi/lib/thumb/v7e-m+fp/hard/libc_nano.a(libc_a-closer.o) (errno)
/opt/st/stm32cubeide_1.19.0/plugins/com.st.stm32cube.ide.mcu.externaltools.gnu-tools-for-stm32.13.3.rel1.linux64_1.0.0.202410170706/tools/bin/../lib/gcc/arm-none-eabi/13.3.1/../../../../arm-none-eabi/lib/thumb/v7e-m+fp/hard/libc_nano.a(libc_a-impure.o)
                              /opt/st/stm32cubeide_1.19.0/plugins/com.st.stm32cube.ide.mcu.externaltools.gnu-tools-for-stm32.13.3.rel1.linux64_1.0.0.202410170706/tools/bin/../lib/gcc/arm-none-eabi/13.3.1/../../../../arm-none-eabi/lib/thumb/v7e-m+fp/hard/libc_nano.a(libc_a-sprintf.o) (_impure_ptr)
/opt/st/stm32cubeide_1.19.0/plugins/com.st.stm32cube.ide.mcu.externaltools.gnu-tools-for-stm32.13.3.rel1.linux64_1.0.0.202410170706/tools/bin/../lib/gcc/arm-none-eabi/13.3.1/../../../../arm-none-eabi/lib/thumb/v7e-m+fp/hard/libc_nano.a(libc_a-lseekr.o)
[...]
Memory Configuration

Name             Origin             Length             Attributes
RAM              0x20000000         0x00020000         xrw
FLASH            0x08000000         0x00080000         xr
*default*        0x00000000         0xffffffff

Linker script and memory map

LOAD /opt/st/stm32cubeide_1.19.0/plugins/com.st.stm32cube.ide.mcu.externaltools.gnu-tools-for-stm32.13.3.rel1.linux64_1.0.0.202410170706/tools/bin/../lib/gcc/arm-none-eabi/13.3.1/thumb/v7e-m+fp/hard/crti.o
LOAD /opt/st/stm32cubeide_1.19.0/plugins/com.st.stm32cube.ide.mcu.externaltools.gnu-tools-for-stm32.13.3.rel1.linux64_1.0.0.202410170706/tools/bin/../lib/gcc/arm-none-eabi/13.3.1/thumb/v7e-m+fp/hard/crtbegin.o
LOAD /opt/st/stm32cubeide_1.19.0/plugins/com.st.stm32cube.ide.mcu.externaltools.gnu-tools-for-stm32.13.3.rel1.linux64_1.0.0.202410170706/tools/bin/../lib/gcc/arm-none-eabi/13.3.1/../../../../arm-none-eabi/lib/thumb/v7e-m+fp/hard/crt0.o
LOAD ./Core/Src/main.o
LOAD ./Core/Src/stm32f4xx_hal_msp.o
LOAD ./Core/Src/stm32f4xx_it.o
LOAD ./Core/Src/syscalls.o
LOAD ./Core/Src/sysmem.o
LOAD ./Core/Src/system_stm32f4xx.o
LOAD ./Core/Startup/startup_stm32f446retx.o
LOAD ./Drivers/API/Src/API_ADC_port.o
LOAD ./Drivers/API/Src/API_Display.o
LOAD ./Drivers/API/Src/API_Servo.o
LOAD ./Drivers/API/Src/API_Servo_port.o
LOAD ./Drivers/API/Src/API_UART_port.o
LOAD ./Drivers/API/Src/API_debounce.o
LOAD ./Drivers/API/Src/API_debounce_port.o
LOAD ./Drivers/API/Src/API_debug_port.o
LOAD ./Drivers/API/Src/API_delay.o
LOAD ./Drivers/API/Src/API_delay_port.o
LOAD ./Drivers/API/Src/fonts.o
LOAD ./Drivers/API/Src/ssd1306.o
LOAD ./Drivers/STM32F4xx_HAL_Driver/Src/stm32f4xx_hal.o
LOAD ./Drivers/STM32F4xx_HAL_Driver/Src/stm32f4xx_hal_adc.o
LOAD ./Drivers/STM32F4xx_HAL_Driver/Src/stm32f4xx_hal_adc_ex.o
LOAD ./Drivers/STM32F4xx_HAL_Driver/Src/stm32f4xx_hal_cortex.o
LOAD ./Drivers/STM32F4xx_HAL_Driver/Src/stm32f4xx_hal_dma.o
LOAD ./Drivers/STM32F4xx_HAL_Driver/Src/stm32f4xx_hal_dma_ex.o
LOAD ./Drivers/STM32F4xx_HAL_Driver/Src/stm32f4xx_hal_exti.o
LOAD ./Drivers/STM32F4xx_HAL_Driver/Src/stm32f4xx_hal_flash.o
LOAD ./Drivers/STM32F4xx_HAL_Driver/Src/stm32f4xx_hal_flash_ex.o
LOAD ./Drivers/STM32F4xx_HAL_Driver/Src/stm32f4xx_hal_flash_ramfunc.o
LOAD ./Drivers/STM32F4xx_HAL_Driver/Src/stm32f4xx_hal_gpio.o
LOAD ./Drivers/STM32F4xx_HAL_Driver/Src/stm32f4xx_hal_i2c.o
LOAD ./Drivers/STM32F4xx_HAL_Driver/Src/stm32f4xx_hal_i2c_ex.o
LOAD ./Drivers/STM32F4xx_HAL_Driver/Src/stm32f4xx_hal_pwr.o
LOAD ./Drivers/STM32F4xx_HAL_Driver/Src/stm32f4xx_hal_pwr_ex.o
LOAD ./Drivers/STM32F4xx_HAL_Driver/Src/stm32f4xx_hal_rcc.o
LOAD ./Drivers/STM32F4xx_HAL_Driver/Src/stm32f4xx_hal_rcc_ex.o
LOAD ./Drivers/STM32F4xx_HAL_Driver/Src/stm32f4xx_hal_tim.o
LOAD ./Drivers/STM32F4xx_HAL_Driver/Src/stm32f4xx_hal_tim_ex.o
LOAD ./Drivers/STM32F4xx_HAL_Driver/Src/stm32f4xx_hal_uart.o
LOAD ./Drivers/STM32F4xx_HAL_Driver/Src/stm32f4xx_ll_adc.o
START GROUP
LOAD /opt/st/stm32cubeide_1.19.0/plugins/com.st.stm32cube.ide.mcu.externaltools.gnu-tools-for-stm32.13.3.rel1.linux64_1.0.0.202410170706/tools/bin/../lib/gcc/arm-none-eabi/13.3.1/../../../../arm-none-eabi/lib/thumb/v7e-m+fp/hard/libc_nano.a
LOAD /opt/st/stm32cubeide_1.19.0/plugins/com.st.stm32cube.ide.mcu.externaltools.gnu-tools-for-stm32.13.3.rel1.linux64_1.0.0.202410170706/tools/bin/../lib/gcc/arm-none-eabi/13.3.1/../../../../arm-none-eabi/lib/thumb/v7e-m+fp/hard/libm.a
END GROUP
START GROUP
LOAD /opt/st/stm32cubeide_1.19.0/plugins/com.st.stm32cube.ide.mcu.externaltools.gnu-tools-for-stm32.13.3.rel1.linux64_1.0.0.202410170706/tools/bin/../lib/gcc/arm-none-eabi/13.3.1/thumb/v7e-m+fp/hard/libgcc.a
LOAD /opt/st/stm32cubeide_1.19.0/plugins/com.st.stm32cube.ide.mcu.externaltools.gnu-tools-for-stm32.13.3.rel1.linux64_1.0.0.202410170706/tools/bin/../lib/gcc/arm-none-eabi/13.3.1/../../../../arm-none-eabi/lib/thumb/v7e-m+fp/hard/libc_nano.a
END GROUP
START GROUP
LOAD /opt/st/stm32cubeide_1.19.0/plugins/com.st.stm32cube.ide.mcu.externaltools.gnu-tools-for-stm32.13.3.rel1.linux64_1.0.0.202410170706/tools/bin/../lib/gcc/arm-none-eabi/13.3.1/thumb/v7e-m+fp/hard/libgcc.a
LOAD /opt/st/stm32cubeide_1.19.0/plugins/com.st.stm32cube.ide.mcu.externaltools.gnu-tools-for-stm32.13.3.rel1.linux64_1.0.0.202410170706/tools/bin/../lib/gcc/arm-none-eabi/13.3.1/../../../../arm-none-eabi/lib/thumb/v7e-m+fp/hard/libc_nano.a
LOAD /opt/st/stm32cubeide_1.19.0/plugins/com.st.stm32cube.ide.mcu.externaltools.gnu-tools-for-stm32.13.3.rel1.linux64_1.0.0.202410170706/tools/bin/../lib/gcc/arm-none-eabi/13.3.1/../../../../arm-none-eabi/lib/thumb/v7e-m+fp/hard/libnosys.a
END GROUP
START GROUP
LOAD /opt/st/stm32cubeide_1.19.0/plugins/com.st.stm32cube.ide.mcu.externaltools.gnu-tools-for-stm32.13.3.rel1.linux64_1.0.0.202410170706/tools/bin/../lib/gcc/arm-none-eabi/13.3.1/thumb/v7e-m+fp/hard/libgcc.a
LOAD /opt/st/stm32cubeide_1.19.0/plugins/com.st.stm32cube.ide.mcu.externaltools.gnu-tools-for-stm32.13.3.rel1.linux64_1.0.0.202410170706/tools/bin/../lib/gcc/arm-none-eabi/13.3.1/../../../../arm-none-eabi/lib/thumb/v7e-m+fp/hard/libc_nano.a
LOAD /opt/st/stm32cubeide_1.19.0/plugins/com.st.stm32cube.ide.mcu.externaltools.gnu-tools-for-stm32.13.3.rel1.linux64_1.0.0.202410170706/tools/bin/../lib/gcc/arm-none-eabi/13.3.1/../../../../arm-none-eabi/lib/thumb/v7e-m+fp/hard/libnosys.a
END GROUP
LOAD /opt/st/stm32cubeide_1.19.0/plugins/com.st.stm32cube.ide.mcu.externaltools.gnu-tools-for-stm32.13.3.rel1.linux64_1.0.0.202410170706/tools/bin/../lib/gcc/arm-none-eabi/13.3.1/thumb/v7e-m+fp/hard/crtend.o
LOAD /opt/st/stm32cubeide_1.19.0/plugins/com.st.stm32cube.ide.mcu.externaltools.gnu-tools-for-stm32.13.3.rel1.linux64_1.0.0.202410170706/tools/bin/../lib/gcc/arm-none-eabi/13.3.1/thumb/v7e-m+fp/hard/crtn.o
                0x20020000                        _estack = (ORIGIN (RAM) + LENGTH (RAM))
                0x00000200                        _Min_Heap_Size = 0x200
                0x00000400                        _Min_Stack_Size = 0x400

.isr_vector     0x08000000      0x1c4
                0x08000000                        . = ALIGN (0x4)
 *(.isr_vector)
 .isr_vector    0x08000000      0x1c4 ./Core/Startup/startup_stm32f446retx.o
                0x08000000                g_pfnVectors
                0x080001c4                        . = ALIGN (0x4)

.text           0x080001d0     0x8660
                0x080001d0                        . = ALIGN (0x4)
 *(.text)
 .text          0x080001d0       0x40 /opt/st/stm32cubeide_1.19.0/plugins/com.st.stm32cube.ide.mcu.externaltools.gnu-tools-for-stm32.13.3.rel1.linux64_1.0.0.202410170706/tools/bin/../lib/gcc/arm-none-eabi/13.3.1/thumb/v7e-m+fp/hard/crtbegin.o
 .text          0x08000210       0xa0 /opt/st/stm32cubeide_1.19.0/plugins/com.st.stm32cube.ide.mcu.externaltools.gnu-tools-for-stm32.13.3.rel1.linux64_1.0.0.202410170706/tools/bin/../lib/gcc/arm-none-eabi/13.3.1/../../../../arm-none-eabi/lib/thumb/v7e-m+fp/hard/libc_nano.a(libc_a-memchr.o)
                0x08000210                memchr
 .text          0x080002b0      0x378 /opt/st/stm32cubeide_1.19.0/plugins/com.st.stm32cube.ide.mcu.externaltools.gnu-tools-for-stm32.13.3.rel1.linux64_1.0.0.202410170706/tools/bin/../lib/gcc/arm-none-eabi/13.3.1/thumb/v7e-m+fp/hard/libgcc.a(_arm_addsubdf3.o)
                0x080002b0                __aeabi_drsub
                0x080002b8                __aeabi_dsub
                0x080002b8                __subdf3
                0x080002bc                __adddf3
                0x080002bc                __aeabi_dadd
                0x08000534                __aeabi_ui2d
                0x08000534                __floatunsidf
                0x08000554                __floatsidf
                0x08000554                __aeabi_i2d
                0x08000578                __extendsfdf2
                0x08000578                __aeabi_f2d
                0x080005bc                __aeabi_ul2d
                0x080005bc                __floatundidf
                0x080005cc                __floatdidf
                0x080005cc                __aeabi_l2d
 .text          0x08000628      0x424 /opt/st/stm32cubeide_1.19.0/plugins/com.st.stm32cube.ide.mcu.externaltools.gnu-tools-for-stm32.13.3.rel1.linux64_1.0.0.202410170706/tools/bin/../lib/gcc/arm-none-eabi/13.3.1/thumb/v7e-m+fp/hard/libgcc.a(_arm_muldivdf3.o)
                0x08000628                __aeabi_dmul
                0x08000628                __muldf3
                0x0800087c                __aeabi_ddiv
                0x0800087c                __divdf3
 .text          0x08000a4c      0x110 /opt/st/stm32cubeide_1.19.0/plugins/com.st.stm32cube.ide.mcu.externaltools.gnu-tools-for-stm32.13.3.rel1.linux64_1.0.0.202410170706/tools/bin/../lib/gcc/arm-none-eabi/13.3.1/thumb/v7e-m+fp/hard/libgcc.a(_arm_cmpdf2.o)
                0x08000a4c                __gtdf2
                0x08000a4c                __gedf2
                0x08000a54                __ltdf2
                0x08000a54                __ledf2
                0x08000a5c                __cmpdf2
                0x08000a5c                __eqdf2
                0x08000a5c                __nedf2
                0x08000ad8                __aeabi_cdrcmple
                0x08000ae8                __aeabi_cdcmple
                0x08000ae8                __aeabi_cdcmpeq
                0x08000af8                __aeabi_dcmpeq
                0x08000b0c                __aeabi_dcmplt
                0x08000b20                __aeabi_dcmple
                0x08000b34                __aeabi_dcmpge
                0x08000b48                __aeabi_dcmpgt
 .text          0x08000b5c       0x50 /opt/st/stm32cubeide_1.19.0/plugins/com.st.stm32cube.ide.mcu.externaltools.gnu-tools-for-stm32.13.3.rel1.linux64_1.0.0.202410170706/tools/bin/../lib/gcc/arm-none-eabi/13.3.1/thumb/v7e-m+fp/hard/libgcc.a(_arm_fixdfsi.o)
                0x08000b5c                __fixdfsi
                0x08000b5c                __aeabi_d2iz
 .text          0x08000bac       0x40 /opt/st/stm32cubeide_1.19.0/plugins/com.st.stm32cube.ide.mcu.externaltools.gnu-tools-for-stm32.13.3.rel1.linux64_1.0.0.202410170706/tools/bin/../lib/gcc/arm-none-eabi/13.3.1/thumb/v7e-m+fp/hard/libgcc.a(_arm_fixunsdfsi.o)
                0x08000bac                __fixunsdfsi
                0x08000bac                __aeabi_d2uiz
 .text          0x08000bec       0x30 /opt/st/stm32cubeide_1.19.0/plugins/com.st.stm32cube.ide.mcu.externaltools.gnu-tools-for-stm32.13.3.rel1.linux64_1.0.0.202410170706/tools/bin/../lib/gcc/arm-none-eabi/13.3.1/thumb/v7e-m+fp/hard/libgcc.a(_aeabi_uldivmod.o)
                0x08000bec                __aeabi_uldivmod
 .text          0x08000c1c      0x2f8 /opt/st/stm32cubeide_1.19.0/plugins/com.st.stm32cube.ide.mcu.externaltools.gnu-tools-for-stm32.13.3.rel1.linux64_1.0.0.202410170706/tools/bin/../lib/gcc/arm-none-eabi/13.3.1/thumb/v7e-m+fp/hard/libgcc.a(_udivmoddi4.o)
                0x08000c1c                __udivmoddi4
 .text          0x08000f14        0x4 /opt/st/stm32cubeide_1.19.0/plugins/com.st.stm32cube.ide.mcu.externaltools.gnu-tools-for-stm32.13.3.rel1.linux64_1.0.0.202410170706/tools/bin/../lib/gcc/arm-none-eabi/13.3.1/thumb/v7e-m+fp/hard/libgcc.a(_dvmd_tls.o)
                0x08000f14                __aeabi_ldiv0
                0x08000f14                __aeabi_idiv0
 *(.text*)
 .text.main     0x08000f18       0x60 ./Core/Src/main.o
                0x08000f18                main
 .text.SystemClock_Config
                0x08000f78       0xd8 ./Core/Src/main.o
                0x08000f78                SystemClock_Config
 .text.MX_ADC1_Init
                0x08001050       0xa4 ./Core/Src/main.o
 .text.MX_I2C1_Init
                0x080010f4       0x5c ./Core/Src/main.o
 .text.MX_TIM3_Init
                0x08001150       0xec ./Core/Src/main.o
 .text.MX_UART4_Init
                0x0800123c       0x54 ./Core/Src/main.o
 .text.MX_GPIO_Init
                0x08001290      0x104 ./Core/Src/main.o
 .text.events   0x08001394       0x48 ./Core/Src/main.o
                0x08001394                events
 .text.FSM_Init
                0x080013dc       0x22 ./Core/Src/main.o
                0x080013dc                FSM_Init
 *fill*         0x080013fe        0x2 
 .text.FSM      0x08001400       0x94 ./Core/Src/main.o
                0x08001400                FSM
 .text.action_read
                0x08001494       0x18 ./Core/Src/main.o
                0x08001494                action_read
 .text.First_Write
                0x080014ac       0x24 ./Core/Src/main.o
                0x080014ac                First_Write
 .text.action_write
                0x080014d0       0x40 ./Core/Src/main.o
                0x080014d0                action_write
 .text.HAL_ADC_ConvCpltCallback
                0x08001510       0x38 ./Core/Src/main.o
                0x08001510                HAL_ADC_ConvCpltCallback
 .text.HAL_UART_RxCpltCallback
                0x08001548       0x34 ./Core/Src/main.o
                0x08001548                HAL_UART_RxCpltCallback
 .text.Error_Handler
                0x0800157c        0xc ./Core/Src/main.o
                0x0800157c                Error_Handler
 .text.HAL_MspInit
                0x08001588       0x50 ./Core/Src/stm32f4xx_hal_msp.o
                0x08001588                HAL_MspInit
 .text.HAL_ADC_MspInit
                0x080015d8       0x98 ./Core/Src/stm32f4xx_hal_msp.o
                0x080015d8                HAL_ADC_MspInit
 .text.HAL_I2C_MspInit
                0x08001670       0x90 ./Core/Src/stm32f4xx_hal_msp.o
                0x08001670                HAL_I2C_MspInit
 .text.HAL_TIM_Base_MspInit
                0x08001700       0x44 ./Core/Src/stm32f4xx_hal_msp.o
                0x08001700                HAL_TIM_Base_MspInit
 .text.HAL_TIM_MspPostInit
                0x08001744       0x74 ./Core/Src/stm32f4xx_hal_msp.o
                0x08001744                HAL_TIM_MspPostInit
 .text.HAL_UART_MspInit
                0x080017b8       0xe0 ./Core/Src/stm32f4xx_hal_msp.o
                0x080017b8                HAL_UART_MspInit
 .text.NMI_Handler
                0x08001898        0x8 ./Core/Src/stm32f4xx_it.o
                0x08001898                NMI_Handler
 .text.HardFault_Handler
                0x080018a0        0x8 ./Core/Src/stm32f4xx_it.o
                0x080018a0                HardFault_Handler
 .text.MemManage_Handler
                0x080018a8        0x8 ./Core/Src/stm32f4xx_it.o
                0x080018a8                MemManage_Handler
 .text.BusFault_Handler
                0x080018b0        0x8 ./Core/Src/stm32f4xx_it.o
                0x080018b0                BusFault_Handler
 .text.UsageFault_Handler
                0x080018b8        0x8 ./Core/Src/stm32f4xx_it.o
                0x080018b8                UsageFault_Handler
 .text.SVC_Handler
                0x080018c0        0xe ./Core/Src/stm32f4xx_it.o
                0x080018c0                SVC_Handler
 .text.DebugMon_Handler
                0x080018ce        0xe ./Core/Src/stm32f4xx_it.o
                0x080018ce                DebugMon_Handler
 .text.PendSV_Handler
                0x080018dc        0xe ./Core/Src/stm32f4xx_it.o
                0x080018dc                PendSV_Handler
 .text.SysTick_Handler
                0x080018ea        0xc ./Core/Src/stm32f4xx_it.o
                0x080018ea                SysTick_Handler
 *fill*         0x080018f6        0x2 
 .text.ADC_IRQHandler
                0x080018f8       0x14 ./Core/Src/stm32f4xx_it.o
                0x080018f8                ADC_IRQHandler
 .text.UART4_IRQHandler
                0x0800190c       0x14 ./Core/Src/stm32f4xx_it.o
                0x0800190c                UART4_IRQHandler
 .text._sbrk    0x08001920       0x6c ./Core/Src/sysmem.o
                0x08001920                _sbrk
 .text.SystemInit
                0x0800198c       0x24 ./Core/Src/system_stm32f4xx.o
                0x0800198c                SystemInit
 .text.Reset_Handler
                0x080019b0       0x50 ./Core/Startup/startup_stm32f446retx.o
                0x080019b0                Reset_Handler
 .text.Default_Handler
                0x08001a00        0x2 ./Core/Startup/startup_stm32f446retx.o
                0x08001a00                RTC_Alarm_IRQHandler
                0x08001a00                EXTI2_IRQHandler
                0x08001a00                TIM8_CC_IRQHandler
                0x08001a00                FMPI2C1_EV_IRQHandler
                0x08001a00                SPI4_IRQHandler
                0x08001a00                TIM1_CC_IRQHandler
                0x08001a00                DMA2_Stream5_IRQHandler
                0x08001a00                DMA1_Stream5_IRQHandler
                0x08001a00                PVD_IRQHandler
                0x08001a00                SDIO_IRQHandler
                0x08001a00                TAMP_STAMP_IRQHandler
                0x08001a00                CAN2_RX1_IRQHandler
                0x08001a00                EXTI3_IRQHandler
                0x08001a00                TIM8_TRG_COM_TIM14_IRQHandler
                0x08001a00                TIM1_UP_TIM10_IRQHandler
                0x08001a00                TIM8_UP_TIM13_IRQHandler
                0x08001a00                I2C3_ER_IRQHandler
                0x08001a00                EXTI0_IRQHandler
                0x08001a00                I2C2_EV_IRQHandler
                0x08001a00                DMA1_Stream2_IRQHandler
                0x08001a00                CAN1_RX0_IRQHandler
                0x08001a00                FPU_IRQHandler
                0x08001a00                OTG_HS_WKUP_IRQHandler
                0x08001a00                CAN2_SCE_IRQHandler
                0x08001a00                DMA2_Stream2_IRQHandler
                0x08001a00                SPI1_IRQHandler
                0x08001a00                TIM6_DAC_IRQHandler
                0x08001a00                TIM1_BRK_TIM9_IRQHandler
                0x08001a00                DCMI_IRQHandler
                0x08001a00                CAN2_RX0_IRQHandler
                0x08001a00                DMA2_Stream3_IRQHandler
                0x08001a00                SAI2_IRQHandler
                0x08001a00                USART6_IRQHandler
                0x08001a00                USART3_IRQHandler
                0x08001a00                CAN1_RX1_IRQHandler
                0x08001a00                UART5_IRQHandler
                0x08001a00                DMA2_Stream0_IRQHandler
                0x08001a00                TIM4_IRQHandler
                0x08001a00                QUADSPI_IRQHandler
                0x08001a00                I2C1_EV_IRQHandler
                0x08001a00                DMA1_Stream6_IRQHandler
                0x08001a00                DMA1_Stream1_IRQHandler
                0x08001a00                TIM3_IRQHandler
                0x08001a00                RCC_IRQHandler
                0x08001a00                TIM8_BRK_TIM12_IRQHandler
                0x08001a00                Default_Handler
                0x08001a00                CEC_IRQHandler
                0x08001a00                EXTI15_10_IRQHandler
                0x08001a00                DMA1_Stream7_IRQHandler
                0x08001a00                TIM7_IRQHandler
                0x08001a00                CAN2_TX_IRQHandler
                0x08001a00                TIM5_IRQHandler
                0x08001a00                DMA2_Stream7_IRQHandler
                0x08001a00                I2C3_EV_IRQHandler
                0x08001a00                EXTI9_5_IRQHandler
                0x08001a00                RTC_WKUP_IRQHandler
                0x08001a00                SPDIF_RX_IRQHandler
                0x08001a00                SPI2_IRQHandler
                0x08001a00                OTG_HS_EP1_IN_IRQHandler
                0x08001a00                DMA1_Stream0_IRQHandler
                0x08001a00                CAN1_TX_IRQHandler
                0x08001a00                FMPI2C1_ER_IRQHandler
                0x08001a00                EXTI4_IRQHandler
                0x08001a00                OTG_HS_EP1_OUT_IRQHandler
                0x08001a00                WWDG_IRQHandler
                0x08001a00                TIM2_IRQHandler
                0x08001a00                OTG_FS_WKUP_IRQHandler
                0x08001a00                TIM1_TRG_COM_TIM11_IRQHandler
                0x08001a00                OTG_HS_IRQHandler
                0x08001a00                EXTI1_IRQHandler
                0x08001a00                USART2_IRQHandler
                0x08001a00                I2C2_ER_IRQHandler
                0x08001a00                DMA2_Stream1_IRQHandler
                0x08001a00                CAN1_SCE_IRQHandler
                0x08001a00                FLASH_IRQHandler
                0x08001a00                DMA2_Stream4_IRQHandler
                0x08001a00                USART1_IRQHandler
                0x08001a00                OTG_FS_IRQHandler
                0x08001a00                SPI3_IRQHandler
                0x08001a00                DMA1_Stream4_IRQHandler
                0x08001a00                I2C1_ER_IRQHandler
                0x08001a00                FMC_IRQHandler
                0x08001a00                DMA2_Stream6_IRQHandler
                0x08001a00                SAI1_IRQHandler
                0x08001a00                DMA1_Stream3_IRQHandler
 *fill*         0x08001a02        0x2 
 .text.ADC_Start
                0x08001a04       0x14 ./Drivers/API/Src/API_ADC_port.o
                0x08001a04                ADC_Start
 .text.ADC_Stop
                0x08001a18       0x14 ./Drivers/API/Src/API_ADC_port.o
                0x08001a18                ADC_Stop
 .text.get_ADC_value
                0x08001a2c       0x1c ./Drivers/API/Src/API_ADC_port.o
                0x08001a2c                get_ADC_value
 .text.wellcome
                0x08001a48       0x40 ./Drivers/API/Src/API_Display.o
                0x08001a48                wellcome
 .text.message  0x08001a88      0x268 ./Drivers/API/Src/API_Display.o
                0x08001a88                message
 .text.Display_Init
                0x08001cf0        0xc ./Drivers/API/Src/API_Display.o
                0x08001cf0                Display_Init
 .text.change_screen
                0x08001cfc       0x30 ./Drivers/API/Src/API_Display.o
                0x08001cfc                change_screen
 *fill*         0x08001d2c        0x4 
 .text.PWM_Control
                0x08001d30       0x54 ./Drivers/API/Src/API_Servo.o
                0x08001d30                PWM_Control
 .text.PWM_Init
                0x08001d84        0xc ./Drivers/API/Src/API_Servo.o
                0x08001d84                PWM_Init
 .text.PWM_update
                0x08001d90       0x20 ./Drivers/API/Src/API_Servo_port.o
                0x08001d90                PWM_update
 .text.PWM_Init_port
                0x08001db0       0x14 ./Drivers/API/Src/API_Servo_port.o
                0x08001db0                PWM_Init_port
 .text.UART_Tx  0x08001dc4       0x24 ./Drivers/API/Src/API_UART_port.o
                0x08001dc4                UART_Tx
 .text.UART_Rx_IT
                0x08001de8       0x1c ./Drivers/API/Src/API_UART_port.o
                0x08001de8                UART_Rx_IT
 .text.debounceFSM_init
                0x08001e04       0x18 ./Drivers/API/Src/API_debounce.o
                0x08001e04                debounceFSM_init
 .text.debounceFSM_update
                0x08001e1c       0xe0 ./Drivers/API/Src/API_debounce.o
                0x08001e1c                debounceFSM_update
 .text.buttonPressed
                0x08001efc       0x18 ./Drivers/API/Src/API_debounce.o
                0x08001efc                buttonPressed
 .text.buttonReleased
                0x08001f14       0x18 ./Drivers/API/Src/API_debounce.o
                0x08001f14                buttonReleased
 .text.readKey  0x08001f2c       0x18 ./Drivers/API/Src/API_debounce.o
                0x08001f2c                readKey
 .text.Read_Blue_Button
                0x08001f44       0x18 ./Drivers/API/Src/API_debounce_port.o
                0x08001f44                Read_Blue_Button
 .text.delayInit
                0x08001f5c       0x22 ./Drivers/API/Src/API_delay.o
                0x08001f5c                delayInit
 .text.delayRead
                0x08001f7e       0x50 ./Drivers/API/Src/API_delay.o
                0x08001f7e                delayRead
 .text.delayInit_2
                0x08001fce       0x28 ./Drivers/API/Src/API_delay.o
                0x08001fce                delayInit_2
 .text.delayRead_2
                0x08001ff6       0x36 ./Drivers/API/Src/API_delay.o
                0x08001ff6                delayRead_2
 .text.delayDisable_2
                0x0800202c       0x1a ./Drivers/API/Src/API_delay.o
                0x0800202c                delayDisable_2
 .text.get_tick
                0x08002046        0xe ./Drivers/API/Src/API_delay_port.o
                0x08002046                get_tick
 .text.Blocking_Delay
                0x08002054       0x16 ./Drivers/API/Src/API_delay_port.o
                0x08002054                Blocking_Delay
 *fill*         0x0800206a        0x2 
 .text.SSD1306_Init
                0x0800206c      0x188 ./Drivers/API/Src/ssd1306.o
                0x0800206c                SSD1306_Init
 .text.SSD1306_UpdateScreen
                0x080021f4       0x5c ./Drivers/API/Src/ssd1306.o
                0x080021f4                SSD1306_UpdateScreen
 .text.SSD1306_Fill
                0x08002250       0x30 ./Drivers/API/Src/ssd1306.o
                0x08002250                SSD1306_Fill
 .text.SSD1306_DrawPixel
                0x08002280       0xc0 ./Drivers/API/Src/ssd1306.o
                0x08002280                SSD1306_DrawPixel
 .text.SSD1306_GotoXY
                0x08002340       0x2c ./Drivers/API/Src/ssd1306.o
                0x08002340                SSD1306_GotoXY
 .text.SSD1306_Putc
                0x0800236c       0xfc ./Drivers/API/Src/ssd1306.o
                0x0800236c                SSD1306_Putc
 .text.SSD1306_Puts
                0x08002468       0x4a ./Drivers/API/Src/ssd1306.o
                0x08002468                SSD1306_Puts
 .text.SSD1306_DrawLine
                0x080024b2      0x1f6 ./Drivers/API/Src/ssd1306.o
                0x080024b2                SSD1306_DrawLine
 .text.SSD1306_Clear
                0x080026a8       0x12 ./Drivers/API/Src/ssd1306.o
                0x080026a8                SSD1306_Clear
 *fill*         0x080026ba        0x2 
 .text.ssd1306_I2C_Init
                0x080026bc       0x2c ./Drivers/API/Src/ssd1306.o
                0x080026bc                ssd1306_I2C_Init
 .text.ssd1306_I2C_WriteMulti
                0x080026e8       0xcc ./Drivers/API/Src/ssd1306.o
                0x080026e8                ssd1306_I2C_WriteMulti
 .text.ssd1306_I2C_Write
                0x080027b4       0x3c ./Drivers/API/Src/ssd1306.o
                0x080027b4                ssd1306_I2C_Write
 .text.HAL_Init
                0x080027f0       0x44 ./Drivers/STM32F4xx_HAL_Driver/Src/stm32f4xx_hal.o
                0x080027f0                HAL_Init
 .text.HAL_InitTick
                0x08002834       0x60 ./Drivers/STM32F4xx_HAL_Driver/Src/stm32f4xx_hal.o
                0x08002834                HAL_InitTick
 .text.HAL_IncTick
                0x08002894       0x28 ./Drivers/STM32F4xx_HAL_Driver/Src/stm32f4xx_hal.o
                0x08002894                HAL_IncTick
 .text.HAL_GetTick
                0x080028bc       0x18 ./Drivers/STM32F4xx_HAL_Driver/Src/stm32f4xx_hal.o
                0x080028bc                HAL_GetTick
 .text.HAL_Delay
                0x080028d4       0x48 ./Drivers/STM32F4xx_HAL_Driver/Src/stm32f4xx_hal.o
                0x080028d4                HAL_Delay
 .text.HAL_ADC_Init
                0x0800291c       0x86 ./Drivers/STM32F4xx_HAL_Driver/Src/stm32f4xx_hal_adc.o
                0x0800291c                HAL_ADC_Init
 *fill*         0x080029a2        0x2 
 .text.HAL_ADC_Start_IT
                0x080029a4      0x1bc ./Drivers/STM32F4xx_HAL_Driver/Src/stm32f4xx_hal_adc.o
                0x080029a4                HAL_ADC_Start_IT
 .text.HAL_ADC_Stop_IT
                0x08002b60       0x7a ./Drivers/STM32F4xx_HAL_Driver/Src/stm32f4xx_hal_adc.o
                0x08002b60                HAL_ADC_Stop_IT
 .text.HAL_ADC_IRQHandler
                0x08002bda      0x220 ./Drivers/STM32F4xx_HAL_Driver/Src/stm32f4xx_hal_adc.o
                0x08002bda                HAL_ADC_IRQHandler
 .text.HAL_ADC_GetValue
                0x08002dfa       0x1a ./Drivers/STM32F4xx_HAL_Driver/Src/stm32f4xx_hal_adc.o
                0x08002dfa                HAL_ADC_GetValue
 .text.HAL_ADC_LevelOutOfWindowCallback
                0x08002e14       0x14 ./Drivers/STM32F4xx_HAL_Driver/Src/stm32f4xx_hal_adc.o
                0x08002e14                HAL_ADC_LevelOutOfWindowCallback
 .text.HAL_ADC_ErrorCallback
                0x08002e28       0x14 ./Drivers/STM32F4xx_HAL_Driver/Src/stm32f4xx_hal_adc.o
                0x08002e28                HAL_ADC_ErrorCallback
 .text.HAL_ADC_ConfigChannel
                0x08002e3c      0x264 ./Drivers/STM32F4xx_HAL_Driver/Src/stm32f4xx_hal_adc.o
                0x08002e3c                HAL_ADC_ConfigChannel
 .text.ADC_Init
                0x080030a0      0x1f8 ./Drivers/STM32F4xx_HAL_Driver/Src/stm32f4xx_hal_adc.o
 .text.HAL_ADCEx_InjectedConvCpltCallback
                0x08003298       0x14 ./Drivers/STM32F4xx_HAL_Driver/Src/stm32f4xx_hal_adc_ex.o
                0x08003298                HAL_ADCEx_InjectedConvCpltCallback
 .text.__NVIC_SetPriorityGrouping
                0x080032ac       0x48 ./Drivers/STM32F4xx_HAL_Driver/Src/stm32f4xx_hal_cortex.o
 .text.__NVIC_GetPriorityGrouping
                0x080032f4       0x1c ./Drivers/STM32F4xx_HAL_Driver/Src/stm32f4xx_hal_cortex.o
 .text.__NVIC_EnableIRQ
                0x08003310       0x3c ./Drivers/STM32F4xx_HAL_Driver/Src/stm32f4xx_hal_cortex.o
 .text.__NVIC_SetPriority
                0x0800334c       0x54 ./Drivers/STM32F4xx_HAL_Driver/Src/stm32f4xx_hal_cortex.o
 .text.NVIC_EncodePriority
                0x080033a0       0x66 ./Drivers/STM32F4xx_HAL_Driver/Src/stm32f4xx_hal_cortex.o
 *fill*         0x08003406        0x2 
 .text.SysTick_Config
                0x08003408       0x44 ./Drivers/STM32F4xx_HAL_Driver/Src/stm32f4xx_hal_cortex.o
 .text.HAL_NVIC_SetPriorityGrouping
                0x0800344c       0x16 ./Drivers/STM32F4xx_HAL_Driver/Src/stm32f4xx_hal_cortex.o
                0x0800344c                HAL_NVIC_SetPriorityGrouping
 .text.HAL_NVIC_SetPriority
                0x08003462       0x38 ./Drivers/STM32F4xx_HAL_Driver/Src/stm32f4xx_hal_cortex.o
                0x08003462                HAL_NVIC_SetPriority
 .text.HAL_NVIC_EnableIRQ
                0x0800349a       0x1c ./Drivers/STM32F4xx_HAL_Driver/Src/stm32f4xx_hal_cortex.o
                0x0800349a                HAL_NVIC_EnableIRQ
 .text.HAL_SYSTICK_Config
                0x080034b6       0x18 ./Drivers/STM32F4xx_HAL_Driver/Src/stm32f4xx_hal_cortex.o
                0x080034b6                HAL_SYSTICK_Config
 .text.HAL_DMA_Abort
                0x080034ce       0xe0 ./Drivers/STM32F4xx_HAL_Driver/Src/stm32f4xx_hal_dma.o
                0x080034ce                HAL_DMA_Abort
 .text.HAL_DMA_Abort_IT
                0x080035ae       0x44 ./Drivers/STM32F4xx_HAL_Driver/Src/stm32f4xx_hal_dma.o
                0x080035ae                HAL_DMA_Abort_IT
 *fill*         0x080035f2        0x2 
 .text.HAL_GPIO_Init
                0x080035f4      0x328 ./Drivers/STM32F4xx_HAL_Driver/Src/stm32f4xx_hal_gpio.o
                0x080035f4                HAL_GPIO_Init
 .text.HAL_GPIO_ReadPin
                0x0800391c       0x30 ./Drivers/STM32F4xx_HAL_Driver/Src/stm32f4xx_hal_gpio.o
                0x0800391c                HAL_GPIO_ReadPin
 .text.HAL_GPIO_WritePin
                0x0800394c       0x32 ./Drivers/STM32F4xx_HAL_Driver/Src/stm32f4xx_hal_gpio.o
                0x0800394c                HAL_GPIO_WritePin
 *fill*         0x0800397e        0x2 
 .text.HAL_I2C_Init
                0x08003980      0x288 ./Drivers/STM32F4xx_HAL_Driver/Src/stm32f4xx_hal_i2c.o
                0x08003980                HAL_I2C_Init
 .text.HAL_I2C_Master_Transmit
                0x08003c08      0x1fc ./Drivers/STM32F4xx_HAL_Driver/Src/stm32f4xx_hal_i2c.o
                0x08003c08                HAL_I2C_Master_Transmit
 .text.HAL_I2C_IsDeviceReady
                0x08003e04      0x25c ./Drivers/STM32F4xx_HAL_Driver/Src/stm32f4xx_hal_i2c.o
                0x08003e04                HAL_I2C_IsDeviceReady
 .text.I2C_MasterRequestWrite
                0x08004060      0x104 ./Drivers/STM32F4xx_HAL_Driver/Src/stm32f4xx_hal_i2c.o
 .text.I2C_WaitOnFlagUntilTimeout
                0x08004164       0xf4 ./Drivers/STM32F4xx_HAL_Driver/Src/stm32f4xx_hal_i2c.o
 .text.I2C_WaitOnMasterAddressFlagUntilTimeout
                0x08004258      0x140 ./Drivers/STM32F4xx_HAL_Driver/Src/stm32f4xx_hal_i2c.o
 .text.I2C_WaitOnTXEFlagUntilTimeout
                0x08004398       0x90 ./Drivers/STM32F4xx_HAL_Driver/Src/stm32f4xx_hal_i2c.o
 .text.I2C_WaitOnBTFFlagUntilTimeout
                0x08004428       0x90 ./Drivers/STM32F4xx_HAL_Driver/Src/stm32f4xx_hal_i2c.o
 .text.I2C_IsAcknowledgeFailed
                0x080044b8       0x5e ./Drivers/STM32F4xx_HAL_Driver/Src/stm32f4xx_hal_i2c.o
 *fill*         0x08004516        0x2 
 .text.HAL_RCC_ClockConfig
                0x08004518      0x1cc ./Drivers/STM32F4xx_HAL_Driver/Src/stm32f4xx_hal_rcc.o
                0x08004518                HAL_RCC_ClockConfig
 .text.HAL_RCC_GetHCLKFreq
                0x080046e4       0x18 ./Drivers/STM32F4xx_HAL_Driver/Src/stm32f4xx_hal_rcc.o
                0x080046e4                HAL_RCC_GetHCLKFreq
 .text.HAL_RCC_GetPCLK1Freq
                0x080046fc       0x28 ./Drivers/STM32F4xx_HAL_Driver/Src/stm32f4xx_hal_rcc.o
                0x080046fc                HAL_RCC_GetPCLK1Freq
 .text.HAL_RCC_GetPCLK2Freq
                0x08004724       0x28 ./Drivers/STM32F4xx_HAL_Driver/Src/stm32f4xx_hal_rcc.o
                0x08004724                HAL_RCC_GetPCLK2Freq
 .text.HAL_RCC_GetSysClockFreq
                0x0800474c      0x354 ./Drivers/STM32F4xx_HAL_Driver/Src/stm32f4xx_hal_rcc_ex.o
                0x0800474c                HAL_RCC_GetSysClockFreq
 .text.HAL_RCC_OscConfig
                0x08004aa0      0x53c ./Drivers/STM32F4xx_HAL_Driver/Src/stm32f4xx_hal_rcc_ex.o
                0x08004aa0                HAL_RCC_OscConfig
 .text.HAL_TIM_Base_Init
                0x08004fdc       0x9e ./Drivers/STM32F4xx_HAL_Driver/Src/stm32f4xx_hal_tim.o
                0x08004fdc                HAL_TIM_Base_Init
 .text.HAL_TIM_PWM_Init
                0x0800507a       0x9e ./Drivers/STM32F4xx_HAL_Driver/Src/stm32f4xx_hal_tim.o
                0x0800507a                HAL_TIM_PWM_Init
 .text.HAL_TIM_PWM_MspInit
                0x08005118       0x14 ./Drivers/STM32F4xx_HAL_Driver/Src/stm32f4xx_hal_tim.o
                0x08005118                HAL_TIM_PWM_MspInit
 .text.HAL_TIM_PWM_Start
                0x0800512c      0x190 ./Drivers/STM32F4xx_HAL_Driver/Src/stm32f4xx_hal_tim.o
                0x0800512c                HAL_TIM_PWM_Start
 .text.HAL_TIM_PWM_ConfigChannel
                0x080052bc      0x184 ./Drivers/STM32F4xx_HAL_Driver/Src/stm32f4xx_hal_tim.o
                0x080052bc                HAL_TIM_PWM_ConfigChannel
 .text.HAL_TIM_ConfigClockSource
                0x08005440      0x18e ./Drivers/STM32F4xx_HAL_Driver/Src/stm32f4xx_hal_tim.o
                0x08005440                HAL_TIM_ConfigClockSource
 *fill*         0x080055ce        0x2 
 .text.TIM_Base_SetConfig
                0x080055d0      0x14c ./Drivers/STM32F4xx_HAL_Driver/Src/stm32f4xx_hal_tim.o
                0x080055d0                TIM_Base_SetConfig
 .text.TIM_OC1_SetConfig
                0x0800571c       0xe0 ./Drivers/STM32F4xx_HAL_Driver/Src/stm32f4xx_hal_tim.o
 .text.TIM_OC2_SetConfig
                0x080057fc       0xec ./Drivers/STM32F4xx_HAL_Driver/Src/stm32f4xx_hal_tim.o
                0x080057fc                TIM_OC2_SetConfig
 .text.TIM_OC3_SetConfig
                0x080058e8       0xe8 ./Drivers/STM32F4xx_HAL_Driver/Src/stm32f4xx_hal_tim.o
 .text.TIM_OC4_SetConfig
                0x080059d0       0xac ./Drivers/STM32F4xx_HAL_Driver/Src/stm32f4xx_hal_tim.o
 .text.TIM_TI1_ConfigInputStage
                0x08005a7c       0x5e ./Drivers/STM32F4xx_HAL_Driver/Src/stm32f4xx_hal_tim.o
 .text.TIM_TI2_ConfigInputStage
                0x08005ada       0x60 ./Drivers/STM32F4xx_HAL_Driver/Src/stm32f4xx_hal_tim.o
 .text.TIM_ITRx_SetConfig
                0x08005b3a       0x36 ./Drivers/STM32F4xx_HAL_Driver/Src/stm32f4xx_hal_tim.o
 .text.TIM_ETR_SetConfig
                0x08005b70       0x40 ./Drivers/STM32F4xx_HAL_Driver/Src/stm32f4xx_hal_tim.o
                0x08005b70                TIM_ETR_SetConfig
 .text.TIM_CCxChannelCmd
                0x08005bb0       0x4a ./Drivers/STM32F4xx_HAL_Driver/Src/stm32f4xx_hal_tim.o
                0x08005bb0                TIM_CCxChannelCmd
 *fill*         0x08005bfa        0x2 
 .text.HAL_TIMEx_MasterConfigSynchronization
                0x08005bfc       0xf8 ./Drivers/STM32F4xx_HAL_Driver/Src/stm32f4xx_hal_tim_ex.o
                0x08005bfc                HAL_TIMEx_MasterConfigSynchronization
 .text.HAL_UART_Init
                0x08005cf4       0xa0 ./Drivers/STM32F4xx_HAL_Driver/Src/stm32f4xx_hal_uart.o
                0x08005cf4                HAL_UART_Init
 .text.HAL_UART_Transmit
                0x08005d94      0x116 ./Drivers/STM32F4xx_HAL_Driver/Src/stm32f4xx_hal_uart.o
                0x08005d94                HAL_UART_Transmit
 .text.HAL_UART_Receive_IT
                0x08005eaa       0x4a ./Drivers/STM32F4xx_HAL_Driver/Src/stm32f4xx_hal_uart.o
                0x08005eaa                HAL_UART_Receive_IT
 .text.HAL_UART_IRQHandler
                0x08005ef4      0x554 ./Drivers/STM32F4xx_HAL_Driver/Src/stm32f4xx_hal_uart.o
                0x08005ef4                HAL_UART_IRQHandler
 .text.HAL_UART_TxCpltCallback
                0x08006448       0x14 ./Drivers/STM32F4xx_HAL_Driver/Src/stm32f4xx_hal_uart.o
                0x08006448                HAL_UART_TxCpltCallback
 .text.HAL_UART_ErrorCallback
                0x0800645c       0x14 ./Drivers/STM32F4xx_HAL_Driver/Src/stm32f4xx_hal_uart.o
                0x0800645c                HAL_UART_ErrorCallback
 .text.HAL_UARTEx_RxEventCallback
                0x08006470       0x18 ./Drivers/STM32F4xx_HAL_Driver/Src/stm32f4xx_hal_uart.o
                0x08006470                HAL_UARTEx_RxEventCallback
 .text.UART_WaitOnFlagUntilTimeout
                0x08006488       0xb2 ./Drivers/STM32F4xx_HAL_Driver/Src/stm32f4xx_hal_uart.o
 .text.UART_Start_Receive_IT
                0x0800653a       0x74 ./Drivers/STM32F4xx_HAL_Driver/Src/stm32f4xx_hal_uart.o
                0x0800653a                UART_Start_Receive_IT
 .text.UART_EndRxTransfer
                0x080065ae       0xc6 ./Drivers/STM32F4xx_HAL_Driver/Src/stm32f4xx_hal_uart.o
 .text.UART_DMAAbortOnError
                0x08006674       0x22 ./Drivers/STM32F4xx_HAL_Driver/Src/stm32f4xx_hal_uart.o
 .text.UART_Transmit_IT
                0x08006696       0xa0 ./Drivers/STM32F4xx_HAL_Driver/Src/stm32f4xx_hal_uart.o
 .text.UART_EndTransmit_IT
                0x08006736       0x30 ./Drivers/STM32F4xx_HAL_Driver/Src/stm32f4xx_hal_uart.o
 .text.UART_Receive_IT
                0x08006766      0x17c ./Drivers/STM32F4xx_HAL_Driver/Src/stm32f4xx_hal_uart.o
 *fill*         0x080068e2        0x2 
 .text.UART_SetConfig
                0x080068e4      0x4e8 ./Drivers/STM32F4xx_HAL_Driver/Src/stm32f4xx_hal_uart.o
 .text.sprintf  0x08006dcc       0x44 /opt/st/stm32cubeide_1.19.0/plugins/com.st.stm32cube.ide.mcu.externaltools.gnu-tools-for-stm32.13.3.rel1.linux64_1.0.0.202410170706/tools/bin/../lib/gcc/arm-none-eabi/13.3.1/../../../../arm-none-eabi/lib/thumb/v7e-m+fp/hard/libc_nano.a(libc_a-sprintf.o)
                0x08006dcc                sprintf
                0x08006dcc                siprintf
 .text.memset   0x08006e10       0x10 /opt/st/stm32cubeide_1.19.0/plugins/com.st.stm32cube.ide.mcu.externaltools.gnu-tools-for-stm32.13.3.rel1.linux64_1.0.0.202410170706/tools/bin/../lib/gcc/arm-none-eabi/13.3.1/../../../../arm-none-eabi/lib/thumb/v7e-m+fp/hard/libc_nano.a(libc_a-memset.o)
                0x08006e10                memset
 .text.__errno  0x08006e20        0xc /opt/st/stm32cubeide_1.19.0/plugins/com.st.stm32cube.ide.mcu.externaltools.gnu-tools-for-stm32.13.3.rel1.linux64_1.0.0.202410170706/tools/bin/../lib/gcc/arm-none-eabi/13.3.1/../../../../arm-none-eabi/lib/thumb/v7e-m+fp/hard/libc_nano.a(libc_a-errno.o)
                0x08006e20                __errno
 .text.__libc_init_array
                0x08006e2c       0x48 /opt/st/stm32cubeide_1.19.0/plugins/com.st.stm32cube.ide.mcu.externaltools.gnu-tools-for-stm32.13.3.rel1.linux64_1.0.0.202410170706/tools/bin/../lib/gcc/arm-none-eabi/13.3.1/../../../../arm-none-eabi/lib/thumb/v7e-m+fp/hard/libc_nano.a(libc_a-init.o)
                0x08006e2c                __libc_init_array
 .text.__retarget_lock_acquire_recursive
                0x08006e74        0x2 /opt/st/stm32cubeide_1.19.0/plugins/com.st.stm32cube.ide.mcu.externaltools.gnu-tools-for-stm32.13.3.rel1.linux64_1.0.0.202410170706/tools/bin/../lib/gcc/arm-none-eabi/13.3.1/../../../../arm-none-eabi/lib/thumb/v7e-m+fp/hard/libc_nano.a(libc_a-lock.o)
                0x08006e74                __retarget_lock_acquire_recursive
 .text.__retarget_lock_release_recursive
                0x08006e76        0x2 /opt/st/stm32cubeide_1.19.0/plugins/com.st.stm32cube.ide.mcu.externaltools.gnu-tools-for-stm32.13.3.rel1.linux64_1.0.0.202410170706/tools/bin/../lib/gcc/arm-none-eabi/13.3.1/../../../../arm-none-eabi/lib/thumb/v7e-m+fp/hard/libc_nano.a(libc_a-lock.o)
                0x08006e76                __retarget_lock_release_recursive
 .text._free_r  0x08006e78       0x94 /opt/st/stm32cubeide_1.19.0/plugins/com.st.stm32cube.ide.mcu.externaltools.gnu-tools-for-stm32.13.3.rel1.linux64_1.0.0.202410170706/tools/bin/../lib/gcc/arm-none-eabi/13.3.1/../../../../arm-none-eabi/lib/thumb/v7e-m+fp/hard/libc_nano.a(libc_a-freer.o)
                0x08006e78                _free_r
 .text.sbrk_aligned
                0x08006f0c       0x44 /opt/st/stm32cubeide_1.19.0/plugins/com.st.stm32cube.ide.mcu.externaltools.gnu-tools-for-stm32.13.3.rel1.linux64_1.0.0.202410170706/tools/bin/../lib/gcc/arm-none-eabi/13.3.1/../../../../arm-none-eabi/lib/thumb/v7e-m+fp/hard/libc_nano.a(libc_a-mallocr.o)
 .text._malloc_r
                0x08006f50      0x100 /opt/st/stm32cubeide_1.19.0/plugins/com.st.stm32cube.ide.mcu.externaltools.gnu-tools-for-stm32.13.3.rel1.linux64_1.0.0.202410170706/tools/bin/../lib/gcc/arm-none-eabi/13.3.1/../../../../arm-none-eabi/lib/thumb/v7e-m+fp/hard/libc_nano.a(libc_a-mallocr.o)
                0x08006f50                _malloc_r
 .text.__malloc_lock
                0x08007050        0xc /opt/st/stm32cubeide_1.19.0/plugins/com.st.stm32cube.ide.mcu.externaltools.gnu-tools-for-stm32.13.3.rel1.linux64_1.0.0.202410170706/tools/bin/../lib/gcc/arm-none-eabi/13.3.1/../../../../arm-none-eabi/lib/thumb/v7e-m+fp/hard/libc_nano.a(libc_a-mlock.o)
                0x08007050                __malloc_lock
 .text.__malloc_unlock
                0x0800705c        0xc /opt/st/stm32cubeide_1.19.0/plugins/com.st.stm32cube.ide.mcu.externaltools.gnu-tools-for-stm32.13.3.rel1.linux64_1.0.0.202410170706/tools/bin/../lib/gcc/arm-none-eabi/13.3.1/../../../../arm-none-eabi/lib/thumb/v7e-m+fp/hard/libc_nano.a(libc_a-mlock.o)
                0x0800705c                __malloc_unlock
 .text.__ssputs_r
                0x08007068       0xb6 /opt/st/stm32cubeide_1.19.0/plugins/com.st.stm32cube.ide.mcu.externaltools.gnu-tools-for-stm32.13.3.rel1.linux64_1.0.0.202410170706/tools/bin/../lib/gcc/arm-none-eabi/13.3.1/../../../../arm-none-eabi/lib/thumb/v7e-m+fp/hard/libc_nano.a(libc_a-nano-svfprintf.o)
                0x08007068                __ssputs_r
 *fill*         0x0800711e        0x2 
 .text._svfprintf_r
                0x08007120      0x1f8 /opt/st/stm32cubeide_1.19.0/plugins/com.st.stm32cube.ide.mcu.externaltools.gnu-tools-for-stm32.13.3.rel1.linux64_1.0.0.202410170706/tools/bin/../lib/gcc/arm-none-eabi/13.3.1/../../../../arm-none-eabi/lib/thumb/v7e-m+fp/hard/libc_nano.a(libc_a-nano-svfprintf.o)
                0x08007120                _svfprintf_r
                0x08007120                _svfiprintf_r
 .text._printf_common
                0x08007318       0xda /opt/st/stm32cubeide_1.19.0/plugins/com.st.stm32cube.ide.mcu.externaltools.gnu-tools-for-stm32.13.3.rel1.linux64_1.0.0.202410170706/tools/bin/../lib/gcc/arm-none-eabi/13.3.1/../../../../arm-none-eabi/lib/thumb/v7e-m+fp/hard/libc_nano.a(libc_a-nano-vfprintf_i.o)
                0x08007318                _printf_common
 *fill*         0x080073f2        0x2 
 .text._printf_i
                0x080073f4      0x23c /opt/st/stm32cubeide_1.19.0/plugins/com.st.stm32cube.ide.mcu.externaltools.gnu-tools-for-stm32.13.3.rel1.linux64_1.0.0.202410170706/tools/bin/../lib/gcc/arm-none-eabi/13.3.1/../../../../arm-none-eabi/lib/thumb/v7e-m+fp/hard/libc_nano.a(libc_a-nano-vfprintf_i.o)
                0x080073f4                _printf_i
 .text.memmove  0x08007630       0x34 /opt/st/stm32cubeide_1.19.0/plugins/com.st.stm32cube.ide.mcu.externaltools.gnu-tools-for-stm32.13.3.rel1.linux64_1.0.0.202410170706/tools/bin/../lib/gcc/arm-none-eabi/13.3.1/../../../../arm-none-eabi/lib/thumb/v7e-m+fp/hard/libc_nano.a(libc_a-memmove.o)
                0x08007630                memmove
 .text._sbrk_r  0x08007664       0x20 /opt/st/stm32cubeide_1.19.0/plugins/com.st.stm32cube.ide.mcu.externaltools.gnu-tools-for-stm32.13.3.rel1.linux64_1.0.0.202410170706/tools/bin/../lib/gcc/arm-none-eabi/13.3.1/../../../../arm-none-eabi/lib/thumb/v7e-m+fp/hard/libc_nano.a(libc_a-sbrkr.o)
                0x08007664                _sbrk_r
 .text.memcpy   0x08007684       0x1c /opt/st/stm32cubeide_1.19.0/plugins/com.st.stm32cube.ide.mcu.externaltools.gnu-tools-for-stm32.13.3.rel1.linux64_1.0.0.202410170706/tools/bin/../lib/gcc/arm-none-eabi/13.3.1/../../../../arm-none-eabi/lib/thumb/v7e-m+fp/hard/libc_nano.a(libc_a-memcpy-stub.o)
                0x08007684                memcpy
 .text._realloc_r
                0x080076a0       0x5c /opt/st/stm32cubeide_1.19.0/plugins/com.st.stm32cube.ide.mcu.externaltools.gnu-tools-for-stm32.13.3.rel1.linux64_1.0.0.202410170706/tools/bin/../lib/gcc/arm-none-eabi/13.3.1/../../../../arm-none-eabi/lib/thumb/v7e-m+fp/hard/libc_nano.a(libc_a-reallocr.o)
                0x080076a0                _realloc_r
 .text._malloc_usable_size_r
                0x080076fc       0x10 /opt/st/stm32cubeide_1.19.0/plugins/com.st.stm32cube.ide.mcu.externaltools.gnu-tools-for-stm32.13.3.rel1.linux64_1.0.0.202410170706/tools/bin/../lib/gcc/arm-none-eabi/13.3.1/../../../../arm-none-eabi/lib/thumb/v7e-m+fp/hard/libc_nano.a(libc_a-msizer.o)
                0x080076fc                _malloc_usable_size_r
 *fill*         0x0800770c        0x4 
 .text.tan      0x08007710       0x68 /opt/st/stm32cubeide_1.19.0/plugins/com.st.stm32cube.ide.mcu.externaltools.gnu-tools-for-stm32.13.3.rel1.linux64_1.0.0.202410170706/tools/bin/../lib/gcc/arm-none-eabi/13.3.1/../../../../arm-none-eabi/lib/thumb/v7e-m+fp/hard/libm.a(libm_a-s_tan.o)
                0x08007710                tan
 .text.__kernel_tan
                0x08007778      0x404 /opt/st/stm32cubeide_1.19.0/plugins/com.st.stm32cube.ide.mcu.externaltools.gnu-tools-for-stm32.13.3.rel1.linux64_1.0.0.202410170706/tools/bin/../lib/gcc/arm-none-eabi/13.3.1/../../../../arm-none-eabi/lib/thumb/v7e-m+fp/hard/libm.a(libm_a-k_tan.o)
                0x08007778                __kernel_tan
 *fill*         0x08007b7c        0x4 
 .text.__ieee754_rem_pio2
                0x08007b80      0x3f8 /opt/st/stm32cubeide_1.19.0/plugins/com.st.stm32cube.ide.mcu.externaltools.gnu-tools-for-stm32.13.3.rel1.linux64_1.0.0.202410170706/tools/bin/../lib/gcc/arm-none-eabi/13.3.1/../../../../arm-none-eabi/lib/thumb/v7e-m+fp/hard/libm.a(libm_a-e_rem_pio2.o)
                0x08007b80                __ieee754_rem_pio2
 .text.fabs     0x08007f78       0x10 /opt/st/stm32cubeide_1.19.0/plugins/com.st.stm32cube.ide.mcu.externaltools.gnu-tools-for-stm32.13.3.rel1.linux64_1.0.0.202410170706/tools/bin/../lib/gcc/arm-none-eabi/13.3.1/../../../../arm-none-eabi/lib/thumb/v7e-m+fp/hard/libm.a(libm_a-s_fabs.o)
                0x08007f78                fabs
 .text.__kernel_rem_pio2
                0x08007f88      0x6a0 /opt/st/stm32cubeide_1.19.0/plugins/com.st.stm32cube.ide.mcu.externaltools.gnu-tools-for-stm32.13.3.rel1.linux64_1.0.0.202410170706/tools/bin/../lib/gcc/arm-none-eabi/13.3.1/../../../../arm-none-eabi/lib/thumb/v7e-m+fp/hard/libm.a(libm_a-k_rem_pio2.o)
                0x08007f88                __kernel_rem_pio2
 .text.scalbn   0x08008628       0xf4 /opt/st/stm32cubeide_1.19.0/plugins/com.st.stm32cube.ide.mcu.externaltools.gnu-tools-for-stm32.13.3.rel1.linux64_1.0.0.202410170706/tools/bin/../lib/gcc/arm-none-eabi/13.3.1/../../../../arm-none-eabi/lib/thumb/v7e-m+fp/hard/libm.a(libm_a-s_scalbn.o)
                0x08008628                scalbn
 *fill*         0x0800871c        0x4 
 .text.floor    0x08008720       0xf8 /opt/st/stm32cubeide_1.19.0/plugins/com.st.stm32cube.ide.mcu.externaltools.gnu-tools-for-stm32.13.3.rel1.linux64_1.0.0.202410170706/tools/bin/../lib/gcc/arm-none-eabi/13.3.1/../../../../arm-none-eabi/lib/thumb/v7e-m+fp/hard/libm.a(libm_a-s_floor.o)
                0x08008720                floor
 *(.glue_7)
 .glue_7        0x08008818        0x0 linker stubs
 *(.glue_7t)
 .glue_7t       0x08008818        0x0 linker stubs
 *(.eh_frame)
 .eh_frame      0x08008818        0x0 /opt/st/stm32cubeide_1.19.0/plugins/com.st.stm32cube.ide.mcu.externaltools.gnu-tools-for-stm32.13.3.rel1.linux64_1.0.0.202410170706/tools/bin/../lib/gcc/arm-none-eabi/13.3.1/thumb/v7e-m+fp/hard/crtbegin.o
 *(.init)
 .init          0x08008818        0x4 /opt/st/stm32cubeide_1.19.0/plugins/com.st.stm32cube.ide.mcu.externaltools.gnu-tools-for-stm32.13.3.rel1.linux64_1.0.0.202410170706/tools/bin/../lib/gcc/arm-none-eabi/13.3.1/thumb/v7e-m+fp/hard/crti.o
                0x08008818                _init
 .init          0x0800881c        0x8 /opt/st/stm32cubeide_1.19.0/plugins/com.st.stm32cube.ide.mcu.externaltools.gnu-tools-for-stm32.13.3.rel1.linux64_1.0.0.202410170706/tools/bin/../lib/gcc/arm-none-eabi/13.3.1/thumb/v7e-m+fp/hard/crtn.o
 *(.fini)
 .fini          0x08008824        0x4 /opt/st/stm32cubeide_1.19.0/plugins/com.st.stm32cube.ide.mcu.externaltools.gnu-tools-for-stm32.13.3.rel1.linux64_1.0.0.202410170706/tools/bin/../lib/gcc/arm-none-eabi/13.3.1/thumb/v7e-m+fp/hard/crti.o
                0x08008824                _fini
 .fini          0x08008828        0x8 /opt/st/stm32cubeide_1.19.0/plugins/com.st.stm32cube.ide.mcu.externaltools.gnu-tools-for-stm32.13.3.rel1.linux64_1.0.0.202410170706/tools/bin/../lib/gcc/arm-none-eabi/13.3.1/thumb/v7e-m+fp/hard/crtn.o
                0x08008830                        . = ALIGN (0x4)
                0x08008830                        _etext = .

.vfp11_veneer   0x08008830        0x0
 .vfp11_veneer  0x08008830        0x0 linker stubs

.v4_bx          0x08008830        0x0
 .v4_bx         0x08008830        0x0 linker stubs

.iplt           0x08008830        0x0
 .iplt          0x08008830        0x0 /opt/st/stm32cubeide_1.19.0/plugins/com.st.stm32cube.ide.mcu.externaltools.gnu-tools-for-stm32.13.3.rel1.linux64_1.0.0.202410170706/tools/bin/../lib/gcc/arm-none-eabi/13.3.1/thumb/v7e-m+fp/hard/crtbegin.o

.rodata         0x08008830     0x1d08
                0x08008830                        . = ALIGN (0x4)
 *(.rodata)
 .rodata        0x08008830       0x2b ./Drivers/API/Src/API_Display.o
 *(.rodata*)
 *fill*         0x0800885b        0x1 
 .rodata.AHBPrescTable
                0x0800885c       0x10 ./Core/Src/system_stm32f4xx.o
                0x0800885c                AHBPrescTable
 .rodata.APBPrescTable
                0x0800886c        0x8 ./Core/Src/system_stm32f4xx.o
                0x0800886c                APBPrescTable
 .rodata.Font7x10
                0x08008874      0x76c ./Drivers/API/Src/fonts.o
                0x08008874                Font7x10
 .rodata.Font16x26
                0x08008fe0     0x134c ./Drivers/API/Src/fonts.o
                0x08008fe0                Font16x26
 .rodata._svfprintf_r.str1.1
                0x0800a32c       0x33 /opt/st/stm32cubeide_1.19.0/plugins/com.st.stm32cube.ide.mcu.externaltools.gnu-tools-for-stm32.13.3.rel1.linux64_1.0.0.202410170706/tools/bin/../lib/gcc/arm-none-eabi/13.3.1/../../../../arm-none-eabi/lib/thumb/v7e-m+fp/hard/libc_nano.a(libc_a-nano-svfprintf.o)
                                 0x11 (size before relaxing)
 .rodata._printf_i.str1.1
                0x0800a35f       0x22 /opt/st/stm32cubeide_1.19.0/plugins/com.st.stm32cube.ide.mcu.externaltools.gnu-tools-for-stm32.13.3.rel1.linux64_1.0.0.202410170706/tools/bin/../lib/gcc/arm-none-eabi/13.3.1/../../../../arm-none-eabi/lib/thumb/v7e-m+fp/hard/libc_nano.a(libc_a-nano-vfprintf_i.o)
 *fill*         0x0800a35f        0x1 
 .rodata.npio2_hw
                0x0800a360       0x80 /opt/st/stm32cubeide_1.19.0/plugins/com.st.stm32cube.ide.mcu.externaltools.gnu-tools-for-stm32.13.3.rel1.linux64_1.0.0.202410170706/tools/bin/../lib/gcc/arm-none-eabi/13.3.1/../../../../arm-none-eabi/lib/thumb/v7e-m+fp/hard/libm.a(libm_a-e_rem_pio2.o)
 .rodata.two_over_pi
                0x0800a3e0      0x108 /opt/st/stm32cubeide_1.19.0/plugins/com.st.stm32cube.ide.mcu.externaltools.gnu-tools-for-stm32.13.3.rel1.linux64_1.0.0.202410170706/tools/bin/../lib/gcc/arm-none-eabi/13.3.1/../../../../arm-none-eabi/lib/thumb/v7e-m+fp/hard/libm.a(libm_a-e_rem_pio2.o)
 .rodata.PIo2   0x0800a4e8       0x40 /opt/st/stm32cubeide_1.19.0/plugins/com.st.stm32cube.ide.mcu.externaltools.gnu-tools-for-stm32.13.3.rel1.linux64_1.0.0.202410170706/tools/bin/../lib/gcc/arm-none-eabi/13.3.1/../../../../arm-none-eabi/lib/thumb/v7e-m+fp/hard/libm.a(libm_a-k_rem_pio2.o)
 .rodata.init_jk
                0x0800a528       0x10 /opt/st/stm32cubeide_1.19.0/plugins/com.st.stm32cube.ide.mcu.externaltools.gnu-tools-for-stm32.13.3.rel1.linux64_1.0.0.202410170706/tools/bin/../lib/gcc/arm-none-eabi/13.3.1/../../../../arm-none-eabi/lib/thumb/v7e-m+fp/hard/libm.a(libm_a-k_rem_pio2.o)
                0x0800a538                        . = ALIGN (0x4)

.ARM.extab      0x0800a538        0x0
                0x0800a538                        . = ALIGN (0x4)
 *(.ARM.extab* .gnu.linkonce.armextab.*)
                0x0800a538                        . = ALIGN (0x4)

.ARM            0x0800a538        0x8
                0x0800a538                        . = ALIGN (0x4)
                0x0800a538                        __exidx_start = .
 *(.ARM.exidx*)
 .ARM.exidx     0x0800a538        0x8 /opt/st/stm32cubeide_1.19.0/plugins/com.st.stm32cube.ide.mcu.externaltools.gnu-tools-for-stm32.13.3.rel1.linux64_1.0.0.202410170706/tools/bin/../lib/gcc/arm-none-eabi/13.3.1/../../../../arm-none-eabi/lib/thumb/v7e-m+fp/hard/libc_nano.a(libc_a-memchr.o)
 .ARM.exidx     0x0800a540        0x0 /opt/st/stm32cubeide_1.19.0/plugins/com.st.stm32cube.ide.mcu.externaltools.gnu-tools-for-stm32.13.3.rel1.linux64_1.0.0.202410170706/tools/bin/../lib/gcc/arm-none-eabi/13.3.1/thumb/v7e-m+fp/hard/libgcc.a(_udivmoddi4.o)
                                  0x8 (size before relaxing)
                0x0800a540                        __exidx_end = .
                0x0800a540                        . = ALIGN (0x4)

.preinit_array  0x0800a540        0x0
                0x0800a540                        . = ALIGN (0x4)
                0x0800a540                        PROVIDE (__preinit_array_start = .)
 *(.preinit_array*)
                0x0800a540                        PROVIDE (__preinit_array_end = .)
                0x0800a540                        . = ALIGN (0x4)

.init_array     0x0800a540        0x4
                0x0800a540                        . = ALIGN (0x4)
                0x0800a540                        PROVIDE (__init_array_start = .)
 *(SORT_BY_NAME(.init_array.*))
 *(.init_array*)
 .init_array    0x0800a540        0x4 /opt/st/stm32cubeide_1.19.0/plugins/com.st.stm32cube.ide.mcu.externaltools.gnu-tools-for-stm32.13.3.rel1.linux64_1.0.0.202410170706/tools/bin/../lib/gcc/arm-none-eabi/13.3.1/thumb/v7e-m+fp/hard/crtbegin.o
                0x0800a544                        PROVIDE (__init_array_end = .)
                0x0800a544                        . = ALIGN (0x4)

.fini_array     0x0800a544        0x4
                0x0800a544                        . = ALIGN (0x4)
                [!provide]                        PROVIDE (__fini_array_start = .)
 *(SORT_BY_NAME(.fini_array.*))
 *(.fini_array*)
 .fini_array    0x0800a544        0x4 /opt/st/stm32cubeide_1.19.0/plugins/com.st.stm32cube.ide.mcu.externaltools.gnu-tools-for-stm32.13.3.rel1.linux64_1.0.0.202410170706/tools/bin/../lib/gcc/arm-none-eabi/13.3.1/thumb/v7e-m+fp/hard/crtbegin.o
                [!provide]                        PROVIDE (__fini_array_end = .)
                0x0800a548                        . = ALIGN (0x4)
                0x0800a548                        _sidata = LOADADDR (.data)

.rel.dyn        0x0800a548        0x0
 .rel.iplt      0x0800a548        0x0 /opt/st/stm32cubeide_1.19.0/plugins/com.st.stm32cube.ide.mcu.externaltools.gnu-tools-for-stm32.13.3.rel1.linux64_1.0.0.202410170706/tools/bin/../lib/gcc/arm-none-eabi/13.3.1/thumb/v7e-m+fp/hard/crtbegin.o

.data           0x20000000       0x6c load address 0x0800a548
                0x20000000                        . = ALIGN (0x4)
                0x20000000                        _sdata = .
 *(.data)
 *(.data*)
 .data.SystemCoreClock
                0x20000000        0x4 ./Core/Src/system_stm32f4xx.o
                0x20000000                SystemCoreClock
 .data.Font_7x10
                0x20000004        0x8 ./Drivers/API/Src/fonts.o
                0x20000004                Font_7x10
 .data.Font_16x26
                0x2000000c        0x8 ./Drivers/API/Src/fonts.o
                0x2000000c                Font_16x26
 .data.uwTickPrio
                0x20000014        0x4 ./Drivers/STM32F4xx_HAL_Driver/Src/stm32f4xx_hal.o
                0x20000014                uwTickPrio
 .data.uwTickFreq
                0x20000018        0x1 ./Drivers/STM32F4xx_HAL_Driver/Src/stm32f4xx_hal.o
                0x20000018                uwTickFreq
 *fill*         0x20000019        0x3 
 .data._impure_ptr
                0x2000001c        0x4 /opt/st/stm32cubeide_1.19.0/plugins/com.st.stm32cube.ide.mcu.externaltools.gnu-tools-for-stm32.13.3.rel1.linux64_1.0.0.202410170706/tools/bin/../lib/gcc/arm-none-eabi/13.3.1/../../../../arm-none-eabi/lib/thumb/v7e-m+fp/hard/libc_nano.a(libc_a-impure.o)
                0x2000001c                _impure_ptr
 .data._impure_data
                0x20000020       0x4c /opt/st/stm32cubeide_1.19.0/plugins/com.st.stm32cube.ide.mcu.externaltools.gnu-tools-for-stm32.13.3.rel1.linux64_1.0.0.202410170706/tools/bin/../lib/gcc/arm-none-eabi/13.3.1/../../../../arm-none-eabi/lib/thumb/v7e-m+fp/hard/libc_nano.a(libc_a-impure.o)
                0x20000020                _impure_data
 *(.RamFunc)
 *(.RamFunc*)
                0x2000006c                        . = ALIGN (0x4)
                0x2000006c                        _edata = .

.igot.plt       0x2000006c        0x0 load address 0x0800a5b4
 .igot.plt      0x2000006c        0x0 /opt/st/stm32cubeide_1.19.0/plugins/com.st.stm32cube.ide.mcu.externaltools.gnu-tools-for-stm32.13.3.rel1.linux64_1.0.0.202410170706/tools/bin/../lib/gcc/arm-none-eabi/13.3.1/thumb/v7e-m+fp/hard/crtbegin.o
                0x2000006c                        . = ALIGN (0x4)

.bss            0x2000006c      0x6cc load address 0x0800a5b4
                0x2000006c                        _sbss = .
                0x2000006c                        __bss_start__ = _sbss
 *(.bss)
 .bss           0x2000006c       0x1c /opt/st/stm32cubeide_1.19.0/plugins/com.st.stm32cube.ide.mcu.externaltools.gnu-tools-for-stm32.13.3.rel1.linux64_1.0.0.202410170706/tools/bin/../lib/gcc/arm-none-eabi/13.3.1/thumb/v7e-m+fp/hard/crtbegin.o
 *(.bss*)
 .bss.hadc1     0x20000088       0x48 ./Core/Src/main.o
                0x20000088                hadc1
 .bss.hi2c1     0x200000d0       0x54 ./Core/Src/main.o
                0x200000d0                hi2c1
 .bss.htim3     0x20000124       0x48 ./Core/Src/main.o
                0x20000124                htim3
 .bss.huart4    0x2000016c       0x48 ./Core/Src/main.o
                0x2000016c                huart4
 .bss.delay_mech
                0x200001b4        0xc ./Core/Src/main.o
                0x200001b4                delay_mech
 .bss.ADC_data  0x200001c0        0x8 ./Core/Src/main.o
                0x200001c0                ADC_data
 .bss.rxByte    0x200001c8        0x1 ./Core/Src/main.o
                0x200001c8                rxByte
 *fill*         0x200001c9        0x3 
 .bss.__sbrk_heap_end
                0x200001cc        0x4 ./Core/Src/sysmem.o
 .bss.screen    0x200001d0        0x1 ./Drivers/API/Src/API_Display.o
                0x200001d0                screen
 .bss.state     0x200001d1        0x1 ./Drivers/API/Src/API_debounce.o
                0x200001d1                state
 *fill*         0x200001d2        0x2 
 .bss.NB_delay  0x200001d4        0xc ./Drivers/API/Src/API_debounce.o
                0x200001d4                NB_delay
 .bss.no_rebound_state
                0x200001e0        0x1 ./Drivers/API/Src/API_debounce.o
                0x200001e0                no_rebound_state
 *fill*         0x200001e1        0x3 
 .bss.SSD1306_Buffer
                0x200001e4      0x400 ./Drivers/API/Src/ssd1306.o
 .bss.SSD1306   0x200005e4        0x6 ./Drivers/API/Src/ssd1306.o
 *fill*         0x200005ea        0x2 
 .bss.uwTick    0x200005ec        0x4 ./Drivers/STM32F4xx_HAL_Driver/Src/stm32f4xx_hal.o
                0x200005ec                uwTick
 .bss.__sf      0x200005f0      0x138 /opt/st/stm32cubeide_1.19.0/plugins/com.st.stm32cube.ide.mcu.externaltools.gnu-tools-for-stm32.13.3.rel1.linux64_1.0.0.202410170706/tools/bin/../lib/gcc/arm-none-eabi/13.3.1/../../../../arm-none-eabi/lib/thumb/v7e-m+fp/hard/libc_nano.a(libc_a-findfp.o)
                0x200005f0                __sf
 .bss.errno     0x20000728        0x4 /opt/st/stm32cubeide_1.19.0/plugins/com.st.stm32cube.ide.mcu.externaltools.gnu-tools-for-stm32.13.3.rel1.linux64_1.0.0.202410170706/tools/bin/../lib/gcc/arm-none-eabi/13.3.1/../../../../arm-none-eabi/lib/thumb/v7e-m+fp/hard/libc_nano.a(libc_a-reent.o)
                0x20000728                errno
 .bss.__lock___malloc_recursive_mutex
                0x2000072c        0x1 /opt/st/stm32cubeide_1.19.0/plugins/com.st.stm32cube.ide.mcu.externaltools.gnu-tools-for-stm32.13.3.rel1.linux64_1.0.0.202410170706/tools/bin/../lib/gcc/arm-none-eabi/13.3.1/../../../../arm-none-eabi/lib/thumb/v7e-m+fp/hard/libc_nano.a(libc_a-lock.o)
                0x2000072c                __lock___malloc_recursive_mutex
 *fill*         0x2000072d        0x3 
 .bss.__malloc_sbrk_start
                0x20000730        0x4 /opt/st/stm32cubeide_1.19.0/plugins/com.st.stm32cube.ide.mcu.externaltools.gnu-tools-for-stm32.13.3.rel1.linux64_1.0.0.202410170706/tools/bin/../lib/gcc/arm-none-eabi/13.3.1/../../../../arm-none-eabi/lib/thumb/v7e-m+fp/hard/libc_nano.a(libc_a-mallocr.o)
                0x20000730                __malloc_sbrk_start
 .bss.__malloc_free_list
                0x20000734        0x4 /opt/st/stm32cubeide_1.19.0/plugins/com.st.stm32cube.ide.mcu.externaltools.gnu-tools-for-stm32.13.3.rel1.linux64_1.0.0.202410170706/tools/bin/../lib/gcc/arm-none-eabi/13.3.1/../../../../arm-none-eabi/lib/thumb/v7e-m+fp/hard/libc_nano.a(libc_a-mallocr.o)
                0x20000734                __malloc_free_list
 *(COMMON)
                0x20000738                        . = ALIGN (0x4)
                0x20000738                        _ebss = .
                0x20000738                        __bss_end__ = _ebss

._user_heap_stack
                0x20000738      0x600 load address 0x0800a5b4
                0x20000738                        . = ALIGN (0x8)
                [!provide]                        PROVIDE (end = .)
                0x20000738                        PROVIDE (_end = .)
                0x20000938                        . = (. + _Min_Heap_Size)
 *fill*         0x20000738      0x200 
                0x20000d38                        . = (. + _Min_Stack_Size)
 *fill*         0x20000938      0x400 
                0x20000d38                        . = ALIGN (0x8)

/DISCARD/
 libc.a(*)
 libm.a(*)
 libgcc.a(*)

.ARM.attributes
                0x00000000       0x30
 *(.ARM.attributes)
 .ARM.attributes
                0x00000000       0x22 /opt/st/stm32cubeide_1.19.0/plugins/com.st.stm32cube.ide.mcu.externaltools.gnu-tools-for-stm32.13.3.rel1.linux64_1.0.0.202410170706/tools/bin/../lib/gcc/arm-none-eabi/13.3.1/thumb/v7e-m+fp/hard/crti.o
 .ARM.attributes
                0x00000022       0x34 /opt/st/stm32cubeide_1.19.0/plugins/com.st.stm32cube.ide.mcu.externaltools.gnu-tools-for-stm32.13.3.rel1.linux64_1.0.0.202410170706/tools/bin/../lib/gcc/arm-none-eabi/13.3.1/thumb/v7e-m+fp/hard/crtbegin.o
 .ARM.attributes
                0x00000056       0x34 ./Core/Src/main.o
 .ARM.attributes
                0x0000008a       0x34 ./Core/Src/stm32f4xx_hal_msp.o
 .ARM.attributes
                0x000000be       0x34 ./Core/Src/stm32f4xx_it.o
 .ARM.attributes
                0x000000f2       0x34 ./Core/Src/sysmem.o
 .ARM.attributes
                0x00000126       0x34 ./Core/Src/system_stm32f4xx.o
 .ARM.attributes
                0x0000015a       0x21 ./Core/Startup/startup_stm32f446retx.o
 .ARM.attributes
                0x0000017b       0x34 ./Drivers/API/Src/API_ADC_port.o
 .ARM.attributes
                0x000001af       0x34 ./Drivers/API/Src/API_Display.o
 .ARM.attributes
                0x000001e3       0x34 ./Drivers/API/Src/API_Servo.o
 .ARM.attributes
                0x00000217       0x34 ./Drivers/API/Src/API_Servo_port.o
 .ARM.attributes
                0x0000024b       0x34 ./Drivers/API/Src/API_UART_port.o
 .ARM.attributes
                0x0000027f       0x34 ./Drivers/API/Src/API_debounce.o
 .ARM.attributes
                0x000002b3       0x34 ./Drivers/API/Src/API_debounce_port.o
 .ARM.attributes
                0x000002e7       0x34 ./Drivers/API/Src/API_delay.o
 .ARM.attributes
                0x0000031b       0x34 ./Drivers/API/Src/API_delay_port.o
 .ARM.attributes
                0x0000034f       0x34 ./Drivers/API/Src/fonts.o
 .ARM.attributes
                0x00000383       0x34 ./Drivers/API/Src/ssd1306.o
 .ARM.attributes
                0x000003b7       0x34 ./Drivers/STM32F4xx_HAL_Driver/Src/stm32f4xx_hal.o
 .ARM.attributes
                0x000003eb       0x34 ./Drivers/STM32F4xx_HAL_Driver/Src/stm32f4xx_hal_adc.o
 .ARM.attributes
                0x0000041f       0x34 ./Drivers/STM32F4xx_HAL_Driver/Src/stm32f4xx_hal_adc_ex.o
 .ARM.attributes
                0x00000453       0x34 ./Drivers/STM32F4xx_HAL_Driver/Src/stm32f4xx_hal_cortex.o
 .ARM.attributes
                0x00000487       0x34 ./Drivers/STM32F4xx_HAL_Driver/Src/stm32f4xx_hal_dma.o
 .ARM.attributes
                0x000004bb       0x34 ./Drivers/STM32F4xx_HAL_Driver/Src/stm32f4xx_hal_gpio.o
 .ARM.attributes
                0x000004ef       0x34 ./Drivers/STM32F4xx_HAL_Driver/Src/stm32f4xx_hal_i2c.o
 .ARM.attributes
                0x00000523       0x34 ./Drivers/STM32F4xx_HAL_Driver/Src/stm32f4xx_hal_rcc.o
 .ARM.attributes
                0x00000557       0x34 ./Drivers/STM32F4xx_HAL_Driver/Src/stm32f4xx_hal_rcc_ex.o
 .ARM.attributes
                0x0000058b       0x34 ./Drivers/STM32F4xx_HAL_Driver/Src/stm32f4xx_hal_tim.o
 .ARM.attributes
                0x000005bf       0x34 ./Drivers/STM32F4xx_HAL_Driver/Src/stm32f4xx_hal_tim_ex.o
 .ARM.attributes
                0x000005f3       0x34 ./Drivers/STM32F4xx_HAL_Driver/Src/stm32f4xx_hal_uart.o
 .ARM.attributes
                0x00000627       0x34 /opt/st/stm32cubeide_1.19.0/plugins/com.st.stm32cube.ide.mcu.externaltools.gnu-tools-for-stm32.13.3.rel1.linux64_1.0.0.202410170706/tools/bin/../lib/gcc/arm-none-eabi/13.3.1/../../../../arm-none-eabi/lib/thumb/v7e-m+fp/hard/libc_nano.a(libc_a-findfp.o)
 .ARM.attributes
                0x0000065b       0x34 /opt/st/stm32cubeide_1.19.0/plugins/com.st.stm32cube.ide.mcu.externaltools.gnu-tools-for-stm32.13.3.rel1.linux64_1.0.0.202410170706/tools/bin/../lib/gcc/arm-none-eabi/13.3.1/../../../../arm-none-eabi/lib/thumb/v7e-m+fp/hard/libc_nano.a(libc_a-sprintf.o)
 .ARM.attributes
                0x0000068f       0x34 /opt/st/stm32cubeide_1.19.0/plugins/com.st.stm32cube.ide.mcu.externaltools.gnu-tools-for-stm32.13.3.rel1.linux64_1.0.0.202410170706/tools/bin/../lib/gcc/arm-none-eabi/13.3.1/../../../../arm-none-eabi/lib/thumb/v7e-m+fp/hard/libc_nano.a(libc_a-memset.o)
 .ARM.attributes
                0x000006c3       0x34 /opt/st/stm32cubeide_1.19.0/plugins/com.st.stm32cube.ide.mcu.externaltools.gnu-tools-for-stm32.13.3.rel1.linux64_1.0.0.202410170706/tools/bin/../lib/gcc/arm-none-eabi/13.3.1/../../../../arm-none-eabi/lib/thumb/v7e-m+fp/hard/libc_nano.a(libc_a-reent.o)
 .ARM.attributes
                0x000006f7       0x34 /opt/st/stm32cubeide_1.19.0/plugins/com.st.stm32cube.ide.mcu.externaltools.gnu-tools-for-stm32.13.3.rel1.linux64_1.0.0.202410170706/tools/bin/../lib/gcc/arm-none-eabi/13.3.1/../../../../arm-none-eabi/lib/thumb/v7e-m+fp/hard/libc_nano.a(libc_a-impure.o)
 .ARM.attributes
                0x0000072b       0x34 /opt/st/stm32cubeide_1.19.0/plugins/com.st.stm32cube.ide.mcu.externaltools.gnu-tools-for-stm32.13.3.rel1.linux64_1.0.0.202410170706/tools/bin/../lib/gcc/arm-none-eabi/13.3.1/../../../../arm-none-eabi/lib/thumb/v7e-m+fp/hard/libc_nano.a(libc_a-errno.o)
 .ARM.attributes
                0x0000075f       0x34 /opt/st/stm32cubeide_1.19.0/plugins/com.st.stm32cube.ide.mcu.externaltools.gnu-tools-for-stm32.13.3.rel1.linux64_1.0.0.202410170706/tools/bin/../lib/gcc/arm-none-eabi/13.3.1/../../../../arm-none-eabi/lib/thumb/v7e-m+fp/hard/libc_nano.a(libc_a-init.o)
 .ARM.attributes
                0x00000793       0x34 /opt/st/stm32cubeide_1.19.0/plugins/com.st.stm32cube.ide.mcu.externaltools.gnu-tools-for-stm32.13.3.rel1.linux64_1.0.0.202410170706/tools/bin/../lib/gcc/arm-none-eabi/13.3.1/../../../../arm-none-eabi/lib/thumb/v7e-m+fp/hard/libc_nano.a(libc_a-lock.o)
 .ARM.attributes
                0x000007c7       0x34 /opt/st/stm32cubeide_1.19.0/plugins/com.st.stm32cube.ide.mcu.externaltools.gnu-tools-for-stm32.13.3.rel1.linux64_1.0.0.202410170706/tools/bin/../lib/gcc/arm-none-eabi/13.3.1/../../../../arm-none-eabi/lib/thumb/v7e-m+fp/hard/libc_nano.a(libc_a-freer.o)
 .ARM.attributes
                0x000007fb       0x34 /opt/st/stm32cubeide_1.19.0/plugins/com.st.stm32cube.ide.mcu.externaltools.gnu-tools-for-stm32.13.3.rel1.linux64_1.0.0.202410170706/tools/bin/../lib/gcc/arm-none-eabi/13.3.1/../../../../arm-none-eabi/lib/thumb/v7e-m+fp/hard/libc_nano.a(libc_a-mallocr.o)
 .ARM.attributes
                0x0000082f       0x34 /opt/st/stm32cubeide_1.19.0/plugins/com.st.stm32cube.ide.mcu.externaltools.gnu-tools-for-stm32.13.3.rel1.linux64_1.0.0.202410170706/tools/bin/../lib/gcc/arm-none-eabi/13.3.1/../../../../arm-none-eabi/lib/thumb/v7e-m+fp/hard/libc_nano.a(libc_a-mlock.o)
 .ARM.attributes
                0x00000863       0x34 /opt/st/stm32cubeide_1.19.0/plugins/com.st.stm32cube.ide.mcu.externaltools.gnu-tools-for-stm32.13.3.rel1.linux64_1.0.0.202410170706/tools/bin/../lib/gcc/arm-none-eabi/13.3.1/../../../../arm-none-eabi/lib/thumb/v7e-m+fp/hard/libc_nano.a(libc_a-nano-svfprintf.o)
 .ARM.attributes
                0x00000897       0x34 /opt/st/stm32cubeide_1.19.0/plugins/com.st.stm32cube.ide.mcu.externaltools.gnu-tools-for-stm32.13.3.rel1.linux64_1.0.0.202410170706/tools/bin/../lib/gcc/arm-none-eabi/13.3.1/../../../../arm-none-eabi/lib/thumb/v7e-m+fp/hard/libc_nano.a(libc_a-nano-vfprintf_i.o)
 .ARM.attributes
                0x000008cb       0x34 /opt/st/stm32cubeide_1.19.0/plugins/com.st.stm32cube.ide.mcu.externaltools.gnu-tools-for-stm32.13.3.rel1.linux64_1.0.0.202410170706/tools/bin/../lib/gcc/arm-none-eabi/13.3.1/../../../../arm-none-eabi/lib/thumb/v7e-m+fp/hard/libc_nano.a(libc_a-memmove.o)
 .ARM.attributes
                0x000008ff       0x34 /opt/st/stm32cubeide_1.19.0/plugins/com.st.stm32cube.ide.mcu.externaltools.gnu-tools-for-stm32.13.3.rel1.linux64_1.0.0.202410170706/tools/bin/../lib/gcc/arm-none-eabi/13.3.1/../../../../arm-none-eabi/lib/thumb/v7e-m+fp/hard/libc_nano.a(libc_a-sbrkr.o)
 .ARM.attributes
                0x00000933       0x1c /opt/st/stm32cubeide_1.19.0/plugins/com.st.stm32cube.ide.mcu.externaltools.gnu-tools-for-stm32.13.3.rel1.linux64_1.0.0.202410170706/tools/bin/../lib/gcc/arm-none-eabi/13.3.1/../../../../arm-none-eabi/lib/thumb/v7e-m+fp/hard/libc_nano.a(libc_a-memchr.o)
 .ARM.attributes
                0x0000094f       0x34 /opt/st/stm32cubeide_1.19.0/plugins/com.st.stm32cube.ide.mcu.externaltools.gnu-tools-for-stm32.13.3.rel1.linux64_1.0.0.202410170706/tools/bin/../lib/gcc/arm-none-eabi/13.3.1/../../../../arm-none-eabi/lib/thumb/v7e-m+fp/hard/libc_nano.a(libc_a-memcpy-stub.o)
 .ARM.attributes
                0x00000983       0x34 /opt/st/stm32cubeide_1.19.0/plugins/com.st.stm32cube.ide.mcu.externaltools.gnu-tools-for-stm32.13.3.rel1.linux64_1.0.0.202410170706/tools/bin/../lib/gcc/arm-none-eabi/13.3.1/../../../../arm-none-eabi/lib/thumb/v7e-m+fp/hard/libc_nano.a(libc_a-reallocr.o)
 .ARM.attributes
                0x000009b7       0x34 /opt/st/stm32cubeide_1.19.0/plugins/com.st.stm32cube.ide.mcu.externaltools.gnu-tools-for-stm32.13.3.rel1.linux64_1.0.0.202410170706/tools/bin/../lib/gcc/arm-none-eabi/13.3.1/../../../../arm-none-eabi/lib/thumb/v7e-m+fp/hard/libc_nano.a(libc_a-msizer.o)
 .ARM.attributes
                0x000009eb       0x34 /opt/st/stm32cubeide_1.19.0/plugins/com.st.stm32cube.ide.mcu.externaltools.gnu-tools-for-stm32.13.3.rel1.linux64_1.0.0.202410170706/tools/bin/../lib/gcc/arm-none-eabi/13.3.1/../../../../arm-none-eabi/lib/thumb/v7e-m+fp/hard/libm.a(libm_a-s_tan.o)
 .ARM.attributes
                0x00000a1f       0x34 /opt/st/stm32cubeide_1.19.0/plugins/com.st.stm32cube.ide.mcu.externaltools.gnu-tools-for-stm32.13.3.rel1.linux64_1.0.0.202410170706/tools/bin/../lib/gcc/arm-none-eabi/13.3.1/../../../../arm-none-eabi/lib/thumb/v7e-m+fp/hard/libm.a(libm_a-k_tan.o)
 .ARM.attributes
                0x00000a53       0x34 /opt/st/stm32cubeide_1.19.0/plugins/com.st.stm32cube.ide.mcu.externaltools.gnu-tools-for-stm32.13.3.rel1.linux64_1.0.0.202410170706/tools/bin/../lib/gcc/arm-none-eabi/13.3.1/../../../../arm-none-eabi/lib/thumb/v7e-m+fp/hard/libm.a(libm_a-e_rem_pio2.o)
 .ARM.attributes
                0x00000a87       0x34 /opt/st/stm32cubeide_1.19.0/plugins/com.st.stm32cube.ide.mcu.externaltools.gnu-tools-for-stm32.13.3.rel1.linux64_1.0.0.202410170706/tools/bin/../lib/gcc/arm-none-eabi/13.3.1/../../../../arm-none-eabi/lib/thumb/v7e-m+fp/hard/libm.a(libm_a-s_fabs.o)
 .ARM.attributes
                0x00000abb       0x34 /opt/st/stm32cubeide_1.19.0/plugins/com.st.stm32cube.ide.mcu.externaltools.gnu-tools-for-stm32.13.3.rel1.linux64_1.0.0.202410170706/tools/bin/../lib/gcc/arm-none-eabi/13.3.1/../../../../arm-none-eabi/lib/thumb/v7e-m+fp/hard/libm.a(libm_a-k_rem_pio2.o)
 .ARM.attributes
                0x00000aef       0x34 /opt/st/stm32cubeide_1.19.0/plugins/com.st.stm32cube.ide.mcu.externaltools.gnu-tools-for-stm32.13.3.rel1.linux64_1.0.0.202410170706/tools/bin/../lib/gcc/arm-none-eabi/13.3.1/../../../../arm-none-eabi/lib/thumb/v7e-m+fp/hard/libm.a(libm_a-s_scalbn.o)
 .ARM.attributes
                0x00000b23       0x34 /opt/st/stm32cubeide_1.19.0/plugins/com.st.stm32cube.ide.mcu.externaltools.gnu-tools-for-stm32.13.3.rel1.linux64_1.0.0.202410170706/tools/bin/../lib/gcc/arm-none-eabi/13.3.1/../../../../arm-none-eabi/lib/thumb/v7e-m+fp/hard/libm.a(libm_a-s_floor.o)
 .ARM.attributes
                0x00000b57       0x22 /opt/st/stm32cubeide_1.19.0/plugins/com.st.stm32cube.ide.mcu.externaltools.gnu-tools-for-stm32.13.3.rel1.linux64_1.0.0.202410170706/tools/bin/../lib/gcc/arm-none-eabi/13.3.1/thumb/v7e-m+fp/hard/libgcc.a(_arm_addsubdf3.o)
 .ARM.attributes
                0x00000b79       0x22 /opt/st/stm32cubeide_1.19.0/plugins/com.st.stm32cube.ide.mcu.externaltools.gnu-tools-for-stm32.13.3.rel1.linux64_1.0.0.202410170706/tools/bin/../lib/gcc/arm-none-eabi/13.3.1/thumb/v7e-m+fp/hard/libgcc.a(_arm_muldivdf3.o)
 .ARM.attributes
                0x00000b9b       0x22 /opt/st/stm32cubeide_1.19.0/plugins/com.st.stm32cube.ide.mcu.externaltools.gnu-tools-for-stm32.13.3.rel1.linux64_1.0.0.202410170706/tools/bin/../lib/gcc/arm-none-eabi/13.3.1/thumb/v7e-m+fp/hard/libgcc.a(_arm_cmpdf2.o)
 .ARM.attributes
                0x00000bbd       0x22 /opt/st/stm32cubeide_1.19.0/plugins/com.st.stm32cube.ide.mcu.externaltools.gnu-tools-for-stm32.13.3.rel1.linux64_1.0.0.202410170706/tools/bin/../lib/gcc/arm-none-eabi/13.3.1/thumb/v7e-m+fp/hard/libgcc.a(_arm_fixdfsi.o)
 .ARM.attributes
                0x00000bdf       0x22 /opt/st/stm32cubeide_1.19.0/plugins/com.st.stm32cube.ide.mcu.externaltools.gnu-tools-for-stm32.13.3.rel1.linux64_1.0.0.202410170706/tools/bin/../lib/gcc/arm-none-eabi/13.3.1/thumb/v7e-m+fp/hard/libgcc.a(_arm_fixunsdfsi.o)
 .ARM.attributes
                0x00000c01       0x22 /opt/st/stm32cubeide_1.19.0/plugins/com.st.stm32cube.ide.mcu.externaltools.gnu-tools-for-stm32.13.3.rel1.linux64_1.0.0.202410170706/tools/bin/../lib/gcc/arm-none-eabi/13.3.1/thumb/v7e-m+fp/hard/libgcc.a(_aeabi_uldivmod.o)
 .ARM.attributes
                0x00000c23       0x34 /opt/st/stm32cubeide_1.19.0/plugins/com.st.stm32cube.ide.mcu.externaltools.gnu-tools-for-stm32.13.3.rel1.linux64_1.0.0.202410170706/tools/bin/../lib/gcc/arm-none-eabi/13.3.1/thumb/v7e-m+fp/hard/libgcc.a(_udivmoddi4.o)
 .ARM.attributes
                0x00000c57       0x22 /opt/st/stm32cubeide_1.19.0/plugins/com.st.stm32cube.ide.mcu.externaltools.gnu-tools-for-stm32.13.3.rel1.linux64_1.0.0.202410170706/tools/bin/../lib/gcc/arm-none-eabi/13.3.1/thumb/v7e-m+fp/hard/libgcc.a(_dvmd_tls.o)
 .ARM.attributes
                0x00000c79       0x22 /opt/st/stm32cubeide_1.19.0/plugins/com.st.stm32cube.ide.mcu.externaltools.gnu-tools-for-stm32.13.3.rel1.linux64_1.0.0.202410170706/tools/bin/../lib/gcc/arm-none-eabi/13.3.1/thumb/v7e-m+fp/hard/crtn.o
OUTPUT(Trabajo_final_PdM.elf elf32-littlearm)
LOAD linker stubs
LOAD /opt/st/stm32cubeide_1.19.0/plugins/com.st.stm32cube.ide.mcu.externaltools.gnu-tools-for-stm32.13.3.rel1.linux64_1.0.0.202410170706/tools/bin/../lib/gcc/arm-none-eabi/13.3.1/../../../../arm-none-eabi/lib/thumb/v7e-m+fp/hard/libc.a
LOAD /opt/st/stm32cubeide_1.19.0/plugins/com.st.stm32cube.ide.mcu.externaltools.gnu-tools-for-stm32.13.3.rel1.linux64_1.0.0.202410170706/tools/bin/../lib/gcc/arm-none-eabi/13.3.1/../../../../arm-none-eabi/lib/thumb/v7e-m+fp/hard/libm.a
LOAD /opt/st/stm32cubeide_1.19.0/plugins/com.st.stm32cube.ide.mcu.externaltools.gnu-tools-for-stm32.13.3.rel1.linux64_1.0.0.202410170706/tools/bin/../lib/gcc/arm-none-eabi/13.3.1/thumb/v7e-m+fp/hard/libgcc.a

.debug_info     0x00000000    0x154d2
 .debug_info    0x00000000     0x1aad ./Core/Src/main.o
 .debug_info    0x00001aad     0x1617 ./Core/Src/stm32f4xx_hal_msp.o
 .debug_info    0x000030c4      0x8cc ./Core/Src/stm32f4xx_it.o
 .debug_info    0x00003990      0x168 ./Core/Src/sysmem.o
 .debug_info    0x00003af8      0x54a ./Core/Src/system_stm32f4xx.o
 .debug_info    0x00004042       0x30 ./Core/Startup/startup_stm32f446retx.o
 .debug_info    0x00004072      0x624 ./Drivers/API/Src/API_ADC_port.o
 .debug_info    0x00004696      0x306 ./Drivers/API/Src/API_Display.o
 .debug_info    0x0000499c       0xdd ./Drivers/API/Src/API_Servo.o
 .debug_info    0x00004a79      0x6a6 ./Drivers/API/Src/API_Servo_port.o
 .debug_info    0x0000511f      0x63b ./Drivers/API/Src/API_UART_port.o
 .debug_info    0x0000575a      0x22e ./Drivers/API/Src/API_debounce.o
 .debug_info    0x00005988      0x1a4 ./Drivers/API/Src/API_debounce_port.o
 .debug_info    0x00005b2c      0x21e ./Drivers/API/Src/API_delay.o
 .debug_info    0x00005d4a       0xea ./Drivers/API/Src/API_delay_port.o
 .debug_info    0x00005e34      0x255 ./Drivers/API/Src/fonts.o
 .debug_info    0x00006089     0x1081 ./Drivers/API/Src/ssd1306.o
 .debug_info    0x0000710a      0x99a ./Drivers/STM32F4xx_HAL_Driver/Src/stm32f4xx_hal.o
 .debug_info    0x00007aa4      0xce3 ./Drivers/STM32F4xx_HAL_Driver/Src/stm32f4xx_hal_adc.o
 .debug_info    0x00008787      0xb68 ./Drivers/STM32F4xx_HAL_Driver/Src/stm32f4xx_hal_adc_ex.o
 .debug_info    0x000092ef      0xdaa ./Drivers/STM32F4xx_HAL_Driver/Src/stm32f4xx_hal_cortex.o
 .debug_info    0x0000a099      0x8e7 ./Drivers/STM32F4xx_HAL_Driver/Src/stm32f4xx_hal_dma.o
 .debug_info    0x0000a980      0x70b ./Drivers/STM32F4xx_HAL_Driver/Src/stm32f4xx_hal_gpio.o
 .debug_info    0x0000b08b     0x2421 ./Drivers/STM32F4xx_HAL_Driver/Src/stm32f4xx_hal_i2c.o
 .debug_info    0x0000d4ac      0x8ff ./Drivers/STM32F4xx_HAL_Driver/Src/stm32f4xx_hal_rcc.o
 .debug_info    0x0000ddab      0x960 ./Drivers/STM32F4xx_HAL_Driver/Src/stm32f4xx_hal_rcc_ex.o
 .debug_info    0x0000e70b     0x299d ./Drivers/STM32F4xx_HAL_Driver/Src/stm32f4xx_hal_tim.o
 .debug_info    0x000110a8     0x14db ./Drivers/STM32F4xx_HAL_Driver/Src/stm32f4xx_hal_tim_ex.o
 .debug_info    0x00012583     0x2f4f ./Drivers/STM32F4xx_HAL_Driver/Src/stm32f4xx_hal_uart.o

.debug_abbrev   0x00000000     0x366c
 .debug_abbrev  0x00000000      0x38f ./Core/Src/main.o
 .debug_abbrev  0x0000038f      0x255 ./Core/Src/stm32f4xx_hal_msp.o
 .debug_abbrev  0x000005e4      0x18a ./Core/Src/stm32f4xx_it.o
 .debug_abbrev  0x0000076e       0xbc ./Core/Src/sysmem.o
 .debug_abbrev  0x0000082a      0x11a ./Core/Src/system_stm32f4xx.o
 .debug_abbrev  0x00000944       0x24 ./Core/Startup/startup_stm32f446retx.o
 .debug_abbrev  0x00000968      0x17f ./Drivers/API/Src/API_ADC_port.o
 .debug_abbrev  0x00000ae7      0x1d6 ./Drivers/API/Src/API_Display.o
 .debug_abbrev  0x00000cbd       0xb2 ./Drivers/API/Src/API_Servo.o
 .debug_abbrev  0x00000d6f      0x18c ./Drivers/API/Src/API_Servo_port.o
 .debug_abbrev  0x00000efb      0x174 ./Drivers/API/Src/API_UART_port.o
 .debug_abbrev  0x0000106f      0x169 ./Drivers/API/Src/API_debounce.o
 .debug_abbrev  0x000011d8       0xf4 ./Drivers/API/Src/API_debounce_port.o
 .debug_abbrev  0x000012cc      0x11d ./Drivers/API/Src/API_delay.o
 .debug_abbrev  0x000013e9       0xb1 ./Drivers/API/Src/API_delay_port.o
 .debug_abbrev  0x0000149a      0x11c ./Drivers/API/Src/fonts.o
 .debug_abbrev  0x000015b6      0x30d ./Drivers/API/Src/ssd1306.o
 .debug_abbrev  0x000018c3      0x214 ./Drivers/STM32F4xx_HAL_Driver/Src/stm32f4xx_hal.o
 .debug_abbrev  0x00001ad7      0x252 ./Drivers/STM32F4xx_HAL_Driver/Src/stm32f4xx_hal_adc.o
 .debug_abbrev  0x00001d29      0x270 ./Drivers/STM32F4xx_HAL_Driver/Src/stm32f4xx_hal_adc_ex.o
 .debug_abbrev  0x00001f99      0x31d ./Drivers/STM32F4xx_HAL_Driver/Src/stm32f4xx_hal_cortex.o
 .debug_abbrev  0x000022b6      0x264 ./Drivers/STM32F4xx_HAL_Driver/Src/stm32f4xx_hal_dma.o
 .debug_abbrev  0x0000251a      0x1d4 ./Drivers/STM32F4xx_HAL_Driver/Src/stm32f4xx_hal_gpio.o
 .debug_abbrev  0x000026ee      0x2ad ./Drivers/STM32F4xx_HAL_Driver/Src/stm32f4xx_hal_i2c.o
 .debug_abbrev  0x0000299b      0x2b7 ./Drivers/STM32F4xx_HAL_Driver/Src/stm32f4xx_hal_rcc.o
 .debug_abbrev  0x00002c52      0x211 ./Drivers/STM32F4xx_HAL_Driver/Src/stm32f4xx_hal_rcc_ex.o
 .debug_abbrev  0x00002e63      0x278 ./Drivers/STM32F4xx_HAL_Driver/Src/stm32f4xx_hal_tim.o
 .debug_abbrev  0x000030db      0x283 ./Drivers/STM32F4xx_HAL_Driver/Src/stm32f4xx_hal_tim_ex.o
 .debug_abbrev  0x0000335e      0x30e ./Drivers/STM32F4xx_HAL_Driver/Src/stm32f4xx_hal_uart.o

.debug_aranges  0x00000000     0x1410
 .debug_aranges
                0x00000000       0x98 ./Core/Src/main.o
 .debug_aranges
                0x00000098       0x68 ./Core/Src/stm32f4xx_hal_msp.o
 .debug_aranges
                0x00000100       0x70 ./Core/Src/stm32f4xx_it.o
 .debug_aranges
                0x00000170       0x20 ./Core/Src/sysmem.o
 .debug_aranges
                0x00000190       0x28 ./Core/Src/system_stm32f4xx.o
 .debug_aranges
                0x000001b8       0x28 ./Core/Startup/startup_stm32f446retx.o
 .debug_aranges
                0x000001e0       0x30 ./Drivers/API/Src/API_ADC_port.o
 .debug_aranges
                0x00000210       0x38 ./Drivers/API/Src/API_Display.o
 .debug_aranges
                0x00000248       0x28 ./Drivers/API/Src/API_Servo.o
 .debug_aranges
                0x00000270       0x28 ./Drivers/API/Src/API_Servo_port.o
 .debug_aranges
                0x00000298       0x28 ./Drivers/API/Src/API_UART_port.o
 .debug_aranges
                0x000002c0       0x40 ./Drivers/API/Src/API_debounce.o
 .debug_aranges
                0x00000300       0x20 ./Drivers/API/Src/API_debounce_port.o
 .debug_aranges
                0x00000320       0x48 ./Drivers/API/Src/API_delay.o
 .debug_aranges
                0x00000368       0x28 ./Drivers/API/Src/API_delay_port.o
 .debug_aranges
                0x00000390       0x20 ./Drivers/API/Src/fonts.o
 .debug_aranges
                0x000003b0       0xf8 ./Drivers/API/Src/ssd1306.o
 .debug_aranges
                0x000004a8       0xf0 ./Drivers/STM32F4xx_HAL_Driver/Src/stm32f4xx_hal.o
 .debug_aranges
                0x00000598       0xe8 ./Drivers/STM32F4xx_HAL_Driver/Src/stm32f4xx_hal_adc.o
 .debug_aranges
                0x00000680       0x90 ./Drivers/STM32F4xx_HAL_Driver/Src/stm32f4xx_hal_adc_ex.o
 .debug_aranges
                0x00000710      0x130 ./Drivers/STM32F4xx_HAL_Driver/Src/stm32f4xx_hal_cortex.o
 .debug_aranges
                0x00000840       0x90 ./Drivers/STM32F4xx_HAL_Driver/Src/stm32f4xx_hal_dma.o
 .debug_aranges
                0x000008d0       0x58 ./Drivers/STM32F4xx_HAL_Driver/Src/stm32f4xx_hal_gpio.o
 .debug_aranges
                0x00000928      0x2a8 ./Drivers/STM32F4xx_HAL_Driver/Src/stm32f4xx_hal_i2c.o
 .debug_aranges
                0x00000bd0       0x88 ./Drivers/STM32F4xx_HAL_Driver/Src/stm32f4xx_hal_rcc.o
 .debug_aranges
                0x00000c58       0x78 ./Drivers/STM32F4xx_HAL_Driver/Src/stm32f4xx_hal_rcc_ex.o
 .debug_aranges
                0x00000cd0      0x3d0 ./Drivers/STM32F4xx_HAL_Driver/Src/stm32f4xx_hal_tim.o
 .debug_aranges
                0x000010a0      0x168 ./Drivers/STM32F4xx_HAL_Driver/Src/stm32f4xx_hal_tim_ex.o
 .debug_aranges
                0x00001208      0x208 ./Drivers/STM32F4xx_HAL_Driver/Src/stm32f4xx_hal_uart.o

.debug_rnglists
                0x00000000      0xfa0
 .debug_rnglists
                0x00000000       0x72 ./Core/Src/main.o
 .debug_rnglists
                0x00000072       0x4c ./Core/Src/stm32f4xx_hal_msp.o
 .debug_rnglists
                0x000000be       0x4f ./Core/Src/stm32f4xx_it.o
 .debug_rnglists
                0x0000010d       0x13 ./Core/Src/sysmem.o
 .debug_rnglists
                0x00000120       0x1a ./Core/Src/system_stm32f4xx.o
 .debug_rnglists
                0x0000013a       0x19 ./Core/Startup/startup_stm32f446retx.o
 .debug_rnglists
                0x00000153       0x1f ./Drivers/API/Src/API_ADC_port.o
 .debug_rnglists
                0x00000172       0x26 ./Drivers/API/Src/API_Display.o
 .debug_rnglists
                0x00000198       0x19 ./Drivers/API/Src/API_Servo.o
 .debug_rnglists
                0x000001b1       0x19 ./Drivers/API/Src/API_Servo_port.o
 .debug_rnglists
                0x000001ca       0x19 ./Drivers/API/Src/API_UART_port.o
 .debug_rnglists
                0x000001e3       0x2c ./Drivers/API/Src/API_debounce.o
 .debug_rnglists
                0x0000020f       0x13 ./Drivers/API/Src/API_debounce_port.o
 .debug_rnglists
                0x00000222       0x31 ./Drivers/API/Src/API_delay.o
 .debug_rnglists
                0x00000253       0x19 ./Drivers/API/Src/API_delay_port.o
 .debug_rnglists
                0x0000026c       0x13 ./Drivers/API/Src/fonts.o
 .debug_rnglists
                0x0000027f       0xc2 ./Drivers/API/Src/ssd1306.o
 .debug_rnglists
                0x00000341       0xaf ./Drivers/STM32F4xx_HAL_Driver/Src/stm32f4xx_hal.o
 .debug_rnglists
                0x000003f0       0xb5 ./Drivers/STM32F4xx_HAL_Driver/Src/stm32f4xx_hal_adc.o
 .debug_rnglists
                0x000004a5       0x71 ./Drivers/STM32F4xx_HAL_Driver/Src/stm32f4xx_hal_adc_ex.o
 .debug_rnglists
                0x00000516       0xe0 ./Drivers/STM32F4xx_HAL_Driver/Src/stm32f4xx_hal_cortex.o
 .debug_rnglists
                0x000005f6       0x70 ./Drivers/STM32F4xx_HAL_Driver/Src/stm32f4xx_hal_dma.o
 .debug_rnglists
                0x00000666       0x3f ./Drivers/STM32F4xx_HAL_Driver/Src/stm32f4xx_hal_gpio.o
 .debug_rnglists
                0x000006a5      0x23c ./Drivers/STM32F4xx_HAL_Driver/Src/stm32f4xx_hal_i2c.o
 .debug_rnglists
                0x000008e1       0x66 ./Drivers/STM32F4xx_HAL_Driver/Src/stm32f4xx_hal_rcc.o
 .debug_rnglists
                0x00000947       0x5e ./Drivers/STM32F4xx_HAL_Driver/Src/stm32f4xx_hal_rcc_ex.o
 .debug_rnglists
                0x000009a5      0x31a ./Drivers/STM32F4xx_HAL_Driver/Src/stm32f4xx_hal_tim.o
 .debug_rnglists
                0x00000cbf      0x125 ./Drivers/STM32F4xx_HAL_Driver/Src/stm32f4xx_hal_tim_ex.o
 .debug_rnglists
                0x00000de4      0x1bc ./Drivers/STM32F4xx_HAL_Driver/Src/stm32f4xx_hal_uart.o

.debug_macro    0x00000000    0x25aba
 .debug_macro   0x00000000      0x3d6 ./Core/Src/main.o
 .debug_macro   0x000003d6      0xad8 ./Core/Src/main.o
 .debug_macro   0x00000eae      0x2a7 ./Core/Src/main.o
 .debug_macro   0x00001155       0x2e ./Core/Src/main.o
 .debug_macro   0x00001183       0x28 ./Core/Src/main.o
 .debug_macro   0x000011ab       0x22 ./Core/Src/main.o
 .debug_macro   0x000011cd       0x8e ./Core/Src/main.o
 .debug_macro   0x0000125b       0x51 ./Core/Src/main.o
 .debug_macro   0x000012ac      0x103 ./Core/Src/main.o
 .debug_macro   0x000013af       0x6a ./Core/Src/main.o
 .debug_macro   0x00001419      0x1df ./Core/Src/main.o
 .debug_macro   0x000015f8       0x1c ./Core/Src/main.o
 .debug_macro   0x00001614       0x22 ./Core/Src/main.o
 .debug_macro   0x00001636       0xfb ./Core/Src/main.o
 .debug_macro   0x00001731     0x1011 ./Core/Src/main.o
 .debug_macro   0x00002742      0x11f ./Core/Src/main.o
 .debug_macro   0x00002861    0x1675e ./Core/Src/main.o
 .debug_macro   0x00018fbf       0x6d ./Core/Src/main.o
 .debug_macro   0x0001902c     0x3693 ./Core/Src/main.o
 .debug_macro   0x0001c6bf      0x190 ./Core/Src/main.o
 .debug_macro   0x0001c84f       0x5c ./Core/Src/main.o
 .debug_macro   0x0001c8ab      0xca5 ./Core/Src/main.o
 .debug_macro   0x0001d550      0x9e9 ./Core/Src/main.o
 .debug_macro   0x0001df39      0x115 ./Core/Src/main.o
 .debug_macro   0x0001e04e      0x1a0 ./Core/Src/main.o
 .debug_macro   0x0001e1ee       0xa5 ./Core/Src/main.o
 .debug_macro   0x0001e293      0x16d ./Core/Src/main.o
 .debug_macro   0x0001e400      0x287 ./Core/Src/main.o
 .debug_macro   0x0001e687       0x5f ./Core/Src/main.o
 .debug_macro   0x0001e6e6      0x236 ./Core/Src/main.o
 .debug_macro   0x0001e91c      0xb5b ./Core/Src/main.o
 .debug_macro   0x0001f477      0x38b ./Core/Src/main.o
 .debug_macro   0x0001f802      0x17d ./Core/Src/main.o
 .debug_macro   0x0001f97f       0xf9 ./Core/Src/main.o
 .debug_macro   0x0001fa78      0x132 ./Core/Src/main.o
 .debug_macro   0x0001fbaa      0x29c ./Core/Src/main.o
 .debug_macro   0x0001fe46       0x2e ./Core/Src/main.o
 .debug_macro   0x0001fe74      0x1b5 ./Core/Src/main.o
 .debug_macro   0x00020029       0x22 ./Core/Src/main.o
 .debug_macro   0x0002004b       0xd6 ./Core/Src/main.o
 .debug_macro   0x00020121      0x127 ./Core/Src/main.o
 .debug_macro   0x00020248       0xe8 ./Core/Src/main.o
 .debug_macro   0x00020330       0x89 ./Core/Src/main.o
 .debug_macro   0x000203b9      0x8ed ./Core/Src/main.o
 .debug_macro   0x00020ca6       0x53 ./Core/Src/main.o
 .debug_macro   0x00020cf9      0x2aa ./Core/Src/main.o
 .debug_macro   0x00020fa3      0x126 ./Core/Src/main.o
 .debug_macro   0x000210c9       0x22 ./Core/Src/main.o
 .debug_macro   0x000210eb       0x61 ./Core/Src/main.o
 .debug_macro   0x0002114c       0x2a ./Core/Src/main.o
 .debug_macro   0x00021176       0x43 ./Core/Src/main.o
 .debug_macro   0x000211b9       0x34 ./Core/Src/main.o
 .debug_macro   0x000211ed      0x370 ./Core/Src/main.o
 .debug_macro   0x0002155d       0x16 ./Core/Src/main.o
 .debug_macro   0x00021573       0x4a ./Core/Src/main.o
 .debug_macro   0x000215bd       0x34 ./Core/Src/main.o
 .debug_macro   0x000215f1       0x10 ./Core/Src/main.o
 .debug_macro   0x00021601       0x58 ./Core/Src/main.o
 .debug_macro   0x00021659       0x8e ./Core/Src/main.o
 .debug_macro   0x000216e7       0x1c ./Core/Src/main.o
 .debug_macro   0x00021703      0x185 ./Core/Src/main.o
 .debug_macro   0x00021888       0x10 ./Core/Src/main.o
 .debug_macro   0x00021898       0x3c ./Core/Src/main.o
 .debug_macro   0x000218d4       0x20 ./Core/Src/main.o
 .debug_macro   0x000218f4       0x16 ./Core/Src/main.o
 .debug_macro   0x0002190a       0x16 ./Core/Src/main.o
 .debug_macro   0x00021920       0x29 ./Core/Src/main.o
 .debug_macro   0x00021949       0x1d ./Core/Src/main.o
 .debug_macro   0x00021966       0x1c ./Core/Src/main.o
 .debug_macro   0x00021982       0x10 ./Core/Src/main.o
 .debug_macro   0x00021992       0x1c ./Core/Src/main.o
 .debug_macro   0x000219ae       0x16 ./Core/Src/main.o
 .debug_macro   0x000219c4      0x146 ./Core/Src/main.o
 .debug_macro   0x00021b0a       0x10 ./Core/Src/main.o
 .debug_macro   0x00021b1a      0x3d6 ./Core/Src/stm32f4xx_hal_msp.o
 .debug_macro   0x00021ef0      0x3e0 ./Core/Src/stm32f4xx_it.o
 .debug_macro   0x000222d0      0x112 ./Core/Src/sysmem.o
 .debug_macro   0x000223e2      0x23c ./Core/Src/sysmem.o
 .debug_macro   0x0002261e      0x20f ./Core/Src/system_stm32f4xx.o
 .debug_macro   0x0002282d      0x222 ./Drivers/API/Src/API_ADC_port.o
 .debug_macro   0x00022a4f      0x384 ./Drivers/API/Src/API_Display.o
 .debug_macro   0x00022dd3      0x19b ./Drivers/API/Src/API_Display.o
 .debug_macro   0x00022f6e       0x85 ./Drivers/API/Src/API_Servo.o
 .debug_macro   0x00022ff3      0x222 ./Drivers/API/Src/API_Servo_port.o
 .debug_macro   0x00023215      0x37b ./Drivers/API/Src/API_UART_port.o
 .debug_macro   0x00023590       0x94 ./Drivers/API/Src/API_debounce.o
 .debug_macro   0x00023624      0x219 ./Drivers/API/Src/API_debounce_port.o