2025-09-27 18:49:32,802 [INFO] Activator:176 - 


2025-09-27 18:49:32,805 [INFO] Activator:177 - !SESSION log4j initialized
2025-09-27 18:49:37,554 [INFO] LogOutputStream:77 - [STDOUT_REDIRECT] 
2025-09-27 18:49:40,548 [INFO] ApplicationProperties:184 - Using Application install path: /opt/st/stm32cubeide_1.19.0/plugins/com.st.stm32cube.common.mx_6.15.0.202507011659
2025-09-27 18:49:40,561 [INFO] DbMcusXml:78 - Set database path to: /opt/st/stm32cubeide_1.19.0/plugins/com.st.stm32cube.common.mx_6.15.0.202507011659//db//mcu/
2025-09-27 18:49:40,562 [INFO] ApiDb:274 - Set plugin database path to: /opt/st/stm32cubeide_1.19.0/plugins/com.st.stm32cube.common.mx_6.15.0.202507011659//db//plugins/boardmanager/
2025-09-27 18:49:40,562 [WARN] ApiDb:259 - Overriding images path with different value:  => /opt/st/stm32cubeide_1.19.0/plugins/com.st.stm32cube.common.mx_6.15.0.202507011659//db//plugins/mcufinder/images/
2025-09-27 18:49:40,567 [INFO] ApiDb:250 - Set database path to: /home/tomas1908/.stmcufinder/plugins/mcufinder//mcu/
2025-09-27 18:49:40,568 [INFO] DbMcusAds:125 - Set database path to: /home/tomas1908/.stmcufinder/plugins/mcufinder//mcu/
2025-09-27 18:49:40,569 [INFO] CrossReferenceDbSqlite:203 - Set database path to: /home/tomas1908/.stmcufinder/plugins/mcufinder//mcu/cs/
2025-09-27 18:49:40,649 [INFO] RulesReader:64 - Compatibility file has been processed (317 Rules)
2025-09-27 18:49:40,690 [INFO] DbMcusXml:78 - Set database path to: /opt/st/stm32cubeide_1.19.0/plugins/com.st.stm32cube.common.mx_6.15.0.202507011659//db//mcu/
2025-09-27 18:49:40,690 [INFO] ApiDb:274 - Set plugin database path to: /opt/st/stm32cubeide_1.19.0/plugins/com.st.stm32cube.common.mx_6.15.0.202507011659//db//plugins/boardmanager/
2025-09-27 18:49:40,690 [INFO] ApiDb:261 - Set plugin images path to: /opt/st/stm32cubeide_1.19.0/plugins/com.st.stm32cube.common.mx_6.15.0.202507011659//db//plugins/mcufinder/images/
2025-09-27 18:49:40,690 [WARN] DbFile:41 - Overriding database path with different value: /home/tomas1908/.stmcufinder/plugins/mcufinder/ => /home/tomas1908/.stmcufinder/plugins/mcufinder
2025-09-27 18:49:40,690 [INFO] ApiDb:250 - Set database path to: /home/tomas1908/.stmcufinder/plugins/mcufinder//mcu/
2025-09-27 18:49:40,690 [WARN] DbFile:41 - Overriding database path with different value: /home/tomas1908/.stmcufinder/plugins/mcufinder/ => /home/tomas1908/.stmcufinder/plugins/mcufinder
2025-09-27 18:49:40,690 [INFO] DbMcusAds:125 - Set database path to: /home/tomas1908/.stmcufinder/plugins/mcufinder//mcu/
2025-09-27 18:49:40,690 [WARN] DbFile:41 - Overriding database path with different value: /home/tomas1908/.stmcufinder/plugins/mcufinder/ => /home/tomas1908/.stmcufinder/plugins/mcufinder
2025-09-27 18:49:40,690 [WARN] DbFile:41 - Overriding database path with different value: /home/tomas1908/.stmcufinder/plugins/mcufinder/ => /home/tomas1908/.stmcufinder/plugins/mcufinder
2025-09-27 18:49:40,691 [INFO] CrossReferenceDbSqlite:203 - Set database path to: /home/tomas1908/.stmcufinder/plugins/mcufinder//mcu/cs/
2025-09-27 18:49:40,732 [INFO] MainPanel:274 - HeapMemory: 268435456
2025-09-27 18:49:40,821 [INFO] DbMcusXml:78 - Set database path to: /opt/st/stm32cubeide_1.19.0/plugins/com.st.stm32cube.common.mx_6.15.0.202507011659//db//mcu/
2025-09-27 18:49:40,821 [INFO] ApiDb:274 - Set plugin database path to: /opt/st/stm32cubeide_1.19.0/plugins/com.st.stm32cube.common.mx_6.15.0.202507011659//db//plugins/boardmanager/
2025-09-27 18:49:40,821 [INFO] ApiDb:261 - Set plugin images path to: /opt/st/stm32cubeide_1.19.0/plugins/com.st.stm32cube.common.mx_6.15.0.202507011659//db//plugins/mcufinder/images/
2025-09-27 18:49:40,821 [WARN] DbFile:41 - Overriding database path with different value: /home/tomas1908/.stmcufinder/plugins/mcufinder/ => /home/tomas1908/.stmcufinder/plugins/mcufinder
2025-09-27 18:49:40,821 [INFO] ApiDb:250 - Set database path to: /home/tomas1908/.stmcufinder/plugins/mcufinder//mcu/
2025-09-27 18:49:40,821 [WARN] DbFile:41 - Overriding database path with different value: /home/tomas1908/.stmcufinder/plugins/mcufinder/ => /home/tomas1908/.stmcufinder/plugins/mcufinder
2025-09-27 18:49:40,822 [INFO] DbMcusAds:125 - Set database path to: /home/tomas1908/.stmcufinder/plugins/mcufinder//mcu/
2025-09-27 18:49:40,822 [WARN] DbFile:41 - Overriding database path with different value: /home/tomas1908/.stmcufinder/plugins/mcufinder/ => /home/tomas1908/.stmcufinder/plugins/mcufinder
2025-09-27 18:49:40,822 [WARN] DbFile:41 - Overriding database path with different value: /home/tomas1908/.stmcufinder/plugins/mcufinder/ => /home/tomas1908/.stmcufinder/plugins/mcufinder
2025-09-27 18:49:40,822 [INFO] CrossReferenceDbSqlite:203 - Set database path to: /home/tomas1908/.stmcufinder/plugins/mcufinder//mcu/cs/
2025-09-27 18:49:40,832 [INFO] ApplicationProperties:184 - Using Application install path: /opt/st/stm32cubeide_1.19.0/plugins/com.st.stm32cube.common.mx_6.15.0.202507011659
2025-09-27 18:49:40,833 [INFO] PluginManage:196 - Search for loadable plugins [exclusion list=, ]
2025-09-27 18:49:40,834 [INFO] PluginManage:310 - Check plugin analytics
2025-09-27 18:49:40,935 [INFO] AnalyticsPlugin:253 - Accepted Software Licenses: 
2025-09-27 18:49:40,935 [INFO] AnalyticsPlugin:255 - Accepted CMSIS Pack Licenses: 
2025-09-27 18:49:40,935 [INFO] AnalyticsPlugin:257 - Accepted Firmware Licenses: FW.F4.1.28.0
2025-09-27 18:49:40,937 [INFO] PluginManage:359 - Loaded plugin analytics (category:tool,tabindex:-1)
2025-09-27 18:49:40,937 [INFO] PluginManage:310 - Check plugin cadmodel
2025-09-27 18:49:40,940 [INFO] CADModel:105 - Init CAD model plugin
2025-09-27 18:49:40,941 [INFO] PluginManage:359 - Loaded plugin cadmodel (category:power,tabindex:5)
2025-09-27 18:49:40,941 [INFO] PluginManage:310 - Check plugin clock
2025-09-27 18:49:40,948 [INFO] PluginManage:359 - Loaded plugin clock (category:base,tabindex:2)
2025-09-27 18:49:40,948 [INFO] PluginManage:310 - Check plugin ddr
2025-09-27 18:49:40,950 [INFO] PluginManage:359 - Loaded plugin ddr (category:tool,tabindex:6)
2025-09-27 18:49:40,950 [INFO] PluginManage:310 - Check plugin filemanager
2025-09-27 18:49:41,053 [INFO] PluginManage:359 - Loaded plugin filemanager (category:base,tabindex:10)
2025-09-27 18:49:41,053 [INFO] PluginManage:310 - Check plugin ipmanager
2025-09-27 18:49:41,057 [INFO] PluginManage:359 - Loaded plugin ipmanager (category:base,tabindex:5)
2025-09-27 18:49:41,057 [INFO] PluginManage:310 - Check plugin lpbam
2025-09-27 18:49:41,065 [INFO] PluginManage:359 - Loaded plugin lpbam (category:base,tabindex:0)
2025-09-27 18:49:41,065 [INFO] PluginManage:310 - Check plugin memorymap
2025-09-27 18:49:41,073 [INFO] PluginManage:359 - Loaded plugin memorymap (category:base,tabindex:4)
2025-09-27 18:49:41,073 [INFO] PluginManage:310 - Check plugin pinoutandconfiguration
2025-09-27 18:49:41,079 [INFO] PluginManage:359 - Loaded plugin pinoutandconfiguration (category:base,tabindex:1)
2025-09-27 18:49:41,079 [INFO] PluginManage:310 - Check plugin pinoutconfig
2025-09-27 18:49:41,141 [WARN] SupportedApi:132 - Cannot load RTOS API schema: s4s-elt-must-match.1: The content of 'definitions' must match (annotation?, (simpleType | complexType)?, (unique | key | keyref)*)). A problem was found starting at: attribute.
2025-09-27 18:49:41,228 [INFO] PluginManage:359 - Loaded plugin pinoutconfig (category:base,tabindex:0)
2025-09-27 18:49:41,228 [INFO] PluginManage:310 - Check plugin power
2025-09-27 18:49:41,234 [INFO] PluginManage:359 - Loaded plugin power (category:power,tabindex:4)
2025-09-27 18:49:41,235 [INFO] PluginManage:310 - Check plugin projectmanager
2025-09-27 18:49:41,244 [INFO] PluginManage:359 - Loaded plugin projectmanager (category:projectmanager,tabindex:4)
2025-09-27 18:49:41,244 [INFO] PluginManage:310 - Check plugin rif
2025-09-27 18:49:41,252 [INFO] PluginManage:359 - Loaded plugin rif (category:base,tabindex:3)
2025-09-27 18:49:41,252 [INFO] PluginManage:310 - Check plugin thirdparty
2025-09-27 18:49:41,353 [INFO] PluginManage:359 - Loaded plugin thirdparty (category:base,tabindex:-1)
2025-09-27 18:49:41,353 [WARN] IntegrityCheckThread:84 - waiting for thirdparty lock release [integrity check]
2025-09-27 18:49:41,353 [INFO] PluginManage:310 - Check plugin tools
2025-09-27 18:49:41,353 [INFO] IntegrityCheckThread:86 - entering critical section [integrity check]
2025-09-27 18:49:41,354 [INFO] ThirdPartyUpdaterWithRetryManager:70 - Updater plugin not ready yet. [1/15]
2025-09-27 18:49:41,355 [INFO] PluginManage:359 - Loaded plugin tools (category:base,tabindex:7)
2025-09-27 18:49:41,356 [INFO] PluginManage:310 - Check plugin tutovideos
2025-09-27 18:49:41,498 [INFO] PluginManage:359 - Loaded plugin tutovideos (category:base,tabindex:-1)
2025-09-27 18:49:41,499 [INFO] PluginManage:310 - Check plugin updater
2025-09-27 18:49:41,515 [INFO] PluginManage:359 - Loaded plugin updater (category:base,tabindex:12)
2025-09-27 18:49:41,516 [INFO] PluginManage:310 - Check plugin userauth
2025-09-27 18:49:41,519 [INFO] UserAuth:118 - Init User Auth plugin
2025-09-27 18:49:41,519 [INFO] PluginManage:359 - Loaded plugin userauth (category:base,tabindex:14)
2025-09-27 18:49:41,519 [INFO] PluginManage:283 - PluginManage : Loaded plugins [18]
2025-09-27 18:49:41,650 [INFO] PinOutPanel:1589 - setPackage(No Configuration,No Configuration)
2025-09-27 18:49:41,700 [INFO] CADModel:165 - CPN selected for project level
2025-09-27 18:49:41,701 [INFO] CADModel:114 - Register for checkConnection events
2025-09-27 18:49:41,711 [INFO] IPUIPlugin:80 - create IPUIPlugin
2025-09-27 18:49:41,711 [INFO] PluginManager:220 - loadIPPluginJar : add i2c
2025-09-27 18:49:41,716 [INFO] IPUIPlugin:80 - create IPUIPlugin
2025-09-27 18:49:41,717 [INFO] PluginManager:220 - loadIPPluginJar : add mdma
2025-09-27 18:49:41,718 [INFO] IPUIPlugin:80 - create IPUIPlugin
2025-09-27 18:49:41,719 [INFO] PluginManager:220 - loadIPPluginJar : add aes
2025-09-27 18:49:41,720 [INFO] IPUIPlugin:80 - create IPUIPlugin
2025-09-27 18:49:41,720 [INFO] PluginManager:220 - loadIPPluginJar : add can
2025-09-27 18:49:41,725 [INFO] IPUIPlugin:80 - create IPUIPlugin
2025-09-27 18:49:41,725 [INFO] PluginManager:220 - loadIPPluginJar : add freertos
2025-09-27 18:49:41,727 [INFO] IPUIPlugin:80 - create IPUIPlugin
2025-09-27 18:49:41,727 [INFO] PluginManager:220 - loadIPPluginJar : add gtzc
2025-09-27 18:49:41,728 [INFO] IPUIPlugin:80 - create IPUIPlugin
2025-09-27 18:49:41,728 [INFO] PluginManager:220 - loadIPPluginJar : add ts
2025-09-27 18:49:41,734 [INFO] IPUIPlugin:80 - create IPUIPlugin
2025-09-27 18:49:41,734 [INFO] PluginManager:220 - loadIPPluginJar : add stm32_wpan
2025-09-27 18:49:41,735 [INFO] IPUIPlugin:80 - create IPUIPlugin
2025-09-27 18:49:41,735 [INFO] PluginManager:220 - loadIPPluginJar : add fatfs
2025-09-27 18:49:41,739 [INFO] IPUIPlugin:80 - create IPUIPlugin
2025-09-27 18:49:41,739 [INFO] PluginManager:220 - loadIPPluginJar : add dma
2025-09-27 18:49:41,741 [INFO] IPUIPlugin:80 - create IPUIPlugin
2025-09-27 18:49:41,741 [INFO] PluginManager:220 - loadIPPluginJar : add usbx
2025-09-27 18:49:41,743 [INFO] IPUIPlugin:80 - create IPUIPlugin
2025-09-27 18:49:41,743 [INFO] PluginManager:220 - loadIPPluginJar : add hash
2025-09-27 18:49:41,744 [INFO] IPUIPlugin:80 - create IPUIPlugin
2025-09-27 18:49:41,744 [INFO] PluginManager:220 - loadIPPluginJar : add cryp
2025-09-27 18:49:41,746 [INFO] IPUIPlugin:80 - create IPUIPlugin
2025-09-27 18:49:41,746 [INFO] PluginManager:220 - loadIPPluginJar : add openamp
2025-09-27 18:49:41,747 [INFO] IPUIPlugin:80 - create IPUIPlugin
2025-09-27 18:49:41,747 [INFO] PluginManager:220 - loadIPPluginJar : add genericplugin
2025-09-27 18:49:41,750 [INFO] IPUIPlugin:80 - create IPUIPlugin
2025-09-27 18:49:41,750 [INFO] PluginManager:220 - loadIPPluginJar : add ipddr
2025-09-27 18:49:41,751 [INFO] IPUIPlugin:80 - create IPUIPlugin
2025-09-27 18:49:41,752 [INFO] PluginManager:220 - loadIPPluginJar : add opamp
2025-09-27 18:49:41,752 [INFO] IPUIPlugin:80 - create IPUIPlugin
2025-09-27 18:49:41,752 [INFO] PluginManager:220 - loadIPPluginJar : add ltdc
2025-09-27 18:49:41,753 [INFO] IPUIPlugin:80 - create IPUIPlugin
2025-09-27 18:49:41,754 [INFO] PluginManager:220 - loadIPPluginJar : add dfsdm
2025-09-27 18:49:41,757 [INFO] IPUIPlugin:80 - create IPUIPlugin
2025-09-27 18:49:41,757 [INFO] PluginManager:220 - loadIPPluginJar : add gic
2025-09-27 18:49:41,759 [INFO] IPUIPlugin:80 - create IPUIPlugin
2025-09-27 18:49:41,759 [INFO] PluginManager:220 - loadIPPluginJar : add extmemmanager
2025-09-27 18:49:41,759 [INFO] IPUIPlugin:80 - create IPUIPlugin
2025-09-27 18:49:41,760 [INFO] PluginManager:220 - loadIPPluginJar : add ucpd
2025-09-27 18:49:41,761 [INFO] IPUIPlugin:80 - create IPUIPlugin
2025-09-27 18:49:41,761 [INFO] PluginManager:220 - loadIPPluginJar : add tracer_emb
2025-09-27 18:49:41,761 [INFO] IPUIPlugin:80 - create IPUIPlugin
2025-09-27 18:49:41,762 [INFO] PluginManager:220 - loadIPPluginJar : add radio
2025-09-27 18:49:41,763 [INFO] IPUIPlugin:80 - create IPUIPlugin
2025-09-27 18:49:41,764 [INFO] PluginManager:220 - loadIPPluginJar : add pdm2pcm
2025-09-27 18:49:41,765 [INFO] IPUIPlugin:80 - create IPUIPlugin
2025-09-27 18:49:41,765 [INFO] PluginManager:220 - loadIPPluginJar : add spi
2025-09-27 18:49:41,766 [INFO] IPUIPlugin:80 - create IPUIPlugin
2025-09-27 18:49:41,766 [INFO] PluginManager:220 - loadIPPluginJar : add tim
2025-09-27 18:49:41,770 [INFO] IPUIPlugin:80 - create IPUIPlugin
2025-09-27 18:49:41,771 [INFO] PluginManager:220 - loadIPPluginJar : add plateformsettings
2025-09-27 18:49:41,773 [INFO] IPUIPlugin:80 - create IPUIPlugin
2025-09-27 18:49:41,773 [INFO] PluginManager:220 - loadIPPluginJar : add touchsensing
2025-09-27 18:49:41,776 [INFO] IPUIPlugin:80 - create IPUIPlugin
2025-09-27 18:49:41,776 [INFO] PluginManager:220 - loadIPPluginJar : add gpio
2025-09-27 18:49:41,780 [INFO] IPUIPlugin:80 - create IPUIPlugin
2025-09-27 18:49:41,780 [INFO] PluginManager:220 - loadIPPluginJar : add adc
2025-09-27 18:49:41,785 [INFO] IPUIPlugin:80 - create IPUIPlugin
2025-09-27 18:49:41,785 [INFO] PluginManager:220 - loadIPPluginJar : add linkedlist
2025-09-27 18:49:41,786 [INFO] IPUIPlugin:80 - create IPUIPlugin
2025-09-27 18:49:41,786 [INFO] PluginManager:220 - loadIPPluginJar : add comp
2025-09-27 18:49:41,788 [INFO] IPUIPlugin:80 - create IPUIPlugin
2025-09-27 18:49:41,788 [INFO] PluginManager:220 - loadIPPluginJar : add fmc
2025-09-27 18:49:41,789 [INFO] IPUIPlugin:80 - create IPUIPlugin
2025-09-27 18:49:41,789 [INFO] PluginManager:220 - loadIPPluginJar : add tsc
2025-09-27 18:49:41,791 [INFO] IPUIPlugin:80 - create IPUIPlugin
2025-09-27 18:49:41,791 [INFO] PluginManager:220 - loadIPPluginJar : add sai
2025-09-27 18:49:41,792 [INFO] IPUIPlugin:80 - create IPUIPlugin
2025-09-27 18:49:41,792 [INFO] PluginManager:220 - loadIPPluginJar : add usart
2025-09-27 18:49:41,794 [INFO] IPUIPlugin:80 - create IPUIPlugin
2025-09-27 18:49:41,794 [INFO] PluginManager:220 - loadIPPluginJar : add nvic
2025-09-27 18:49:41,797 [INFO] IPUIPlugin:80 - create IPUIPlugin
2025-09-27 18:49:41,797 [INFO] PluginManager:220 - loadIPPluginJar : add resmgrutility
2025-09-27 18:49:41,798 [INFO] IPUIPlugin:80 - create IPUIPlugin
2025-09-27 18:49:41,798 [INFO] PluginManager:220 - loadIPPluginJar : add lorawan
2025-09-27 18:49:41,800 [INFO] IPUIPlugin:80 - create IPUIPlugin
2025-09-27 18:49:41,800 [INFO] PluginManager:220 - loadIPPluginJar : add gfxmmu
2025-09-27 18:49:41,801 [INFO] IPUIPlugin:80 - create IPUIPlugin
2025-09-27 18:49:41,801 [INFO] PluginManager:220 - loadIPPluginJar : add dma3
2025-09-27 18:49:41,802 [INFO] IPUIPlugin:80 - create IPUIPlugin
2025-09-27 18:49:41,802 [INFO] PluginManager:220 - loadIPPluginJar : add i3c
2025-09-27 18:49:41,803 [INFO] IPUIPlugin:80 - create IPUIPlugin
2025-09-27 18:49:41,803 [INFO] PluginManager:220 - loadIPPluginJar : add quadspi
2025-09-27 18:49:41,805 [INFO] IPUIPlugin:80 - create IPUIPlugin
2025-09-27 18:49:41,805 [INFO] PluginManager:220 - loadIPPluginJar : add ddr_ctrl_phy
2025-09-27 18:49:41,806 [INFO] IPUIPlugin:80 - create IPUIPlugin
2025-09-27 18:49:41,806 [INFO] PluginManager:220 - loadIPPluginJar : add i2s
2025-09-27 18:49:41,900 [FATAL] Updater:351 - Updater called before beeing initialized
2025-09-27 18:49:41,927 [INFO] RulesReader:64 - Compatibility file has been processed (317 Rules)
2025-09-27 18:49:41,934 [INFO] RulesReader:64 - Compatibility file has been processed (317 Rules)
2025-09-27 18:49:41,939 [INFO] CADModel:165 - CPN selected for project level
2025-09-27 18:49:41,939 [INFO] CADModel:114 - Register for checkConnection events
2025-09-27 18:49:41,939 [FATAL] Updater:351 - Updater called before beeing initialized
2025-09-27 18:49:41,939 [ERROR] CADModel:125 - Updater not yet initialized, retry later 
2025-09-27 18:49:42,018 [FATAL] Updater:351 - Updater called before beeing initialized
2025-09-27 18:49:42,019 [INFO] CADModel:165 - CPN selected for project level
2025-09-27 18:49:42,019 [INFO] CADModel:114 - Register for checkConnection events
2025-09-27 18:49:42,019 [FATAL] Updater:351 - Updater called before beeing initialized
2025-09-27 18:49:42,019 [ERROR] CADModel:125 - Updater not yet initialized, retry later 
2025-09-27 18:49:42,022 [FATAL] Updater:351 - Updater called before beeing initialized
2025-09-27 18:49:42,077 [FATAL] Updater:351 - Updater called before beeing initialized
2025-09-27 18:49:42,080 [INFO] DbMcusAds:53 - JSON generation date=Tue Jul 08 05:14:23 ART 2025 (1751962463582)
2025-09-27 18:49:42,080 [FATAL] Updater:351 - Updater called before beeing initialized
2025-09-27 18:49:42,103 [WARN] DetailPanel:346 - Failed to get advertising image, set to default
2025-09-27 18:49:42,147 [FATAL] Updater:351 - Updater called before beeing initialized
2025-09-27 18:49:42,149 [FATAL] Updater:351 - Updater called before beeing initialized
2025-09-27 18:49:42,149 [FATAL] Updater:351 - Updater called before beeing initialized
2025-09-27 18:49:42,149 [WARN] DetailPanel:346 - Failed to get advertising image, set to default
2025-09-27 18:49:42,150 [FATAL] Updater:351 - Updater called before beeing initialized
2025-09-27 18:49:42,170 [ERROR] Updater:1198 - MainUpdater not yet initialized. External WinMGr cannot be set.
2025-09-27 18:49:42,171 [INFO] Updater:1134 - Updater Version found : 6.15.0
2025-09-27 18:49:42,184 [INFO] ApplicationProperties:184 - Using Application install path: /opt/st/stm32cubeide_1.19.0/plugins/com.st.stm32cube.common.mx_6.15.0.202507011659
2025-09-27 18:49:42,192 [ERROR] LogOutputStream:75 - [STDERR_REDIRECT] Sep 27, 2025 6:49:42 PM java.util.prefs.FileSystemPreferences$2 run
2025-09-27 18:49:42,193 [ERROR] LogOutputStream:75 - [STDERR_REDIRECT] WARNING: Could not create system preferences directory. System preferences are unusable.
2025-09-27 18:49:42,193 [ERROR] LogOutputStream:75 - [STDERR_REDIRECT] 
2025-09-27 18:49:42,397 [INFO] MainUpdater:2872 - connection check result : 10
2025-09-27 18:49:42,397 [INFO] MainUpdater:3604 - Updater definition file requires update
2025-09-27 18:49:42,398 [INFO] MainUpdater:289 - Updater Check For Update Now.
2025-09-27 18:49:42,398 [INFO] MicroXplorer:498 - Change Database Version : DB.6.0.150
2025-09-27 18:49:42,404 [INFO] McuFinderGlobals:63 - Set McuFinder mode to 2 (CubeIDE integrated)
2025-09-27 18:49:42,405 [INFO] UserAuth:487 - Internet connection configuration mode: 1
2025-09-27 18:49:42,421 [INFO] JxBrowserEngine:152 - Initiate JxBrowser Engine with user profile folder
2025-09-27 18:49:42,482 [INFO] ServerAccessManage:452 - Complete download http(s) 200
2025-09-27 18:49:42,482 [INFO] ServerAccessManage:509 - Download File updaters.zip
2025-09-27 18:49:42,590 [INFO] FileExtend:248 - Unzip File : updaters.zip
2025-09-27 18:49:42,591 [INFO] FileExtend:263 - Standard Zip Deflate
2025-09-27 18:49:42,731 [INFO] ServerAccessManage:452 - Complete download http(s) 200
2025-09-27 18:49:42,732 [INFO] ServerAccessManage:509 - Download File PacksControlFlags.xml
2025-09-27 18:49:42,789 [INFO] ServerAccessManage:452 - Complete download http(s) 200
2025-09-27 18:49:42,789 [INFO] ServerAccessManage:509 - Download File cubemx.pidx
2025-09-27 18:49:43,129 [INFO] WebApp:169 - Instantiating new browser for Auth
2025-09-27 18:49:43,710 [INFO] LoadServerUpdatesThread:375 - End of LoadServerUpdate Thread
2025-09-27 18:49:43,735 [INFO] WebApp:463 - Apply proxy settings
2025-09-27 18:49:43,735 [INFO] WebApp:548 - Chromium requires no authentication
2025-09-27 18:49:43,744 [INFO] WebApp:491 - Direct internet connection detected
2025-09-27 18:49:43,776 [INFO] WebApp:900 - Register for checkConnection events
2025-09-27 18:49:43,777 [INFO] WebApp:463 - Apply proxy settings
2025-09-27 18:49:43,777 [INFO] WebApp:548 - Chromium requires no authentication
2025-09-27 18:49:43,778 [INFO] WebApp:491 - Direct internet connection detected
2025-09-27 18:49:43,877 [INFO] CheckServerUpdateThread:120 - End of CheckServer Thread
2025-09-27 18:49:43,904 [INFO] WebApp:225 - Starting web application
2025-09-27 18:49:43,904 [INFO] WebApp:593 - Web application path used /opt/st/stm32cubeide_1.19.0/plugins/com.st.stm32cube.common.mx_6.15.0.202507011659/db/plugins/mcufinder/reactClient1/index.html
2025-09-27 18:49:43,976 [INFO] UserAuth:487 - Internet connection configuration mode: 1
2025-09-27 18:49:44,016 [INFO] WebApp:191 - Connection restablished
2025-09-27 18:49:44,466 [WARN] PackLoader:240 - Cannot read IP mode file for STMicroelectronics.FP-SNS-MOTENVWB1.1.4.0
2025-09-27 18:49:44,473 [WARN] PackLoader:240 - Cannot read IP mode file for STMicroelectronics.FP-ATR-ASTRA1.2.0.2
2025-09-27 18:49:44,480 [WARN] PackLoader:240 - Cannot read IP mode file for STMicroelectronics.X-CUBE-SMBUS.2.1.0
2025-09-27 18:49:44,487 [WARN] PackLoader:240 - Cannot read IP mode file for STMicroelectronics.X-CUBE-ST60.1.0.0
2025-09-27 18:49:44,508 [WARN] PackLoader:240 - Cannot read IP mode file for STMicroelectronics.X-CUBE-AZRTOS-F7.1.1.0
2025-09-27 18:49:44,513 [WARN] PackLoader:240 - Cannot read IP mode file for Cesanta.I-CUBE-Mongoose.7.19.0
2025-09-27 18:49:44,518 [WARN] PackLoader:240 - Cannot read IP mode file for WES.I-CUBE-Cesium.1.4.0
2025-09-27 18:49:44,535 [WARN] PackLoader:240 - Cannot read IP mode file for Infineon.AIROC-Wi-Fi-Bluetooth-STM32.1.7.1
2025-09-27 18:49:44,542 [WARN] PackLoader:240 - Cannot read IP mode file for STMicroelectronics.X-CUBE-DISPLAY.3.0.0
2025-09-27 18:49:44,550 [WARN] PackLoader:240 - Cannot read IP mode file for STMicroelectronics.X-CUBE-NFC10.1.0.0
2025-09-27 18:49:44,555 [WARN] PackLoader:240 - Cannot read IP mode file for emotas.I-CUBE-CANOPEN.1.3.0
2025-09-27 18:49:44,557 [WARN] PackLoader:240 - Cannot read IP mode file for STMicroelectronics.FP-SNS-SMARTAG2.1.2.0
2025-09-27 18:49:44,560 [WARN] PackLoader:240 - Cannot read IP mode file for STMicroelectronics.FP-SNS-FLIGHT1.5.1.0
2025-09-27 18:49:44,567 [INFO] LogOutputStream:77 - [STDOUT_REDIRECT] 1 : Invalid condition id : UX_CORESTACK_Condition cause : null
2025-09-27 18:49:44,568 [INFO] LogOutputStream:77 - [STDOUT_REDIRECT] 1 : Invalid condition id : UX_CORESTACK_Condition cause : null
2025-09-27 18:49:44,568 [INFO] LogOutputStream:77 - [STDOUT_REDIRECT] 1 : Invalid condition id : UX_CORESTACK_Condition cause : null
2025-09-27 18:49:44,568 [INFO] LogOutputStream:77 - [STDOUT_REDIRECT] 1 : Invalid condition id : UX_CORESTACK_Condition cause : null
2025-09-27 18:49:44,569 [INFO] LogOutputStream:77 - [STDOUT_REDIRECT] 1 : Invalid condition id : UX_CORESTACK_Condition cause : null
2025-09-27 18:49:44,573 [WARN] PackLoader:240 - Cannot read IP mode file for STMicroelectronics.X-CUBE-AZRTOS-WL.2.0.0
2025-09-27 18:49:44,578 [WARN] PackLoader:240 - Cannot read IP mode file for STMicroelectronics.FP-SNS-MOTENV1.5.0.0
2025-09-27 18:49:44,584 [WARN] PackLoader:240 - Cannot read IP mode file for STMicroelectronics.X-CUBE-BLE2.3.3.0
2025-09-27 18:49:44,589 [WARN] PackLoader:240 - Cannot read IP mode file for STMicroelectronics.X-CUBE-NFC9.1.0.0
2025-09-27 18:49:44,594 [WARN] PackLoader:240 - Cannot read IP mode file for STMicroelectronics.X-CUBE-BLE1.7.1.0
2025-09-27 18:49:44,603 [WARN] PackLoader:240 - Cannot read IP mode file for STMicroelectronics.X-CUBE-AZRTOS-G0.1.1.0
2025-09-27 18:49:44,608 [WARN] PackLoader:240 - Cannot read IP mode file for STMicroelectronics.X-CUBE-SAFEA1.1.2.2
2025-09-27 18:49:44,612 [WARN] PackLoader:240 - Cannot read IP mode file for STMicroelectronics.X-CUBE-NFC4.3.0.0
2025-09-27 18:49:44,618 [WARN] PackLoader:240 - Cannot read IP mode file for EmbeddedOffice.I-CUBE-FS-RTOS.1.0.1
2025-09-27 18:49:44,623 [WARN] PackLoader:240 - Cannot read IP mode file for STMicroelectronics.X-CUBE-WB05N.2.0.0
2025-09-27 18:49:44,628 [WARN] PackLoader:240 - Cannot read IP mode file for STMicroelectronics.X-CUBE-TCPP.4.2.0
2025-09-27 18:49:44,633 [WARN] PackLoader:240 - Cannot read IP mode file for RealThread.X-CUBE-RT-Thread_Nano.4.1.1
2025-09-27 18:49:44,636 [WARN] PackLoader:240 - Cannot read IP mode file for STMicroelectronics.FP-ATR-SIGFOX1.3.2.0
2025-09-27 18:49:44,640 [WARN] PackLoader:240 - Cannot read IP mode file for ITTIA_DB.I-CUBE-ITTIADB.8.9.0
2025-09-27 18:49:44,644 [WARN] PackLoader:240 - Cannot read IP mode file for STMicroelectronics.X-CUBE-ST67W61.1.0.0
2025-09-27 18:49:44,666 [WARN] PackLoader:240 - Cannot read IP mode file for SEGGER.I-CUBE-embOS.1.3.1
2025-09-27 18:49:44,704 [WARN] PackLoader:240 - Cannot read IP mode file for STMicroelectronics.X-CUBE-ALGOBUILD.1.4.0
2025-09-27 18:49:44,741 [WARN] PackLoader:240 - Cannot read IP mode file for STMicroelectronics.X-CUBE-MEMS1.11.3.0
2025-09-27 18:49:44,808 [WARN] PackLoader:240 - Cannot read IP mode file for STMicroelectronics.X-CUBE-PM33A1.1.0.0
2025-09-27 18:49:44,817 [WARN] PackLoader:240 - Cannot read IP mode file for STMicroelectronics.X-CUBE-AZRTOS-F4.1.1.0
2025-09-27 18:49:44,820 [WARN] PackLoader:240 - Cannot read IP mode file for Avnet-IotConnect.X-CUBE-IoTC-DA16k-PMOD.1.0.0
2025-09-27 18:49:44,821 [WARN] PackLoader:240 - Cannot read IP mode file for STMicroelectronics.X-CUBE-ISPU.2.1.0
2025-09-27 18:49:44,830 [WARN] PackLoader:240 - Cannot read IP mode file for STMicroelectronics.X-CUBE-AZRTOS-L5.2.0.0
2025-09-27 18:49:44,836 [WARN] PackLoader:240 - Cannot read IP mode file for STMicroelectronics.X-CUBE-NFC6.3.1.0
2025-09-27 18:49:44,840 [WARN] PackLoader:240 - Cannot read IP mode file for STMicroelectronics.X-CUBE-FREERTOS.1.3.1
2025-09-27 18:49:44,843 [WARN] PackLoader:240 - Cannot read IP mode file for STMicroelectronics.X-CUBE-DPower.1.3.0
2025-09-27 18:49:44,853 [WARN] ConditionMgr:438 - getConditionDescription Invalid condition id : LAN8742 Phy interface Condition cause : null
2025-09-27 18:49:44,853 [WARN] PackLoader:240 - Cannot read IP mode file for STMicroelectronics.X-CUBE-AZRTOS-L4.2.0.0
2025-09-27 18:49:44,854 [WARN] ConditionMgr:1044 - genDependencies : Invalid condition id : LAN8742 Phy interface Condition cause : null
2025-09-27 18:49:44,854 [WARN] ConditionMgr:1044 - genDependencies : Invalid condition id : LAN8742 Phy interface Condition cause : null
2025-09-27 18:49:44,854 [WARN] ConditionMgr:1044 - genDependencies : Invalid condition id : LAN8742 Phy interface Condition cause : null
2025-09-27 18:49:44,857 [WARN] PackLoader:240 - Cannot read IP mode file for STMicroelectronics.X-CUBE-SFXS2LP1.4.0.0
2025-09-27 18:49:44,863 [WARN] ConditionMgr:438 - getConditionDescription Invalid condition id : UX DEVICE CLASS RTOS Condition cause : null
2025-09-27 18:49:44,863 [WARN] ConditionMgr:438 - getConditionDescription Invalid condition id : UX DEVICE CLASS RTOS Condition cause : null
2025-09-27 18:49:44,864 [WARN] PackLoader:240 - Cannot read IP mode file for STMicroelectronics.X-CUBE-AZRTOS-WB.2.0.0
2025-09-27 18:49:44,864 [WARN] ConditionMgr:1044 - genDependencies : Invalid condition id : UX DEVICE CLASS RTOS Condition cause : null
2025-09-27 18:49:44,864 [WARN] ConditionMgr:1044 - genDependencies : Invalid condition id : UX DEVICE CLASS RTOS Condition cause : null
2025-09-27 18:49:44,865 [WARN] ConditionMgr:1044 - genDependencies : Invalid condition id : UX DEVICE CLASS RTOS Condition cause : null
2025-09-27 18:49:44,865 [WARN] ConditionMgr:1044 - genDependencies : Invalid condition id : UX DEVICE CLASS RTOS Condition cause : null
2025-09-27 18:49:44,865 [WARN] ConditionMgr:1044 - genDependencies : Invalid condition id : UX DEVICE CLASS RTOS Condition cause : null
2025-09-27 18:49:44,868 [WARN] PackLoader:240 - Cannot read IP mode file for STMicroelectronics.X-CUBE-GNSS1.7.0.1
2025-09-27 18:49:44,870 [WARN] PackLoader:240 - Cannot read IP mode file for STMicroelectronics.X-CUBE-TOUCHGFX.4.25.0
2025-09-27 18:49:44,872 [WARN] ConditionMgr:438 - getConditionDescription Invalid condition id : Cortex-A Device cause : null
2025-09-27 18:49:44,878 [WARN] ConditionMgr:1044 - genDependencies : Invalid condition id : Cortex-A Device cause : null
2025-09-27 18:49:44,878 [WARN] ConditionMgr:1044 - genDependencies : Invalid condition id : Cortex-A Device cause : null
2025-09-27 18:49:44,878 [WARN] ConditionMgr:1044 - genDependencies : Invalid condition id : Cortex-A Device cause : null
2025-09-27 18:49:44,882 [WARN] PackLoader:240 - Cannot read IP mode file for STMicroelectronics.X-CUBE-SUBG2.5.0.0
2025-09-27 18:49:44,896 [WARN] PackLoader:240 - Cannot read IP mode file for STMicroelectronics.X-CUBE-AZRTOS-H7RS.1.1.0
2025-09-27 18:49:44,905 [WARN] PackLoader:240 - Cannot read IP mode file for STMicroelectronics.X-CUBE-AZRTOS-G4.2.0.0
2025-09-27 18:49:44,908 [WARN] PackLoader:240 - Cannot read IP mode file for wolfSSL.I-CUBE-wolfSSH.1.4.20
2025-09-27 18:49:44,910 [WARN] PackLoader:240 - Cannot read IP mode file for STMicroelectronics.X-CUBE-NFC7.2.0.0
2025-09-27 18:49:44,917 [WARN] PackLoader:240 - Cannot read IP mode file for STMicroelectronics.X-CUBE-IPS.3.1.0
2025-09-27 18:49:44,935 [WARN] PackLoader:240 - Cannot read IP mode file for STMicroelectronics.X-CUBE-ALS.1.0.2
2025-09-27 18:49:44,943 [WARN] PackLoader:240 - Cannot read IP mode file for STMicroelectronics.X-CUBE-TOF1.3.4.3
2025-09-27 18:49:44,950 [INFO] ThirdParty:978 - Integrity check success = true
2025-09-27 18:49:44,950 [INFO] IntegrityCheckThread:100 - exiting critical section [integrity check]
2025-09-27 18:49:44,950 [INFO] IntegrityCheckThread:103 - End integrity checks thread
2025-09-27 18:50:06,947 [ERROR] LogOutputStream:75 - [STDERR_REDIRECT] Sep 27, 2025 6:50:06 PM java.util.prefs.FileSystemPreferences checkLockFile0ErrorCode
2025-09-27 18:50:06,948 [ERROR] LogOutputStream:75 - [STDERR_REDIRECT] WARNING: Could not lock System prefs. Unix error code 2.
2025-09-27 18:50:06,948 [ERROR] LogOutputStream:75 - [STDERR_REDIRECT] 
2025-09-27 18:50:06,949 [ERROR] LogOutputStream:75 - [STDERR_REDIRECT] Sep 27, 2025 6:50:06 PM java.util.prefs.FileSystemPreferences syncWorld
2025-09-27 18:50:06,950 [ERROR] LogOutputStream:75 - [STDERR_REDIRECT] WARNING: Couldn't flush system prefs: java.util.prefs.BackingStoreException: Couldn't get file lock.
2025-09-27 18:50:06,950 [ERROR] LogOutputStream:75 - [STDERR_REDIRECT] 
2025-09-27 18:50:36,935 [ERROR] LogOutputStream:75 - [STDERR_REDIRECT] Sep 27, 2025 6:50:36 PM java.util.prefs.FileSystemPreferences checkLockFile0ErrorCode
2025-09-27 18:50:36,936 [ERROR] LogOutputStream:75 - [STDERR_REDIRECT] WARNING: Could not lock System prefs. Unix error code 2.
2025-09-27 18:50:36,936 [ERROR] LogOutputStream:75 - [STDERR_REDIRECT] 
2025-09-27 18:50:36,937 [ERROR] LogOutputStream:75 - [STDERR_REDIRECT] Sep 27, 2025 6:50:36 PM java.util.prefs.FileSystemPreferences syncWorld
2025-09-27 18:50:36,937 [ERROR] LogOutputStream:75 - [STDERR_REDIRECT] WARNING: Couldn't flush system prefs: java.util.prefs.BackingStoreException: Couldn't get file lock.
2025-09-27 18:50:36,937 [ERROR] LogOutputStream:75 - [STDERR_REDIRECT] 
2025-09-27 18:51:06,935 [ERROR] LogOutputStream:75 - [STDERR_REDIRECT] Sep 27, 2025 6:51:06 PM java.util.prefs.FileSystemPreferences checkLockFile0ErrorCode
2025-09-27 18:51:06,935 [ERROR] LogOutputStream:75 - [STDERR_REDIRECT] WARNING: Could not lock System prefs. Unix error code 2.
2025-09-27 18:51:06,935 [ERROR] LogOutputStream:75 - [STDERR_REDIRECT] 
2025-09-27 18:51:06,935 [ERROR] LogOutputStream:75 - [STDERR_REDIRECT] Sep 27, 2025 6:51:06 PM java.util.prefs.FileSystemPreferences syncWorld
2025-09-27 18:51:06,935 [ERROR] LogOutputStream:75 - [STDERR_REDIRECT] WARNING: Couldn't flush system prefs: java.util.prefs.BackingStoreException: Couldn't get file lock.
2025-09-27 18:51:06,935 [ERROR] LogOutputStream:75 - [STDERR_REDIRECT] 
2025-09-27 18:51:36,936 [ERROR] LogOutputStream:75 - [STDERR_REDIRECT] Sep 27, 2025 6:51:36 PM java.util.prefs.FileSystemPreferences checkLockFile0ErrorCode
2025-09-27 18:51:36,936 [ERROR] LogOutputStream:75 - [STDERR_REDIRECT] WARNING: Could not lock System prefs. Unix error code 2.
2025-09-27 18:51:36,937 [ERROR] LogOutputStream:75 - [STDERR_REDIRECT] 
2025-09-27 18:51:36,937 [ERROR] LogOutputStream:75 - [STDERR_REDIRECT] Sep 27, 2025 6:51:36 PM java.util.prefs.FileSystemPreferences syncWorld
2025-09-27 18:51:36,937 [ERROR] LogOutputStream:75 - [STDERR_REDIRECT] WARNING: Couldn't flush system prefs: java.util.prefs.BackingStoreException: Couldn't get file lock.
2025-09-27 18:51:36,937 [ERROR] LogOutputStream:75 - [STDERR_REDIRECT] 
2025-09-27 18:52:06,937 [ERROR] LogOutputStream:75 - [STDERR_REDIRECT] Sep 27, 2025 6:52:06 PM java.util.prefs.FileSystemPreferences checkLockFile0ErrorCode
2025-09-27 18:52:06,937 [ERROR] LogOutputStream:75 - [STDERR_REDIRECT] WARNING: Could not lock System prefs. Unix error code 2.
2025-09-27 18:52:06,938 [ERROR] LogOutputStream:75 - [STDERR_REDIRECT] 
2025-09-27 18:52:06,939 [ERROR] LogOutputStream:75 - [STDERR_REDIRECT] Sep 27, 2025 6:52:06 PM java.util.prefs.FileSystemPreferences syncWorld
2025-09-27 18:52:06,939 [ERROR] LogOutputStream:75 - [STDERR_REDIRECT] WARNING: Couldn't flush system prefs: java.util.prefs.BackingStoreException: Couldn't get file lock.
2025-09-27 18:52:06,939 [ERROR] LogOutputStream:75 - [STDERR_REDIRECT] 
2025-09-27 18:52:36,936 [ERROR] LogOutputStream:75 - [STDERR_REDIRECT] Sep 27, 2025 6:52:36 PM java.util.prefs.FileSystemPreferences checkLockFile0ErrorCode
2025-09-27 18:52:36,936 [ERROR] LogOutputStream:75 - [STDERR_REDIRECT] WARNING: Could not lock System prefs. Unix error code 2.
2025-09-27 18:52:36,936 [ERROR] LogOutputStream:75 - [STDERR_REDIRECT] 
2025-09-27 18:52:36,937 [ERROR] LogOutputStream:75 - [STDERR_REDIRECT] Sep 27, 2025 6:52:36 PM java.util.prefs.FileSystemPreferences syncWorld
2025-09-27 18:52:36,937 [ERROR] LogOutputStream:75 - [STDERR_REDIRECT] WARNING: Couldn't flush system prefs: java.util.prefs.BackingStoreException: Couldn't get file lock.
2025-09-27 18:52:36,937 [ERROR] LogOutputStream:75 - [STDERR_REDIRECT] 
2025-09-27 18:53:06,937 [ERROR] LogOutputStream:75 - [STDERR_REDIRECT] Sep 27, 2025 6:53:06 PM java.util.prefs.FileSystemPreferences checkLockFile0ErrorCode
2025-09-27 18:53:06,937 [ERROR] LogOutputStream:75 - [STDERR_REDIRECT] WARNING: Could not lock System prefs. Unix error code 2.
2025-09-27 18:53:06,937 [ERROR] LogOutputStream:75 - [STDERR_REDIRECT] 
2025-09-27 18:53:06,937 [ERROR] LogOutputStream:75 - [STDERR_REDIRECT] Sep 27, 2025 6:53:06 PM java.util.prefs.FileSystemPreferences syncWorld
2025-09-27 18:53:06,937 [ERROR] LogOutputStream:75 - [STDERR_REDIRECT] WARNING: Couldn't flush system prefs: java.util.prefs.BackingStoreException: Couldn't get file lock.
2025-09-27 18:53:06,937 [ERROR] LogOutputStream:75 - [STDERR_REDIRECT] 
2025-09-27 18:53:36,938 [ERROR] LogOutputStream:75 - [STDERR_REDIRECT] Sep 27, 2025 6:53:36 PM java.util.prefs.FileSystemPreferences checkLockFile0ErrorCode
2025-09-27 18:53:36,939 [ERROR] LogOutputStream:75 - [STDERR_REDIRECT] WARNING: Could not lock System prefs. Unix error code 2.
2025-09-27 18:53:36,939 [ERROR] LogOutputStream:75 - [STDERR_REDIRECT] 
2025-09-27 18:53:36,940 [ERROR] LogOutputStream:75 - [STDERR_REDIRECT] Sep 27, 2025 6:53:36 PM java.util.prefs.FileSystemPreferences syncWorld
2025-09-27 18:53:36,940 [ERROR] LogOutputStream:75 - [STDERR_REDIRECT] WARNING: Couldn't flush system prefs: java.util.prefs.BackingStoreException: Couldn't get file lock.
2025-09-27 18:53:36,940 [ERROR] LogOutputStream:75 - [STDERR_REDIRECT] 
2025-09-27 18:54:06,937 [ERROR] LogOutputStream:75 - [STDERR_REDIRECT] Sep 27, 2025 6:54:06 PM java.util.prefs.FileSystemPreferences checkLockFile0ErrorCode
2025-09-27 18:54:06,938 [ERROR] LogOutputStream:75 - [STDERR_REDIRECT] WARNING: Could not lock System prefs. Unix error code 2.
2025-09-27 18:54:06,938 [ERROR] LogOutputStream:75 - [STDERR_REDIRECT] 
2025-09-27 18:54:06,938 [ERROR] LogOutputStream:75 - [STDERR_REDIRECT] Sep 27, 2025 6:54:06 PM java.util.prefs.FileSystemPreferences syncWorld
2025-09-27 18:54:06,939 [ERROR] LogOutputStream:75 - [STDERR_REDIRECT] WARNING: Couldn't flush system prefs: java.util.prefs.BackingStoreException: Couldn't get file lock.
2025-09-27 18:54:06,939 [ERROR] LogOutputStream:75 - [STDERR_REDIRECT] 
2025-09-27 18:54:36,937 [ERROR] LogOutputStream:75 - [STDERR_REDIRECT] Sep 27, 2025 6:54:36 PM java.util.prefs.FileSystemPreferences checkLockFile0ErrorCode
2025-09-27 18:54:36,938 [ERROR] LogOutputStream:75 - [STDERR_REDIRECT] WARNING: Could not lock System prefs. Unix error code 2.
2025-09-27 18:54:36,938 [ERROR] LogOutputStream:75 - [STDERR_REDIRECT] 
2025-09-27 18:54:36,938 [ERROR] LogOutputStream:75 - [STDERR_REDIRECT] Sep 27, 2025 6:54:36 PM java.util.prefs.FileSystemPreferences syncWorld
2025-09-27 18:54:36,939 [ERROR] LogOutputStream:75 - [STDERR_REDIRECT] WARNING: Couldn't flush system prefs: java.util.prefs.BackingStoreException: Couldn't get file lock.
2025-09-27 18:54:36,939 [ERROR] LogOutputStream:75 - [STDERR_REDIRECT] 
2025-09-27 18:55:06,937 [ERROR] LogOutputStream:75 - [STDERR_REDIRECT] Sep 27, 2025 6:55:06 PM java.util.prefs.FileSystemPreferences checkLockFile0ErrorCode
2025-09-27 18:55:06,937 [ERROR] LogOutputStream:75 - [STDERR_REDIRECT] WARNING: Could not lock System prefs. Unix error code 2.
2025-09-27 18:55:06,938 [ERROR] LogOutputStream:75 - [STDERR_REDIRECT] 
2025-09-27 18:55:06,938 [ERROR] LogOutputStream:75 - [STDERR_REDIRECT] Sep 27, 2025 6:55:06 PM java.util.prefs.FileSystemPreferences syncWorld
2025-09-27 18:55:06,938 [ERROR] LogOutputStream:75 - [STDERR_REDIRECT] WARNING: Couldn't flush system prefs: java.util.prefs.BackingStoreException: Couldn't get file lock.
2025-09-27 18:55:06,939 [ERROR] LogOutputStream:75 - [STDERR_REDIRECT] 
2025-09-27 18:55:36,937 [ERROR] LogOutputStream:75 - [STDERR_REDIRECT] Sep 27, 2025 6:55:36 PM java.util.prefs.FileSystemPreferences checkLockFile0ErrorCode
2025-09-27 18:55:36,937 [ERROR] LogOutputStream:75 - [STDERR_REDIRECT] WARNING: Could not lock System prefs. Unix error code 2.
2025-09-27 18:55:36,937 [ERROR] LogOutputStream:75 - [STDERR_REDIRECT] 
2025-09-27 18:55:36,937 [ERROR] LogOutputStream:75 - [STDERR_REDIRECT] Sep 27, 2025 6:55:36 PM java.util.prefs.FileSystemPreferences syncWorld
2025-09-27 18:55:36,938 [ERROR] LogOutputStream:75 - [STDERR_REDIRECT] WARNING: Couldn't flush system prefs: java.util.prefs.BackingStoreException: Couldn't get file lock.
2025-09-27 18:55:36,938 [ERROR] LogOutputStream:75 - [STDERR_REDIRECT] 
2025-09-27 18:56:06,937 [ERROR] LogOutputStream:75 - [STDERR_REDIRECT] Sep 27, 2025 6:56:06 PM java.util.prefs.FileSystemPreferences checkLockFile0ErrorCode
2025-09-27 18:56:06,937 [ERROR] LogOutputStream:75 - [STDERR_REDIRECT] WARNING: Could not lock System prefs. Unix error code 2.
2025-09-27 18:56:06,937 [ERROR] LogOutputStream:75 - [STDERR_REDIRECT] 
2025-09-27 18:56:06,938 [ERROR] LogOutputStream:75 - [STDERR_REDIRECT] Sep 27, 2025 6:56:06 PM java.util.prefs.FileSystemPreferences syncWorld
2025-09-27 18:56:06,938 [ERROR] LogOutputStream:75 - [STDERR_REDIRECT] WARNING: Couldn't flush system prefs: java.util.prefs.BackingStoreException: Couldn't get file lock.
2025-09-27 18:56:06,938 [ERROR] LogOutputStream:75 - [STDERR_REDIRECT] 
2025-09-27 18:56:36,938 [ERROR] LogOutputStream:75 - [STDERR_REDIRECT] Sep 27, 2025 6:56:36 PM java.util.prefs.FileSystemPreferences checkLockFile0ErrorCode
2025-09-27 18:56:36,938 [ERROR] LogOutputStream:75 - [STDERR_REDIRECT] WARNING: Could not lock System prefs. Unix error code 2.
2025-09-27 18:56:36,938 [ERROR] LogOutputStream:75 - [STDERR_REDIRECT] 
2025-09-27 18:56:36,939 [ERROR] LogOutputStream:75 - [STDERR_REDIRECT] Sep 27, 2025 6:56:36 PM java.util.prefs.FileSystemPreferences syncWorld
2025-09-27 18:56:36,939 [ERROR] LogOutputStream:75 - [STDERR_REDIRECT] WARNING: Couldn't flush system prefs: java.util.prefs.BackingStoreException: Couldn't get file lock.
2025-09-27 18:56:36,940 [ERROR] LogOutputStream:75 - [STDERR_REDIRECT] 
2025-09-27 18:57:06,937 [ERROR] LogOutputStream:75 - [STDERR_REDIRECT] Sep 27, 2025 6:57:06 PM java.util.prefs.FileSystemPreferences checkLockFile0ErrorCode
2025-09-27 18:57:06,937 [ERROR] LogOutputStream:75 - [STDERR_REDIRECT] WARNING: Could not lock System prefs. Unix error code 2.
2025-09-27 18:57:06,937 [ERROR] LogOutputStream:75 - [STDERR_REDIRECT] 
2025-09-27 18:57:06,938 [ERROR] LogOutputStream:75 - [STDERR_REDIRECT] Sep 27, 2025 6:57:06 PM java.util.prefs.FileSystemPreferences syncWorld
2025-09-27 18:57:06,938 [ERROR] LogOutputStream:75 - [STDERR_REDIRECT] WARNING: Couldn't flush system prefs: java.util.prefs.BackingStoreException: Couldn't get file lock.
2025-09-27 18:57:06,938 [ERROR] LogOutputStream:75 - [STDERR_REDIRECT] 
2025-09-27 18:57:36,937 [ERROR] LogOutputStream:75 - [STDERR_REDIRECT] Sep 27, 2025 6:57:36 PM java.util.prefs.FileSystemPreferences checkLockFile0ErrorCode
2025-09-27 18:57:36,938 [ERROR] LogOutputStream:75 - [STDERR_REDIRECT] WARNING: Could not lock System prefs. Unix error code 2.
2025-09-27 18:57:36,938 [ERROR] LogOutputStream:75 - [STDERR_REDIRECT] 
2025-09-27 18:57:36,939 [ERROR] LogOutputStream:75 - [STDERR_REDIRECT] Sep 27, 2025 6:57:36 PM java.util.prefs.FileSystemPreferences syncWorld
2025-09-27 18:57:36,939 [ERROR] LogOutputStream:75 - [STDERR_REDIRECT] WARNING: Couldn't flush system prefs: java.util.prefs.BackingStoreException: Couldn't get file lock.
2025-09-27 18:57:36,939 [ERROR] LogOutputStream:75 - [STDERR_REDIRECT] 
2025-09-27 18:58:06,937 [ERROR] LogOutputStream:75 - [STDERR_REDIRECT] Sep 27, 2025 6:58:06 PM java.util.prefs.FileSystemPreferences checkLockFile0ErrorCode
2025-09-27 18:58:06,938 [ERROR] LogOutputStream:75 - [STDERR_REDIRECT] WARNING: Could not lock System prefs. Unix error code 2.
2025-09-27 18:58:06,939 [ERROR] LogOutputStream:75 - [STDERR_REDIRECT] 
2025-09-27 18:58:06,940 [ERROR] LogOutputStream:75 - [STDERR_REDIRECT] Sep 27, 2025 6:58:06 PM java.util.prefs.FileSystemPreferences syncWorld
2025-09-27 18:58:06,941 [ERROR] LogOutputStream:75 - [STDERR_REDIRECT] WARNING: Couldn't flush system prefs: java.util.prefs.BackingStoreException: Couldn't get file lock.
2025-09-27 18:58:06,941 [ERROR] LogOutputStream:75 - [STDERR_REDIRECT] 
2025-09-27 18:58:36,937 [ERROR] LogOutputStream:75 - [STDERR_REDIRECT] Sep 27, 2025 6:58:36 PM java.util.prefs.FileSystemPreferences checkLockFile0ErrorCode
2025-09-27 18:58:36,938 [ERROR] LogOutputStream:75 - [STDERR_REDIRECT] WARNING: Could not lock System prefs. Unix error code 2.
2025-09-27 18:58:36,938 [ERROR] LogOutputStream:75 - [STDERR_REDIRECT] 
2025-09-27 18:58:36,939 [ERROR] LogOutputStream:75 - [STDERR_REDIRECT] Sep 27, 2025 6:58:36 PM java.util.prefs.FileSystemPreferences syncWorld
2025-09-27 18:58:36,939 [ERROR] LogOutputStream:75 - [STDERR_REDIRECT] WARNING: Couldn't flush system prefs: java.util.prefs.BackingStoreException: Couldn't get file lock.
2025-09-27 18:58:36,939 [ERROR] LogOutputStream:75 - [STDERR_REDIRECT] 
2025-09-27 18:59:06,937 [ERROR] LogOutputStream:75 - [STDERR_REDIRECT] Sep 27, 2025 6:59:06 PM java.util.prefs.FileSystemPreferences checkLockFile0ErrorCode
2025-09-27 18:59:06,938 [ERROR] LogOutputStream:75 - [STDERR_REDIRECT] WARNING: Could not lock System prefs. Unix error code 2.
2025-09-27 18:59:06,938 [ERROR] LogOutputStream:75 - [STDERR_REDIRECT] 
2025-09-27 18:59:06,938 [ERROR] LogOutputStream:75 - [STDERR_REDIRECT] Sep 27, 2025 6:59:06 PM java.util.prefs.FileSystemPreferences syncWorld
2025-09-27 18:59:06,939 [ERROR] LogOutputStream:75 - [STDERR_REDIRECT] WARNING: Couldn't flush system prefs: java.util.prefs.BackingStoreException: Couldn't get file lock.
2025-09-27 18:59:06,939 [ERROR] LogOutputStream:75 - [STDERR_REDIRECT] 
2025-09-27 18:59:36,937 [ERROR] LogOutputStream:75 - [STDERR_REDIRECT] Sep 27, 2025 6:59:36 PM java.util.prefs.FileSystemPreferences checkLockFile0ErrorCode
2025-09-27 18:59:36,938 [ERROR] LogOutputStream:75 - [STDERR_REDIRECT] WARNING: Could not lock System prefs. Unix error code 2.
2025-09-27 18:59:36,938 [ERROR] LogOutputStream:75 - [STDERR_REDIRECT] 
2025-09-27 18:59:36,939 [ERROR] LogOutputStream:75 - [STDERR_REDIRECT] Sep 27, 2025 6:59:36 PM java.util.prefs.FileSystemPreferences syncWorld
2025-09-27 18:59:36,939 [ERROR] LogOutputStream:75 - [STDERR_REDIRECT] WARNING: Couldn't flush system prefs: java.util.prefs.BackingStoreException: Couldn't get file lock.
2025-09-27 18:59:36,939 [ERROR] LogOutputStream:75 - [STDERR_REDIRECT] 
2025-09-27 19:00:06,937 [ERROR] LogOutputStream:75 - [STDERR_REDIRECT] Sep 27, 2025 7:00:06 PM java.util.prefs.FileSystemPreferences checkLockFile0ErrorCode
2025-09-27 19:00:06,938 [ERROR] LogOutputStream:75 - [STDERR_REDIRECT] WARNING: Could not lock System prefs. Unix error code 2.
2025-09-27 19:00:06,938 [ERROR] LogOutputStream:75 - [STDERR_REDIRECT] 
2025-09-27 19:00:06,939 [ERROR] LogOutputStream:75 - [STDERR_REDIRECT] Sep 27, 2025 7:00:06 PM java.util.prefs.FileSystemPreferences syncWorld
2025-09-27 19:00:06,939 [ERROR] LogOutputStream:75 - [STDERR_REDIRECT] WARNING: Couldn't flush system prefs: java.util.prefs.BackingStoreException: Couldn't get file lock.
2025-09-27 19:00:06,939 [ERROR] LogOutputStream:75 - [STDERR_REDIRECT] 
2025-09-27 19:00:36,937 [ERROR] LogOutputStream:75 - [STDERR_REDIRECT] Sep 27, 2025 7:00:36 PM java.util.prefs.FileSystemPreferences checkLockFile0ErrorCode
2025-09-27 19:00:36,938 [ERROR] LogOutputStream:75 - [STDERR_REDIRECT] WARNING: Could not lock System prefs. Unix error code 2.
2025-09-27 19:00:36,938 [ERROR] LogOutputStream:75 - [STDERR_REDIRECT] 
2025-09-27 19:00:36,939 [ERROR] LogOutputStream:75 - [STDERR_REDIRECT] Sep 27, 2025 7:00:36 PM java.util.prefs.FileSystemPreferences syncWorld
2025-09-27 19:00:36,939 [ERROR] LogOutputStream:75 - [STDERR_REDIRECT] WARNING: Couldn't flush system prefs: java.util.prefs.BackingStoreException: Couldn't get file lock.
2025-09-27 19:00:36,939 [ERROR] LogOutputStream:75 - [STDERR_REDIRECT] 
2025-09-27 19:01:00,378 [ERROR] LogOutputStream:75 - [STDERR_REDIRECT] 
2025-09-27 19:01:00,379 [ERROR] LogOutputStream:75 - [STDERR_REDIRECT] 
2025-09-27 20:53:45,711 [INFO] Activator:176 - 


2025-09-27 20:53:45,714 [INFO] Activator:177 - !SESSION log4j initialized
2025-09-27 20:53:53,658 [INFO] LogOutputStream:77 - [STDOUT_REDIRECT] 
2025-09-27 20:53:56,103 [INFO] ApplicationProperties:184 - Using Application install path: /opt/st/stm32cubeide_1.19.0/plugins/com.st.stm32cube.common.mx_6.15.0.202507011659
2025-09-27 20:53:56,135 [INFO] DbMcusXml:78 - Set database path to: /opt/st/stm32cubeide_1.19.0/plugins/com.st.stm32cube.common.mx_6.15.0.202507011659//db//mcu/
2025-09-27 20:53:56,135 [INFO] ApiDb:274 - Set plugin database path to: /opt/st/stm32cubeide_1.19.0/plugins/com.st.stm32cube.common.mx_6.15.0.202507011659//db//plugins/boardmanager/
2025-09-27 20:53:56,136 [WARN] ApiDb:259 - Overriding images path with different value:  => /opt/st/stm32cubeide_1.19.0/plugins/com.st.stm32cube.common.mx_6.15.0.202507011659//db//plugins/mcufinder/images/
2025-09-27 20:53:56,148 [INFO] ApiDb:250 - Set database path to: /home/tomas1908/.stmcufinder/plugins/mcufinder//mcu/
2025-09-27 20:53:56,150 [INFO] DbMcusAds:125 - Set database path to: /home/tomas1908/.stmcufinder/plugins/mcufinder//mcu/
2025-09-27 20:53:56,154 [INFO] CrossReferenceDbSqlite:203 - Set database path to: /home/tomas1908/.stmcufinder/plugins/mcufinder//mcu/cs/
2025-09-27 20:53:56,403 [INFO] RulesReader:64 - Compatibility file has been processed (317 Rules)
2025-09-27 20:53:56,513 [INFO] DbMcusXml:78 - Set database path to: /opt/st/stm32cubeide_1.19.0/plugins/com.st.stm32cube.common.mx_6.15.0.202507011659//db//mcu/
2025-09-27 20:53:56,513 [INFO] ApiDb:274 - Set plugin database path to: /opt/st/stm32cubeide_1.19.0/plugins/com.st.stm32cube.common.mx_6.15.0.202507011659//db//plugins/boardmanager/
2025-09-27 20:53:56,513 [INFO] ApiDb:261 - Set plugin images path to: /opt/st/stm32cubeide_1.19.0/plugins/com.st.stm32cube.common.mx_6.15.0.202507011659//db//plugins/mcufinder/images/
2025-09-27 20:53:56,513 [WARN] DbFile:41 - Overriding database path with different value: /home/tomas1908/.stmcufinder/plugins/mcufinder/ => /home/tomas1908/.stmcufinder/plugins/mcufinder
2025-09-27 20:53:56,514 [INFO] ApiDb:250 - Set database path to: /home/tomas1908/.stmcufinder/plugins/mcufinder//mcu/
2025-09-27 20:53:56,514 [WARN] DbFile:41 - Overriding database path with different value: /home/tomas1908/.stmcufinder/plugins/mcufinder/ => /home/tomas1908/.stmcufinder/plugins/mcufinder
2025-09-27 20:53:56,514 [INFO] DbMcusAds:125 - Set database path to: /home/tomas1908/.stmcufinder/plugins/mcufinder//mcu/
2025-09-27 20:53:56,514 [WARN] DbFile:41 - Overriding database path with different value: /home/tomas1908/.stmcufinder/plugins/mcufinder/ => /home/tomas1908/.stmcufinder/plugins/mcufinder
2025-09-27 20:53:56,515 [WARN] DbFile:41 - Overriding database path with different value: /home/tomas1908/.stmcufinder/plugins/mcufinder/ => /home/tomas1908/.stmcufinder/plugins/mcufinder
2025-09-27 20:53:56,515 [INFO] CrossReferenceDbSqlite:203 - Set database path to: /home/tomas1908/.stmcufinder/plugins/mcufinder//mcu/cs/
2025-09-27 20:53:56,628 [INFO] MainPanel:274 - HeapMemory: 268435456
2025-09-27 20:53:56,875 [INFO] DbMcusXml:78 - Set database path to: /opt/st/stm32cubeide_1.19.0/plugins/com.st.stm32cube.common.mx_6.15.0.202507011659//db//mcu/
2025-09-27 20:53:56,875 [INFO] ApiDb:274 - Set plugin database path to: /opt/st/stm32cubeide_1.19.0/plugins/com.st.stm32cube.common.mx_6.15.0.202507011659//db//plugins/boardmanager/
2025-09-27 20:53:56,875 [INFO] ApiDb:261 - Set plugin images path to: /opt/st/stm32cubeide_1.19.0/plugins/com.st.stm32cube.common.mx_6.15.0.202507011659//db//plugins/mcufinder/images/
2025-09-27 20:53:56,876 [WARN] DbFile:41 - Overriding database path with different value: /home/tomas1908/.stmcufinder/plugins/mcufinder/ => /home/tomas1908/.stmcufinder/plugins/mcufinder
2025-09-27 20:53:56,876 [INFO] ApiDb:250 - Set database path to: /home/tomas1908/.stmcufinder/plugins/mcufinder//mcu/
2025-09-27 20:53:56,877 [WARN] DbFile:41 - Overriding database path with different value: /home/tomas1908/.stmcufinder/plugins/mcufinder/ => /home/tomas1908/.stmcufinder/plugins/mcufinder
2025-09-27 20:53:56,877 [INFO] DbMcusAds:125 - Set database path to: /home/tomas1908/.stmcufinder/plugins/mcufinder//mcu/
2025-09-27 20:53:56,877 [WARN] DbFile:41 - Overriding database path with different value: /home/tomas1908/.stmcufinder/plugins/mcufinder/ => /home/tomas1908/.stmcufinder/plugins/mcufinder
2025-09-27 20:53:56,877 [WARN] DbFile:41 - Overriding database path with different value: /home/tomas1908/.stmcufinder/plugins/mcufinder/ => /home/tomas1908/.stmcufinder/plugins/mcufinder
2025-09-27 20:53:56,878 [INFO] CrossReferenceDbSqlite:203 - Set database path to: /home/tomas1908/.stmcufinder/plugins/mcufinder//mcu/cs/
2025-09-27 20:53:56,908 [INFO] ApplicationProperties:184 - Using Application install path: /opt/st/stm32cubeide_1.19.0/plugins/com.st.stm32cube.common.mx_6.15.0.202507011659
2025-09-27 20:53:56,911 [INFO] PluginManage:196 - Search for loadable plugins [exclusion list=, ]
2025-09-27 20:53:56,912 [INFO] PluginManage:310 - Check plugin analytics
2025-09-27 20:53:57,202 [INFO] AnalyticsPlugin:253 - Accepted Software Licenses: 
2025-09-27 20:53:57,202 [INFO] AnalyticsPlugin:255 - Accepted CMSIS Pack Licenses: 
2025-09-27 20:53:57,202 [INFO] AnalyticsPlugin:257 - Accepted Firmware Licenses: FW.F4.1.28.0
2025-09-27 20:53:57,207 [INFO] PluginManage:359 - Loaded plugin analytics (category:tool,tabindex:-1)
2025-09-27 20:53:57,207 [INFO] PluginManage:310 - Check plugin cadmodel
2025-09-27 20:53:57,214 [INFO] CADModel:105 - Init CAD model plugin
2025-09-27 20:53:57,214 [INFO] PluginManage:359 - Loaded plugin cadmodel (category:power,tabindex:5)
2025-09-27 20:53:57,215 [INFO] PluginManage:310 - Check plugin clock
2025-09-27 20:53:57,231 [INFO] PluginManage:359 - Loaded plugin clock (category:base,tabindex:2)
2025-09-27 20:53:57,231 [INFO] PluginManage:310 - Check plugin ddr
2025-09-27 20:53:57,234 [INFO] PluginManage:359 - Loaded plugin ddr (category:tool,tabindex:6)
2025-09-27 20:53:57,235 [INFO] PluginManage:310 - Check plugin filemanager
2025-09-27 20:53:57,485 [INFO] PluginManage:359 - Loaded plugin filemanager (category:base,tabindex:10)
2025-09-27 20:53:57,485 [INFO] PluginManage:310 - Check plugin ipmanager
2025-09-27 20:53:57,495 [INFO] PluginManage:359 - Loaded plugin ipmanager (category:base,tabindex:5)
2025-09-27 20:53:57,495 [INFO] PluginManage:310 - Check plugin lpbam
2025-09-27 20:53:57,515 [INFO] PluginManage:359 - Loaded plugin lpbam (category:base,tabindex:0)
2025-09-27 20:53:57,515 [INFO] PluginManage:310 - Check plugin memorymap
2025-09-27 20:53:57,544 [INFO] PluginManage:359 - Loaded plugin memorymap (category:base,tabindex:4)
2025-09-27 20:53:57,544 [INFO] PluginManage:310 - Check plugin pinoutandconfiguration
2025-09-27 20:53:57,568 [INFO] PluginManage:359 - Loaded plugin pinoutandconfiguration (category:base,tabindex:1)
2025-09-27 20:53:57,569 [INFO] PluginManage:310 - Check plugin pinoutconfig
2025-09-27 20:53:57,747 [WARN] SupportedApi:132 - Cannot load RTOS API schema: s4s-elt-must-match.1: The content of 'definitions' must match (annotation?, (simpleType | complexType)?, (unique | key | keyref)*)). A problem was found starting at: attribute.
2025-09-27 20:53:57,996 [INFO] PluginManage:359 - Loaded plugin pinoutconfig (category:base,tabindex:0)
2025-09-27 20:53:57,996 [INFO] PluginManage:310 - Check plugin power
2025-09-27 20:53:58,009 [INFO] PluginManage:359 - Loaded plugin power (category:power,tabindex:4)
2025-09-27 20:53:58,009 [INFO] PluginManage:310 - Check plugin projectmanager
2025-09-27 20:53:58,034 [INFO] PluginManage:359 - Loaded plugin projectmanager (category:projectmanager,tabindex:4)
2025-09-27 20:53:58,034 [INFO] PluginManage:310 - Check plugin rif
2025-09-27 20:53:58,049 [INFO] PluginManage:359 - Loaded plugin rif (category:base,tabindex:3)
2025-09-27 20:53:58,049 [INFO] PluginManage:310 - Check plugin thirdparty
2025-09-27 20:53:58,254 [INFO] PluginManage:359 - Loaded plugin thirdparty (category:base,tabindex:-1)
2025-09-27 20:53:58,253 [WARN] IntegrityCheckThread:84 - waiting for thirdparty lock release [integrity check]
2025-09-27 20:53:58,254 [INFO] PluginManage:310 - Check plugin tools
2025-09-27 20:53:58,254 [INFO] IntegrityCheckThread:86 - entering critical section [integrity check]
2025-09-27 20:53:58,255 [INFO] ThirdPartyUpdaterWithRetryManager:70 - Updater plugin not ready yet. [1/15]
2025-09-27 20:53:58,258 [INFO] PluginManage:359 - Loaded plugin tools (category:base,tabindex:7)
2025-09-27 20:53:58,258 [INFO] PluginManage:310 - Check plugin tutovideos
2025-09-27 20:53:58,649 [INFO] PluginManage:359 - Loaded plugin tutovideos (category:base,tabindex:-1)
2025-09-27 20:53:58,649 [INFO] PluginManage:310 - Check plugin updater
2025-09-27 20:53:58,695 [INFO] PluginManage:359 - Loaded plugin updater (category:base,tabindex:12)
2025-09-27 20:53:58,695 [INFO] PluginManage:310 - Check plugin userauth
2025-09-27 20:53:58,702 [INFO] UserAuth:118 - Init User Auth plugin
2025-09-27 20:53:58,703 [INFO] PluginManage:359 - Loaded plugin userauth (category:base,tabindex:14)
2025-09-27 20:53:58,704 [INFO] PluginManage:283 - PluginManage : Loaded plugins [18]
2025-09-27 20:53:59,041 [INFO] PinOutPanel:1589 - setPackage(No Configuration,No Configuration)
2025-09-27 20:53:59,180 [INFO] CADModel:165 - CPN selected for project level
2025-09-27 20:53:59,180 [INFO] CADModel:114 - Register for checkConnection events
2025-09-27 20:53:59,201 [INFO] IPUIPlugin:80 - create IPUIPlugin
2025-09-27 20:53:59,201 [INFO] PluginManager:220 - loadIPPluginJar : add i2c
2025-09-27 20:53:59,211 [INFO] IPUIPlugin:80 - create IPUIPlugin
2025-09-27 20:53:59,212 [INFO] PluginManager:220 - loadIPPluginJar : add mdma
2025-09-27 20:53:59,215 [INFO] IPUIPlugin:80 - create IPUIPlugin
2025-09-27 20:53:59,216 [INFO] PluginManager:220 - loadIPPluginJar : add aes
2025-09-27 20:53:59,219 [INFO] IPUIPlugin:80 - create IPUIPlugin
2025-09-27 20:53:59,220 [INFO] PluginManager:220 - loadIPPluginJar : add can
2025-09-27 20:53:59,229 [INFO] IPUIPlugin:80 - create IPUIPlugin
2025-09-27 20:53:59,229 [INFO] PluginManager:220 - loadIPPluginJar : add freertos
2025-09-27 20:53:59,233 [INFO] IPUIPlugin:80 - create IPUIPlugin
2025-09-27 20:53:59,233 [INFO] PluginManager:220 - loadIPPluginJar : add gtzc
2025-09-27 20:53:59,236 [INFO] IPUIPlugin:80 - create IPUIPlugin
2025-09-27 20:53:59,236 [INFO] PluginManager:220 - loadIPPluginJar : add ts
2025-09-27 20:53:59,249 [INFO] IPUIPlugin:80 - create IPUIPlugin
2025-09-27 20:53:59,249 [INFO] PluginManager:220 - loadIPPluginJar : add stm32_wpan
2025-09-27 20:53:59,251 [INFO] IPUIPlugin:80 - create IPUIPlugin
2025-09-27 20:53:59,251 [INFO] PluginManager:220 - loadIPPluginJar : add fatfs
2025-09-27 20:53:59,260 [INFO] IPUIPlugin:80 - create IPUIPlugin
2025-09-27 20:53:59,260 [INFO] PluginManager:220 - loadIPPluginJar : add dma
2025-09-27 20:53:59,265 [INFO] IPUIPlugin:80 - create IPUIPlugin
2025-09-27 20:53:59,266 [INFO] PluginManager:220 - loadIPPluginJar : add usbx
2025-09-27 20:53:59,269 [INFO] IPUIPlugin:80 - create IPUIPlugin
2025-09-27 20:53:59,270 [INFO] PluginManager:220 - loadIPPluginJar : add hash
2025-09-27 20:53:59,274 [INFO] IPUIPlugin:80 - create IPUIPlugin
2025-09-27 20:53:59,274 [INFO] PluginManager:220 - loadIPPluginJar : add cryp
2025-09-27 20:53:59,278 [INFO] IPUIPlugin:80 - create IPUIPlugin
2025-09-27 20:53:59,278 [INFO] PluginManager:220 - loadIPPluginJar : add openamp
2025-09-27 20:53:59,280 [INFO] IPUIPlugin:80 - create IPUIPlugin
2025-09-27 20:53:59,281 [INFO] PluginManager:220 - loadIPPluginJar : add genericplugin
2025-09-27 20:53:59,285 [INFO] IPUIPlugin:80 - create IPUIPlugin
2025-09-27 20:53:59,286 [INFO] PluginManager:220 - loadIPPluginJar : add ipddr
2025-09-27 20:53:59,290 [INFO] IPUIPlugin:80 - create IPUIPlugin
2025-09-27 20:53:59,290 [INFO] PluginManager:220 - loadIPPluginJar : add opamp
2025-09-27 20:53:59,292 [INFO] IPUIPlugin:80 - create IPUIPlugin
2025-09-27 20:53:59,292 [INFO] PluginManager:220 - loadIPPluginJar : add ltdc
2025-09-27 20:53:59,295 [INFO] IPUIPlugin:80 - create IPUIPlugin
2025-09-27 20:53:59,296 [INFO] PluginManager:220 - loadIPPluginJar : add dfsdm
2025-09-27 20:53:59,303 [INFO] IPUIPlugin:80 - create IPUIPlugin
2025-09-27 20:53:59,303 [INFO] PluginManager:220 - loadIPPluginJar : add gic
2025-09-27 20:53:59,307 [INFO] IPUIPlugin:80 - create IPUIPlugin
2025-09-27 20:53:59,308 [INFO] PluginManager:220 - loadIPPluginJar : add extmemmanager
2025-09-27 20:53:59,310 [INFO] IPUIPlugin:80 - create IPUIPlugin
2025-09-27 20:53:59,310 [INFO] PluginManager:220 - loadIPPluginJar : add ucpd
2025-09-27 20:53:59,313 [INFO] IPUIPlugin:80 - create IPUIPlugin
2025-09-27 20:53:59,313 [INFO] PluginManager:220 - loadIPPluginJar : add tracer_emb
2025-09-27 20:53:59,315 [INFO] IPUIPlugin:80 - create IPUIPlugin
2025-09-27 20:53:59,316 [INFO] PluginManager:220 - loadIPPluginJar : add radio
2025-09-27 20:53:59,320 [INFO] IPUIPlugin:80 - create IPUIPlugin
2025-09-27 20:53:59,320 [INFO] PluginManager:220 - loadIPPluginJar : add pdm2pcm
2025-09-27 20:53:59,323 [INFO] IPUIPlugin:80 - create IPUIPlugin
2025-09-27 20:53:59,323 [INFO] PluginManager:220 - loadIPPluginJar : add spi
2025-09-27 20:53:59,326 [INFO] IPUIPlugin:80 - create IPUIPlugin
2025-09-27 20:53:59,326 [INFO] PluginManager:220 - loadIPPluginJar : add tim
2025-09-27 20:53:59,335 [INFO] IPUIPlugin:80 - create IPUIPlugin
2025-09-27 20:53:59,339 [INFO] PluginManager:220 - loadIPPluginJar : add plateformsettings
2025-09-27 20:53:59,344 [INFO] IPUIPlugin:80 - create IPUIPlugin
2025-09-27 20:53:59,345 [INFO] PluginManager:220 - loadIPPluginJar : add touchsensing
2025-09-27 20:53:59,351 [INFO] IPUIPlugin:80 - create IPUIPlugin
2025-09-27 20:53:59,352 [INFO] PluginManager:220 - loadIPPluginJar : add gpio
2025-09-27 20:53:59,362 [INFO] IPUIPlugin:80 - create IPUIPlugin
2025-09-27 20:53:59,362 [INFO] PluginManager:220 - loadIPPluginJar : add adc
2025-09-27 20:53:59,374 [INFO] IPUIPlugin:80 - create IPUIPlugin
2025-09-27 20:53:59,374 [INFO] PluginManager:220 - loadIPPluginJar : add linkedlist
2025-09-27 20:53:59,377 [INFO] IPUIPlugin:80 - create IPUIPlugin
2025-09-27 20:53:59,377 [INFO] PluginManager:220 - loadIPPluginJar : add comp
2025-09-27 20:53:59,384 [INFO] IPUIPlugin:80 - create IPUIPlugin
2025-09-27 20:53:59,384 [INFO] PluginManager:220 - loadIPPluginJar : add fmc
2025-09-27 20:53:59,387 [INFO] IPUIPlugin:80 - create IPUIPlugin
2025-09-27 20:53:59,387 [INFO] PluginManager:220 - loadIPPluginJar : add tsc
2025-09-27 20:53:59,393 [INFO] IPUIPlugin:80 - create IPUIPlugin
2025-09-27 20:53:59,393 [INFO] PluginManager:220 - loadIPPluginJar : add sai
2025-09-27 20:53:59,398 [INFO] IPUIPlugin:80 - create IPUIPlugin
2025-09-27 20:53:59,398 [INFO] PluginManager:220 - loadIPPluginJar : add usart
2025-09-27 20:53:59,404 [INFO] IPUIPlugin:80 - create IPUIPlugin
2025-09-27 20:53:59,405 [INFO] PluginManager:220 - loadIPPluginJar : add nvic
2025-09-27 20:53:59,411 [INFO] IPUIPlugin:80 - create IPUIPlugin
2025-09-27 20:53:59,411 [INFO] PluginManager:220 - loadIPPluginJar : add resmgrutility
2025-09-27 20:53:59,416 [INFO] IPUIPlugin:80 - create IPUIPlugin
2025-09-27 20:53:59,416 [INFO] PluginManager:220 - loadIPPluginJar : add lorawan
2025-09-27 20:53:59,419 [INFO] IPUIPlugin:80 - create IPUIPlugin
2025-09-27 20:53:59,420 [INFO] PluginManager:220 - loadIPPluginJar : add gfxmmu
2025-09-27 20:53:59,424 [INFO] IPUIPlugin:80 - create IPUIPlugin
2025-09-27 20:53:59,424 [INFO] PluginManager:220 - loadIPPluginJar : add dma3
2025-09-27 20:53:59,429 [INFO] IPUIPlugin:80 - create IPUIPlugin
2025-09-27 20:53:59,429 [INFO] PluginManager:220 - loadIPPluginJar : add i3c
2025-09-27 20:53:59,431 [INFO] IPUIPlugin:80 - create IPUIPlugin
2025-09-27 20:53:59,431 [INFO] PluginManager:220 - loadIPPluginJar : add quadspi
2025-09-27 20:53:59,436 [INFO] IPUIPlugin:80 - create IPUIPlugin
2025-09-27 20:53:59,436 [INFO] PluginManager:220 - loadIPPluginJar : add ddr_ctrl_phy
2025-09-27 20:53:59,440 [INFO] IPUIPlugin:80 - create IPUIPlugin
2025-09-27 20:53:59,441 [INFO] PluginManager:220 - loadIPPluginJar : add i2s
2025-09-27 20:53:59,575 [FATAL] Updater:351 - Updater called before beeing initialized
2025-09-27 20:53:59,620 [INFO] RulesReader:64 - Compatibility file has been processed (317 Rules)
2025-09-27 20:53:59,641 [INFO] RulesReader:64 - Compatibility file has been processed (317 Rules)
2025-09-27 20:53:59,651 [INFO] CADModel:165 - CPN selected for project level
2025-09-27 20:53:59,652 [INFO] CADModel:114 - Register for checkConnection events
2025-09-27 20:53:59,652 [FATAL] Updater:351 - Updater called before beeing initialized
2025-09-27 20:53:59,652 [ERROR] CADModel:125 - Updater not yet initialized, retry later 
2025-09-27 20:53:59,876 [FATAL] Updater:351 - Updater called before beeing initialized
2025-09-27 20:53:59,879 [INFO] CADModel:165 - CPN selected for project level
2025-09-27 20:53:59,880 [INFO] CADModel:114 - Register for checkConnection events
2025-09-27 20:53:59,880 [FATAL] Updater:351 - Updater called before beeing initialized
2025-09-27 20:53:59,880 [ERROR] CADModel:125 - Updater not yet initialized, retry later 
2025-09-27 20:53:59,887 [FATAL] Updater:351 - Updater called before beeing initialized
2025-09-27 20:54:00,049 [FATAL] Updater:351 - Updater called before beeing initialized
2025-09-27 20:54:00,056 [INFO] DbMcusAds:53 - JSON generation date=Tue Jul 08 05:14:23 ART 2025 (1751962463582)
2025-09-27 20:54:00,056 [FATAL] Updater:351 - Updater called before beeing initialized
2025-09-27 20:54:00,125 [WARN] DetailPanel:346 - Failed to get advertising image, set to default
2025-09-27 20:54:00,261 [FATAL] Updater:351 - Updater called before beeing initialized
2025-09-27 20:54:00,264 [FATAL] Updater:351 - Updater called before beeing initialized
2025-09-27 20:54:00,264 [FATAL] Updater:351 - Updater called before beeing initialized
2025-09-27 20:54:00,264 [WARN] DetailPanel:346 - Failed to get advertising image, set to default
2025-09-27 20:54:00,266 [FATAL] Updater:351 - Updater called before beeing initialized
2025-09-27 20:54:00,328 [ERROR] Updater:1198 - MainUpdater not yet initialized. External WinMGr cannot be set.
2025-09-27 20:54:00,331 [INFO] Updater:1134 - Updater Version found : 6.15.0
2025-09-27 20:54:00,363 [INFO] ApplicationProperties:184 - Using Application install path: /opt/st/stm32cubeide_1.19.0/plugins/com.st.stm32cube.common.mx_6.15.0.202507011659
2025-09-27 20:54:00,386 [ERROR] LogOutputStream:75 - [STDERR_REDIRECT] Sep 27, 2025 8:54:00 PM java.util.prefs.FileSystemPreferences$2 run
2025-09-27 20:54:00,386 [ERROR] LogOutputStream:75 - [STDERR_REDIRECT] WARNING: Could not create system preferences directory. System preferences are unusable.
2025-09-27 20:54:00,387 [ERROR] LogOutputStream:75 - [STDERR_REDIRECT] 
2025-09-27 20:54:00,848 [INFO] MainUpdater:2872 - connection check result : 10
2025-09-27 20:54:00,849 [INFO] MainUpdater:289 - Updater Check For Update Now.
2025-09-27 20:54:00,849 [INFO] MicroXplorer:498 - Change Database Version : DB.6.0.150
2025-09-27 20:54:00,859 [INFO] McuFinderGlobals:63 - Set McuFinder mode to 2 (CubeIDE integrated)
2025-09-27 20:54:00,860 [INFO] UserAuth:487 - Internet connection configuration mode: 1
2025-09-27 20:54:00,894 [INFO] JxBrowserEngine:152 - Initiate JxBrowser Engine with user profile folder
2025-09-27 20:54:01,121 [INFO] CheckServerUpdateThread:120 - End of CheckServer Thread
2025-09-27 20:54:01,545 [WARN] PackLoader:240 - Cannot read IP mode file for STMicroelectronics.FP-SNS-MOTENVWB1.1.4.0
2025-09-27 20:54:01,557 [WARN] PackLoader:240 - Cannot read IP mode file for STMicroelectronics.FP-ATR-ASTRA1.2.0.2
2025-09-27 20:54:01,570 [WARN] PackLoader:240 - Cannot read IP mode file for STMicroelectronics.X-CUBE-SMBUS.2.1.0
2025-09-27 20:54:01,578 [WARN] PackLoader:240 - Cannot read IP mode file for STMicroelectronics.X-CUBE-ST60.1.0.0
2025-09-27 20:54:01,656 [WARN] PackLoader:240 - Cannot read IP mode file for STMicroelectronics.X-CUBE-AZRTOS-F7.1.1.0
2025-09-27 20:54:01,674 [WARN] PackLoader:240 - Cannot read IP mode file for Cesanta.I-CUBE-Mongoose.7.19.0
2025-09-27 20:54:01,718 [WARN] PackLoader:240 - Cannot read IP mode file for WES.I-CUBE-Cesium.1.4.0
2025-09-27 20:54:01,798 [WARN] PackLoader:240 - Cannot read IP mode file for Infineon.AIROC-Wi-Fi-Bluetooth-STM32.1.7.1
2025-09-27 20:54:01,830 [WARN] PackLoader:240 - Cannot read IP mode file for STMicroelectronics.X-CUBE-DISPLAY.3.0.0
2025-09-27 20:54:01,864 [WARN] PackLoader:240 - Cannot read IP mode file for STMicroelectronics.X-CUBE-NFC10.1.0.0
2025-09-27 20:54:01,882 [WARN] PackLoader:240 - Cannot read IP mode file for emotas.I-CUBE-CANOPEN.1.3.0
2025-09-27 20:54:01,892 [WARN] PackLoader:240 - Cannot read IP mode file for STMicroelectronics.FP-SNS-SMARTAG2.1.2.0
2025-09-27 20:54:01,902 [WARN] PackLoader:240 - Cannot read IP mode file for STMicroelectronics.FP-SNS-FLIGHT1.5.1.0
2025-09-27 20:54:01,926 [INFO] LogOutputStream:77 - [STDOUT_REDIRECT] 1 : Invalid condition id : UX_CORESTACK_Condition cause : null
2025-09-27 20:54:01,927 [INFO] LogOutputStream:77 - [STDOUT_REDIRECT] 1 : Invalid condition id : UX_CORESTACK_Condition cause : null
2025-09-27 20:54:01,928 [INFO] LogOutputStream:77 - [STDOUT_REDIRECT] 1 : Invalid condition id : UX_CORESTACK_Condition cause : null
2025-09-27 20:54:01,928 [INFO] LogOutputStream:77 - [STDOUT_REDIRECT] 1 : Invalid condition id : UX_CORESTACK_Condition cause : null
2025-09-27 20:54:01,929 [INFO] LogOutputStream:77 - [STDOUT_REDIRECT] 1 : Invalid condition id : UX_CORESTACK_Condition cause : null
2025-09-27 20:54:01,941 [WARN] PackLoader:240 - Cannot read IP mode file for STMicroelectronics.X-CUBE-AZRTOS-WL.2.0.0
2025-09-27 20:54:01,955 [WARN] PackLoader:240 - Cannot read IP mode file for STMicroelectronics.FP-SNS-MOTENV1.5.0.0
2025-09-27 20:54:01,971 [WARN] PackLoader:240 - Cannot read IP mode file for STMicroelectronics.X-CUBE-BLE2.3.3.0
2025-09-27 20:54:01,986 [WARN] PackLoader:240 - Cannot read IP mode file for STMicroelectronics.X-CUBE-NFC9.1.0.0
2025-09-27 20:54:01,999 [WARN] PackLoader:240 - Cannot read IP mode file for STMicroelectronics.X-CUBE-BLE1.7.1.0
2025-09-27 20:54:02,053 [WARN] PackLoader:240 - Cannot read IP mode file for STMicroelectronics.X-CUBE-AZRTOS-G0.1.1.0
2025-09-27 20:54:02,073 [WARN] PackLoader:240 - Cannot read IP mode file for STMicroelectronics.X-CUBE-SAFEA1.1.2.2
2025-09-27 20:54:02,087 [WARN] PackLoader:240 - Cannot read IP mode file for STMicroelectronics.X-CUBE-NFC4.3.0.0
2025-09-27 20:54:02,113 [WARN] PackLoader:240 - Cannot read IP mode file for EmbeddedOffice.I-CUBE-FS-RTOS.1.0.1
2025-09-27 20:54:02,126 [WARN] PackLoader:240 - Cannot read IP mode file for STMicroelectronics.X-CUBE-WB05N.2.0.0
2025-09-27 20:54:02,139 [WARN] PackLoader:240 - Cannot read IP mode file for STMicroelectronics.X-CUBE-TCPP.4.2.0
2025-09-27 20:54:02,152 [WARN] PackLoader:240 - Cannot read IP mode file for RealThread.X-CUBE-RT-Thread_Nano.4.1.1
2025-09-27 20:54:02,159 [WARN] PackLoader:240 - Cannot read IP mode file for STMicroelectronics.FP-ATR-SIGFOX1.3.2.0
2025-09-27 20:54:02,170 [WARN] PackLoader:240 - Cannot read IP mode file for ITTIA_DB.I-CUBE-ITTIADB.8.9.0
2025-09-27 20:54:02,182 [WARN] PackLoader:240 - Cannot read IP mode file for STMicroelectronics.X-CUBE-ST67W61.1.0.0
2025-09-27 20:54:02,255 [WARN] PackLoader:240 - Cannot read IP mode file for SEGGER.I-CUBE-embOS.1.3.1
2025-09-27 20:54:02,449 [WARN] PackLoader:240 - Cannot read IP mode file for STMicroelectronics.X-CUBE-ALGOBUILD.1.4.0
2025-09-27 20:54:02,646 [WARN] PackLoader:240 - Cannot read IP mode file for STMicroelectronics.X-CUBE-MEMS1.11.3.0
2025-09-27 20:54:02,803 [INFO] WebApp:169 - Instantiating new browser for Auth
2025-09-27 20:54:03,071 [WARN] PackLoader:240 - Cannot read IP mode file for STMicroelectronics.X-CUBE-PM33A1.1.0.0
2025-09-27 20:54:03,109 [WARN] PackLoader:240 - Cannot read IP mode file for STMicroelectronics.X-CUBE-AZRTOS-F4.1.1.0
2025-09-27 20:54:03,119 [WARN] PackLoader:240 - Cannot read IP mode file for Avnet-IotConnect.X-CUBE-IoTC-DA16k-PMOD.1.0.0
2025-09-27 20:54:03,124 [WARN] PackLoader:240 - Cannot read IP mode file for STMicroelectronics.X-CUBE-ISPU.2.1.0
2025-09-27 20:54:03,149 [WARN] PackLoader:240 - Cannot read IP mode file for STMicroelectronics.X-CUBE-AZRTOS-L5.2.0.0
2025-09-27 20:54:03,168 [WARN] PackLoader:240 - Cannot read IP mode file for STMicroelectronics.X-CUBE-NFC6.3.1.0
2025-09-27 20:54:03,181 [WARN] PackLoader:240 - Cannot read IP mode file for STMicroelectronics.X-CUBE-FREERTOS.1.3.1
2025-09-27 20:54:03,191 [WARN] PackLoader:240 - Cannot read IP mode file for STMicroelectronics.X-CUBE-DPower.1.3.0
2025-09-27 20:54:03,226 [WARN] ConditionMgr:438 - getConditionDescription Invalid condition id : LAN8742 Phy interface Condition cause : null
2025-09-27 20:54:03,227 [WARN] PackLoader:240 - Cannot read IP mode file for STMicroelectronics.X-CUBE-AZRTOS-L4.2.0.0
2025-09-27 20:54:03,229 [WARN] ConditionMgr:1044 - genDependencies : Invalid condition id : LAN8742 Phy interface Condition cause : null
2025-09-27 20:54:03,229 [WARN] ConditionMgr:1044 - genDependencies : Invalid condition id : LAN8742 Phy interface Condition cause : null
2025-09-27 20:54:03,230 [WARN] ConditionMgr:1044 - genDependencies : Invalid condition id : LAN8742 Phy interface Condition cause : null
2025-09-27 20:54:03,244 [WARN] PackLoader:240 - Cannot read IP mode file for STMicroelectronics.X-CUBE-SFXS2LP1.4.0.0
2025-09-27 20:54:03,273 [WARN] ConditionMgr:438 - getConditionDescription Invalid condition id : UX DEVICE CLASS RTOS Condition cause : null
2025-09-27 20:54:03,273 [WARN] ConditionMgr:438 - getConditionDescription Invalid condition id : UX DEVICE CLASS RTOS Condition cause : null
2025-09-27 20:54:03,279 [WARN] PackLoader:240 - Cannot read IP mode file for STMicroelectronics.X-CUBE-AZRTOS-WB.2.0.0
2025-09-27 20:54:03,280 [WARN] ConditionMgr:1044 - genDependencies : Invalid condition id : UX DEVICE CLASS RTOS Condition cause : null
2025-09-27 20:54:03,280 [WARN] ConditionMgr:1044 - genDependencies : Invalid condition id : UX DEVICE CLASS RTOS Condition cause : null
2025-09-27 20:54:03,281 [WARN] ConditionMgr:1044 - genDependencies : Invalid condition id : UX DEVICE CLASS RTOS Condition cause : null
2025-09-27 20:54:03,282 [WARN] ConditionMgr:1044 - genDependencies : Invalid condition id : UX DEVICE CLASS RTOS Condition cause : null
2025-09-27 20:54:03,282 [WARN] ConditionMgr:1044 - genDependencies : Invalid condition id : UX DEVICE CLASS RTOS Condition cause : null
2025-09-27 20:54:03,292 [WARN] PackLoader:240 - Cannot read IP mode file for STMicroelectronics.X-CUBE-GNSS1.7.0.1
2025-09-27 20:54:03,299 [WARN] PackLoader:240 - Cannot read IP mode file for STMicroelectronics.X-CUBE-TOUCHGFX.4.25.0
2025-09-27 20:54:03,304 [WARN] ConditionMgr:438 - getConditionDescription Invalid condition id : Cortex-A Device cause : null
2025-09-27 20:54:03,325 [WARN] ConditionMgr:1044 - genDependencies : Invalid condition id : Cortex-A Device cause : null
2025-09-27 20:54:03,326 [WARN] ConditionMgr:1044 - genDependencies : Invalid condition id : Cortex-A Device cause : null
2025-09-27 20:54:03,326 [WARN] ConditionMgr:1044 - genDependencies : Invalid condition id : Cortex-A Device cause : null
2025-09-27 20:54:03,346 [WARN] PackLoader:240 - Cannot read IP mode file for STMicroelectronics.X-CUBE-SUBG2.5.0.0
2025-09-27 20:54:03,383 [WARN] PackLoader:240 - Cannot read IP mode file for STMicroelectronics.X-CUBE-AZRTOS-H7RS.1.1.0
2025-09-27 20:54:03,426 [WARN] PackLoader:240 - Cannot read IP mode file for STMicroelectronics.X-CUBE-AZRTOS-G4.2.0.0
2025-09-27 20:54:03,434 [WARN] PackLoader:240 - Cannot read IP mode file for wolfSSL.I-CUBE-wolfSSH.1.4.20
2025-09-27 20:54:03,441 [WARN] PackLoader:240 - Cannot read IP mode file for STMicroelectronics.X-CUBE-NFC7.2.0.0
2025-09-27 20:54:03,468 [WARN] PackLoader:240 - Cannot read IP mode file for STMicroelectronics.X-CUBE-IPS.3.1.0
2025-09-27 20:54:03,479 [WARN] PackLoader:240 - Cannot read IP mode file for STMicroelectronics.X-CUBE-ALS.1.0.2
2025-09-27 20:54:03,495 [WARN] PackLoader:240 - Cannot read IP mode file for STMicroelectronics.X-CUBE-TOF1.3.4.3
2025-09-27 20:54:03,510 [INFO] ThirdParty:978 - Integrity check success = true
2025-09-27 20:54:03,511 [INFO] IntegrityCheckThread:100 - exiting critical section [integrity check]
2025-09-27 20:54:03,511 [INFO] IntegrityCheckThread:103 - End integrity checks thread
2025-09-27 20:54:04,229 [INFO] WebApp:463 - Apply proxy settings
2025-09-27 20:54:04,229 [INFO] WebApp:548 - Chromium requires no authentication
2025-09-27 20:54:04,246 [INFO] WebApp:491 - Direct internet connection detected
2025-09-27 20:54:04,286 [INFO] WebApp:900 - Register for checkConnection events
2025-09-27 20:54:04,286 [INFO] WebApp:463 - Apply proxy settings
2025-09-27 20:54:04,287 [INFO] WebApp:548 - Chromium requires no authentication
2025-09-27 20:54:04,294 [INFO] WebApp:491 - Direct internet connection detected
2025-09-27 20:54:04,582 [INFO] WebApp:191 - Connection restablished
2025-09-27 20:54:04,629 [INFO] WebApp:225 - Starting web application
2025-09-27 20:54:04,630 [INFO] WebApp:593 - Web application path used /opt/st/stm32cubeide_1.19.0/plugins/com.st.stm32cube.common.mx_6.15.0.202507011659/db/plugins/mcufinder/reactClient1/index.html
2025-09-27 20:54:04,853 [INFO] UserAuth:487 - Internet connection configuration mode: 1
2025-09-27 20:54:23,217 [ERROR] LogOutputStream:75 - [STDERR_REDIRECT] Sep 27, 2025 8:54:23 PM java.util.prefs.FileSystemPreferences checkLockFile0ErrorCode
2025-09-27 20:54:23,218 [ERROR] LogOutputStream:75 - [STDERR_REDIRECT] WARNING: Could not lock System prefs. Unix error code 2.
2025-09-27 20:54:23,219 [ERROR] LogOutputStream:75 - [STDERR_REDIRECT] 
2025-09-27 20:54:23,220 [ERROR] LogOutputStream:75 - [STDERR_REDIRECT] Sep 27, 2025 8:54:23 PM java.util.prefs.FileSystemPreferences syncWorld
2025-09-27 20:54:23,220 [ERROR] LogOutputStream:75 - [STDERR_REDIRECT] WARNING: Couldn't flush system prefs: java.util.prefs.BackingStoreException: Couldn't get file lock.
2025-09-27 20:54:23,220 [ERROR] LogOutputStream:75 - [STDERR_REDIRECT] 
2025-09-27 20:54:53,201 [ERROR] LogOutputStream:75 - [STDERR_REDIRECT] Sep 27, 2025 8:54:53 PM java.util.prefs.FileSystemPreferences checkLockFile0ErrorCode
2025-09-27 20:54:53,202 [ERROR] LogOutputStream:75 - [STDERR_REDIRECT] WARNING: Could not lock System prefs. Unix error code 2.
2025-09-27 20:54:53,202 [ERROR] LogOutputStream:75 - [STDERR_REDIRECT] 
2025-09-27 20:54:53,203 [ERROR] LogOutputStream:75 - [STDERR_REDIRECT] Sep 27, 2025 8:54:53 PM java.util.prefs.FileSystemPreferences syncWorld
2025-09-27 20:54:53,203 [ERROR] LogOutputStream:75 - [STDERR_REDIRECT] WARNING: Couldn't flush system prefs: java.util.prefs.BackingStoreException: Couldn't get file lock.
2025-09-27 20:54:53,203 [ERROR] LogOutputStream:75 - [STDERR_REDIRECT] 
2025-09-27 20:55:06,442 [ERROR] AdobePublisher:162 - Exception while opening the connection: java.net.SocketTimeoutException: Connect timed out
2025-09-27 20:55:08,569 [ERROR] LogOutputStream:75 - [STDERR_REDIRECT] 
2025-09-27 20:55:08,571 [ERROR] LogOutputStream:75 - [STDERR_REDIRECT] 
