2025-09-17 20:35:20,229 [INFO] Activator:176 - 


2025-09-17 20:35:20,235 [INFO] Activator:177 - !SESSION log4j initialized
2025-09-17 20:35:27,667 [INFO] LogOutputStream:77 - [STDOUT_REDIRECT] 
2025-09-17 20:35:29,808 [INFO] ApplicationProperties:184 - Using Application install path: /opt/st/stm32cubeide_1.19.0/plugins/com.st.stm32cube.common.mx_6.15.0.202507011659
2025-09-17 20:35:29,840 [INFO] DbMcusXml:78 - Set database path to: /opt/st/stm32cubeide_1.19.0/plugins/com.st.stm32cube.common.mx_6.15.0.202507011659//db//mcu/
2025-09-17 20:35:29,840 [INFO] ApiDb:274 - Set plugin database path to: /opt/st/stm32cubeide_1.19.0/plugins/com.st.stm32cube.common.mx_6.15.0.202507011659//db//plugins/boardmanager/
2025-09-17 20:35:29,840 [WARN] ApiDb:259 - Overriding images path with different value:  => /opt/st/stm32cubeide_1.19.0/plugins/com.st.stm32cube.common.mx_6.15.0.202507011659//db//plugins/mcufinder/images/
2025-09-17 20:35:29,851 [INFO] ApiDb:250 - Set database path to: /home/tomas1908/.stmcufinder/plugins/mcufinder//mcu/
2025-09-17 20:35:29,853 [INFO] DbMcusAds:125 - Set database path to: /home/tomas1908/.stmcufinder/plugins/mcufinder//mcu/
2025-09-17 20:35:29,857 [INFO] CrossReferenceDbSqlite:203 - Set database path to: /home/tomas1908/.stmcufinder/plugins/mcufinder//mcu/cs/
2025-09-17 20:35:30,101 [INFO] RulesReader:64 - Compatibility file has been processed (317 Rules)
2025-09-17 20:35:30,212 [INFO] DbMcusXml:78 - Set database path to: /opt/st/stm32cubeide_1.19.0/plugins/com.st.stm32cube.common.mx_6.15.0.202507011659//db//mcu/
2025-09-17 20:35:30,213 [INFO] ApiDb:274 - Set plugin database path to: /opt/st/stm32cubeide_1.19.0/plugins/com.st.stm32cube.common.mx_6.15.0.202507011659//db//plugins/boardmanager/
2025-09-17 20:35:30,213 [INFO] ApiDb:261 - Set plugin images path to: /opt/st/stm32cubeide_1.19.0/plugins/com.st.stm32cube.common.mx_6.15.0.202507011659//db//plugins/mcufinder/images/
2025-09-17 20:35:30,214 [WARN] DbFile:41 - Overriding database path with different value: /home/tomas1908/.stmcufinder/plugins/mcufinder/ => /home/tomas1908/.stmcufinder/plugins/mcufinder
2025-09-17 20:35:30,214 [INFO] ApiDb:250 - Set database path to: /home/tomas1908/.stmcufinder/plugins/mcufinder//mcu/
2025-09-17 20:35:30,214 [WARN] DbFile:41 - Overriding database path with different value: /home/tomas1908/.stmcufinder/plugins/mcufinder/ => /home/tomas1908/.stmcufinder/plugins/mcufinder
2025-09-17 20:35:30,214 [INFO] DbMcusAds:125 - Set database path to: /home/tomas1908/.stmcufinder/plugins/mcufinder//mcu/
2025-09-17 20:35:30,214 [WARN] DbFile:41 - Overriding database path with different value: /home/tomas1908/.stmcufinder/plugins/mcufinder/ => /home/tomas1908/.stmcufinder/plugins/mcufinder
2025-09-17 20:35:30,215 [WARN] DbFile:41 - Overriding database path with different value: /home/tomas1908/.stmcufinder/plugins/mcufinder/ => /home/tomas1908/.stmcufinder/plugins/mcufinder
2025-09-17 20:35:30,215 [INFO] CrossReferenceDbSqlite:203 - Set database path to: /home/tomas1908/.stmcufinder/plugins/mcufinder//mcu/cs/
2025-09-17 20:35:30,330 [INFO] MainPanel:274 - HeapMemory: 268435456
2025-09-17 20:35:30,544 [INFO] DbMcusXml:78 - Set database path to: /opt/st/stm32cubeide_1.19.0/plugins/com.st.stm32cube.common.mx_6.15.0.202507011659//db//mcu/
2025-09-17 20:35:30,545 [INFO] ApiDb:274 - Set plugin database path to: /opt/st/stm32cubeide_1.19.0/plugins/com.st.stm32cube.common.mx_6.15.0.202507011659//db//plugins/boardmanager/
2025-09-17 20:35:30,545 [INFO] ApiDb:261 - Set plugin images path to: /opt/st/stm32cubeide_1.19.0/plugins/com.st.stm32cube.common.mx_6.15.0.202507011659//db//plugins/mcufinder/images/
2025-09-17 20:35:30,546 [WARN] DbFile:41 - Overriding database path with different value: /home/tomas1908/.stmcufinder/plugins/mcufinder/ => /home/tomas1908/.stmcufinder/plugins/mcufinder
2025-09-17 20:35:30,546 [INFO] ApiDb:250 - Set database path to: /home/tomas1908/.stmcufinder/plugins/mcufinder//mcu/
2025-09-17 20:35:30,546 [WARN] DbFile:41 - Overriding database path with different value: /home/tomas1908/.stmcufinder/plugins/mcufinder/ => /home/tomas1908/.stmcufinder/plugins/mcufinder
2025-09-17 20:35:30,547 [INFO] DbMcusAds:125 - Set database path to: /home/tomas1908/.stmcufinder/plugins/mcufinder//mcu/
2025-09-17 20:35:30,547 [WARN] DbFile:41 - Overriding database path with different value: /home/tomas1908/.stmcufinder/plugins/mcufinder/ => /home/tomas1908/.stmcufinder/plugins/mcufinder
2025-09-17 20:35:30,547 [WARN] DbFile:41 - Overriding database path with different value: /home/tomas1908/.stmcufinder/plugins/mcufinder/ => /home/tomas1908/.stmcufinder/plugins/mcufinder
2025-09-17 20:35:30,547 [INFO] CrossReferenceDbSqlite:203 - Set database path to: /home/tomas1908/.stmcufinder/plugins/mcufinder//mcu/cs/
2025-09-17 20:35:30,579 [INFO] ApplicationProperties:184 - Using Application install path: /opt/st/stm32cubeide_1.19.0/plugins/com.st.stm32cube.common.mx_6.15.0.202507011659
2025-09-17 20:35:30,582 [INFO] PluginManage:196 - Search for loadable plugins [exclusion list=, ]
2025-09-17 20:35:30,585 [INFO] PluginManage:310 - Check plugin analytics
2025-09-17 20:35:30,857 [INFO] AnalyticsPlugin:253 - Accepted Software Licenses: 
2025-09-17 20:35:30,857 [INFO] AnalyticsPlugin:255 - Accepted CMSIS Pack Licenses: 
2025-09-17 20:35:30,857 [INFO] AnalyticsPlugin:257 - Accepted Firmware Licenses: FW.F4.1.28.0
2025-09-17 20:35:30,861 [INFO] PluginManage:359 - Loaded plugin analytics (category:tool,tabindex:-1)
2025-09-17 20:35:30,862 [INFO] PluginManage:310 - Check plugin cadmodel
2025-09-17 20:35:30,869 [INFO] CADModel:105 - Init CAD model plugin
2025-09-17 20:35:30,869 [INFO] PluginManage:359 - Loaded plugin cadmodel (category:power,tabindex:5)
2025-09-17 20:35:30,869 [INFO] PluginManage:310 - Check plugin clock
2025-09-17 20:35:30,884 [INFO] PluginManage:359 - Loaded plugin clock (category:base,tabindex:2)
2025-09-17 20:35:30,885 [INFO] PluginManage:310 - Check plugin ddr
2025-09-17 20:35:30,889 [INFO] PluginManage:359 - Loaded plugin ddr (category:tool,tabindex:6)
2025-09-17 20:35:30,890 [INFO] PluginManage:310 - Check plugin filemanager
2025-09-17 20:35:31,142 [INFO] PluginManage:359 - Loaded plugin filemanager (category:base,tabindex:10)
2025-09-17 20:35:31,142 [INFO] PluginManage:310 - Check plugin ipmanager
2025-09-17 20:35:31,150 [INFO] PluginManage:359 - Loaded plugin ipmanager (category:base,tabindex:5)
2025-09-17 20:35:31,151 [INFO] PluginManage:310 - Check plugin lpbam
2025-09-17 20:35:31,166 [INFO] PluginManage:359 - Loaded plugin lpbam (category:base,tabindex:0)
2025-09-17 20:35:31,166 [INFO] PluginManage:310 - Check plugin memorymap
2025-09-17 20:35:31,186 [INFO] PluginManage:359 - Loaded plugin memorymap (category:base,tabindex:4)
2025-09-17 20:35:31,186 [INFO] PluginManage:310 - Check plugin pinoutandconfiguration
2025-09-17 20:35:31,200 [INFO] PluginManage:359 - Loaded plugin pinoutandconfiguration (category:base,tabindex:1)
2025-09-17 20:35:31,200 [INFO] PluginManage:310 - Check plugin pinoutconfig
2025-09-17 20:35:31,349 [WARN] SupportedApi:132 - Cannot load RTOS API schema: s4s-elt-must-match.1: The content of 'definitions' must match (annotation?, (simpleType | complexType)?, (unique | key | keyref)*)). A problem was found starting at: attribute.
2025-09-17 20:35:31,557 [INFO] PluginManage:359 - Loaded plugin pinoutconfig (category:base,tabindex:0)
2025-09-17 20:35:31,557 [INFO] PluginManage:310 - Check plugin power
2025-09-17 20:35:31,571 [INFO] PluginManage:359 - Loaded plugin power (category:power,tabindex:4)
2025-09-17 20:35:31,571 [INFO] PluginManage:310 - Check plugin projectmanager
2025-09-17 20:35:31,601 [INFO] PluginManage:359 - Loaded plugin projectmanager (category:projectmanager,tabindex:4)
2025-09-17 20:35:31,601 [INFO] PluginManage:310 - Check plugin rif
2025-09-17 20:35:31,618 [INFO] PluginManage:359 - Loaded plugin rif (category:base,tabindex:3)
2025-09-17 20:35:31,618 [INFO] PluginManage:310 - Check plugin thirdparty
2025-09-17 20:35:31,828 [INFO] PluginManage:359 - Loaded plugin thirdparty (category:base,tabindex:-1)
2025-09-17 20:35:31,828 [WARN] IntegrityCheckThread:84 - waiting for thirdparty lock release [integrity check]
2025-09-17 20:35:31,828 [INFO] IntegrityCheckThread:86 - entering critical section [integrity check]
2025-09-17 20:35:31,828 [INFO] PluginManage:310 - Check plugin tools
2025-09-17 20:35:31,829 [INFO] ThirdPartyUpdaterWithRetryManager:70 - Updater plugin not ready yet. [1/15]
2025-09-17 20:35:31,832 [INFO] PluginManage:359 - Loaded plugin tools (category:base,tabindex:7)
2025-09-17 20:35:31,832 [INFO] PluginManage:310 - Check plugin tutovideos
2025-09-17 20:35:32,159 [INFO] PluginManage:359 - Loaded plugin tutovideos (category:base,tabindex:-1)
2025-09-17 20:35:32,159 [INFO] PluginManage:310 - Check plugin updater
2025-09-17 20:35:32,197 [INFO] PluginManage:359 - Loaded plugin updater (category:base,tabindex:12)
2025-09-17 20:35:32,197 [INFO] PluginManage:310 - Check plugin userauth
2025-09-17 20:35:32,203 [INFO] UserAuth:118 - Init User Auth plugin
2025-09-17 20:35:32,204 [INFO] PluginManage:359 - Loaded plugin userauth (category:base,tabindex:14)
2025-09-17 20:35:32,205 [INFO] PluginManage:283 - PluginManage : Loaded plugins [18]
2025-09-17 20:35:32,473 [INFO] PinOutPanel:1589 - setPackage(No Configuration,No Configuration)
2025-09-17 20:35:32,590 [INFO] CADModel:165 - CPN selected for project level
2025-09-17 20:35:32,590 [INFO] CADModel:114 - Register for checkConnection events
2025-09-17 20:35:32,610 [INFO] IPUIPlugin:80 - create IPUIPlugin
2025-09-17 20:35:32,611 [INFO] PluginManager:220 - loadIPPluginJar : add i2c
2025-09-17 20:35:32,620 [INFO] IPUIPlugin:80 - create IPUIPlugin
2025-09-17 20:35:32,621 [INFO] PluginManager:220 - loadIPPluginJar : add mdma
2025-09-17 20:35:32,624 [INFO] IPUIPlugin:80 - create IPUIPlugin
2025-09-17 20:35:32,625 [INFO] PluginManager:220 - loadIPPluginJar : add aes
2025-09-17 20:35:32,628 [INFO] IPUIPlugin:80 - create IPUIPlugin
2025-09-17 20:35:32,628 [INFO] PluginManager:220 - loadIPPluginJar : add can
2025-09-17 20:35:32,637 [INFO] IPUIPlugin:80 - create IPUIPlugin
2025-09-17 20:35:32,637 [INFO] PluginManager:220 - loadIPPluginJar : add freertos
2025-09-17 20:35:32,641 [INFO] IPUIPlugin:80 - create IPUIPlugin
2025-09-17 20:35:32,641 [INFO] PluginManager:220 - loadIPPluginJar : add gtzc
2025-09-17 20:35:32,643 [INFO] IPUIPlugin:80 - create IPUIPlugin
2025-09-17 20:35:32,644 [INFO] PluginManager:220 - loadIPPluginJar : add ts
2025-09-17 20:35:32,656 [INFO] IPUIPlugin:80 - create IPUIPlugin
2025-09-17 20:35:32,657 [INFO] PluginManager:220 - loadIPPluginJar : add stm32_wpan
2025-09-17 20:35:32,659 [INFO] IPUIPlugin:80 - create IPUIPlugin
2025-09-17 20:35:32,659 [INFO] PluginManager:220 - loadIPPluginJar : add fatfs
2025-09-17 20:35:32,667 [INFO] IPUIPlugin:80 - create IPUIPlugin
2025-09-17 20:35:32,668 [INFO] PluginManager:220 - loadIPPluginJar : add dma
2025-09-17 20:35:32,672 [INFO] IPUIPlugin:80 - create IPUIPlugin
2025-09-17 20:35:32,672 [INFO] PluginManager:220 - loadIPPluginJar : add usbx
2025-09-17 20:35:32,675 [INFO] IPUIPlugin:80 - create IPUIPlugin
2025-09-17 20:35:32,676 [INFO] PluginManager:220 - loadIPPluginJar : add hash
2025-09-17 20:35:32,678 [INFO] IPUIPlugin:80 - create IPUIPlugin
2025-09-17 20:35:32,679 [INFO] PluginManager:220 - loadIPPluginJar : add cryp
2025-09-17 20:35:32,682 [INFO] IPUIPlugin:80 - create IPUIPlugin
2025-09-17 20:35:32,682 [INFO] PluginManager:220 - loadIPPluginJar : add openamp
2025-09-17 20:35:32,684 [INFO] IPUIPlugin:80 - create IPUIPlugin
2025-09-17 20:35:32,685 [INFO] PluginManager:220 - loadIPPluginJar : add genericplugin
2025-09-17 20:35:32,690 [INFO] IPUIPlugin:80 - create IPUIPlugin
2025-09-17 20:35:32,690 [INFO] PluginManager:220 - loadIPPluginJar : add ipddr
2025-09-17 20:35:32,693 [INFO] IPUIPlugin:80 - create IPUIPlugin
2025-09-17 20:35:32,694 [INFO] PluginManager:220 - loadIPPluginJar : add opamp
2025-09-17 20:35:32,695 [INFO] IPUIPlugin:80 - create IPUIPlugin
2025-09-17 20:35:32,695 [INFO] PluginManager:220 - loadIPPluginJar : add ltdc
2025-09-17 20:35:32,698 [INFO] IPUIPlugin:80 - create IPUIPlugin
2025-09-17 20:35:32,698 [INFO] PluginManager:220 - loadIPPluginJar : add dfsdm
2025-09-17 20:35:32,706 [INFO] IPUIPlugin:80 - create IPUIPlugin
2025-09-17 20:35:32,706 [INFO] PluginManager:220 - loadIPPluginJar : add gic
2025-09-17 20:35:32,709 [INFO] IPUIPlugin:80 - create IPUIPlugin
2025-09-17 20:35:32,710 [INFO] PluginManager:220 - loadIPPluginJar : add extmemmanager
2025-09-17 20:35:32,712 [INFO] IPUIPlugin:80 - create IPUIPlugin
2025-09-17 20:35:32,712 [INFO] PluginManager:220 - loadIPPluginJar : add ucpd
2025-09-17 20:35:32,715 [INFO] IPUIPlugin:80 - create IPUIPlugin
2025-09-17 20:35:32,715 [INFO] PluginManager:220 - loadIPPluginJar : add tracer_emb
2025-09-17 20:35:32,717 [INFO] IPUIPlugin:80 - create IPUIPlugin
2025-09-17 20:35:32,718 [INFO] PluginManager:220 - loadIPPluginJar : add radio
2025-09-17 20:35:32,722 [INFO] IPUIPlugin:80 - create IPUIPlugin
2025-09-17 20:35:32,722 [INFO] PluginManager:220 - loadIPPluginJar : add pdm2pcm
2025-09-17 20:35:32,725 [INFO] IPUIPlugin:80 - create IPUIPlugin
2025-09-17 20:35:32,725 [INFO] PluginManager:220 - loadIPPluginJar : add spi
2025-09-17 20:35:32,727 [INFO] IPUIPlugin:80 - create IPUIPlugin
2025-09-17 20:35:32,727 [INFO] PluginManager:220 - loadIPPluginJar : add tim
2025-09-17 20:35:32,736 [INFO] IPUIPlugin:80 - create IPUIPlugin
2025-09-17 20:35:32,740 [INFO] PluginManager:220 - loadIPPluginJar : add plateformsettings
2025-09-17 20:35:32,745 [INFO] IPUIPlugin:80 - create IPUIPlugin
2025-09-17 20:35:32,745 [INFO] PluginManager:220 - loadIPPluginJar : add touchsensing
2025-09-17 20:35:32,751 [INFO] IPUIPlugin:80 - create IPUIPlugin
2025-09-17 20:35:32,751 [INFO] PluginManager:220 - loadIPPluginJar : add gpio
2025-09-17 20:35:32,760 [INFO] IPUIPlugin:80 - create IPUIPlugin
2025-09-17 20:35:32,760 [INFO] PluginManager:220 - loadIPPluginJar : add adc
2025-09-17 20:35:32,771 [INFO] IPUIPlugin:80 - create IPUIPlugin
2025-09-17 20:35:32,771 [INFO] PluginManager:220 - loadIPPluginJar : add linkedlist
2025-09-17 20:35:32,773 [INFO] IPUIPlugin:80 - create IPUIPlugin
2025-09-17 20:35:32,773 [INFO] PluginManager:220 - loadIPPluginJar : add comp
2025-09-17 20:35:32,779 [INFO] IPUIPlugin:80 - create IPUIPlugin
2025-09-17 20:35:32,779 [INFO] PluginManager:220 - loadIPPluginJar : add fmc
2025-09-17 20:35:32,781 [INFO] IPUIPlugin:80 - create IPUIPlugin
2025-09-17 20:35:32,781 [INFO] PluginManager:220 - loadIPPluginJar : add tsc
2025-09-17 20:35:32,785 [INFO] IPUIPlugin:80 - create IPUIPlugin
2025-09-17 20:35:32,785 [INFO] PluginManager:220 - loadIPPluginJar : add sai
2025-09-17 20:35:32,788 [INFO] IPUIPlugin:80 - create IPUIPlugin
2025-09-17 20:35:32,789 [INFO] PluginManager:220 - loadIPPluginJar : add usart
2025-09-17 20:35:32,794 [INFO] IPUIPlugin:80 - create IPUIPlugin
2025-09-17 20:35:32,794 [INFO] PluginManager:220 - loadIPPluginJar : add nvic
2025-09-17 20:35:32,799 [INFO] IPUIPlugin:80 - create IPUIPlugin
2025-09-17 20:35:32,799 [INFO] PluginManager:220 - loadIPPluginJar : add resmgrutility
2025-09-17 20:35:32,802 [INFO] IPUIPlugin:80 - create IPUIPlugin
2025-09-17 20:35:32,802 [INFO] PluginManager:220 - loadIPPluginJar : add lorawan
2025-09-17 20:35:32,805 [INFO] IPUIPlugin:80 - create IPUIPlugin
2025-09-17 20:35:32,805 [INFO] PluginManager:220 - loadIPPluginJar : add gfxmmu
2025-09-17 20:35:32,807 [INFO] IPUIPlugin:80 - create IPUIPlugin
2025-09-17 20:35:32,808 [INFO] PluginManager:220 - loadIPPluginJar : add dma3
2025-09-17 20:35:32,811 [INFO] IPUIPlugin:80 - create IPUIPlugin
2025-09-17 20:35:32,811 [INFO] PluginManager:220 - loadIPPluginJar : add i3c
2025-09-17 20:35:32,813 [INFO] IPUIPlugin:80 - create IPUIPlugin
2025-09-17 20:35:32,813 [INFO] PluginManager:220 - loadIPPluginJar : add quadspi
2025-09-17 20:35:32,817 [INFO] IPUIPlugin:80 - create IPUIPlugin
2025-09-17 20:35:32,817 [INFO] PluginManager:220 - loadIPPluginJar : add ddr_ctrl_phy
2025-09-17 20:35:32,820 [INFO] IPUIPlugin:80 - create IPUIPlugin
2025-09-17 20:35:32,821 [INFO] PluginManager:220 - loadIPPluginJar : add i2s
2025-09-17 20:35:32,942 [FATAL] Updater:351 - Updater called before beeing initialized
2025-09-17 20:35:32,985 [INFO] RulesReader:64 - Compatibility file has been processed (317 Rules)
2025-09-17 20:35:33,005 [INFO] RulesReader:64 - Compatibility file has been processed (317 Rules)
2025-09-17 20:35:33,015 [INFO] CADModel:165 - CPN selected for project level
2025-09-17 20:35:33,015 [INFO] CADModel:114 - Register for checkConnection events
2025-09-17 20:35:33,015 [FATAL] Updater:351 - Updater called before beeing initialized
2025-09-17 20:35:33,015 [ERROR] CADModel:125 - Updater not yet initialized, retry later 
2025-09-17 20:35:33,239 [FATAL] Updater:351 - Updater called before beeing initialized
2025-09-17 20:35:33,241 [INFO] CADModel:165 - CPN selected for project level
2025-09-17 20:35:33,241 [INFO] CADModel:114 - Register for checkConnection events
2025-09-17 20:35:33,242 [FATAL] Updater:351 - Updater called before beeing initialized
2025-09-17 20:35:33,242 [ERROR] CADModel:125 - Updater not yet initialized, retry later 
2025-09-17 20:35:33,247 [FATAL] Updater:351 - Updater called before beeing initialized
2025-09-17 20:35:33,397 [FATAL] Updater:351 - Updater called before beeing initialized
2025-09-17 20:35:33,406 [INFO] DbMcusAds:53 - JSON generation date=Tue Jul 08 05:14:23 ART 2025 (1751962463582)
2025-09-17 20:35:33,406 [FATAL] Updater:351 - Updater called before beeing initialized
2025-09-17 20:35:33,467 [WARN] DetailPanel:346 - Failed to get advertising image, set to default
2025-09-17 20:35:33,595 [FATAL] Updater:351 - Updater called before beeing initialized
2025-09-17 20:35:33,598 [FATAL] Updater:351 - Updater called before beeing initialized
2025-09-17 20:35:33,598 [FATAL] Updater:351 - Updater called before beeing initialized
2025-09-17 20:35:33,598 [WARN] DetailPanel:346 - Failed to get advertising image, set to default
2025-09-17 20:35:33,600 [FATAL] Updater:351 - Updater called before beeing initialized
2025-09-17 20:35:33,648 [ERROR] Updater:1198 - MainUpdater not yet initialized. External WinMGr cannot be set.
2025-09-17 20:35:33,651 [INFO] Updater:1134 - Updater Version found : 6.15.0
2025-09-17 20:35:33,681 [INFO] ApplicationProperties:184 - Using Application install path: /opt/st/stm32cubeide_1.19.0/plugins/com.st.stm32cube.common.mx_6.15.0.202507011659
2025-09-17 20:35:33,702 [ERROR] LogOutputStream:75 - [STDERR_REDIRECT] Sep 17, 2025 8:35:33 PM java.util.prefs.FileSystemPreferences$2 run
2025-09-17 20:35:33,702 [ERROR] LogOutputStream:75 - [STDERR_REDIRECT] WARNING: Could not create system preferences directory. System preferences are unusable.
2025-09-17 20:35:33,702 [ERROR] LogOutputStream:75 - [STDERR_REDIRECT] 
2025-09-17 20:35:34,054 [INFO] MainUpdater:2872 - connection check result : 10
2025-09-17 20:35:34,055 [INFO] MainUpdater:289 - Updater Check For Update Now.
2025-09-17 20:35:34,055 [INFO] MicroXplorer:498 - Change Database Version : DB.6.0.150
2025-09-17 20:35:34,062 [INFO] McuFinderGlobals:63 - Set McuFinder mode to 2 (CubeIDE integrated)
2025-09-17 20:35:34,063 [INFO] UserAuth:487 - Internet connection configuration mode: 1
2025-09-17 20:35:34,086 [INFO] JxBrowserEngine:152 - Initiate JxBrowser Engine with user profile folder
2025-09-17 20:35:34,348 [INFO] CheckServerUpdateThread:120 - End of CheckServer Thread
2025-09-17 20:35:35,123 [WARN] PackLoader:240 - Cannot read IP mode file for STMicroelectronics.FP-SNS-MOTENVWB1.1.4.0
2025-09-17 20:35:35,139 [WARN] PackLoader:240 - Cannot read IP mode file for STMicroelectronics.FP-ATR-ASTRA1.2.0.2
2025-09-17 20:35:35,153 [WARN] PackLoader:240 - Cannot read IP mode file for STMicroelectronics.X-CUBE-SMBUS.2.1.0
2025-09-17 20:35:35,163 [WARN] PackLoader:240 - Cannot read IP mode file for STMicroelectronics.X-CUBE-ST60.1.0.0
2025-09-17 20:35:35,248 [WARN] PackLoader:240 - Cannot read IP mode file for STMicroelectronics.X-CUBE-AZRTOS-F7.1.1.0
2025-09-17 20:35:35,269 [WARN] PackLoader:240 - Cannot read IP mode file for Cesanta.I-CUBE-Mongoose.7.19.0
2025-09-17 20:35:35,290 [WARN] PackLoader:240 - Cannot read IP mode file for WES.I-CUBE-Cesium.1.4.0
2025-09-17 20:35:35,365 [WARN] PackLoader:240 - Cannot read IP mode file for Infineon.AIROC-Wi-Fi-Bluetooth-STM32.1.7.1
2025-09-17 20:35:35,400 [WARN] PackLoader:240 - Cannot read IP mode file for STMicroelectronics.X-CUBE-DISPLAY.3.0.0
2025-09-17 20:35:35,430 [WARN] PackLoader:240 - Cannot read IP mode file for STMicroelectronics.X-CUBE-NFC10.1.0.0
2025-09-17 20:35:35,445 [WARN] PackLoader:240 - Cannot read IP mode file for emotas.I-CUBE-CANOPEN.1.3.0
2025-09-17 20:35:35,455 [WARN] PackLoader:240 - Cannot read IP mode file for STMicroelectronics.FP-SNS-SMARTAG2.1.2.0
2025-09-17 20:35:35,464 [WARN] PackLoader:240 - Cannot read IP mode file for STMicroelectronics.FP-SNS-FLIGHT1.5.1.0
2025-09-17 20:35:35,487 [INFO] LogOutputStream:77 - [STDOUT_REDIRECT] 1 : Invalid condition id : UX_CORESTACK_Condition cause : null
2025-09-17 20:35:35,488 [INFO] LogOutputStream:77 - [STDOUT_REDIRECT] 1 : Invalid condition id : UX_CORESTACK_Condition cause : null
2025-09-17 20:35:35,488 [INFO] LogOutputStream:77 - [STDOUT_REDIRECT] 1 : Invalid condition id : UX_CORESTACK_Condition cause : null
2025-09-17 20:35:35,489 [INFO] LogOutputStream:77 - [STDOUT_REDIRECT] 1 : Invalid condition id : UX_CORESTACK_Condition cause : null
2025-09-17 20:35:35,490 [INFO] LogOutputStream:77 - [STDOUT_REDIRECT] 1 : Invalid condition id : UX_CORESTACK_Condition cause : null
2025-09-17 20:35:35,492 [INFO] WebApp:169 - Instantiating new browser for Auth
2025-09-17 20:35:35,499 [WARN] PackLoader:240 - Cannot read IP mode file for STMicroelectronics.X-CUBE-AZRTOS-WL.2.0.0
2025-09-17 20:35:35,511 [WARN] PackLoader:240 - Cannot read IP mode file for STMicroelectronics.FP-SNS-MOTENV1.5.0.0
2025-09-17 20:35:35,526 [WARN] PackLoader:240 - Cannot read IP mode file for STMicroelectronics.X-CUBE-BLE2.3.3.0
2025-09-17 20:35:35,550 [WARN] PackLoader:240 - Cannot read IP mode file for STMicroelectronics.X-CUBE-NFC9.1.0.0
2025-09-17 20:35:35,564 [WARN] PackLoader:240 - Cannot read IP mode file for STMicroelectronics.X-CUBE-BLE1.7.1.0
2025-09-17 20:35:35,603 [WARN] PackLoader:240 - Cannot read IP mode file for STMicroelectronics.X-CUBE-AZRTOS-G0.1.1.0
2025-09-17 20:35:35,619 [WARN] PackLoader:240 - Cannot read IP mode file for STMicroelectronics.X-CUBE-SAFEA1.1.2.2
2025-09-17 20:35:35,627 [WARN] PackLoader:240 - Cannot read IP mode file for STMicroelectronics.X-CUBE-NFC4.3.0.0
2025-09-17 20:35:35,641 [WARN] PackLoader:240 - Cannot read IP mode file for EmbeddedOffice.I-CUBE-FS-RTOS.1.0.1
2025-09-17 20:35:35,648 [WARN] PackLoader:240 - Cannot read IP mode file for STMicroelectronics.X-CUBE-WB05N.2.0.0
2025-09-17 20:35:35,679 [WARN] PackLoader:240 - Cannot read IP mode file for STMicroelectronics.X-CUBE-TCPP.4.2.0
2025-09-17 20:35:35,696 [WARN] PackLoader:240 - Cannot read IP mode file for RealThread.X-CUBE-RT-Thread_Nano.4.1.1
2025-09-17 20:35:35,703 [WARN] PackLoader:240 - Cannot read IP mode file for STMicroelectronics.FP-ATR-SIGFOX1.3.2.0
2025-09-17 20:35:35,715 [WARN] PackLoader:240 - Cannot read IP mode file for ITTIA_DB.I-CUBE-ITTIADB.8.9.0
2025-09-17 20:35:35,727 [WARN] PackLoader:240 - Cannot read IP mode file for STMicroelectronics.X-CUBE-ST67W61.1.0.0
2025-09-17 20:35:35,794 [WARN] PackLoader:240 - Cannot read IP mode file for SEGGER.I-CUBE-embOS.1.3.1
2025-09-17 20:35:35,956 [WARN] PackLoader:240 - Cannot read IP mode file for STMicroelectronics.X-CUBE-ALGOBUILD.1.4.0
2025-09-17 20:35:36,107 [WARN] PackLoader:240 - Cannot read IP mode file for STMicroelectronics.X-CUBE-MEMS1.11.3.0
2025-09-17 20:35:36,363 [WARN] PackLoader:240 - Cannot read IP mode file for STMicroelectronics.X-CUBE-PM33A1.1.0.0
2025-09-17 20:35:36,388 [WARN] PackLoader:240 - Cannot read IP mode file for STMicroelectronics.X-CUBE-AZRTOS-F4.1.1.0
2025-09-17 20:35:36,395 [WARN] PackLoader:240 - Cannot read IP mode file for Avnet-IotConnect.X-CUBE-IoTC-DA16k-PMOD.1.0.0
2025-09-17 20:35:36,398 [WARN] PackLoader:240 - Cannot read IP mode file for STMicroelectronics.X-CUBE-ISPU.2.1.0
2025-09-17 20:35:36,426 [WARN] PackLoader:240 - Cannot read IP mode file for STMicroelectronics.X-CUBE-AZRTOS-L5.2.0.0
2025-09-17 20:35:36,439 [WARN] PackLoader:240 - Cannot read IP mode file for STMicroelectronics.X-CUBE-NFC6.3.1.0
2025-09-17 20:35:36,452 [WARN] PackLoader:240 - Cannot read IP mode file for STMicroelectronics.X-CUBE-FREERTOS.1.3.1
2025-09-17 20:35:36,459 [WARN] PackLoader:240 - Cannot read IP mode file for STMicroelectronics.X-CUBE-DPower.1.3.0
2025-09-17 20:35:36,489 [WARN] ConditionMgr:438 - getConditionDescription Invalid condition id : LAN8742 Phy interface Condition cause : null
2025-09-17 20:35:36,491 [WARN] PackLoader:240 - Cannot read IP mode file for STMicroelectronics.X-CUBE-AZRTOS-L4.2.0.0
2025-09-17 20:35:36,494 [WARN] ConditionMgr:1044 - genDependencies : Invalid condition id : LAN8742 Phy interface Condition cause : null
2025-09-17 20:35:36,494 [WARN] ConditionMgr:1044 - genDependencies : Invalid condition id : LAN8742 Phy interface Condition cause : null
2025-09-17 20:35:36,496 [WARN] ConditionMgr:1044 - genDependencies : Invalid condition id : LAN8742 Phy interface Condition cause : null
2025-09-17 20:35:36,510 [WARN] PackLoader:240 - Cannot read IP mode file for STMicroelectronics.X-CUBE-SFXS2LP1.4.0.0
2025-09-17 20:35:36,540 [WARN] ConditionMgr:438 - getConditionDescription Invalid condition id : UX DEVICE CLASS RTOS Condition cause : null
2025-09-17 20:35:36,541 [WARN] ConditionMgr:438 - getConditionDescription Invalid condition id : UX DEVICE CLASS RTOS Condition cause : null
2025-09-17 20:35:36,546 [WARN] PackLoader:240 - Cannot read IP mode file for STMicroelectronics.X-CUBE-AZRTOS-WB.2.0.0
2025-09-17 20:35:36,548 [WARN] ConditionMgr:1044 - genDependencies : Invalid condition id : UX DEVICE CLASS RTOS Condition cause : null
2025-09-17 20:35:36,548 [WARN] ConditionMgr:1044 - genDependencies : Invalid condition id : UX DEVICE CLASS RTOS Condition cause : null
2025-09-17 20:35:36,549 [WARN] ConditionMgr:1044 - genDependencies : Invalid condition id : UX DEVICE CLASS RTOS Condition cause : null
2025-09-17 20:35:36,550 [WARN] ConditionMgr:1044 - genDependencies : Invalid condition id : UX DEVICE CLASS RTOS Condition cause : null
2025-09-17 20:35:36,551 [WARN] ConditionMgr:1044 - genDependencies : Invalid condition id : UX DEVICE CLASS RTOS Condition cause : null
2025-09-17 20:35:36,561 [WARN] PackLoader:240 - Cannot read IP mode file for STMicroelectronics.X-CUBE-GNSS1.7.0.1
2025-09-17 20:35:36,570 [WARN] PackLoader:240 - Cannot read IP mode file for STMicroelectronics.X-CUBE-TOUCHGFX.4.25.0
2025-09-17 20:35:36,587 [WARN] ConditionMgr:438 - getConditionDescription Invalid condition id : Cortex-A Device cause : null
2025-09-17 20:35:36,606 [WARN] ConditionMgr:1044 - genDependencies : Invalid condition id : Cortex-A Device cause : null
2025-09-17 20:35:36,606 [WARN] ConditionMgr:1044 - genDependencies : Invalid condition id : Cortex-A Device cause : null
2025-09-17 20:35:36,606 [WARN] ConditionMgr:1044 - genDependencies : Invalid condition id : Cortex-A Device cause : null
2025-09-17 20:35:36,619 [WARN] PackLoader:240 - Cannot read IP mode file for STMicroelectronics.X-CUBE-SUBG2.5.0.0
2025-09-17 20:35:36,654 [WARN] PackLoader:240 - Cannot read IP mode file for STMicroelectronics.X-CUBE-AZRTOS-H7RS.1.1.0
2025-09-17 20:35:36,677 [WARN] PackLoader:240 - Cannot read IP mode file for STMicroelectronics.X-CUBE-AZRTOS-G4.2.0.0
2025-09-17 20:35:36,685 [WARN] PackLoader:240 - Cannot read IP mode file for wolfSSL.I-CUBE-wolfSSH.1.4.20
2025-09-17 20:35:36,692 [WARN] PackLoader:240 - Cannot read IP mode file for STMicroelectronics.X-CUBE-NFC7.2.0.0
2025-09-17 20:35:36,718 [WARN] PackLoader:240 - Cannot read IP mode file for STMicroelectronics.X-CUBE-IPS.3.1.0
2025-09-17 20:35:36,731 [WARN] PackLoader:240 - Cannot read IP mode file for STMicroelectronics.X-CUBE-ALS.1.0.2
2025-09-17 20:35:36,751 [WARN] PackLoader:240 - Cannot read IP mode file for STMicroelectronics.X-CUBE-TOF1.3.4.3
2025-09-17 20:35:36,771 [INFO] ThirdParty:978 - Integrity check success = true
2025-09-17 20:35:36,771 [INFO] IntegrityCheckThread:100 - exiting critical section [integrity check]
2025-09-17 20:35:36,771 [INFO] IntegrityCheckThread:103 - End integrity checks thread
2025-09-17 20:35:37,066 [INFO] WebApp:463 - Apply proxy settings
2025-09-17 20:35:37,067 [INFO] WebApp:548 - Chromium requires no authentication
2025-09-17 20:35:37,080 [INFO] WebApp:491 - Direct internet connection detected
2025-09-17 20:35:37,113 [INFO] WebApp:900 - Register for checkConnection events
2025-09-17 20:35:37,114 [INFO] WebApp:463 - Apply proxy settings
2025-09-17 20:35:37,114 [INFO] WebApp:548 - Chromium requires no authentication
2025-09-17 20:35:37,115 [INFO] WebApp:491 - Direct internet connection detected
2025-09-17 20:35:37,372 [INFO] WebApp:191 - Connection restablished
2025-09-17 20:35:37,397 [INFO] WebApp:225 - Starting web application
2025-09-17 20:35:37,398 [INFO] WebApp:593 - Web application path used /opt/st/stm32cubeide_1.19.0/plugins/com.st.stm32cube.common.mx_6.15.0.202507011659/db/plugins/mcufinder/reactClient1/index.html
2025-09-17 20:35:37,611 [INFO] UserAuth:487 - Internet connection configuration mode: 1
2025-09-17 20:35:56,187 [ERROR] LogOutputStream:75 - [STDERR_REDIRECT] 
2025-09-17 20:35:56,188 [ERROR] LogOutputStream:75 - [STDERR_REDIRECT] 
