2025-09-07 20:42:38,792 [INFO] Activator:176 - 


2025-09-07 20:42:38,800 [INFO] Activator:177 - !SESSION log4j initialized
2025-09-07 20:42:42,775 [INFO] LogOutputStream:77 - [STDOUT_REDIRECT] 
2025-09-07 20:42:46,833 [INFO] ApplicationProperties:184 - Using Application install path: /opt/st/stm32cubeide_1.19.0/plugins/com.st.stm32cube.common.mx_6.15.0.202507011659
2025-09-07 20:42:46,863 [INFO] DbMcusXml:78 - Set database path to: /opt/st/stm32cubeide_1.19.0/plugins/com.st.stm32cube.common.mx_6.15.0.202507011659//db//mcu/
2025-09-07 20:42:46,864 [INFO] ApiDb:274 - Set plugin database path to: /opt/st/stm32cubeide_1.19.0/plugins/com.st.stm32cube.common.mx_6.15.0.202507011659//db//plugins/boardmanager/
2025-09-07 20:42:46,864 [WARN] ApiDb:259 - Overriding images path with different value:  => /opt/st/stm32cubeide_1.19.0/plugins/com.st.stm32cube.common.mx_6.15.0.202507011659//db//plugins/mcufinder/images/
2025-09-07 20:42:46,875 [INFO] ApiDb:250 - Set database path to: /home/tomas1908/.stmcufinder/plugins/mcufinder//mcu/
2025-09-07 20:42:46,877 [INFO] DbMcusAds:125 - Set database path to: /home/tomas1908/.stmcufinder/plugins/mcufinder//mcu/
2025-09-07 20:42:46,881 [INFO] CrossReferenceDbSqlite:203 - Set database path to: /home/tomas1908/.stmcufinder/plugins/mcufinder//mcu/cs/
2025-09-07 20:42:47,080 [INFO] RulesReader:64 - Compatibility file has been processed (317 Rules)
2025-09-07 20:42:47,172 [INFO] DbMcusXml:78 - Set database path to: /opt/st/stm32cubeide_1.19.0/plugins/com.st.stm32cube.common.mx_6.15.0.202507011659//db//mcu/
2025-09-07 20:42:47,173 [INFO] ApiDb:274 - Set plugin database path to: /opt/st/stm32cubeide_1.19.0/plugins/com.st.stm32cube.common.mx_6.15.0.202507011659//db//plugins/boardmanager/
2025-09-07 20:42:47,173 [INFO] ApiDb:261 - Set plugin images path to: /opt/st/stm32cubeide_1.19.0/plugins/com.st.stm32cube.common.mx_6.15.0.202507011659//db//plugins/mcufinder/images/
2025-09-07 20:42:47,173 [WARN] DbFile:41 - Overriding database path with different value: /home/tomas1908/.stmcufinder/plugins/mcufinder/ => /home/tomas1908/.stmcufinder/plugins/mcufinder
2025-09-07 20:42:47,174 [INFO] ApiDb:250 - Set database path to: /home/tomas1908/.stmcufinder/plugins/mcufinder//mcu/
2025-09-07 20:42:47,174 [WARN] DbFile:41 - Overriding database path with different value: /home/tomas1908/.stmcufinder/plugins/mcufinder/ => /home/tomas1908/.stmcufinder/plugins/mcufinder
2025-09-07 20:42:47,174 [INFO] DbMcusAds:125 - Set database path to: /home/tomas1908/.stmcufinder/plugins/mcufinder//mcu/
2025-09-07 20:42:47,174 [WARN] DbFile:41 - Overriding database path with different value: /home/tomas1908/.stmcufinder/plugins/mcufinder/ => /home/tomas1908/.stmcufinder/plugins/mcufinder
2025-09-07 20:42:47,174 [WARN] DbFile:41 - Overriding database path with different value: /home/tomas1908/.stmcufinder/plugins/mcufinder/ => /home/tomas1908/.stmcufinder/plugins/mcufinder
2025-09-07 20:42:47,174 [INFO] CrossReferenceDbSqlite:203 - Set database path to: /home/tomas1908/.stmcufinder/plugins/mcufinder//mcu/cs/
2025-09-07 20:42:47,292 [INFO] MainPanel:274 - HeapMemory: 268435456
2025-09-07 20:42:47,511 [INFO] DbMcusXml:78 - Set database path to: /opt/st/stm32cubeide_1.19.0/plugins/com.st.stm32cube.common.mx_6.15.0.202507011659//db//mcu/
2025-09-07 20:42:47,512 [INFO] ApiDb:274 - Set plugin database path to: /opt/st/stm32cubeide_1.19.0/plugins/com.st.stm32cube.common.mx_6.15.0.202507011659//db//plugins/boardmanager/
2025-09-07 20:42:47,512 [INFO] ApiDb:261 - Set plugin images path to: /opt/st/stm32cubeide_1.19.0/plugins/com.st.stm32cube.common.mx_6.15.0.202507011659//db//plugins/mcufinder/images/
2025-09-07 20:42:47,512 [WARN] DbFile:41 - Overriding database path with different value: /home/tomas1908/.stmcufinder/plugins/mcufinder/ => /home/tomas1908/.stmcufinder/plugins/mcufinder
2025-09-07 20:42:47,513 [INFO] ApiDb:250 - Set database path to: /home/tomas1908/.stmcufinder/plugins/mcufinder//mcu/
2025-09-07 20:42:47,513 [WARN] DbFile:41 - Overriding database path with different value: /home/tomas1908/.stmcufinder/plugins/mcufinder/ => /home/tomas1908/.stmcufinder/plugins/mcufinder
2025-09-07 20:42:47,513 [INFO] DbMcusAds:125 - Set database path to: /home/tomas1908/.stmcufinder/plugins/mcufinder//mcu/
2025-09-07 20:42:47,513 [WARN] DbFile:41 - Overriding database path with different value: /home/tomas1908/.stmcufinder/plugins/mcufinder/ => /home/tomas1908/.stmcufinder/plugins/mcufinder
2025-09-07 20:42:47,513 [WARN] DbFile:41 - Overriding database path with different value: /home/tomas1908/.stmcufinder/plugins/mcufinder/ => /home/tomas1908/.stmcufinder/plugins/mcufinder
2025-09-07 20:42:47,513 [INFO] CrossReferenceDbSqlite:203 - Set database path to: /home/tomas1908/.stmcufinder/plugins/mcufinder//mcu/cs/
2025-09-07 20:42:47,542 [INFO] ApplicationProperties:184 - Using Application install path: /opt/st/stm32cubeide_1.19.0/plugins/com.st.stm32cube.common.mx_6.15.0.202507011659
2025-09-07 20:42:47,545 [INFO] PluginManage:196 - Search for loadable plugins [exclusion list=, ]
2025-09-07 20:42:47,547 [INFO] PluginManage:310 - Check plugin analytics
2025-09-07 20:42:47,861 [INFO] AnalyticsPlugin:253 - Accepted Software Licenses: 
2025-09-07 20:42:47,861 [INFO] AnalyticsPlugin:255 - Accepted CMSIS Pack Licenses: 
2025-09-07 20:42:47,862 [INFO] AnalyticsPlugin:257 - Accepted Firmware Licenses: FW.F4.1.28.0
2025-09-07 20:42:47,867 [INFO] PluginManage:359 - Loaded plugin analytics (category:tool,tabindex:-1)
2025-09-07 20:42:47,868 [INFO] PluginManage:310 - Check plugin cadmodel
2025-09-07 20:42:47,875 [INFO] CADModel:105 - Init CAD model plugin
2025-09-07 20:42:47,875 [INFO] PluginManage:359 - Loaded plugin cadmodel (category:power,tabindex:5)
2025-09-07 20:42:47,876 [INFO] PluginManage:310 - Check plugin clock
2025-09-07 20:42:47,893 [INFO] PluginManage:359 - Loaded plugin clock (category:base,tabindex:2)
2025-09-07 20:42:47,894 [INFO] PluginManage:310 - Check plugin ddr
2025-09-07 20:42:47,898 [INFO] PluginManage:359 - Loaded plugin ddr (category:tool,tabindex:6)
2025-09-07 20:42:47,899 [INFO] PluginManage:310 - Check plugin filemanager
2025-09-07 20:42:48,177 [INFO] PluginManage:359 - Loaded plugin filemanager (category:base,tabindex:10)
2025-09-07 20:42:48,177 [INFO] PluginManage:310 - Check plugin ipmanager
2025-09-07 20:42:48,186 [INFO] PluginManage:359 - Loaded plugin ipmanager (category:base,tabindex:5)
2025-09-07 20:42:48,187 [INFO] PluginManage:310 - Check plugin lpbam
2025-09-07 20:42:48,202 [INFO] PluginManage:359 - Loaded plugin lpbam (category:base,tabindex:0)
2025-09-07 20:42:48,203 [INFO] PluginManage:310 - Check plugin memorymap
2025-09-07 20:42:48,229 [INFO] PluginManage:359 - Loaded plugin memorymap (category:base,tabindex:4)
2025-09-07 20:42:48,229 [INFO] PluginManage:310 - Check plugin pinoutandconfiguration
2025-09-07 20:42:48,243 [INFO] PluginManage:359 - Loaded plugin pinoutandconfiguration (category:base,tabindex:1)
2025-09-07 20:42:48,243 [INFO] PluginManage:310 - Check plugin pinoutconfig
2025-09-07 20:42:48,489 [WARN] SupportedApi:132 - Cannot load RTOS API schema: s4s-elt-must-match.1: The content of 'definitions' must match (annotation?, (simpleType | complexType)?, (unique | key | keyref)*)). A problem was found starting at: attribute.
2025-09-07 20:42:48,724 [INFO] PluginManage:359 - Loaded plugin pinoutconfig (category:base,tabindex:0)
2025-09-07 20:42:48,724 [INFO] PluginManage:310 - Check plugin power
2025-09-07 20:42:48,742 [INFO] PluginManage:359 - Loaded plugin power (category:power,tabindex:4)
2025-09-07 20:42:48,742 [INFO] PluginManage:310 - Check plugin projectmanager
2025-09-07 20:42:48,769 [INFO] PluginManage:359 - Loaded plugin projectmanager (category:projectmanager,tabindex:4)
2025-09-07 20:42:48,769 [INFO] PluginManage:310 - Check plugin rif
2025-09-07 20:42:48,783 [INFO] PluginManage:359 - Loaded plugin rif (category:base,tabindex:3)
2025-09-07 20:42:48,783 [INFO] PluginManage:310 - Check plugin thirdparty
2025-09-07 20:42:48,970 [INFO] PluginManage:359 - Loaded plugin thirdparty (category:base,tabindex:-1)
2025-09-07 20:42:48,970 [WARN] IntegrityCheckThread:84 - waiting for thirdparty lock release [integrity check]
2025-09-07 20:42:48,970 [INFO] PluginManage:310 - Check plugin tools
2025-09-07 20:42:48,971 [INFO] IntegrityCheckThread:86 - entering critical section [integrity check]
2025-09-07 20:42:48,971 [INFO] ThirdPartyUpdaterWithRetryManager:70 - Updater plugin not ready yet. [1/15]
2025-09-07 20:42:48,974 [INFO] PluginManage:359 - Loaded plugin tools (category:base,tabindex:7)
2025-09-07 20:42:48,975 [INFO] PluginManage:310 - Check plugin tutovideos
2025-09-07 20:42:49,287 [INFO] PluginManage:359 - Loaded plugin tutovideos (category:base,tabindex:-1)
2025-09-07 20:42:49,287 [INFO] PluginManage:310 - Check plugin updater
2025-09-07 20:42:49,330 [INFO] PluginManage:359 - Loaded plugin updater (category:base,tabindex:12)
2025-09-07 20:42:49,331 [INFO] PluginManage:310 - Check plugin userauth
2025-09-07 20:42:49,337 [INFO] UserAuth:118 - Init User Auth plugin
2025-09-07 20:42:49,339 [INFO] PluginManage:359 - Loaded plugin userauth (category:base,tabindex:14)
2025-09-07 20:42:49,340 [INFO] PluginManage:283 - PluginManage : Loaded plugins [18]
2025-09-07 20:42:49,671 [INFO] PinOutPanel:1589 - setPackage(No Configuration,No Configuration)
2025-09-07 20:42:49,786 [INFO] CADModel:165 - CPN selected for project level
2025-09-07 20:42:49,787 [INFO] CADModel:114 - Register for checkConnection events
2025-09-07 20:42:49,807 [INFO] IPUIPlugin:80 - create IPUIPlugin
2025-09-07 20:42:49,808 [INFO] PluginManager:220 - loadIPPluginJar : add i2c
2025-09-07 20:42:49,818 [INFO] IPUIPlugin:80 - create IPUIPlugin
2025-09-07 20:42:49,819 [INFO] PluginManager:220 - loadIPPluginJar : add mdma
2025-09-07 20:42:49,823 [INFO] IPUIPlugin:80 - create IPUIPlugin
2025-09-07 20:42:49,824 [INFO] PluginManager:220 - loadIPPluginJar : add aes
2025-09-07 20:42:49,828 [INFO] IPUIPlugin:80 - create IPUIPlugin
2025-09-07 20:42:49,829 [INFO] PluginManager:220 - loadIPPluginJar : add can
2025-09-07 20:42:49,839 [INFO] IPUIPlugin:80 - create IPUIPlugin
2025-09-07 20:42:49,839 [INFO] PluginManager:220 - loadIPPluginJar : add freertos
2025-09-07 20:42:49,843 [INFO] IPUIPlugin:80 - create IPUIPlugin
2025-09-07 20:42:49,843 [INFO] PluginManager:220 - loadIPPluginJar : add gtzc
2025-09-07 20:42:49,845 [INFO] IPUIPlugin:80 - create IPUIPlugin
2025-09-07 20:42:49,846 [INFO] PluginManager:220 - loadIPPluginJar : add ts
2025-09-07 20:42:49,862 [INFO] IPUIPlugin:80 - create IPUIPlugin
2025-09-07 20:42:49,863 [INFO] PluginManager:220 - loadIPPluginJar : add stm32_wpan
2025-09-07 20:42:49,866 [INFO] IPUIPlugin:80 - create IPUIPlugin
2025-09-07 20:42:49,866 [INFO] PluginManager:220 - loadIPPluginJar : add fatfs
2025-09-07 20:42:49,876 [INFO] IPUIPlugin:80 - create IPUIPlugin
2025-09-07 20:42:49,876 [INFO] PluginManager:220 - loadIPPluginJar : add dma
2025-09-07 20:42:49,881 [INFO] IPUIPlugin:80 - create IPUIPlugin
2025-09-07 20:42:49,881 [INFO] PluginManager:220 - loadIPPluginJar : add usbx
2025-09-07 20:42:49,884 [INFO] IPUIPlugin:80 - create IPUIPlugin
2025-09-07 20:42:49,884 [INFO] PluginManager:220 - loadIPPluginJar : add hash
2025-09-07 20:42:49,887 [INFO] IPUIPlugin:80 - create IPUIPlugin
2025-09-07 20:42:49,888 [INFO] PluginManager:220 - loadIPPluginJar : add cryp
2025-09-07 20:42:49,891 [INFO] IPUIPlugin:80 - create IPUIPlugin
2025-09-07 20:42:49,891 [INFO] PluginManager:220 - loadIPPluginJar : add openamp
2025-09-07 20:42:49,894 [INFO] IPUIPlugin:80 - create IPUIPlugin
2025-09-07 20:42:49,894 [INFO] PluginManager:220 - loadIPPluginJar : add genericplugin
2025-09-07 20:42:49,901 [INFO] IPUIPlugin:80 - create IPUIPlugin
2025-09-07 20:42:49,901 [INFO] PluginManager:220 - loadIPPluginJar : add ipddr
2025-09-07 20:42:49,906 [INFO] IPUIPlugin:80 - create IPUIPlugin
2025-09-07 20:42:49,907 [INFO] PluginManager:220 - loadIPPluginJar : add opamp
2025-09-07 20:42:49,909 [INFO] IPUIPlugin:80 - create IPUIPlugin
2025-09-07 20:42:49,909 [INFO] PluginManager:220 - loadIPPluginJar : add ltdc
2025-09-07 20:42:49,913 [INFO] IPUIPlugin:80 - create IPUIPlugin
2025-09-07 20:42:49,913 [INFO] PluginManager:220 - loadIPPluginJar : add dfsdm
2025-09-07 20:42:49,922 [INFO] IPUIPlugin:80 - create IPUIPlugin
2025-09-07 20:42:49,923 [INFO] PluginManager:220 - loadIPPluginJar : add gic
2025-09-07 20:42:49,926 [INFO] IPUIPlugin:80 - create IPUIPlugin
2025-09-07 20:42:49,926 [INFO] PluginManager:220 - loadIPPluginJar : add extmemmanager
2025-09-07 20:42:49,929 [INFO] IPUIPlugin:80 - create IPUIPlugin
2025-09-07 20:42:49,929 [INFO] PluginManager:220 - loadIPPluginJar : add ucpd
2025-09-07 20:42:49,932 [INFO] IPUIPlugin:80 - create IPUIPlugin
2025-09-07 20:42:49,932 [INFO] PluginManager:220 - loadIPPluginJar : add tracer_emb
2025-09-07 20:42:49,934 [INFO] IPUIPlugin:80 - create IPUIPlugin
2025-09-07 20:42:49,935 [INFO] PluginManager:220 - loadIPPluginJar : add radio
2025-09-07 20:42:49,939 [INFO] IPUIPlugin:80 - create IPUIPlugin
2025-09-07 20:42:49,939 [INFO] PluginManager:220 - loadIPPluginJar : add pdm2pcm
2025-09-07 20:42:49,941 [INFO] IPUIPlugin:80 - create IPUIPlugin
2025-09-07 20:42:49,942 [INFO] PluginManager:220 - loadIPPluginJar : add spi
2025-09-07 20:42:49,944 [INFO] IPUIPlugin:80 - create IPUIPlugin
2025-09-07 20:42:49,944 [INFO] PluginManager:220 - loadIPPluginJar : add tim
2025-09-07 20:42:49,954 [INFO] IPUIPlugin:80 - create IPUIPlugin
2025-09-07 20:42:49,959 [INFO] PluginManager:220 - loadIPPluginJar : add plateformsettings
2025-09-07 20:42:49,964 [INFO] IPUIPlugin:80 - create IPUIPlugin
2025-09-07 20:42:49,965 [INFO] PluginManager:220 - loadIPPluginJar : add touchsensing
2025-09-07 20:42:49,971 [INFO] IPUIPlugin:80 - create IPUIPlugin
2025-09-07 20:42:49,971 [INFO] PluginManager:220 - loadIPPluginJar : add gpio
2025-09-07 20:42:49,979 [INFO] IPUIPlugin:80 - create IPUIPlugin
2025-09-07 20:42:49,979 [INFO] PluginManager:220 - loadIPPluginJar : add adc
2025-09-07 20:42:49,989 [INFO] IPUIPlugin:80 - create IPUIPlugin
2025-09-07 20:42:49,989 [INFO] PluginManager:220 - loadIPPluginJar : add linkedlist
2025-09-07 20:42:49,992 [INFO] IPUIPlugin:80 - create IPUIPlugin
2025-09-07 20:42:49,992 [INFO] PluginManager:220 - loadIPPluginJar : add comp
2025-09-07 20:42:49,998 [INFO] IPUIPlugin:80 - create IPUIPlugin
2025-09-07 20:42:49,999 [INFO] PluginManager:220 - loadIPPluginJar : add fmc
2025-09-07 20:42:50,002 [INFO] IPUIPlugin:80 - create IPUIPlugin
2025-09-07 20:42:50,002 [INFO] PluginManager:220 - loadIPPluginJar : add tsc
2025-09-07 20:42:50,007 [INFO] IPUIPlugin:80 - create IPUIPlugin
2025-09-07 20:42:50,007 [INFO] PluginManager:220 - loadIPPluginJar : add sai
2025-09-07 20:42:50,011 [INFO] IPUIPlugin:80 - create IPUIPlugin
2025-09-07 20:42:50,011 [INFO] PluginManager:220 - loadIPPluginJar : add usart
2025-09-07 20:42:50,018 [INFO] IPUIPlugin:80 - create IPUIPlugin
2025-09-07 20:42:50,018 [INFO] PluginManager:220 - loadIPPluginJar : add nvic
2025-09-07 20:42:50,023 [INFO] IPUIPlugin:80 - create IPUIPlugin
2025-09-07 20:42:50,023 [INFO] PluginManager:220 - loadIPPluginJar : add resmgrutility
2025-09-07 20:42:50,026 [INFO] IPUIPlugin:80 - create IPUIPlugin
2025-09-07 20:42:50,027 [INFO] PluginManager:220 - loadIPPluginJar : add lorawan
2025-09-07 20:42:50,030 [INFO] IPUIPlugin:80 - create IPUIPlugin
2025-09-07 20:42:50,030 [INFO] PluginManager:220 - loadIPPluginJar : add gfxmmu
2025-09-07 20:42:50,035 [INFO] IPUIPlugin:80 - create IPUIPlugin
2025-09-07 20:42:50,035 [INFO] PluginManager:220 - loadIPPluginJar : add dma3
2025-09-07 20:42:50,039 [INFO] IPUIPlugin:80 - create IPUIPlugin
2025-09-07 20:42:50,040 [INFO] PluginManager:220 - loadIPPluginJar : add i3c
2025-09-07 20:42:50,041 [INFO] IPUIPlugin:80 - create IPUIPlugin
2025-09-07 20:42:50,042 [INFO] PluginManager:220 - loadIPPluginJar : add quadspi
2025-09-07 20:42:50,046 [INFO] IPUIPlugin:80 - create IPUIPlugin
2025-09-07 20:42:50,046 [INFO] PluginManager:220 - loadIPPluginJar : add ddr_ctrl_phy
2025-09-07 20:42:50,051 [INFO] IPUIPlugin:80 - create IPUIPlugin
2025-09-07 20:42:50,051 [INFO] PluginManager:220 - loadIPPluginJar : add i2s
2025-09-07 20:42:50,181 [FATAL] Updater:351 - Updater called before beeing initialized
2025-09-07 20:42:50,243 [INFO] RulesReader:64 - Compatibility file has been processed (317 Rules)
2025-09-07 20:42:50,268 [INFO] RulesReader:64 - Compatibility file has been processed (317 Rules)
2025-09-07 20:42:50,280 [INFO] CADModel:165 - CPN selected for project level
2025-09-07 20:42:50,280 [INFO] CADModel:114 - Register for checkConnection events
2025-09-07 20:42:50,280 [FATAL] Updater:351 - Updater called before beeing initialized
2025-09-07 20:42:50,281 [ERROR] CADModel:125 - Updater not yet initialized, retry later 
2025-09-07 20:42:50,503 [FATAL] Updater:351 - Updater called before beeing initialized
2025-09-07 20:42:50,506 [INFO] CADModel:165 - CPN selected for project level
2025-09-07 20:42:50,506 [INFO] CADModel:114 - Register for checkConnection events
2025-09-07 20:42:50,506 [FATAL] Updater:351 - Updater called before beeing initialized
2025-09-07 20:42:50,507 [ERROR] CADModel:125 - Updater not yet initialized, retry later 
2025-09-07 20:42:50,512 [FATAL] Updater:351 - Updater called before beeing initialized
2025-09-07 20:42:50,674 [FATAL] Updater:351 - Updater called before beeing initialized
2025-09-07 20:42:50,682 [INFO] DbMcusAds:53 - JSON generation date=Tue Jul 08 05:14:23 ART 2025 (1751962463582)
2025-09-07 20:42:50,683 [FATAL] Updater:351 - Updater called before beeing initialized
2025-09-07 20:42:50,742 [WARN] DetailPanel:346 - Failed to get advertising image, set to default
2025-09-07 20:42:50,904 [FATAL] Updater:351 - Updater called before beeing initialized
2025-09-07 20:42:50,908 [FATAL] Updater:351 - Updater called before beeing initialized
2025-09-07 20:42:50,908 [FATAL] Updater:351 - Updater called before beeing initialized
2025-09-07 20:42:50,908 [WARN] DetailPanel:346 - Failed to get advertising image, set to default
2025-09-07 20:42:50,911 [FATAL] Updater:351 - Updater called before beeing initialized
2025-09-07 20:42:50,990 [ERROR] Updater:1198 - MainUpdater not yet initialized. External WinMGr cannot be set.
2025-09-07 20:42:50,994 [INFO] Updater:1134 - Updater Version found : 6.15.0
2025-09-07 20:42:51,033 [INFO] ApplicationProperties:184 - Using Application install path: /opt/st/stm32cubeide_1.19.0/plugins/com.st.stm32cube.common.mx_6.15.0.202507011659
2025-09-07 20:42:51,061 [ERROR] LogOutputStream:75 - [STDERR_REDIRECT] Sep 07, 2025 8:42:51 PM java.util.prefs.FileSystemPreferences$2 run
2025-09-07 20:42:51,062 [ERROR] LogOutputStream:75 - [STDERR_REDIRECT] WARNING: Could not create system preferences directory. System preferences are unusable.
2025-09-07 20:42:51,062 [ERROR] LogOutputStream:75 - [STDERR_REDIRECT] 
2025-09-07 20:42:51,519 [INFO] MainUpdater:2872 - connection check result : 10
2025-09-07 20:42:51,520 [INFO] MainUpdater:289 - Updater Check For Update Now.
2025-09-07 20:42:51,520 [INFO] MicroXplorer:498 - Change Database Version : DB.6.0.150
2025-09-07 20:42:51,530 [INFO] McuFinderGlobals:63 - Set McuFinder mode to 2 (CubeIDE integrated)
2025-09-07 20:42:51,532 [INFO] UserAuth:487 - Internet connection configuration mode: 1
2025-09-07 20:42:51,566 [INFO] JxBrowserEngine:152 - Initiate JxBrowser Engine with user profile folder
2025-09-07 20:42:51,780 [INFO] CheckServerUpdateThread:120 - End of CheckServer Thread
2025-09-07 20:42:52,162 [WARN] PackLoader:240 - Cannot read IP mode file for STMicroelectronics.FP-SNS-MOTENVWB1.1.4.0
2025-09-07 20:42:52,176 [WARN] PackLoader:240 - Cannot read IP mode file for STMicroelectronics.FP-ATR-ASTRA1.2.0.2
2025-09-07 20:42:52,191 [WARN] PackLoader:240 - Cannot read IP mode file for STMicroelectronics.X-CUBE-SMBUS.2.1.0
2025-09-07 20:42:52,218 [WARN] PackLoader:240 - Cannot read IP mode file for STMicroelectronics.X-CUBE-DISPLAY.3.0.0
2025-09-07 20:42:52,266 [WARN] PackLoader:240 - Cannot read IP mode file for STMicroelectronics.X-CUBE-NFC10.1.0.0
2025-09-07 20:42:52,285 [WARN] PackLoader:240 - Cannot read IP mode file for STMicroelectronics.FP-SNS-SMARTAG2.1.2.0
2025-09-07 20:42:52,295 [WARN] PackLoader:240 - Cannot read IP mode file for STMicroelectronics.FP-SNS-FLIGHT1.5.1.0
2025-09-07 20:42:52,307 [WARN] PackLoader:240 - Cannot read IP mode file for STMicroelectronics.FP-SNS-MOTENV1.5.0.0
2025-09-07 20:42:52,325 [WARN] PackLoader:240 - Cannot read IP mode file for STMicroelectronics.X-CUBE-BLE2.3.3.0
2025-09-07 20:42:52,346 [WARN] PackLoader:240 - Cannot read IP mode file for STMicroelectronics.X-CUBE-NFC9.1.0.0
2025-09-07 20:42:52,363 [WARN] PackLoader:240 - Cannot read IP mode file for STMicroelectronics.X-CUBE-BLE1.7.1.0
2025-09-07 20:42:52,377 [WARN] PackLoader:240 - Cannot read IP mode file for STMicroelectronics.X-CUBE-SAFEA1.1.2.2
2025-09-07 20:42:52,387 [WARN] PackLoader:240 - Cannot read IP mode file for STMicroelectronics.X-CUBE-NFC4.3.0.0
2025-09-07 20:42:52,395 [WARN] PackLoader:240 - Cannot read IP mode file for STMicroelectronics.FP-ATR-SIGFOX1.3.2.0
2025-09-07 20:42:52,553 [WARN] PackLoader:240 - Cannot read IP mode file for STMicroelectronics.X-CUBE-MEMS1.11.3.0
2025-09-07 20:42:53,060 [WARN] PackLoader:240 - Cannot read IP mode file for STMicroelectronics.X-CUBE-ISPU.2.1.0
2025-09-07 20:42:53,078 [WARN] PackLoader:240 - Cannot read IP mode file for STMicroelectronics.X-CUBE-NFC6.3.1.0
2025-09-07 20:42:53,096 [WARN] PackLoader:240 - Cannot read IP mode file for STMicroelectronics.X-CUBE-FREERTOS.1.3.1
2025-09-07 20:42:53,106 [WARN] PackLoader:240 - Cannot read IP mode file for STMicroelectronics.X-CUBE-DPower.1.3.0
2025-09-07 20:42:53,117 [WARN] PackLoader:240 - Cannot read IP mode file for STMicroelectronics.X-CUBE-SFXS2LP1.4.0.0
2025-09-07 20:42:53,128 [WARN] PackLoader:240 - Cannot read IP mode file for STMicroelectronics.X-CUBE-GNSS1.7.0.1
2025-09-07 20:42:53,148 [WARN] PackLoader:240 - Cannot read IP mode file for STMicroelectronics.X-CUBE-SUBG2.5.0.0
2025-09-07 20:42:53,162 [WARN] PackLoader:240 - Cannot read IP mode file for STMicroelectronics.X-CUBE-NFC7.2.0.0
2025-09-07 20:42:53,183 [WARN] PackLoader:240 - Cannot read IP mode file for STMicroelectronics.X-CUBE-IPS.3.1.0
2025-09-07 20:42:53,198 [WARN] PackLoader:240 - Cannot read IP mode file for STMicroelectronics.X-CUBE-ALS.1.0.2
2025-09-07 20:42:53,200 [INFO] ThirdParty:978 - Integrity check success = true
2025-09-07 20:42:53,200 [INFO] IntegrityCheckThread:100 - exiting critical section [integrity check]
2025-09-07 20:42:53,200 [INFO] IntegrityCheckThread:103 - End integrity checks thread
2025-09-07 20:42:53,234 [INFO] WebApp:169 - Instantiating new browser for Auth
2025-09-07 20:42:54,376 [INFO] WebApp:463 - Apply proxy settings
2025-09-07 20:42:54,377 [INFO] WebApp:548 - Chromium requires no authentication
2025-09-07 20:42:54,389 [INFO] WebApp:491 - Direct internet connection detected
2025-09-07 20:42:54,420 [INFO] WebApp:900 - Register for checkConnection events
2025-09-07 20:42:54,420 [INFO] WebApp:463 - Apply proxy settings
2025-09-07 20:42:54,421 [INFO] WebApp:548 - Chromium requires no authentication
2025-09-07 20:42:54,421 [INFO] WebApp:491 - Direct internet connection detected
2025-09-07 20:42:54,709 [INFO] WebApp:225 - Starting web application
2025-09-07 20:42:54,710 [INFO] WebApp:593 - Web application path used /opt/st/stm32cubeide_1.19.0/plugins/com.st.stm32cube.common.mx_6.15.0.202507011659/db/plugins/mcufinder/reactClient1/index.html
2025-09-07 20:42:54,726 [INFO] WebApp:191 - Connection restablished
2025-09-07 20:42:54,933 [INFO] UserAuth:487 - Internet connection configuration mode: 1
2025-09-07 20:43:11,754 [ERROR] LogOutputStream:75 - [STDERR_REDIRECT] Sep 07, 2025 8:43:11 PM java.util.prefs.FileSystemPreferences checkLockFile0ErrorCode
2025-09-07 20:43:11,755 [ERROR] LogOutputStream:75 - [STDERR_REDIRECT] WARNING: Could not lock System prefs. Unix error code 2.
2025-09-07 20:43:11,755 [ERROR] LogOutputStream:75 - [STDERR_REDIRECT] 
2025-09-07 20:43:11,756 [ERROR] LogOutputStream:75 - [STDERR_REDIRECT] Sep 07, 2025 8:43:11 PM java.util.prefs.FileSystemPreferences syncWorld
2025-09-07 20:43:11,757 [ERROR] LogOutputStream:75 - [STDERR_REDIRECT] WARNING: Couldn't flush system prefs: java.util.prefs.BackingStoreException: Couldn't get file lock.
2025-09-07 20:43:11,757 [ERROR] LogOutputStream:75 - [STDERR_REDIRECT] 
2025-09-07 20:43:41,738 [ERROR] LogOutputStream:75 - [STDERR_REDIRECT] Sep 07, 2025 8:43:41 PM java.util.prefs.FileSystemPreferences checkLockFile0ErrorCode
2025-09-07 20:43:41,739 [ERROR] LogOutputStream:75 - [STDERR_REDIRECT] WARNING: Could not lock System prefs. Unix error code 2.
2025-09-07 20:43:41,739 [ERROR] LogOutputStream:75 - [STDERR_REDIRECT] 
2025-09-07 20:43:41,740 [ERROR] LogOutputStream:75 - [STDERR_REDIRECT] Sep 07, 2025 8:43:41 PM java.util.prefs.FileSystemPreferences syncWorld
2025-09-07 20:43:41,741 [ERROR] LogOutputStream:75 - [STDERR_REDIRECT] WARNING: Couldn't flush system prefs: java.util.prefs.BackingStoreException: Couldn't get file lock.
2025-09-07 20:43:41,741 [ERROR] LogOutputStream:75 - [STDERR_REDIRECT] 
2025-09-07 20:44:11,733 [ERROR] LogOutputStream:75 - [STDERR_REDIRECT] Sep 07, 2025 8:44:11 PM java.util.prefs.FileSystemPreferences checkLockFile0ErrorCode
2025-09-07 20:44:11,733 [ERROR] LogOutputStream:75 - [STDERR_REDIRECT] WARNING: Could not lock System prefs. Unix error code 2.
2025-09-07 20:44:11,734 [ERROR] LogOutputStream:75 - [STDERR_REDIRECT] 
2025-09-07 20:44:11,734 [ERROR] LogOutputStream:75 - [STDERR_REDIRECT] Sep 07, 2025 8:44:11 PM java.util.prefs.FileSystemPreferences syncWorld
2025-09-07 20:44:11,734 [ERROR] LogOutputStream:75 - [STDERR_REDIRECT] WARNING: Couldn't flush system prefs: java.util.prefs.BackingStoreException: Couldn't get file lock.
2025-09-07 20:44:11,734 [ERROR] LogOutputStream:75 - [STDERR_REDIRECT] 
2025-09-07 20:44:41,731 [ERROR] LogOutputStream:75 - [STDERR_REDIRECT] Sep 07, 2025 8:44:41 PM java.util.prefs.FileSystemPreferences checkLockFile0ErrorCode
2025-09-07 20:44:41,732 [ERROR] LogOutputStream:75 - [STDERR_REDIRECT] WARNING: Could not lock System prefs. Unix error code 2.
2025-09-07 20:44:41,732 [ERROR] LogOutputStream:75 - [STDERR_REDIRECT] 
2025-09-07 20:44:41,733 [ERROR] LogOutputStream:75 - [STDERR_REDIRECT] Sep 07, 2025 8:44:41 PM java.util.prefs.FileSystemPreferences syncWorld
2025-09-07 20:44:41,733 [ERROR] LogOutputStream:75 - [STDERR_REDIRECT] WARNING: Couldn't flush system prefs: java.util.prefs.BackingStoreException: Couldn't get file lock.
2025-09-07 20:44:41,733 [ERROR] LogOutputStream:75 - [STDERR_REDIRECT] 
2025-09-07 20:45:11,732 [ERROR] LogOutputStream:75 - [STDERR_REDIRECT] Sep 07, 2025 8:45:11 PM java.util.prefs.FileSystemPreferences checkLockFile0ErrorCode
2025-09-07 20:45:11,733 [ERROR] LogOutputStream:75 - [STDERR_REDIRECT] WARNING: Could not lock System prefs. Unix error code 2.
2025-09-07 20:45:11,733 [ERROR] LogOutputStream:75 - [STDERR_REDIRECT] 
2025-09-07 20:45:11,733 [ERROR] LogOutputStream:75 - [STDERR_REDIRECT] Sep 07, 2025 8:45:11 PM java.util.prefs.FileSystemPreferences syncWorld
2025-09-07 20:45:11,734 [ERROR] LogOutputStream:75 - [STDERR_REDIRECT] WARNING: Couldn't flush system prefs: java.util.prefs.BackingStoreException: Couldn't get file lock.
2025-09-07 20:45:11,734 [ERROR] LogOutputStream:75 - [STDERR_REDIRECT] 
2025-09-07 20:45:41,731 [ERROR] LogOutputStream:75 - [STDERR_REDIRECT] Sep 07, 2025 8:45:41 PM java.util.prefs.FileSystemPreferences checkLockFile0ErrorCode
2025-09-07 20:45:41,732 [ERROR] LogOutputStream:75 - [STDERR_REDIRECT] WARNING: Could not lock System prefs. Unix error code 2.
2025-09-07 20:45:41,732 [ERROR] LogOutputStream:75 - [STDERR_REDIRECT] 
2025-09-07 20:45:41,733 [ERROR] LogOutputStream:75 - [STDERR_REDIRECT] Sep 07, 2025 8:45:41 PM java.util.prefs.FileSystemPreferences syncWorld
2025-09-07 20:45:41,733 [ERROR] LogOutputStream:75 - [STDERR_REDIRECT] WARNING: Couldn't flush system prefs: java.util.prefs.BackingStoreException: Couldn't get file lock.
2025-09-07 20:45:41,733 [ERROR] LogOutputStream:75 - [STDERR_REDIRECT] 
2025-09-07 20:46:11,732 [ERROR] LogOutputStream:75 - [STDERR_REDIRECT] Sep 07, 2025 8:46:11 PM java.util.prefs.FileSystemPreferences checkLockFile0ErrorCode
2025-09-07 20:46:11,732 [ERROR] LogOutputStream:75 - [STDERR_REDIRECT] WARNING: Could not lock System prefs. Unix error code 2.
2025-09-07 20:46:11,733 [ERROR] LogOutputStream:75 - [STDERR_REDIRECT] 
2025-09-07 20:46:11,733 [ERROR] LogOutputStream:75 - [STDERR_REDIRECT] Sep 07, 2025 8:46:11 PM java.util.prefs.FileSystemPreferences syncWorld
2025-09-07 20:46:11,734 [ERROR] LogOutputStream:75 - [STDERR_REDIRECT] WARNING: Couldn't flush system prefs: java.util.prefs.BackingStoreException: Couldn't get file lock.
2025-09-07 20:46:11,734 [ERROR] LogOutputStream:75 - [STDERR_REDIRECT] 
2025-09-07 20:46:41,732 [ERROR] LogOutputStream:75 - [STDERR_REDIRECT] Sep 07, 2025 8:46:41 PM java.util.prefs.FileSystemPreferences checkLockFile0ErrorCode
2025-09-07 20:46:41,732 [ERROR] LogOutputStream:75 - [STDERR_REDIRECT] WARNING: Could not lock System prefs. Unix error code 2.
2025-09-07 20:46:41,732 [ERROR] LogOutputStream:75 - [STDERR_REDIRECT] 
2025-09-07 20:46:41,733 [ERROR] LogOutputStream:75 - [STDERR_REDIRECT] Sep 07, 2025 8:46:41 PM java.util.prefs.FileSystemPreferences syncWorld
2025-09-07 20:46:41,733 [ERROR] LogOutputStream:75 - [STDERR_REDIRECT] WARNING: Couldn't flush system prefs: java.util.prefs.BackingStoreException: Couldn't get file lock.
2025-09-07 20:46:41,733 [ERROR] LogOutputStream:75 - [STDERR_REDIRECT] 
2025-09-07 20:47:11,732 [ERROR] LogOutputStream:75 - [STDERR_REDIRECT] Sep 07, 2025 8:47:11 PM java.util.prefs.FileSystemPreferences checkLockFile0ErrorCode
2025-09-07 20:47:11,732 [ERROR] LogOutputStream:75 - [STDERR_REDIRECT] WARNING: Could not lock System prefs. Unix error code 2.
2025-09-07 20:47:11,732 [ERROR] LogOutputStream:75 - [STDERR_REDIRECT] 
2025-09-07 20:47:11,733 [ERROR] LogOutputStream:75 - [STDERR_REDIRECT] Sep 07, 2025 8:47:11 PM java.util.prefs.FileSystemPreferences syncWorld
2025-09-07 20:47:11,733 [ERROR] LogOutputStream:75 - [STDERR_REDIRECT] WARNING: Couldn't flush system prefs: java.util.prefs.BackingStoreException: Couldn't get file lock.
2025-09-07 20:47:11,733 [ERROR] LogOutputStream:75 - [STDERR_REDIRECT] 
2025-09-07 20:47:41,733 [ERROR] LogOutputStream:75 - [STDERR_REDIRECT] Sep 07, 2025 8:47:41 PM java.util.prefs.FileSystemPreferences checkLockFile0ErrorCode
2025-09-07 20:47:41,733 [ERROR] LogOutputStream:75 - [STDERR_REDIRECT] WARNING: Could not lock System prefs. Unix error code 2.
2025-09-07 20:47:41,733 [ERROR] LogOutputStream:75 - [STDERR_REDIRECT] 
2025-09-07 20:47:41,734 [ERROR] LogOutputStream:75 - [STDERR_REDIRECT] Sep 07, 2025 8:47:41 PM java.util.prefs.FileSystemPreferences syncWorld
2025-09-07 20:47:41,734 [ERROR] LogOutputStream:75 - [STDERR_REDIRECT] WARNING: Couldn't flush system prefs: java.util.prefs.BackingStoreException: Couldn't get file lock.
2025-09-07 20:47:41,734 [ERROR] LogOutputStream:75 - [STDERR_REDIRECT] 
2025-09-07 20:48:11,732 [ERROR] LogOutputStream:75 - [STDERR_REDIRECT] Sep 07, 2025 8:48:11 PM java.util.prefs.FileSystemPreferences checkLockFile0ErrorCode
2025-09-07 20:48:11,732 [ERROR] LogOutputStream:75 - [STDERR_REDIRECT] WARNING: Could not lock System prefs. Unix error code 2.
2025-09-07 20:48:11,733 [ERROR] LogOutputStream:75 - [STDERR_REDIRECT] 
2025-09-07 20:48:11,733 [ERROR] LogOutputStream:75 - [STDERR_REDIRECT] Sep 07, 2025 8:48:11 PM java.util.prefs.FileSystemPreferences syncWorld
2025-09-07 20:48:11,733 [ERROR] LogOutputStream:75 - [STDERR_REDIRECT] WARNING: Couldn't flush system prefs: java.util.prefs.BackingStoreException: Couldn't get file lock.
2025-09-07 20:48:11,733 [ERROR] LogOutputStream:75 - [STDERR_REDIRECT] 
2025-09-07 20:48:41,733 [ERROR] LogOutputStream:75 - [STDERR_REDIRECT] Sep 07, 2025 8:48:41 PM java.util.prefs.FileSystemPreferences checkLockFile0ErrorCode
2025-09-07 20:48:41,734 [ERROR] LogOutputStream:75 - [STDERR_REDIRECT] WARNING: Could not lock System prefs. Unix error code 2.
2025-09-07 20:48:41,734 [ERROR] LogOutputStream:75 - [STDERR_REDIRECT] 
2025-09-07 20:48:41,734 [ERROR] LogOutputStream:75 - [STDERR_REDIRECT] Sep 07, 2025 8:48:41 PM java.util.prefs.FileSystemPreferences syncWorld
2025-09-07 20:48:41,734 [ERROR] LogOutputStream:75 - [STDERR_REDIRECT] WARNING: Couldn't flush system prefs: java.util.prefs.BackingStoreException: Couldn't get file lock.
2025-09-07 20:48:41,735 [ERROR] LogOutputStream:75 - [STDERR_REDIRECT] 
2025-09-07 20:49:11,733 [ERROR] LogOutputStream:75 - [STDERR_REDIRECT] Sep 07, 2025 8:49:11 PM java.util.prefs.FileSystemPreferences checkLockFile0ErrorCode
2025-09-07 20:49:11,734 [ERROR] LogOutputStream:75 - [STDERR_REDIRECT] WARNING: Could not lock System prefs. Unix error code 2.
2025-09-07 20:49:11,734 [ERROR] LogOutputStream:75 - [STDERR_REDIRECT] 
2025-09-07 20:49:11,734 [ERROR] LogOutputStream:75 - [STDERR_REDIRECT] Sep 07, 2025 8:49:11 PM java.util.prefs.FileSystemPreferences syncWorld
2025-09-07 20:49:11,734 [ERROR] LogOutputStream:75 - [STDERR_REDIRECT] WARNING: Couldn't flush system prefs: java.util.prefs.BackingStoreException: Couldn't get file lock.
2025-09-07 20:49:11,735 [ERROR] LogOutputStream:75 - [STDERR_REDIRECT] 
2025-09-07 20:49:41,733 [ERROR] LogOutputStream:75 - [STDERR_REDIRECT] Sep 07, 2025 8:49:41 PM java.util.prefs.FileSystemPreferences checkLockFile0ErrorCode
2025-09-07 20:49:41,734 [ERROR] LogOutputStream:75 - [STDERR_REDIRECT] WARNING: Could not lock System prefs. Unix error code 2.
2025-09-07 20:49:41,734 [ERROR] LogOutputStream:75 - [STDERR_REDIRECT] 
2025-09-07 20:49:41,735 [ERROR] LogOutputStream:75 - [STDERR_REDIRECT] Sep 07, 2025 8:49:41 PM java.util.prefs.FileSystemPreferences syncWorld
2025-09-07 20:49:41,735 [ERROR] LogOutputStream:75 - [STDERR_REDIRECT] WARNING: Couldn't flush system prefs: java.util.prefs.BackingStoreException: Couldn't get file lock.
2025-09-07 20:49:41,735 [ERROR] LogOutputStream:75 - [STDERR_REDIRECT] 
2025-09-07 20:50:11,734 [ERROR] LogOutputStream:75 - [STDERR_REDIRECT] Sep 07, 2025 8:50:11 PM java.util.prefs.FileSystemPreferences checkLockFile0ErrorCode
2025-09-07 20:50:11,734 [ERROR] LogOutputStream:75 - [STDERR_REDIRECT] WARNING: Could not lock System prefs. Unix error code 2.
2025-09-07 20:50:11,735 [ERROR] LogOutputStream:75 - [STDERR_REDIRECT] 
2025-09-07 20:50:11,735 [ERROR] LogOutputStream:75 - [STDERR_REDIRECT] Sep 07, 2025 8:50:11 PM java.util.prefs.FileSystemPreferences syncWorld
2025-09-07 20:50:11,735 [ERROR] LogOutputStream:75 - [STDERR_REDIRECT] WARNING: Couldn't flush system prefs: java.util.prefs.BackingStoreException: Couldn't get file lock.
2025-09-07 20:50:11,735 [ERROR] LogOutputStream:75 - [STDERR_REDIRECT] 
2025-09-07 20:50:41,735 [ERROR] LogOutputStream:75 - [STDERR_REDIRECT] Sep 07, 2025 8:50:41 PM java.util.prefs.FileSystemPreferences checkLockFile0ErrorCode
2025-09-07 20:50:41,735 [ERROR] LogOutputStream:75 - [STDERR_REDIRECT] WARNING: Could not lock System prefs. Unix error code 2.
2025-09-07 20:50:41,736 [ERROR] LogOutputStream:75 - [STDERR_REDIRECT] 
2025-09-07 20:50:41,736 [ERROR] LogOutputStream:75 - [STDERR_REDIRECT] Sep 07, 2025 8:50:41 PM java.util.prefs.FileSystemPreferences syncWorld
2025-09-07 20:50:41,737 [ERROR] LogOutputStream:75 - [STDERR_REDIRECT] WARNING: Couldn't flush system prefs: java.util.prefs.BackingStoreException: Couldn't get file lock.
2025-09-07 20:50:41,737 [ERROR] LogOutputStream:75 - [STDERR_REDIRECT] 
2025-09-07 20:51:11,735 [ERROR] LogOutputStream:75 - [STDERR_REDIRECT] Sep 07, 2025 8:51:11 PM java.util.prefs.FileSystemPreferences checkLockFile0ErrorCode
2025-09-07 20:51:11,735 [ERROR] LogOutputStream:75 - [STDERR_REDIRECT] WARNING: Could not lock System prefs. Unix error code 2.
2025-09-07 20:51:11,735 [ERROR] LogOutputStream:75 - [STDERR_REDIRECT] 
2025-09-07 20:51:11,736 [ERROR] LogOutputStream:75 - [STDERR_REDIRECT] Sep 07, 2025 8:51:11 PM java.util.prefs.FileSystemPreferences syncWorld
2025-09-07 20:51:11,737 [ERROR] LogOutputStream:75 - [STDERR_REDIRECT] WARNING: Couldn't flush system prefs: java.util.prefs.BackingStoreException: Couldn't get file lock.
2025-09-07 20:51:11,737 [ERROR] LogOutputStream:75 - [STDERR_REDIRECT] 
2025-09-07 20:51:41,735 [ERROR] LogOutputStream:75 - [STDERR_REDIRECT] Sep 07, 2025 8:51:41 PM java.util.prefs.FileSystemPreferences checkLockFile0ErrorCode
2025-09-07 20:51:41,736 [ERROR] LogOutputStream:75 - [STDERR_REDIRECT] WARNING: Could not lock System prefs. Unix error code 2.
2025-09-07 20:51:41,746 [ERROR] LogOutputStream:75 - [STDERR_REDIRECT] 
2025-09-07 20:51:41,747 [ERROR] LogOutputStream:75 - [STDERR_REDIRECT] Sep 07, 2025 8:51:41 PM java.util.prefs.FileSystemPreferences syncWorld
2025-09-07 20:51:41,747 [ERROR] LogOutputStream:75 - [STDERR_REDIRECT] WARNING: Couldn't flush system prefs: java.util.prefs.BackingStoreException: Couldn't get file lock.
2025-09-07 20:51:41,747 [ERROR] LogOutputStream:75 - [STDERR_REDIRECT] 
2025-09-07 20:52:11,736 [ERROR] LogOutputStream:75 - [STDERR_REDIRECT] Sep 07, 2025 8:52:11 PM java.util.prefs.FileSystemPreferences checkLockFile0ErrorCode
2025-09-07 20:52:11,736 [ERROR] LogOutputStream:75 - [STDERR_REDIRECT] WARNING: Could not lock System prefs. Unix error code 2.
2025-09-07 20:52:11,736 [ERROR] LogOutputStream:75 - [STDERR_REDIRECT] 
2025-09-07 20:52:11,737 [ERROR] LogOutputStream:75 - [STDERR_REDIRECT] Sep 07, 2025 8:52:11 PM java.util.prefs.FileSystemPreferences syncWorld
2025-09-07 20:52:11,737 [ERROR] LogOutputStream:75 - [STDERR_REDIRECT] WARNING: Couldn't flush system prefs: java.util.prefs.BackingStoreException: Couldn't get file lock.
2025-09-07 20:52:11,738 [ERROR] LogOutputStream:75 - [STDERR_REDIRECT] 
2025-09-07 20:52:41,739 [ERROR] LogOutputStream:75 - [STDERR_REDIRECT] Sep 07, 2025 8:52:41 PM java.util.prefs.FileSystemPreferences checkLockFile0ErrorCode
2025-09-07 20:52:41,739 [ERROR] LogOutputStream:75 - [STDERR_REDIRECT] WARNING: Could not lock System prefs. Unix error code 2.
2025-09-07 20:52:41,740 [ERROR] LogOutputStream:75 - [STDERR_REDIRECT] 
2025-09-07 20:52:41,740 [ERROR] LogOutputStream:75 - [STDERR_REDIRECT] Sep 07, 2025 8:52:41 PM java.util.prefs.FileSystemPreferences syncWorld
2025-09-07 20:52:41,740 [ERROR] LogOutputStream:75 - [STDERR_REDIRECT] WARNING: Couldn't flush system prefs: java.util.prefs.BackingStoreException: Couldn't get file lock.
2025-09-07 20:52:41,741 [ERROR] LogOutputStream:75 - [STDERR_REDIRECT] 
2025-09-07 20:53:11,738 [ERROR] LogOutputStream:75 - [STDERR_REDIRECT] Sep 07, 2025 8:53:11 PM java.util.prefs.FileSystemPreferences checkLockFile0ErrorCode
2025-09-07 20:53:11,738 [ERROR] LogOutputStream:75 - [STDERR_REDIRECT] WARNING: Could not lock System prefs. Unix error code 2.
2025-09-07 20:53:11,739 [ERROR] LogOutputStream:75 - [STDERR_REDIRECT] 
2025-09-07 20:53:11,740 [ERROR] LogOutputStream:75 - [STDERR_REDIRECT] Sep 07, 2025 8:53:11 PM java.util.prefs.FileSystemPreferences syncWorld
2025-09-07 20:53:11,740 [ERROR] LogOutputStream:75 - [STDERR_REDIRECT] WARNING: Couldn't flush system prefs: java.util.prefs.BackingStoreException: Couldn't get file lock.
2025-09-07 20:53:11,740 [ERROR] LogOutputStream:75 - [STDERR_REDIRECT] 
2025-09-07 20:53:41,737 [ERROR] LogOutputStream:75 - [STDERR_REDIRECT] Sep 07, 2025 8:53:41 PM java.util.prefs.FileSystemPreferences checkLockFile0ErrorCode
2025-09-07 20:53:41,737 [ERROR] LogOutputStream:75 - [STDERR_REDIRECT] WARNING: Could not lock System prefs. Unix error code 2.
2025-09-07 20:53:41,738 [ERROR] LogOutputStream:75 - [STDERR_REDIRECT] 
2025-09-07 20:53:41,738 [ERROR] LogOutputStream:75 - [STDERR_REDIRECT] Sep 07, 2025 8:53:41 PM java.util.prefs.FileSystemPreferences syncWorld
2025-09-07 20:53:41,738 [ERROR] LogOutputStream:75 - [STDERR_REDIRECT] WARNING: Couldn't flush system prefs: java.util.prefs.BackingStoreException: Couldn't get file lock.
2025-09-07 20:53:41,738 [ERROR] LogOutputStream:75 - [STDERR_REDIRECT] 
2025-09-07 20:54:11,734 [ERROR] LogOutputStream:75 - [STDERR_REDIRECT] Sep 07, 2025 8:54:11 PM java.util.prefs.FileSystemPreferences checkLockFile0ErrorCode
2025-09-07 20:54:11,734 [ERROR] LogOutputStream:75 - [STDERR_REDIRECT] WARNING: Could not lock System prefs. Unix error code 2.
2025-09-07 20:54:11,734 [ERROR] LogOutputStream:75 - [STDERR_REDIRECT] 
2025-09-07 20:54:11,735 [ERROR] LogOutputStream:75 - [STDERR_REDIRECT] Sep 07, 2025 8:54:11 PM java.util.prefs.FileSystemPreferences syncWorld
2025-09-07 20:54:11,735 [ERROR] LogOutputStream:75 - [STDERR_REDIRECT] WARNING: Couldn't flush system prefs: java.util.prefs.BackingStoreException: Couldn't get file lock.
2025-09-07 20:54:11,735 [ERROR] LogOutputStream:75 - [STDERR_REDIRECT] 
2025-09-07 20:54:41,735 [ERROR] LogOutputStream:75 - [STDERR_REDIRECT] Sep 07, 2025 8:54:41 PM java.util.prefs.FileSystemPreferences checkLockFile0ErrorCode
2025-09-07 20:54:41,736 [ERROR] LogOutputStream:75 - [STDERR_REDIRECT] WARNING: Could not lock System prefs. Unix error code 2.
2025-09-07 20:54:41,736 [ERROR] LogOutputStream:75 - [STDERR_REDIRECT] 
2025-09-07 20:54:41,737 [ERROR] LogOutputStream:75 - [STDERR_REDIRECT] Sep 07, 2025 8:54:41 PM java.util.prefs.FileSystemPreferences syncWorld
2025-09-07 20:54:41,737 [ERROR] LogOutputStream:75 - [STDERR_REDIRECT] WARNING: Couldn't flush system prefs: java.util.prefs.BackingStoreException: Couldn't get file lock.
2025-09-07 20:54:41,737 [ERROR] LogOutputStream:75 - [STDERR_REDIRECT] 
2025-09-07 20:55:11,736 [ERROR] LogOutputStream:75 - [STDERR_REDIRECT] Sep 07, 2025 8:55:11 PM java.util.prefs.FileSystemPreferences checkLockFile0ErrorCode
2025-09-07 20:55:11,736 [ERROR] LogOutputStream:75 - [STDERR_REDIRECT] WARNING: Could not lock System prefs. Unix error code 2.
2025-09-07 20:55:11,736 [ERROR] LogOutputStream:75 - [STDERR_REDIRECT] 
2025-09-07 20:55:11,737 [ERROR] LogOutputStream:75 - [STDERR_REDIRECT] Sep 07, 2025 8:55:11 PM java.util.prefs.FileSystemPreferences syncWorld
2025-09-07 20:55:11,737 [ERROR] LogOutputStream:75 - [STDERR_REDIRECT] WARNING: Couldn't flush system prefs: java.util.prefs.BackingStoreException: Couldn't get file lock.
2025-09-07 20:55:11,737 [ERROR] LogOutputStream:75 - [STDERR_REDIRECT] 
2025-09-07 20:55:41,736 [ERROR] LogOutputStream:75 - [STDERR_REDIRECT] Sep 07, 2025 8:55:41 PM java.util.prefs.FileSystemPreferences checkLockFile0ErrorCode
2025-09-07 20:55:41,736 [ERROR] LogOutputStream:75 - [STDERR_REDIRECT] WARNING: Could not lock System prefs. Unix error code 2.
2025-09-07 20:55:41,737 [ERROR] LogOutputStream:75 - [STDERR_REDIRECT] 
2025-09-07 20:55:41,737 [ERROR] LogOutputStream:75 - [STDERR_REDIRECT] Sep 07, 2025 8:55:41 PM java.util.prefs.FileSystemPreferences syncWorld
2025-09-07 20:55:41,737 [ERROR] LogOutputStream:75 - [STDERR_REDIRECT] WARNING: Couldn't flush system prefs: java.util.prefs.BackingStoreException: Couldn't get file lock.
2025-09-07 20:55:41,738 [ERROR] LogOutputStream:75 - [STDERR_REDIRECT] 
2025-09-07 20:56:11,736 [ERROR] LogOutputStream:75 - [STDERR_REDIRECT] Sep 07, 2025 8:56:11 PM java.util.prefs.FileSystemPreferences checkLockFile0ErrorCode
2025-09-07 20:56:11,736 [ERROR] LogOutputStream:75 - [STDERR_REDIRECT] WARNING: Could not lock System prefs. Unix error code 2.
2025-09-07 20:56:11,737 [ERROR] LogOutputStream:75 - [STDERR_REDIRECT] 
2025-09-07 20:56:11,737 [ERROR] LogOutputStream:75 - [STDERR_REDIRECT] Sep 07, 2025 8:56:11 PM java.util.prefs.FileSystemPreferences syncWorld
2025-09-07 20:56:11,738 [ERROR] LogOutputStream:75 - [STDERR_REDIRECT] WARNING: Couldn't flush system prefs: java.util.prefs.BackingStoreException: Couldn't get file lock.
2025-09-07 20:56:11,738 [ERROR] LogOutputStream:75 - [STDERR_REDIRECT] 
2025-09-07 20:56:41,737 [ERROR] LogOutputStream:75 - [STDERR_REDIRECT] Sep 07, 2025 8:56:41 PM java.util.prefs.FileSystemPreferences checkLockFile0ErrorCode
2025-09-07 20:56:41,737 [ERROR] LogOutputStream:75 - [STDERR_REDIRECT] WARNING: Could not lock System prefs. Unix error code 2.
2025-09-07 20:56:41,737 [ERROR] LogOutputStream:75 - [STDERR_REDIRECT] 
2025-09-07 20:56:41,738 [ERROR] LogOutputStream:75 - [STDERR_REDIRECT] Sep 07, 2025 8:56:41 PM java.util.prefs.FileSystemPreferences syncWorld
2025-09-07 20:56:41,738 [ERROR] LogOutputStream:75 - [STDERR_REDIRECT] WARNING: Couldn't flush system prefs: java.util.prefs.BackingStoreException: Couldn't get file lock.
2025-09-07 20:56:41,738 [ERROR] LogOutputStream:75 - [STDERR_REDIRECT] 
2025-09-07 20:57:11,737 [ERROR] LogOutputStream:75 - [STDERR_REDIRECT] Sep 07, 2025 8:57:11 PM java.util.prefs.FileSystemPreferences checkLockFile0ErrorCode
2025-09-07 20:57:11,738 [ERROR] LogOutputStream:75 - [STDERR_REDIRECT] WARNING: Could not lock System prefs. Unix error code 2.
2025-09-07 20:57:11,738 [ERROR] LogOutputStream:75 - [STDERR_REDIRECT] 
2025-09-07 20:57:11,738 [ERROR] LogOutputStream:75 - [STDERR_REDIRECT] Sep 07, 2025 8:57:11 PM java.util.prefs.FileSystemPreferences syncWorld
2025-09-07 20:57:11,738 [ERROR] LogOutputStream:75 - [STDERR_REDIRECT] WARNING: Couldn't flush system prefs: java.util.prefs.BackingStoreException: Couldn't get file lock.
2025-09-07 20:57:11,738 [ERROR] LogOutputStream:75 - [STDERR_REDIRECT] 
2025-09-07 20:57:41,737 [ERROR] LogOutputStream:75 - [STDERR_REDIRECT] Sep 07, 2025 8:57:41 PM java.util.prefs.FileSystemPreferences checkLockFile0ErrorCode
2025-09-07 20:57:41,737 [ERROR] LogOutputStream:75 - [STDERR_REDIRECT] WARNING: Could not lock System prefs. Unix error code 2.
2025-09-07 20:57:41,748 [ERROR] LogOutputStream:75 - [STDERR_REDIRECT] 
2025-09-07 20:57:41,749 [ERROR] LogOutputStream:75 - [STDERR_REDIRECT] Sep 07, 2025 8:57:41 PM java.util.prefs.FileSystemPreferences syncWorld
2025-09-07 20:57:41,749 [ERROR] LogOutputStream:75 - [STDERR_REDIRECT] WARNING: Couldn't flush system prefs: java.util.prefs.BackingStoreException: Couldn't get file lock.
2025-09-07 20:57:41,749 [ERROR] LogOutputStream:75 - [STDERR_REDIRECT] 
2025-09-07 20:58:11,738 [ERROR] LogOutputStream:75 - [STDERR_REDIRECT] Sep 07, 2025 8:58:11 PM java.util.prefs.FileSystemPreferences checkLockFile0ErrorCode
2025-09-07 20:58:11,738 [ERROR] LogOutputStream:75 - [STDERR_REDIRECT] WARNING: Could not lock System prefs. Unix error code 2.
2025-09-07 20:58:11,738 [ERROR] LogOutputStream:75 - [STDERR_REDIRECT] 
2025-09-07 20:58:11,739 [ERROR] LogOutputStream:75 - [STDERR_REDIRECT] Sep 07, 2025 8:58:11 PM java.util.prefs.FileSystemPreferences syncWorld
2025-09-07 20:58:11,739 [ERROR] LogOutputStream:75 - [STDERR_REDIRECT] WARNING: Couldn't flush system prefs: java.util.prefs.BackingStoreException: Couldn't get file lock.
2025-09-07 20:58:11,739 [ERROR] LogOutputStream:75 - [STDERR_REDIRECT] 
2025-09-07 20:58:41,739 [ERROR] LogOutputStream:75 - [STDERR_REDIRECT] Sep 07, 2025 8:58:41 PM java.util.prefs.FileSystemPreferences checkLockFile0ErrorCode
2025-09-07 20:58:41,739 [ERROR] LogOutputStream:75 - [STDERR_REDIRECT] WARNING: Could not lock System prefs. Unix error code 2.
2025-09-07 20:58:41,739 [ERROR] LogOutputStream:75 - [STDERR_REDIRECT] 
2025-09-07 20:58:41,740 [ERROR] LogOutputStream:75 - [STDERR_REDIRECT] Sep 07, 2025 8:58:41 PM java.util.prefs.FileSystemPreferences syncWorld
2025-09-07 20:58:41,740 [ERROR] LogOutputStream:75 - [STDERR_REDIRECT] WARNING: Couldn't flush system prefs: java.util.prefs.BackingStoreException: Couldn't get file lock.
2025-09-07 20:58:41,740 [ERROR] LogOutputStream:75 - [STDERR_REDIRECT] 
2025-09-07 20:59:11,738 [ERROR] LogOutputStream:75 - [STDERR_REDIRECT] Sep 07, 2025 8:59:11 PM java.util.prefs.FileSystemPreferences checkLockFile0ErrorCode
2025-09-07 20:59:11,739 [ERROR] LogOutputStream:75 - [STDERR_REDIRECT] WARNING: Could not lock System prefs. Unix error code 2.
2025-09-07 20:59:11,739 [ERROR] LogOutputStream:75 - [STDERR_REDIRECT] 
2025-09-07 20:59:11,739 [ERROR] LogOutputStream:75 - [STDERR_REDIRECT] Sep 07, 2025 8:59:11 PM java.util.prefs.FileSystemPreferences syncWorld
2025-09-07 20:59:11,740 [ERROR] LogOutputStream:75 - [STDERR_REDIRECT] WARNING: Couldn't flush system prefs: java.util.prefs.BackingStoreException: Couldn't get file lock.
2025-09-07 20:59:11,740 [ERROR] LogOutputStream:75 - [STDERR_REDIRECT] 
2025-09-07 20:59:41,738 [ERROR] LogOutputStream:75 - [STDERR_REDIRECT] Sep 07, 2025 8:59:41 PM java.util.prefs.FileSystemPreferences checkLockFile0ErrorCode
2025-09-07 20:59:41,738 [ERROR] LogOutputStream:75 - [STDERR_REDIRECT] WARNING: Could not lock System prefs. Unix error code 2.
2025-09-07 20:59:41,739 [ERROR] LogOutputStream:75 - [STDERR_REDIRECT] 
2025-09-07 20:59:41,739 [ERROR] LogOutputStream:75 - [STDERR_REDIRECT] Sep 07, 2025 8:59:41 PM java.util.prefs.FileSystemPreferences syncWorld
2025-09-07 20:59:41,740 [ERROR] LogOutputStream:75 - [STDERR_REDIRECT] WARNING: Couldn't flush system prefs: java.util.prefs.BackingStoreException: Couldn't get file lock.
2025-09-07 20:59:41,740 [ERROR] LogOutputStream:75 - [STDERR_REDIRECT] 
2025-09-07 20:59:44,283 [ERROR] LogOutputStream:75 - [STDERR_REDIRECT] 
2025-09-07 20:59:44,284 [ERROR] LogOutputStream:75 - [STDERR_REDIRECT] 
