22:13:09 **** Incremental Build of configuration Debug for project ej2_p2 ****
make -j8 all 
arm-none-eabi-gcc "../Core/Src/main.c" -mcpu=cortex-m4 -std=gnu11 -g3 -DDEBUG -DUSE_HAL_DRIVER -DSTM32F446xx -c -I../Core/Inc -I../Drivers/STM32F4xx_HAL_Driver/Inc -I../Drivers/STM32F4xx_HAL_Driver/Inc/Legacy -I../Drivers/CMSIS/Device/ST/STM32F4xx/Include -I../Drivers/CMSIS/Include -O0 -ffunction-sections -fdata-sections -Wall -fstack-usage -fcyclomatic-complexity -MMD -MP -MF"Core/Src/main.d" -MT"Core/Src/main.o" --specs=nano.specs -mfpu=fpv4-sp-d16 -mfloat-abi=hard -mthumb -o "Core/Src/main.o"
arm-none-eabi-gcc -o "ej2_p2.elf" @"objects.list"   -mcpu=cortex-m4 -T"/home/tomas1908/STM32CubeIDE/workspace_1.19.0/pdm/ej2_p2/STM32F446RETX_FLASH.ld" --specs=nosys.specs -Wl,-Map="ej2_p2.map" -Wl,--gc-sections -static --specs=nano.specs -mfpu=fpv4-sp-d16 -mfloat-abi=hard -mthumb -Wl,--start-group -lc -lm -Wl,--end-group
Finished building target: ej2_p2.elf
 
arm-none-eabi-size  ej2_p2.elf 
arm-none-eabi-objdump -h -S ej2_p2.elf  > "ej2_p2.list"
   text	   data	    bss	    dec	    hex	filename
   6736	     12	   1572	   8320	   2080	ej2_p2.elf
Finished building: default.size.stdout
 
Finished building: ej2_p2.list
 

22:13:10 Build Finished. 0 errors, 0 warnings. (took 593ms)

