18:49:39 **** Incremental Build of configuration Debug for project Trabajo_final_PdM ****
make -j8 all 
arm-none-eabi-gcc "../Core/Src/main.c" -mcpu=cortex-m4 -std=gnu11 -g3 -DDEBUG -DUSE_HAL_DRIVER -DSTM32F446xx -c -I../Core/Inc -I../Drivers/STM32F4xx_HAL_Driver/Inc -I../Drivers/STM32F4xx_HAL_Driver/Inc/Legacy -I../Drivers/CMSIS/Device/ST/STM32F4xx/Include -I../Drivers/CMSIS/Include -I"/home/tomas1908/STM32CubeIDE/workspace_1.19.0/pdm/Trabajo_final_PdM/Drivers/API/Inc" -I"/home/tomas1908/STM32CubeIDE/workspace_1.19.0/pdm/Trabajo_final_PdM/Drivers/API/Src" -I"/home/tomas1908/STM32CubeIDE/workspace_1.19.0/pdm/Trabajo_final_PdM/Core/Src" -O0 -ffunction-sections -fdata-sections -Wall -fstack-usage -fcyclomatic-complexity -MMD -MP -MF"Core/Src/main.d" -MT"Core/Src/main.o" --specs=nano.specs -mfpu=fpv4-sp-d16 -mfloat-abi=hard -mthumb -o "Core/Src/main.o"
../Core/Src/main.c: In function 'action_write':
../Core/Src/main.c:449:17: error: incompatible type for argument 1 of 'message'
  449 |         message(ADC_data);
      |                 ^~~~~~~~
      |                 |
      |                 dato_t
In file included from ../Core/Inc/main.h:35,
                 from ../Core/Src/main.c:20:
/home/tomas1908/STM32CubeIDE/workspace_1.19.0/pdm/Trabajo_final_PdM/Drivers/API/Inc/API_Display.h:19:23: note: expected 'uint32_t' {aka 'long unsigned int'} but argument is of type 'dato_t'
   19 | void message(uint32_t value);
      |              ~~~~~~~~~^~~~~
../Core/Src/main.c:451:21: error: incompatible type for argument 1 of 'PWM_Control'
  451 |         PWM_Control(ADC_data);
      |                     ^~~~~~~~
      |                     |
      |                     dato_t
In file included from ../Core/Inc/main.h:39:
/home/tomas1908/STM32CubeIDE/workspace_1.19.0/pdm/Trabajo_final_PdM/Drivers/API/Inc/API_Servo.h:17:27: note: expected 'uint32_t' {aka 'long unsigned int'} but argument is of type 'dato_t'
   17 | void PWM_Control(uint32_t control);
      |                  ~~~~~~~~~^~~~~~~
make: *** [Core/Src/subdir.mk:34: Core/Src/main.o] Error 1
"make -j8 all" terminated with exit code 2. Build might be incomplete.
18:50:28 **** Incremental Build of configuration Debug for project Trabajo_final_PdM ****
make -j8 all 
arm-none-eabi-gcc "../Core/Src/main.c" -mcpu=cortex-m4 -std=gnu11 -g3 -DDEBUG -DUSE_HAL_DRIVER -DSTM32F446xx -c -I../Core/Inc -I../Drivers/STM32F4xx_HAL_Driver/Inc -I../Drivers/STM32F4xx_HAL_Driver/Inc/Legacy -I../Drivers/CMSIS/Device/ST/STM32F4xx/Include -I../Drivers/CMSIS/Include -I"/home/tomas1908/STM32CubeIDE/workspace_1.19.0/pdm/Trabajo_final_PdM/Drivers/API/Inc" -I"/home/tomas1908/STM32CubeIDE/workspace_1.19.0/pdm/Trabajo_final_PdM/Drivers/API/Src" -I"/home/tomas1908/STM32CubeIDE/workspace_1.19.0/pdm/Trabajo_final_PdM/Core/Src" -O0 -ffunction-sections -fdata-sections -Wall -fstack-usage -fcyclomatic-complexity -MMD -MP -MF"Core/Src/main.d" -MT"Core/Src/main.o" --specs=nano.specs -mfpu=fpv4-sp-d16 -mfloat-abi=hard -mthumb -o "Core/Src/main.o"
arm-none-eabi-gcc -o "Trabajo_final_PdM.elf" @"objects.list"   -mcpu=cortex-m4 -T"/home/tomas1908/STM32CubeIDE/workspace_1.19.0/pdm/Trabajo_final_PdM/STM32F446RETX_FLASH.ld" --specs=nosys.specs -Wl,-Map="Trabajo_final_PdM.map" -Wl,--gc-sections -static --specs=nano.specs -mfpu=fpv4-sp-d16 -mfloat-abi=hard -mthumb -Wl,--start-group -lc -lm -Wl,--end-group
Finished building target: Trabajo_final_PdM.elf
 
arm-none-eabi-size  Trabajo_final_PdM.elf 
arm-none-eabi-objdump -h -S Trabajo_final_PdM.elf  > "Trabajo_final_PdM.list"
   text	   data	    bss	    dec	    hex	filename
  30368	    108	   3204	  33680	   8390	Trabajo_final_PdM.elf
Finished building: default.size.stdout
 
Finished building: Trabajo_final_PdM.list
 
18:51:17 **** Incremental Build of configuration Debug for project Trabajo_final_PdM ****
make -j8 all 
arm-none-eabi-size  Trabajo_final_PdM.elf 
   text	   data	    bss	    dec	    hex	filename
  30368	    108	   3204	  33680	   8390	Trabajo_final_PdM.elf
Finished building: default.size.stdout
 
18:52:11 **** Incremental Build of configuration Debug for project Trabajo_final_PdM ****
make -j8 all 
arm-none-eabi-gcc "../Drivers/API/Src/API_ADC.c" -mcpu=cortex-m4 -std=gnu11 -g3 -DDEBUG -DUSE_HAL_DRIVER -DSTM32F446xx -c -I../Core/Inc -I../Drivers/STM32F4xx_HAL_Driver/Inc -I../Drivers/STM32F4xx_HAL_Driver/Inc/Legacy -I../Drivers/CMSIS/Device/ST/STM32F4xx/Include -I../Drivers/CMSIS/Include -I"/home/tomas1908/STM32CubeIDE/workspace_1.19.0/pdm/Trabajo_final_PdM/Drivers/API/Inc" -I"/home/tomas1908/STM32CubeIDE/workspace_1.19.0/pdm/Trabajo_final_PdM/Drivers/API/Src" -I"/home/tomas1908/STM32CubeIDE/workspace_1.19.0/pdm/Trabajo_final_PdM/Core/Src" -O0 -ffunction-sections -fdata-sections -Wall -fstack-usage -fcyclomatic-complexity -MMD -MP -MF"Drivers/API/Src/API_ADC.d" -MT"Drivers/API/Src/API_ADC.o" --specs=nano.specs -mfpu=fpv4-sp-d16 -mfloat-abi=hard -mthumb -o "Drivers/API/Src/API_ADC.o"
arm-none-eabi-gcc "../Core/Src/main.c" -mcpu=cortex-m4 -std=gnu11 -g3 -DDEBUG -DUSE_HAL_DRIVER -DSTM32F446xx -c -I../Core/Inc -I../Drivers/STM32F4xx_HAL_Driver/Inc -I../Drivers/STM32F4xx_HAL_Driver/Inc/Legacy -I../Drivers/CMSIS/Device/ST/STM32F4xx/Include -I../Drivers/CMSIS/Include -I"/home/tomas1908/STM32CubeIDE/workspace_1.19.0/pdm/Trabajo_final_PdM/Drivers/API/Inc" -I"/home/tomas1908/STM32CubeIDE/workspace_1.19.0/pdm/Trabajo_final_PdM/Drivers/API/Src" -I"/home/tomas1908/STM32CubeIDE/workspace_1.19.0/pdm/Trabajo_final_PdM/Core/Src" -O0 -ffunction-sections -fdata-sections -Wall -fstack-usage -fcyclomatic-complexity -MMD -MP -MF"Core/Src/main.d" -MT"Core/Src/main.o" --specs=nano.specs -mfpu=fpv4-sp-d16 -mfloat-abi=hard -mthumb -o "Core/Src/main.o"
arm-none-eabi-gcc "../Core/Src/stm32f4xx_hal_msp.c" -mcpu=cortex-m4 -std=gnu11 -g3 -DDEBUG -DUSE_HAL_DRIVER -DSTM32F446xx -c -I../Core/Inc -I../Drivers/STM32F4xx_HAL_Driver/Inc -I../Drivers/STM32F4xx_HAL_Driver/Inc/Legacy -I../Drivers/CMSIS/Device/ST/STM32F4xx/Include -I../Drivers/CMSIS/Include -I"/home/tomas1908/STM32CubeIDE/workspace_1.19.0/pdm/Trabajo_final_PdM/Drivers/API/Inc" -I"/home/tomas1908/STM32CubeIDE/workspace_1.19.0/pdm/Trabajo_final_PdM/Drivers/API/Src" -I"/home/tomas1908/STM32CubeIDE/workspace_1.19.0/pdm/Trabajo_final_PdM/Core/Src" -O0 -ffunction-sections -fdata-sections -Wall -fstack-usage -fcyclomatic-complexity -MMD -MP -MF"Core/Src/stm32f4xx_hal_msp.d" -MT"Core/Src/stm32f4xx_hal_msp.o" --specs=nano.specs -mfpu=fpv4-sp-d16 -mfloat-abi=hard -mthumb -o "Core/Src/stm32f4xx_hal_msp.o"
arm-none-eabi-gcc "../Core/Src/stm32f4xx_it.c" -mcpu=cortex-m4 -std=gnu11 -g3 -DDEBUG -DUSE_HAL_DRIVER -DSTM32F446xx -c -I../Core/Inc -I../Drivers/STM32F4xx_HAL_Driver/Inc -I../Drivers/STM32F4xx_HAL_Driver/Inc/Legacy -I../Drivers/CMSIS/Device/ST/STM32F4xx/Include -I../Drivers/CMSIS/Include -I"/home/tomas1908/STM32CubeIDE/workspace_1.19.0/pdm/Trabajo_final_PdM/Drivers/API/Inc" -I"/home/tomas1908/STM32CubeIDE/workspace_1.19.0/pdm/Trabajo_final_PdM/Drivers/API/Src" -I"/home/tomas1908/STM32CubeIDE/workspace_1.19.0/pdm/Trabajo_final_PdM/Core/Src" -O0 -ffunction-sections -fdata-sections -Wall -fstack-usage -fcyclomatic-complexity -MMD -MP -MF"Core/Src/stm32f4xx_it.d" -MT"Core/Src/stm32f4xx_it.o" --specs=nano.specs -mfpu=fpv4-sp-d16 -mfloat-abi=hard -mthumb -o "Core/Src/stm32f4xx_it.o"
arm-none-eabi-gcc -o "Trabajo_final_PdM.elf" @"objects.list"   -mcpu=cortex-m4 -T"/home/tomas1908/STM32CubeIDE/workspace_1.19.0/pdm/Trabajo_final_PdM/STM32F446RETX_FLASH.ld" --specs=nosys.specs -Wl,-Map="Trabajo_final_PdM.map" -Wl,--gc-sections -static --specs=nano.specs -mfpu=fpv4-sp-d16 -mfloat-abi=hard -mthumb -Wl,--start-group -lc -lm -Wl,--end-group
Finished building target: Trabajo_final_PdM.elf
 
arm-none-eabi-size  Trabajo_final_PdM.elf 
arm-none-eabi-objdump -h -S Trabajo_final_PdM.elf  > "Trabajo_final_PdM.list"
   text	   data	    bss	    dec	    hex	filename
  30368	    108	   3204	  33680	   8390	Trabajo_final_PdM.elf
Finished building: default.size.stdout
 
Finished building: Trabajo_final_PdM.list
 
10:24:34 **** Incremental Build of configuration Debug for project Trabajo_final_PdM ****
make -j8 all 
arm-none-eabi-gcc "../Core/Src/main.c" -mcpu=cortex-m4 -std=gnu11 -g3 -DDEBUG -DUSE_HAL_DRIVER -DSTM32F446xx -c -I../Core/Inc -I../Drivers/STM32F4xx_HAL_Driver/Inc -I../Drivers/STM32F4xx_HAL_Driver/Inc/Legacy -I../Drivers/CMSIS/Device/ST/STM32F4xx/Include -I../Drivers/CMSIS/Include -I"/home/tomas1908/STM32CubeIDE/workspace_1.19.0/pdm/Trabajo_final_PdM/Drivers/API/Inc" -I"/home/tomas1908/STM32CubeIDE/workspace_1.19.0/pdm/Trabajo_final_PdM/Drivers/API/Src" -I"/home/tomas1908/STM32CubeIDE/workspace_1.19.0/pdm/Trabajo_final_PdM/Core/Src" -O0 -ffunction-sections -fdata-sections -Wall -fstack-usage -fcyclomatic-complexity -MMD -MP -MF"Core/Src/main.d" -MT"Core/Src/main.o" --specs=nano.specs -mfpu=fpv4-sp-d16 -mfloat-abi=hard -mthumb -o "Core/Src/main.o"
arm-none-eabi-gcc -o "Trabajo_final_PdM.elf" @"objects.list"   -mcpu=cortex-m4 -T"/home/tomas1908/STM32CubeIDE/workspace_1.19.0/pdm/Trabajo_final_PdM/STM32F446RETX_FLASH.ld" --specs=nosys.specs -Wl,-Map="Trabajo_final_PdM.map" -Wl,--gc-sections -static --specs=nano.specs -mfpu=fpv4-sp-d16 -mfloat-abi=hard -mthumb -Wl,--start-group -lc -lm -Wl,--end-group
Finished building target: Trabajo_final_PdM.elf
 
arm-none-eabi-size  Trabajo_final_PdM.elf 
arm-none-eabi-objdump -h -S Trabajo_final_PdM.elf  > "Trabajo_final_PdM.list"
   text	   data	    bss	    dec	    hex	filename
  30368	    108	   3204	  33680	   8390	Trabajo_final_PdM.elf
Finished building: default.size.stdout
 
Finished building: Trabajo_final_PdM.list
 
10:33:52 **** Incremental Build of configuration Debug for project Trabajo_final_PdM ****
make -j8 all 
arm-none-eabi-gcc "../Drivers/STM32F4xx_HAL_Driver/Src/stm32f4xx_hal.c" -mcpu=cortex-m4 -std=gnu11 -g3 -DDEBUG -DUSE_HAL_DRIVER -DSTM32F446xx -c -I../Core/Inc -I../Drivers/STM32F4xx_HAL_Driver/Inc -I../Drivers/STM32F4xx_HAL_Driver/Inc/Legacy -I../Drivers/CMSIS/Device/ST/STM32F4xx/Include -I../Drivers/CMSIS/Include -I"/home/tomas1908/STM32CubeIDE/workspace_1.19.0/pdm/Trabajo_final_PdM/Drivers/API/Inc" -I"/home/tomas1908/STM32CubeIDE/workspace_1.19.0/pdm/Trabajo_final_PdM/Drivers/API/Src" -I"/home/tomas1908/STM32CubeIDE/workspace_1.19.0/pdm/Trabajo_final_PdM/Core/Src" -O0 -ffunction-sections -fdata-sections -Wall -fstack-usage -fcyclomatic-complexity -MMD -MP -MF"Drivers/STM32F4xx_HAL_Driver/Src/stm32f4xx_hal.d" -MT"Drivers/STM32F4xx_HAL_Driver/Src/stm32f4xx_hal.o" --specs=nano.specs -mfpu=fpv4-sp-d16 -mfloat-abi=hard -mthumb -o "Drivers/STM32F4xx_HAL_Driver/Src/stm32f4xx_hal.o"
arm-none-eabi-gcc "../Drivers/STM32F4xx_HAL_Driver/Src/stm32f4xx_hal_adc.c" -mcpu=cortex-m4 -std=gnu11 -g3 -DDEBUG -DUSE_HAL_DRIVER -DSTM32F446xx -c -I../Core/Inc -I../Drivers/STM32F4xx_HAL_Driver/Inc -I../Drivers/STM32F4xx_HAL_Driver/Inc/Legacy -I../Drivers/CMSIS/Device/ST/STM32F4xx/Include -I../Drivers/CMSIS/Include -I"/home/tomas1908/STM32CubeIDE/workspace_1.19.0/pdm/Trabajo_final_PdM/Drivers/API/Inc" -I"/home/tomas1908/STM32CubeIDE/workspace_1.19.0/pdm/Trabajo_final_PdM/Drivers/API/Src" -I"/home/tomas1908/STM32CubeIDE/workspace_1.19.0/pdm/Trabajo_final_PdM/Core/Src" -O0 -ffunction-sections -fdata-sections -Wall -fstack-usage -fcyclomatic-complexity -MMD -MP -MF"Drivers/STM32F4xx_HAL_Driver/Src/stm32f4xx_hal_adc.d" -MT"Drivers/STM32F4xx_HAL_Driver/Src/stm32f4xx_hal_adc.o" --specs=nano.specs -mfpu=fpv4-sp-d16 -mfloat-abi=hard -mthumb -o "Drivers/STM32F4xx_HAL_Driver/Src/stm32f4xx_hal_adc.o"
arm-none-eabi-gcc "../Drivers/STM32F4xx_HAL_Driver/Src/stm32f4xx_hal_adc_ex.c" -mcpu=cortex-m4 -std=gnu11 -g3 -DDEBUG -DUSE_HAL_DRIVER -DSTM32F446xx -c -I../Core/Inc -I../Drivers/STM32F4xx_HAL_Driver/Inc -I../Drivers/STM32F4xx_HAL_Driver/Inc/Legacy -I../Drivers/CMSIS/Device/ST/STM32F4xx/Include -I../Drivers/CMSIS/Include -I"/home/tomas1908/STM32CubeIDE/workspace_1.19.0/pdm/Trabajo_final_PdM/Drivers/API/Inc" -I"/home/tomas1908/STM32CubeIDE/workspace_1.19.0/pdm/Trabajo_final_PdM/Drivers/API/Src" -I"/home/tomas1908/STM32CubeIDE/workspace_1.19.0/pdm/Trabajo_final_PdM/Core/Src" -O0 -ffunction-sections -fdata-sections -Wall -fstack-usage -fcyclomatic-complexity -MMD -MP -MF"Drivers/STM32F4xx_HAL_Driver/Src/stm32f4xx_hal_adc_ex.d" -MT"Drivers/STM32F4xx_HAL_Driver/Src/stm32f4xx_hal_adc_ex.o" --specs=nano.specs -mfpu=fpv4-sp-d16 -mfloat-abi=hard -mthumb -o "Drivers/STM32F4xx_HAL_Driver/Src/stm32f4xx_hal_adc_ex.o"
arm-none-eabi-gcc "../Drivers/STM32F4xx_HAL_Driver/Src/stm32f4xx_hal_cortex.c" -mcpu=cortex-m4 -std=gnu11 -g3 -DDEBUG -DUSE_HAL_DRIVER -DSTM32F446xx -c -I../Core/Inc -I../Drivers/STM32F4xx_HAL_Driver/Inc -I../Drivers/STM32F4xx_HAL_Driver/Inc/Legacy -I../Drivers/CMSIS/Device/ST/STM32F4xx/Include -I../Drivers/CMSIS/Include -I"/home/tomas1908/STM32CubeIDE/workspace_1.19.0/pdm/Trabajo_final_PdM/Drivers/API/Inc" -I"/home/tomas1908/STM32CubeIDE/workspace_1.19.0/pdm/Trabajo_final_PdM/Drivers/API/Src" -I"/home/tomas1908/STM32CubeIDE/workspace_1.19.0/pdm/Trabajo_final_PdM/Core/Src" -O0 -ffunction-sections -fdata-sections -Wall -fstack-usage -fcyclomatic-complexity -MMD -MP -MF"Drivers/STM32F4xx_HAL_Driver/Src/stm32f4xx_hal_cortex.d" -MT"Drivers/STM32F4xx_HAL_Driver/Src/stm32f4xx_hal_cortex.o" --specs=nano.specs -mfpu=fpv4-sp-d16 -mfloat-abi=hard -mthumb -o "Drivers/STM32F4xx_HAL_Driver/Src/stm32f4xx_hal_cortex.o"
arm-none-eabi-gcc "../Drivers/STM32F4xx_HAL_Driver/Src/stm32f4xx_hal_dma.c" -mcpu=cortex-m4 -std=gnu11 -g3 -DDEBUG -DUSE_HAL_DRIVER -DSTM32F446xx -c -I../Core/Inc -I../Drivers/STM32F4xx_HAL_Driver/Inc -I../Drivers/STM32F4xx_HAL_Driver/Inc/Legacy -I../Drivers/CMSIS/Device/ST/STM32F4xx/Include -I../Drivers/CMSIS/Include -I"/home/tomas1908/STM32CubeIDE/workspace_1.19.0/pdm/Trabajo_final_PdM/Drivers/API/Inc" -I"/home/tomas1908/STM32CubeIDE/workspace_1.19.0/pdm/Trabajo_final_PdM/Drivers/API/Src" -I"/home/tomas1908/STM32CubeIDE/workspace_1.19.0/pdm/Trabajo_final_PdM/Core/Src" -O0 -ffunction-sections -fdata-sections -Wall -fstack-usage -fcyclomatic-complexity -MMD -MP -MF"Drivers/STM32F4xx_HAL_Driver/Src/stm32f4xx_hal_dma.d" -MT"Drivers/STM32F4xx_HAL_Driver/Src/stm32f4xx_hal_dma.o" --specs=nano.specs -mfpu=fpv4-sp-d16 -mfloat-abi=hard -mthumb -o "Drivers/STM32F4xx_HAL_Driver/Src/stm32f4xx_hal_dma.o"
arm-none-eabi-gcc "../Drivers/STM32F4xx_HAL_Driver/Src/stm32f4xx_hal_dma_ex.c" -mcpu=cortex-m4 -std=gnu11 -g3 -DDEBUG -DUSE_HAL_DRIVER -DSTM32F446xx -c -I../Core/Inc -I../Drivers/STM32F4xx_HAL_Driver/Inc -I../Drivers/STM32F4xx_HAL_Driver/Inc/Legacy -I../Drivers/CMSIS/Device/ST/STM32F4xx/Include -I../Drivers/CMSIS/Include -I"/home/tomas1908/STM32CubeIDE/workspace_1.19.0/pdm/Trabajo_final_PdM/Drivers/API/Inc" -I"/home/tomas1908/STM32CubeIDE/workspace_1.19.0/pdm/Trabajo_final_PdM/Drivers/API/Src" -I"/home/tomas1908/STM32CubeIDE/workspace_1.19.0/pdm/Trabajo_final_PdM/Core/Src" -O0 -ffunction-sections -fdata-sections -Wall -fstack-usage -fcyclomatic-complexity -MMD -MP -MF"Drivers/STM32F4xx_HAL_Driver/Src/stm32f4xx_hal_dma_ex.d" -MT"Drivers/STM32F4xx_HAL_Driver/Src/stm32f4xx_hal_dma_ex.o" --specs=nano.specs -mfpu=fpv4-sp-d16 -mfloat-abi=hard -mthumb -o "Drivers/STM32F4xx_HAL_Driver/Src/stm32f4xx_hal_dma_ex.o"
arm-none-eabi-gcc "../Drivers/STM32F4xx_HAL_Driver/Src/stm32f4xx_hal_exti.c" -mcpu=cortex-m4 -std=gnu11 -g3 -DDEBUG -DUSE_HAL_DRIVER -DSTM32F446xx -c -I../Core/Inc -I../Drivers/STM32F4xx_HAL_Driver/Inc -I../Drivers/STM32F4xx_HAL_Driver/Inc/Legacy -I../Drivers/CMSIS/Device/ST/STM32F4xx/Include -I../Drivers/CMSIS/Include -I"/home/tomas1908/STM32CubeIDE/workspace_1.19.0/pdm/Trabajo_final_PdM/Drivers/API/Inc" -I"/home/tomas1908/STM32CubeIDE/workspace_1.19.0/pdm/Trabajo_final_PdM/Drivers/API/Src" -I"/home/tomas1908/STM32CubeIDE/workspace_1.19.0/pdm/Trabajo_final_PdM/Core/Src" -O0 -ffunction-sections -fdata-sections -Wall -fstack-usage -fcyclomatic-complexity -MMD -MP -MF"Drivers/STM32F4xx_HAL_Driver/Src/stm32f4xx_hal_exti.d" -MT"Drivers/STM32F4xx_HAL_Driver/Src/stm32f4xx_hal_exti.o" --specs=nano.specs -mfpu=fpv4-sp-d16 -mfloat-abi=hard -mthumb -o "Drivers/STM32F4xx_HAL_Driver/Src/stm32f4xx_hal_exti.o"
arm-none-eabi-gcc "../Drivers/STM32F4xx_HAL_Driver/Src/stm32f4xx_hal_flash.c" -mcpu=cortex-m4 -std=gnu11 -g3 -DDEBUG -DUSE_HAL_DRIVER -DSTM32F446xx -c -I../Core/Inc -I../Drivers/STM32F4xx_HAL_Driver/Inc -I../Drivers/STM32F4xx_HAL_Driver/Inc/Legacy -I../Drivers/CMSIS/Device/ST/STM32F4xx/Include -I../Drivers/CMSIS/Include -I"/home/tomas1908/STM32CubeIDE/workspace_1.19.0/pdm/Trabajo_final_PdM/Drivers/API/Inc" -I"/home/tomas1908/STM32CubeIDE/workspace_1.19.0/pdm/Trabajo_final_PdM/Drivers/API/Src" -I"/home/tomas1908/STM32CubeIDE/workspace_1.19.0/pdm/Trabajo_final_PdM/Core/Src" -O0 -ffunction-sections -fdata-sections -Wall -fstack-usage -fcyclomatic-complexity -MMD -MP -MF"Drivers/STM32F4xx_HAL_Driver/Src/stm32f4xx_hal_flash.d" -MT"Drivers/STM32F4xx_HAL_Driver/Src/stm32f4xx_hal_flash.o" --specs=nano.specs -mfpu=fpv4-sp-d16 -mfloat-abi=hard -mthumb -o "Drivers/STM32F4xx_HAL_Driver/Src/stm32f4xx_hal_flash.o"
arm-none-eabi-gcc "../Drivers/STM32F4xx_HAL_Driver/Src/stm32f4xx_hal_flash_ex.c" -mcpu=cortex-m4 -std=gnu11 -g3 -DDEBUG -DUSE_HAL_DRIVER -DSTM32F446xx -c -I../Core/Inc -I../Drivers/STM32F4xx_HAL_Driver/Inc -I../Drivers/STM32F4xx_HAL_Driver/Inc/Legacy -I../Drivers/CMSIS/Device/ST/STM32F4xx/Include -I../Drivers/CMSIS/Include -I"/home/tomas1908/STM32CubeIDE/workspace_1.19.0/pdm/Trabajo_final_PdM/Drivers/API/Inc" -I"/home/tomas1908/STM32CubeIDE/workspace_1.19.0/pdm/Trabajo_final_PdM/Drivers/API/Src" -I"/home/tomas1908/STM32CubeIDE/workspace_1.19.0/pdm/Trabajo_final_PdM/Core/Src" -O0 -ffunction-sections -fdata-sections -Wall -fstack-usage -fcyclomatic-complexity -MMD -MP -MF"Drivers/STM32F4xx_HAL_Driver/Src/stm32f4xx_hal_flash_ex.d" -MT"Drivers/STM32F4xx_HAL_Driver/Src/stm32f4xx_hal_flash_ex.o" --specs=nano.specs -mfpu=fpv4-sp-d16 -mfloat-abi=hard -mthumb -o "Drivers/STM32F4xx_HAL_Driver/Src/stm32f4xx_hal_flash_ex.o"
arm-none-eabi-gcc "../Drivers/STM32F4xx_HAL_Driver/Src/stm32f4xx_hal_flash_ramfunc.c" -mcpu=cortex-m4 -std=gnu11 -g3 -DDEBUG -DUSE_HAL_DRIVER -DSTM32F446xx -c -I../Core/Inc -I../Drivers/STM32F4xx_HAL_Driver/Inc -I../Drivers/STM32F4xx_HAL_Driver/Inc/Legacy -I../Drivers/CMSIS/Device/ST/STM32F4xx/Include -I../Drivers/CMSIS/Include -I"/home/tomas1908/STM32CubeIDE/workspace_1.19.0/pdm/Trabajo_final_PdM/Drivers/API/Inc" -I"/home/tomas1908/STM32CubeIDE/workspace_1.19.0/pdm/Trabajo_final_PdM/Drivers/API/Src" -I"/home/tomas1908/STM32CubeIDE/workspace_1.19.0/pdm/Trabajo_final_PdM/Core/Src" -O0 -ffunction-sections -fdata-sections -Wall -fstack-usage -fcyclomatic-complexity -MMD -MP -MF"Drivers/STM32F4xx_HAL_Driver/Src/stm32f4xx_hal_flash_ramfunc.d" -MT"Drivers/STM32F4xx_HAL_Driver/Src/stm32f4xx_hal_flash_ramfunc.o" --specs=nano.specs -mfpu=fpv4-sp-d16 -mfloat-abi=hard -mthumb -o "Drivers/STM32F4xx_HAL_Driver/Src/stm32f4xx_hal_flash_ramfunc.o"
arm-none-eabi-gcc "../Drivers/STM32F4xx_HAL_Driver/Src/stm32f4xx_hal_gpio.c" -mcpu=cortex-m4 -std=gnu11 -g3 -DDEBUG -DUSE_HAL_DRIVER -DSTM32F446xx -c -I../Core/Inc -I../Drivers/STM32F4xx_HAL_Driver/Inc -I../Drivers/STM32F4xx_HAL_Driver/Inc/Legacy -I../Drivers/CMSIS/Device/ST/STM32F4xx/Include -I../Drivers/CMSIS/Include -I"/home/tomas1908/STM32CubeIDE/workspace_1.19.0/pdm/Trabajo_final_PdM/Drivers/API/Inc" -I"/home/tomas1908/STM32CubeIDE/workspace_1.19.0/pdm/Trabajo_final_PdM/Drivers/API/Src" -I"/home/tomas1908/STM32CubeIDE/workspace_1.19.0/pdm/Trabajo_final_PdM/Core/Src" -O0 -ffunction-sections -fdata-sections -Wall -fstack-usage -fcyclomatic-complexity -MMD -MP -MF"Drivers/STM32F4xx_HAL_Driver/Src/stm32f4xx_hal_gpio.d" -MT"Drivers/STM32F4xx_HAL_Driver/Src/stm32f4xx_hal_gpio.o" --specs=nano.specs -mfpu=fpv4-sp-d16 -mfloat-abi=hard -mthumb -o "Drivers/STM32F4xx_HAL_Driver/Src/stm32f4xx_hal_gpio.o"
arm-none-eabi-gcc "../Drivers/STM32F4xx_HAL_Driver/Src/stm32f4xx_hal_i2c.c" -mcpu=cortex-m4 -std=gnu11 -g3 -DDEBUG -DUSE_HAL_DRIVER -DSTM32F446xx -c -I../Core/Inc -I../Drivers/STM32F4xx_HAL_Driver/Inc -I../Drivers/STM32F4xx_HAL_Driver/Inc/Legacy -I../Drivers/CMSIS/Device/ST/STM32F4xx/Include -I../Drivers/CMSIS/Include -I"/home/tomas1908/STM32CubeIDE/workspace_1.19.0/pdm/Trabajo_final_PdM/Drivers/API/Inc" -I"/home/tomas1908/STM32CubeIDE/workspace_1.19.0/pdm/Trabajo_final_PdM/Drivers/API/Src" -I"/home/tomas1908/STM32CubeIDE/workspace_1.19.0/pdm/Trabajo_final_PdM/Core/Src" -O0 -ffunction-sections -fdata-sections -Wall -fstack-usage -fcyclomatic-complexity -MMD -MP -MF"Drivers/STM32F4xx_HAL_Driver/Src/stm32f4xx_hal_i2c.d" -MT"Drivers/STM32F4xx_HAL_Driver/Src/stm32f4xx_hal_i2c.o" --specs=nano.specs -mfpu=fpv4-sp-d16 -mfloat-abi=hard -mthumb -o "Drivers/STM32F4xx_HAL_Driver/Src/stm32f4xx_hal_i2c.o"
arm-none-eabi-gcc "../Drivers/STM32F4xx_HAL_Driver/Src/stm32f4xx_hal_i2c_ex.c" -mcpu=cortex-m4 -std=gnu11 -g3 -DDEBUG -DUSE_HAL_DRIVER -DSTM32F446xx -c -I../Core/Inc -I../Drivers/STM32F4xx_HAL_Driver/Inc -I../Drivers/STM32F4xx_HAL_Driver/Inc/Legacy -I../Drivers/CMSIS/Device/ST/STM32F4xx/Include -I../Drivers/CMSIS/Include -I"/home/tomas1908/STM32CubeIDE/workspace_1.19.0/pdm/Trabajo_final_PdM/Drivers/API/Inc" -I"/home/tomas1908/STM32CubeIDE/workspace_1.19.0/pdm/Trabajo_final_PdM/Drivers/API/Src" -I"/home/tomas1908/STM32CubeIDE/workspace_1.19.0/pdm/Trabajo_final_PdM/Core/Src" -O0 -ffunction-sections -fdata-sections -Wall -fstack-usage -fcyclomatic-complexity -MMD -MP -MF"Drivers/STM32F4xx_HAL_Driver/Src/stm32f4xx_hal_i2c_ex.d" -MT"Drivers/STM32F4xx_HAL_Driver/Src/stm32f4xx_hal_i2c_ex.o" --specs=nano.specs -mfpu=fpv4-sp-d16 -mfloat-abi=hard -mthumb -o "Drivers/STM32F4xx_HAL_Driver/Src/stm32f4xx_hal_i2c_ex.o"
arm-none-eabi-gcc "../Drivers/STM32F4xx_HAL_Driver/Src/stm32f4xx_hal_pwr.c" -mcpu=cortex-m4 -std=gnu11 -g3 -DDEBUG -DUSE_HAL_DRIVER -DSTM32F446xx -c -I../Core/Inc -I../Drivers/STM32F4xx_HAL_Driver/Inc -I../Drivers/STM32F4xx_HAL_Driver/Inc/Legacy -I../Drivers/CMSIS/Device/ST/STM32F4xx/Include -I../Drivers/CMSIS/Include -I"/home/tomas1908/STM32CubeIDE/workspace_1.19.0/pdm/Trabajo_final_PdM/Drivers/API/Inc" -I"/home/tomas1908/STM32CubeIDE/workspace_1.19.0/pdm/Trabajo_final_PdM/Drivers/API/Src" -I"/home/tomas1908/STM32CubeIDE/workspace_1.19.0/pdm/Trabajo_final_PdM/Core/Src" -O0 -ffunction-sections -fdata-sections -Wall -fstack-usage -fcyclomatic-complexity -MMD -MP -MF"Drivers/STM32F4xx_HAL_Driver/Src/stm32f4xx_hal_pwr.d" -MT"Drivers/STM32F4xx_HAL_Driver/Src/stm32f4xx_hal_pwr.o" --specs=nano.specs -mfpu=fpv4-sp-d16 -mfloat-abi=hard -mthumb -o "Drivers/STM32F4xx_HAL_Driver/Src/stm32f4xx_hal_pwr.o"
arm-none-eabi-gcc "../Drivers/STM32F4xx_HAL_Driver/Src/stm32f4xx_hal_pwr_ex.c" -mcpu=cortex-m4 -std=gnu11 -g3 -DDEBUG -DUSE_HAL_DRIVER -DSTM32F446xx -c -I../Core/Inc -I../Drivers/STM32F4xx_HAL_Driver/Inc -I../Drivers/STM32F4xx_HAL_Driver/Inc/Legacy -I../Drivers/CMSIS/Device/ST/STM32F4xx/Include -I../Drivers/CMSIS/Include -I"/home/tomas1908/STM32CubeIDE/workspace_1.19.0/pdm/Trabajo_final_PdM/Drivers/API/Inc" -I"/home/tomas1908/STM32CubeIDE/workspace_1.19.0/pdm/Trabajo_final_PdM/Drivers/API/Src" -I"/home/tomas1908/STM32CubeIDE/workspace_1.19.0/pdm/Trabajo_final_PdM/Core/Src" -O0 -ffunction-sections -fdata-sections -Wall -fstack-usage -fcyclomatic-complexity -MMD -MP -MF"Drivers/STM32F4xx_HAL_Driver/Src/stm32f4xx_hal_pwr_ex.d" -MT"Drivers/STM32F4xx_HAL_Driver/Src/stm32f4xx_hal_pwr_ex.o" --specs=nano.specs -mfpu=fpv4-sp-d16 -mfloat-abi=hard -mthumb -o "Drivers/STM32F4xx_HAL_Driver/Src/stm32f4xx_hal_pwr_ex.o"
arm-none-eabi-gcc "../Drivers/STM32F4xx_HAL_Driver/Src/stm32f4xx_hal_rcc.c" -mcpu=cortex-m4 -std=gnu11 -g3 -DDEBUG -DUSE_HAL_DRIVER -DSTM32F446xx -c -I../Core/Inc -I../Drivers/STM32F4xx_HAL_Driver/Inc -I../Drivers/STM32F4xx_HAL_Driver/Inc/Legacy -I../Drivers/CMSIS/Device/ST/STM32F4xx/Include -I../Drivers/CMSIS/Include -I"/home/tomas1908/STM32CubeIDE/workspace_1.19.0/pdm/Trabajo_final_PdM/Drivers/API/Inc" -I"/home/tomas1908/STM32CubeIDE/workspace_1.19.0/pdm/Trabajo_final_PdM/Drivers/API/Src" -I"/home/tomas1908/STM32CubeIDE/workspace_1.19.0/pdm/Trabajo_final_PdM/Core/Src" -O0 -ffunction-sections -fdata-sections -Wall -fstack-usage -fcyclomatic-complexity -MMD -MP -MF"Drivers/STM32F4xx_HAL_Driver/Src/stm32f4xx_hal_rcc.d" -MT"Drivers/STM32F4xx_HAL_Driver/Src/stm32f4xx_hal_rcc.o" --specs=nano.specs -mfpu=fpv4-sp-d16 -mfloat-abi=hard -mthumb -o "Drivers/STM32F4xx_HAL_Driver/Src/stm32f4xx_hal_rcc.o"
arm-none-eabi-gcc "../Drivers/STM32F4xx_HAL_Driver/Src/stm32f4xx_hal_rcc_ex.c" -mcpu=cortex-m4 -std=gnu11 -g3 -DDEBUG -DUSE_HAL_DRIVER -DSTM32F446xx -c -I../Core/Inc -I../Drivers/STM32F4xx_HAL_Driver/Inc -I../Drivers/STM32F4xx_HAL_Driver/Inc/Legacy -I../Drivers/CMSIS/Device/ST/STM32F4xx/Include -I../Drivers/CMSIS/Include -I"/home/tomas1908/STM32CubeIDE/workspace_1.19.0/pdm/Trabajo_final_PdM/Drivers/API/Inc" -I"/home/tomas1908/STM32CubeIDE/workspace_1.19.0/pdm/Trabajo_final_PdM/Drivers/API/Src" -I"/home/tomas1908/STM32CubeIDE/workspace_1.19.0/pdm/Trabajo_final_PdM/Core/Src" -O0 -ffunction-sections -fdata-sections -Wall -fstack-usage -fcyclomatic-complexity -MMD -MP -MF"Drivers/STM32F4xx_HAL_Driver/Src/stm32f4xx_hal_rcc_ex.d" -MT"Drivers/STM32F4xx_HAL_Driver/Src/stm32f4xx_hal_rcc_ex.o" --specs=nano.specs -mfpu=fpv4-sp-d16 -mfloat-abi=hard -mthumb -o "Drivers/STM32F4xx_HAL_Driver/Src/stm32f4xx_hal_rcc_ex.o"
arm-none-eabi-gcc "../Drivers/STM32F4xx_HAL_Driver/Src/stm32f4xx_hal_tim.c" -mcpu=cortex-m4 -std=gnu11 -g3 -DDEBUG -DUSE_HAL_DRIVER -DSTM32F446xx -c -I../Core/Inc -I../Drivers/STM32F4xx_HAL_Driver/Inc -I../Drivers/STM32F4xx_HAL_Driver/Inc/Legacy -I../Drivers/CMSIS/Device/ST/STM32F4xx/Include -I../Drivers/CMSIS/Include -I"/home/tomas1908/STM32CubeIDE/workspace_1.19.0/pdm/Trabajo_final_PdM/Drivers/API/Inc" -I"/home/tomas1908/STM32CubeIDE/workspace_1.19.0/pdm/Trabajo_final_PdM/Drivers/API/Src" -I"/home/tomas1908/STM32CubeIDE/workspace_1.19.0/pdm/Trabajo_final_PdM/Core/Src" -O0 -ffunction-sections -fdata-sections -Wall -fstack-usage -fcyclomatic-complexity -MMD -MP -MF"Drivers/STM32F4xx_HAL_Driver/Src/stm32f4xx_hal_tim.d" -MT"Drivers/STM32F4xx_HAL_Driver/Src/stm32f4xx_hal_tim.o" --specs=nano.specs -mfpu=fpv4-sp-d16 -mfloat-abi=hard -mthumb -o "Drivers/STM32F4xx_HAL_Driver/Src/stm32f4xx_hal_tim.o"
arm-none-eabi-gcc "../Drivers/STM32F4xx_HAL_Driver/Src/stm32f4xx_hal_tim_ex.c" -mcpu=cortex-m4 -std=gnu11 -g3 -DDEBUG -DUSE_HAL_DRIVER -DSTM32F446xx -c -I../Core/Inc -I../Drivers/STM32F4xx_HAL_Driver/Inc -I../Drivers/STM32F4xx_HAL_Driver/Inc/Legacy -I../Drivers/CMSIS/Device/ST/STM32F4xx/Include -I../Drivers/CMSIS/Include -I"/home/tomas1908/STM32CubeIDE/workspace_1.19.0/pdm/Trabajo_final_PdM/Drivers/API/Inc" -I"/home/tomas1908/STM32CubeIDE/workspace_1.19.0/pdm/Trabajo_final_PdM/Drivers/API/Src" -I"/home/tomas1908/STM32CubeIDE/workspace_1.19.0/pdm/Trabajo_final_PdM/Core/Src" -O0 -ffunction-sections -fdata-sections -Wall -fstack-usage -fcyclomatic-complexity -MMD -MP -MF"Drivers/STM32F4xx_HAL_Driver/Src/stm32f4xx_hal_tim_ex.d" -MT"Drivers/STM32F4xx_HAL_Driver/Src/stm32f4xx_hal_tim_ex.o" --specs=nano.specs -mfpu=fpv4-sp-d16 -mfloat-abi=hard -mthumb -o "Drivers/STM32F4xx_HAL_Driver/Src/stm32f4xx_hal_tim_ex.o"
arm-none-eabi-gcc "../Drivers/STM32F4xx_HAL_Driver/Src/stm32f4xx_ll_adc.c" -mcpu=cortex-m4 -std=gnu11 -g3 -DDEBUG -DUSE_HAL_DRIVER -DSTM32F446xx -c -I../Core/Inc -I../Drivers/STM32F4xx_HAL_Driver/Inc -I../Drivers/STM32F4xx_HAL_Driver/Inc/Legacy -I../Drivers/CMSIS/Device/ST/STM32F4xx/Include -I../Drivers/CMSIS/Include -I"/home/tomas1908/STM32CubeIDE/workspace_1.19.0/pdm/Trabajo_final_PdM/Drivers/API/Inc" -I"/home/tomas1908/STM32CubeIDE/workspace_1.19.0/pdm/Trabajo_final_PdM/Drivers/API/Src" -I"/home/tomas1908/STM32CubeIDE/workspace_1.19.0/pdm/Trabajo_final_PdM/Core/Src" -O0 -ffunction-sections -fdata-sections -Wall -fstack-usage -fcyclomatic-complexity -MMD -MP -MF"Drivers/STM32F4xx_HAL_Driver/Src/stm32f4xx_ll_adc.d" -MT"Drivers/STM32F4xx_HAL_Driver/Src/stm32f4xx_ll_adc.o" --specs=nano.specs -mfpu=fpv4-sp-d16 -mfloat-abi=hard -mthumb -o "Drivers/STM32F4xx_HAL_Driver/Src/stm32f4xx_ll_adc.o"
arm-none-eabi-gcc "../Drivers/API/Src/API_ADC.c" -mcpu=cortex-m4 -std=gnu11 -g3 -DDEBUG -DUSE_HAL_DRIVER -DSTM32F446xx -c -I../Core/Inc -I../Drivers/STM32F4xx_HAL_Driver/Inc -I../Drivers/STM32F4xx_HAL_Driver/Inc/Legacy -I../Drivers/CMSIS/Device/ST/STM32F4xx/Include -I../Drivers/CMSIS/Include -I"/home/tomas1908/STM32CubeIDE/workspace_1.19.0/pdm/Trabajo_final_PdM/Drivers/API/Inc" -I"/home/tomas1908/STM32CubeIDE/workspace_1.19.0/pdm/Trabajo_final_PdM/Drivers/API/Src" -I"/home/tomas1908/STM32CubeIDE/workspace_1.19.0/pdm/Trabajo_final_PdM/Core/Src" -O0 -ffunction-sections -fdata-sections -Wall -fstack-usage -fcyclomatic-complexity -MMD -MP -MF"Drivers/API/Src/API_ADC.d" -MT"Drivers/API/Src/API_ADC.o" --specs=nano.specs -mfpu=fpv4-sp-d16 -mfloat-abi=hard -mthumb -o "Drivers/API/Src/API_ADC.o"
arm-none-eabi-gcc "../Drivers/API/Src/API_Display.c" -mcpu=cortex-m4 -std=gnu11 -g3 -DDEBUG -DUSE_HAL_DRIVER -DSTM32F446xx -c -I../Core/Inc -I../Drivers/STM32F4xx_HAL_Driver/Inc -I../Drivers/STM32F4xx_HAL_Driver/Inc/Legacy -I../Drivers/CMSIS/Device/ST/STM32F4xx/Include -I../Drivers/CMSIS/Include -I"/home/tomas1908/STM32CubeIDE/workspace_1.19.0/pdm/Trabajo_final_PdM/Drivers/API/Inc" -I"/home/tomas1908/STM32CubeIDE/workspace_1.19.0/pdm/Trabajo_final_PdM/Drivers/API/Src" -I"/home/tomas1908/STM32CubeIDE/workspace_1.19.0/pdm/Trabajo_final_PdM/Core/Src" -O0 -ffunction-sections -fdata-sections -Wall -fstack-usage -fcyclomatic-complexity -MMD -MP -MF"Drivers/API/Src/API_Display.d" -MT"Drivers/API/Src/API_Display.o" --specs=nano.specs -mfpu=fpv4-sp-d16 -mfloat-abi=hard -mthumb -o "Drivers/API/Src/API_Display.o"
arm-none-eabi-gcc "../Drivers/API/Src/API_Servo.c" -mcpu=cortex-m4 -std=gnu11 -g3 -DDEBUG -DUSE_HAL_DRIVER -DSTM32F446xx -c -I../Core/Inc -I../Drivers/STM32F4xx_HAL_Driver/Inc -I../Drivers/STM32F4xx_HAL_Driver/Inc/Legacy -I../Drivers/CMSIS/Device/ST/STM32F4xx/Include -I../Drivers/CMSIS/Include -I"/home/tomas1908/STM32CubeIDE/workspace_1.19.0/pdm/Trabajo_final_PdM/Drivers/API/Inc" -I"/home/tomas1908/STM32CubeIDE/workspace_1.19.0/pdm/Trabajo_final_PdM/Drivers/API/Src" -I"/home/tomas1908/STM32CubeIDE/workspace_1.19.0/pdm/Trabajo_final_PdM/Core/Src" -O0 -ffunction-sections -fdata-sections -Wall -fstack-usage -fcyclomatic-complexity -MMD -MP -MF"Drivers/API/Src/API_Servo.d" -MT"Drivers/API/Src/API_Servo.o" --specs=nano.specs -mfpu=fpv4-sp-d16 -mfloat-abi=hard -mthumb -o "Drivers/API/Src/API_Servo.o"
arm-none-eabi-gcc "../Drivers/API/Src/API_debounce.c" -mcpu=cortex-m4 -std=gnu11 -g3 -DDEBUG -DUSE_HAL_DRIVER -DSTM32F446xx -c -I../Core/Inc -I../Drivers/STM32F4xx_HAL_Driver/Inc -I../Drivers/STM32F4xx_HAL_Driver/Inc/Legacy -I../Drivers/CMSIS/Device/ST/STM32F4xx/Include -I../Drivers/CMSIS/Include -I"/home/tomas1908/STM32CubeIDE/workspace_1.19.0/pdm/Trabajo_final_PdM/Drivers/API/Inc" -I"/home/tomas1908/STM32CubeIDE/workspace_1.19.0/pdm/Trabajo_final_PdM/Drivers/API/Src" -I"/home/tomas1908/STM32CubeIDE/workspace_1.19.0/pdm/Trabajo_final_PdM/Core/Src" -O0 -ffunction-sections -fdata-sections -Wall -fstack-usage -fcyclomatic-complexity -MMD -MP -MF"Drivers/API/Src/API_debounce.d" -MT"Drivers/API/Src/API_debounce.o" --specs=nano.specs -mfpu=fpv4-sp-d16 -mfloat-abi=hard -mthumb -o "Drivers/API/Src/API_debounce.o"
arm-none-eabi-gcc "../Drivers/API/Src/API_delay_port.c" -mcpu=cortex-m4 -std=gnu11 -g3 -DDEBUG -DUSE_HAL_DRIVER -DSTM32F446xx -c -I../Core/Inc -I../Drivers/STM32F4xx_HAL_Driver/Inc -I../Drivers/STM32F4xx_HAL_Driver/Inc/Legacy -I../Drivers/CMSIS/Device/ST/STM32F4xx/Include -I../Drivers/CMSIS/Include -I"/home/tomas1908/STM32CubeIDE/workspace_1.19.0/pdm/Trabajo_final_PdM/Drivers/API/Inc" -I"/home/tomas1908/STM32CubeIDE/workspace_1.19.0/pdm/Trabajo_final_PdM/Drivers/API/Src" -I"/home/tomas1908/STM32CubeIDE/workspace_1.19.0/pdm/Trabajo_final_PdM/Core/Src" -O0 -ffunction-sections -fdata-sections -Wall -fstack-usage -fcyclomatic-complexity -MMD -MP -MF"Drivers/API/Src/API_delay_port.d" -MT"Drivers/API/Src/API_delay_port.o" --specs=nano.specs -mfpu=fpv4-sp-d16 -mfloat-abi=hard -mthumb -o "Drivers/API/Src/API_delay_port.o"
arm-none-eabi-gcc "../Drivers/API/Src/fonts.c" -mcpu=cortex-m4 -std=gnu11 -g3 -DDEBUG -DUSE_HAL_DRIVER -DSTM32F446xx -c -I../Core/Inc -I../Drivers/STM32F4xx_HAL_Driver/Inc -I../Drivers/STM32F4xx_HAL_Driver/Inc/Legacy -I../Drivers/CMSIS/Device/ST/STM32F4xx/Include -I../Drivers/CMSIS/Include -I"/home/tomas1908/STM32CubeIDE/workspace_1.19.0/pdm/Trabajo_final_PdM/Drivers/API/Inc" -I"/home/tomas1908/STM32CubeIDE/workspace_1.19.0/pdm/Trabajo_final_PdM/Drivers/API/Src" -I"/home/tomas1908/STM32CubeIDE/workspace_1.19.0/pdm/Trabajo_final_PdM/Core/Src" -O0 -ffunction-sections -fdata-sections -Wall -fstack-usage -fcyclomatic-complexity -MMD -MP -MF"Drivers/API/Src/fonts.d" -MT"Drivers/API/Src/fonts.o" --specs=nano.specs -mfpu=fpv4-sp-d16 -mfloat-abi=hard -mthumb -o "Drivers/API/Src/fonts.o"
arm-none-eabi-gcc "../Drivers/API/Src/ssd1306.c" -mcpu=cortex-m4 -std=gnu11 -g3 -DDEBUG -DUSE_HAL_DRIVER -DSTM32F446xx -c -I../Core/Inc -I../Drivers/STM32F4xx_HAL_Driver/Inc -I../Drivers/STM32F4xx_HAL_Driver/Inc/Legacy -I../Drivers/CMSIS/Device/ST/STM32F4xx/Include -I../Drivers/CMSIS/Include -I"/home/tomas1908/STM32CubeIDE/workspace_1.19.0/pdm/Trabajo_final_PdM/Drivers/API/Inc" -I"/home/tomas1908/STM32CubeIDE/workspace_1.19.0/pdm/Trabajo_final_PdM/Drivers/API/Src" -I"/home/tomas1908/STM32CubeIDE/workspace_1.19.0/pdm/Trabajo_final_PdM/Core/Src" -O0 -ffunction-sections -fdata-sections -Wall -fstack-usage -fcyclomatic-complexity -MMD -MP -MF"Drivers/API/Src/ssd1306.d" -MT"Drivers/API/Src/ssd1306.o" --specs=nano.specs -mfpu=fpv4-sp-d16 -mfloat-abi=hard -mthumb -o "Drivers/API/Src/ssd1306.o"
arm-none-eabi-gcc "../Core/Src/main.c" -mcpu=cortex-m4 -std=gnu11 -g3 -DDEBUG -DUSE_HAL_DRIVER -DSTM32F446xx -c -I../Core/Inc -I../Drivers/STM32F4xx_HAL_Driver/Inc -I../Drivers/STM32F4xx_HAL_Driver/Inc/Legacy -I../Drivers/CMSIS/Device/ST/STM32F4xx/Include -I../Drivers/CMSIS/Include -I"/home/tomas1908/STM32CubeIDE/workspace_1.19.0/pdm/Trabajo_final_PdM/Drivers/API/Inc" -I"/home/tomas1908/STM32CubeIDE/workspace_1.19.0/pdm/Trabajo_final_PdM/Drivers/API/Src" -I"/home/tomas1908/STM32CubeIDE/workspace_1.19.0/pdm/Trabajo_final_PdM/Core/Src" -O0 -ffunction-sections -fdata-sections -Wall -fstack-usage -fcyclomatic-complexity -MMD -MP -MF"Core/Src/main.d" -MT"Core/Src/main.o" --specs=nano.specs -mfpu=fpv4-sp-d16 -mfloat-abi=hard -mthumb -o "Core/Src/main.o"
arm-none-eabi-gcc "../Core/Src/stm32f4xx_hal_msp.c" -mcpu=cortex-m4 -std=gnu11 -g3 -DDEBUG -DUSE_HAL_DRIVER -DSTM32F446xx -c -I../Core/Inc -I../Drivers/STM32F4xx_HAL_Driver/Inc -I../Drivers/STM32F4xx_HAL_Driver/Inc/Legacy -I../Drivers/CMSIS/Device/ST/STM32F4xx/Include -I../Drivers/CMSIS/Include -I"/home/tomas1908/STM32CubeIDE/workspace_1.19.0/pdm/Trabajo_final_PdM/Drivers/API/Inc" -I"/home/tomas1908/STM32CubeIDE/workspace_1.19.0/pdm/Trabajo_final_PdM/Drivers/API/Src" -I"/home/tomas1908/STM32CubeIDE/workspace_1.19.0/pdm/Trabajo_final_PdM/Core/Src" -O0 -ffunction-sections -fdata-sections -Wall -fstack-usage -fcyclomatic-complexity -MMD -MP -MF"Core/Src/stm32f4xx_hal_msp.d" -MT"Core/Src/stm32f4xx_hal_msp.o" --specs=nano.specs -mfpu=fpv4-sp-d16 -mfloat-abi=hard -mthumb -o "Core/Src/stm32f4xx_hal_msp.o"
arm-none-eabi-gcc "../Core/Src/stm32f4xx_it.c" -mcpu=cortex-m4 -std=gnu11 -g3 -DDEBUG -DUSE_HAL_DRIVER -DSTM32F446xx -c -I../Core/Inc -I../Drivers/STM32F4xx_HAL_Driver/Inc -I../Drivers/STM32F4xx_HAL_Driver/Inc/Legacy -I../Drivers/CMSIS/Device/ST/STM32F4xx/Include -I../Drivers/CMSIS/Include -I"/home/tomas1908/STM32CubeIDE/workspace_1.19.0/pdm/Trabajo_final_PdM/Drivers/API/Inc" -I"/home/tomas1908/STM32CubeIDE/workspace_1.19.0/pdm/Trabajo_final_PdM/Drivers/API/Src" -I"/home/tomas1908/STM32CubeIDE/workspace_1.19.0/pdm/Trabajo_final_PdM/Core/Src" -O0 -ffunction-sections -fdata-sections -Wall -fstack-usage -fcyclomatic-complexity -MMD -MP -MF"Core/Src/stm32f4xx_it.d" -MT"Core/Src/stm32f4xx_it.o" --specs=nano.specs -mfpu=fpv4-sp-d16 -mfloat-abi=hard -mthumb -o "Core/Src/stm32f4xx_it.o"
arm-none-eabi-gcc "../Core/Src/system_stm32f4xx.c" -mcpu=cortex-m4 -std=gnu11 -g3 -DDEBUG -DUSE_HAL_DRIVER -DSTM32F446xx -c -I../Core/Inc -I../Drivers/STM32F4xx_HAL_Driver/Inc -I../Drivers/STM32F4xx_HAL_Driver/Inc/Legacy -I../Drivers/CMSIS/Device/ST/STM32F4xx/Include -I../Drivers/CMSIS/Include -I"/home/tomas1908/STM32CubeIDE/workspace_1.19.0/pdm/Trabajo_final_PdM/Drivers/API/Inc" -I"/home/tomas1908/STM32CubeIDE/workspace_1.19.0/pdm/Trabajo_final_PdM/Drivers/API/Src" -I"/home/tomas1908/STM32CubeIDE/workspace_1.19.0/pdm/Trabajo_final_PdM/Core/Src" -O0 -ffunction-sections -fdata-sections -Wall -fstack-usage -fcyclomatic-complexity -MMD -MP -MF"Core/Src/system_stm32f4xx.d" -MT"Core/Src/system_stm32f4xx.o" --specs=nano.specs -mfpu=fpv4-sp-d16 -mfloat-abi=hard -mthumb -o "Core/Src/system_stm32f4xx.o"
arm-none-eabi-gcc -o "Trabajo_final_PdM.elf" @"objects.list"   -mcpu=cortex-m4 -T"/home/tomas1908/STM32CubeIDE/workspace_1.19.0/pdm/Trabajo_final_PdM/STM32F446RETX_FLASH.ld" --specs=nosys.specs -Wl,-Map="Trabajo_final_PdM.map" -Wl,--gc-sections -static --specs=nano.specs -mfpu=fpv4-sp-d16 -mfloat-abi=hard -mthumb -Wl,--start-group -lc -lm -Wl,--end-group
Finished building target: Trabajo_final_PdM.elf
 
arm-none-eabi-size  Trabajo_final_PdM.elf 
arm-none-eabi-objdump -h -S Trabajo_final_PdM.elf  > "Trabajo_final_PdM.list"
   text	   data	    bss	    dec	    hex	filename
  30408	    108	   3204	  33720	   83b8	Trabajo_final_PdM.elf
Finished building: default.size.stdout
 
Finished building: Trabajo_final_PdM.list
 
10:37:11 **** Incremental Build of configuration Debug for project Trabajo_final_PdM ****
make -j8 all 
arm-none-eabi-size  Trabajo_final_PdM.elf 
   text	   data	    bss	    dec	    hex	filename
  30408	    108	   3204	  33720	   83b8	Trabajo_final_PdM.elf
Finished building: default.size.stdout
 
10:41:05 **** Incremental Build of configuration Debug for project Trabajo_final_PdM ****
make -j8 all 
arm-none-eabi-gcc "../Core/Src/main.c" -mcpu=cortex-m4 -std=gnu11 -g3 -DDEBUG -DUSE_HAL_DRIVER -DSTM32F446xx -c -I../Core/Inc -I../Drivers/STM32F4xx_HAL_Driver/Inc -I../Drivers/STM32F4xx_HAL_Driver/Inc/Legacy -I../Drivers/CMSIS/Device/ST/STM32F4xx/Include -I../Drivers/CMSIS/Include -I"/home/tomas1908/STM32CubeIDE/workspace_1.19.0/pdm/Trabajo_final_PdM/Drivers/API/Inc" -I"/home/tomas1908/STM32CubeIDE/workspace_1.19.0/pdm/Trabajo_final_PdM/Drivers/API/Src" -I"/home/tomas1908/STM32CubeIDE/workspace_1.19.0/pdm/Trabajo_final_PdM/Core/Src" -O0 -ffunction-sections -fdata-sections -Wall -fstack-usage -fcyclomatic-complexity -MMD -MP -MF"Core/Src/main.d" -MT"Core/Src/main.o" --specs=nano.specs -mfpu=fpv4-sp-d16 -mfloat-abi=hard -mthumb -o "Core/Src/main.o"
arm-none-eabi-gcc -o "Trabajo_final_PdM.elf" @"objects.list"   -mcpu=cortex-m4 -T"/home/tomas1908/STM32CubeIDE/workspace_1.19.0/pdm/Trabajo_final_PdM/STM32F446RETX_FLASH.ld" --specs=nosys.specs -Wl,-Map="Trabajo_final_PdM.map" -Wl,--gc-sections -static --specs=nano.specs -mfpu=fpv4-sp-d16 -mfloat-abi=hard -mthumb -Wl,--start-group -lc -lm -Wl,--end-group
Finished building target: Trabajo_final_PdM.elf
 
arm-none-eabi-size  Trabajo_final_PdM.elf 
arm-none-eabi-objdump -h -S Trabajo_final_PdM.elf  > "Trabajo_final_PdM.list"
   text	   data	    bss	    dec	    hex	filename
  30552	    108	   3204	  33864	   8448	Trabajo_final_PdM.elf
Finished building: default.size.stdout
 
Finished building: Trabajo_final_PdM.list
 
10:46:27 **** Incremental Build of configuration Debug for project Trabajo_final_PdM ****
make -j8 all 
arm-none-eabi-size  Trabajo_final_PdM.elf 
   text	   data	    bss	    dec	    hex	filename
  30552	    108	   3204	  33864	   8448	Trabajo_final_PdM.elf
Finished building: default.size.stdout
 
11:10:45 **** Build of configuration Debug for project Trabajo_final_PdM ****
make -j8 all 
arm-none-eabi-gcc "../Drivers/STM32F4xx_HAL_Driver/Src/stm32f4xx_hal.c" -mcpu=cortex-m4 -std=gnu11 -g3 -DDEBUG -DUSE_HAL_DRIVER -DSTM32F446xx -c -I../Core/Inc -I../Drivers/STM32F4xx_HAL_Driver/Inc -I../Drivers/STM32F4xx_HAL_Driver/Inc/Legacy -I../Drivers/CMSIS/Device/ST/STM32F4xx/Include -I../Drivers/CMSIS/Include -I"/home/tomas1908/STM32CubeIDE/workspace_1.19.0/pdm/Trabajo_final_PdM/Drivers/API/Inc" -I"/home/tomas1908/STM32CubeIDE/workspace_1.19.0/pdm/Trabajo_final_PdM/Drivers/API/Src" -I"/home/tomas1908/STM32CubeIDE/workspace_1.19.0/pdm/Trabajo_final_PdM/Core/Src" -O0 -ffunction-sections -fdata-sections -Wall -fstack-usage -fcyclomatic-complexity -MMD -MP -MF"Drivers/STM32F4xx_HAL_Driver/Src/stm32f4xx_hal.d" -MT"Drivers/STM32F4xx_HAL_Driver/Src/stm32f4xx_hal.o" --specs=nano.specs -mfpu=fpv4-sp-d16 -mfloat-abi=hard -mthumb -o "Drivers/STM32F4xx_HAL_Driver/Src/stm32f4xx_hal.o"
arm-none-eabi-gcc "../Drivers/STM32F4xx_HAL_Driver/Src/stm32f4xx_hal_adc.c" -mcpu=cortex-m4 -std=gnu11 -g3 -DDEBUG -DUSE_HAL_DRIVER -DSTM32F446xx -c -I../Core/Inc -I../Drivers/STM32F4xx_HAL_Driver/Inc -I../Drivers/STM32F4xx_HAL_Driver/Inc/Legacy -I../Drivers/CMSIS/Device/ST/STM32F4xx/Include -I../Drivers/CMSIS/Include -I"/home/tomas1908/STM32CubeIDE/workspace_1.19.0/pdm/Trabajo_final_PdM/Drivers/API/Inc" -I"/home/tomas1908/STM32CubeIDE/workspace_1.19.0/pdm/Trabajo_final_PdM/Drivers/API/Src" -I"/home/tomas1908/STM32CubeIDE/workspace_1.19.0/pdm/Trabajo_final_PdM/Core/Src" -O0 -ffunction-sections -fdata-sections -Wall -fstack-usage -fcyclomatic-complexity -MMD -MP -MF"Drivers/STM32F4xx_HAL_Driver/Src/stm32f4xx_hal_adc.d" -MT"Drivers/STM32F4xx_HAL_Driver/Src/stm32f4xx_hal_adc.o" --specs=nano.specs -mfpu=fpv4-sp-d16 -mfloat-abi=hard -mthumb -o "Drivers/STM32F4xx_HAL_Driver/Src/stm32f4xx_hal_adc.o"
arm-none-eabi-gcc "../Drivers/STM32F4xx_HAL_Driver/Src/stm32f4xx_hal_adc_ex.c" -mcpu=cortex-m4 -std=gnu11 -g3 -DDEBUG -DUSE_HAL_DRIVER -DSTM32F446xx -c -I../Core/Inc -I../Drivers/STM32F4xx_HAL_Driver/Inc -I../Drivers/STM32F4xx_HAL_Driver/Inc/Legacy -I../Drivers/CMSIS/Device/ST/STM32F4xx/Include -I../Drivers/CMSIS/Include -I"/home/tomas1908/STM32CubeIDE/workspace_1.19.0/pdm/Trabajo_final_PdM/Drivers/API/Inc" -I"/home/tomas1908/STM32CubeIDE/workspace_1.19.0/pdm/Trabajo_final_PdM/Drivers/API/Src" -I"/home/tomas1908/STM32CubeIDE/workspace_1.19.0/pdm/Trabajo_final_PdM/Core/Src" -O0 -ffunction-sections -fdata-sections -Wall -fstack-usage -fcyclomatic-complexity -MMD -MP -MF"Drivers/STM32F4xx_HAL_Driver/Src/stm32f4xx_hal_adc_ex.d" -MT"Drivers/STM32F4xx_HAL_Driver/Src/stm32f4xx_hal_adc_ex.o" --specs=nano.specs -mfpu=fpv4-sp-d16 -mfloat-abi=hard -mthumb -o "Drivers/STM32F4xx_HAL_Driver/Src/stm32f4xx_hal_adc_ex.o"
arm-none-eabi-gcc "../Drivers/STM32F4xx_HAL_Driver/Src/stm32f4xx_hal_cortex.c" -mcpu=cortex-m4 -std=gnu11 -g3 -DDEBUG -DUSE_HAL_DRIVER -DSTM32F446xx -c -I../Core/Inc -I../Drivers/STM32F4xx_HAL_Driver/Inc -I../Drivers/STM32F4xx_HAL_Driver/Inc/Legacy -I../Drivers/CMSIS/Device/ST/STM32F4xx/Include -I../Drivers/CMSIS/Include -I"/home/tomas1908/STM32CubeIDE/workspace_1.19.0/pdm/Trabajo_final_PdM/Drivers/API/Inc" -I"/home/tomas1908/STM32CubeIDE/workspace_1.19.0/pdm/Trabajo_final_PdM/Drivers/API/Src" -I"/home/tomas1908/STM32CubeIDE/workspace_1.19.0/pdm/Trabajo_final_PdM/Core/Src" -O0 -ffunction-sections -fdata-sections -Wall -fstack-usage -fcyclomatic-complexity -MMD -MP -MF"Drivers/STM32F4xx_HAL_Driver/Src/stm32f4xx_hal_cortex.d" -MT"Drivers/STM32F4xx_HAL_Driver/Src/stm32f4xx_hal_cortex.o" --specs=nano.specs -mfpu=fpv4-sp-d16 -mfloat-abi=hard -mthumb -o "Drivers/STM32F4xx_HAL_Driver/Src/stm32f4xx_hal_cortex.o"
arm-none-eabi-gcc "../Drivers/STM32F4xx_HAL_Driver/Src/stm32f4xx_hal_dma.c" -mcpu=cortex-m4 -std=gnu11 -g3 -DDEBUG -DUSE_HAL_DRIVER -DSTM32F446xx -c -I../Core/Inc -I../Drivers/STM32F4xx_HAL_Driver/Inc -I../Drivers/STM32F4xx_HAL_Driver/Inc/Legacy -I../Drivers/CMSIS/Device/ST/STM32F4xx/Include -I../Drivers/CMSIS/Include -I"/home/tomas1908/STM32CubeIDE/workspace_1.19.0/pdm/Trabajo_final_PdM/Drivers/API/Inc" -I"/home/tomas1908/STM32CubeIDE/workspace_1.19.0/pdm/Trabajo_final_PdM/Drivers/API/Src" -I"/home/tomas1908/STM32CubeIDE/workspace_1.19.0/pdm/Trabajo_final_PdM/Core/Src" -O0 -ffunction-sections -fdata-sections -Wall -fstack-usage -fcyclomatic-complexity -MMD -MP -MF"Drivers/STM32F4xx_HAL_Driver/Src/stm32f4xx_hal_dma.d" -MT"Drivers/STM32F4xx_HAL_Driver/Src/stm32f4xx_hal_dma.o" --specs=nano.specs -mfpu=fpv4-sp-d16 -mfloat-abi=hard -mthumb -o "Drivers/STM32F4xx_HAL_Driver/Src/stm32f4xx_hal_dma.o"
arm-none-eabi-gcc "../Drivers/STM32F4xx_HAL_Driver/Src/stm32f4xx_hal_dma_ex.c" -mcpu=cortex-m4 -std=gnu11 -g3 -DDEBUG -DUSE_HAL_DRIVER -DSTM32F446xx -c -I../Core/Inc -I../Drivers/STM32F4xx_HAL_Driver/Inc -I../Drivers/STM32F4xx_HAL_Driver/Inc/Legacy -I../Drivers/CMSIS/Device/ST/STM32F4xx/Include -I../Drivers/CMSIS/Include -I"/home/tomas1908/STM32CubeIDE/workspace_1.19.0/pdm/Trabajo_final_PdM/Drivers/API/Inc" -I"/home/tomas1908/STM32CubeIDE/workspace_1.19.0/pdm/Trabajo_final_PdM/Drivers/API/Src" -I"/home/tomas1908/STM32CubeIDE/workspace_1.19.0/pdm/Trabajo_final_PdM/Core/Src" -O0 -ffunction-sections -fdata-sections -Wall -fstack-usage -fcyclomatic-complexity -MMD -MP -MF"Drivers/STM32F4xx_HAL_Driver/Src/stm32f4xx_hal_dma_ex.d" -MT"Drivers/STM32F4xx_HAL_Driver/Src/stm32f4xx_hal_dma_ex.o" --specs=nano.specs -mfpu=fpv4-sp-d16 -mfloat-abi=hard -mthumb -o "Drivers/STM32F4xx_HAL_Driver/Src/stm32f4xx_hal_dma_ex.o"
arm-none-eabi-gcc "../Drivers/STM32F4xx_HAL_Driver/Src/stm32f4xx_hal_exti.c" -mcpu=cortex-m4 -std=gnu11 -g3 -DDEBUG -DUSE_HAL_DRIVER -DSTM32F446xx -c -I../Core/Inc -I../Drivers/STM32F4xx_HAL_Driver/Inc -I../Drivers/STM32F4xx_HAL_Driver/Inc/Legacy -I../Drivers/CMSIS/Device/ST/STM32F4xx/Include -I../Drivers/CMSIS/Include -I"/home/tomas1908/STM32CubeIDE/workspace_1.19.0/pdm/Trabajo_final_PdM/Drivers/API/Inc" -I"/home/tomas1908/STM32CubeIDE/workspace_1.19.0/pdm/Trabajo_final_PdM/Drivers/API/Src" -I"/home/tomas1908/STM32CubeIDE/workspace_1.19.0/pdm/Trabajo_final_PdM/Core/Src" -O0 -ffunction-sections -fdata-sections -Wall -fstack-usage -fcyclomatic-complexity -MMD -MP -MF"Drivers/STM32F4xx_HAL_Driver/Src/stm32f4xx_hal_exti.d" -MT"Drivers/STM32F4xx_HAL_Driver/Src/stm32f4xx_hal_exti.o" --specs=nano.specs -mfpu=fpv4-sp-d16 -mfloat-abi=hard -mthumb -o "Drivers/STM32F4xx_HAL_Driver/Src/stm32f4xx_hal_exti.o"
arm-none-eabi-gcc "../Drivers/STM32F4xx_HAL_Driver/Src/stm32f4xx_hal_flash.c" -mcpu=cortex-m4 -std=gnu11 -g3 -DDEBUG -DUSE_HAL_DRIVER -DSTM32F446xx -c -I../Core/Inc -I../Drivers/STM32F4xx_HAL_Driver/Inc -I../Drivers/STM32F4xx_HAL_Driver/Inc/Legacy -I../Drivers/CMSIS/Device/ST/STM32F4xx/Include -I../Drivers/CMSIS/Include -I"/home/tomas1908/STM32CubeIDE/workspace_1.19.0/pdm/Trabajo_final_PdM/Drivers/API/Inc" -I"/home/tomas1908/STM32CubeIDE/workspace_1.19.0/pdm/Trabajo_final_PdM/Drivers/API/Src" -I"/home/tomas1908/STM32CubeIDE/workspace_1.19.0/pdm/Trabajo_final_PdM/Core/Src" -O0 -ffunction-sections -fdata-sections -Wall -fstack-usage -fcyclomatic-complexity -MMD -MP -MF"Drivers/STM32F4xx_HAL_Driver/Src/stm32f4xx_hal_flash.d" -MT"Drivers/STM32F4xx_HAL_Driver/Src/stm32f4xx_hal_flash.o" --specs=nano.specs -mfpu=fpv4-sp-d16 -mfloat-abi=hard -mthumb -o "Drivers/STM32F4xx_HAL_Driver/Src/stm32f4xx_hal_flash.o"
arm-none-eabi-gcc "../Drivers/STM32F4xx_HAL_Driver/Src/stm32f4xx_hal_flash_ex.c" -mcpu=cortex-m4 -std=gnu11 -g3 -DDEBUG -DUSE_HAL_DRIVER -DSTM32F446xx -c -I../Core/Inc -I../Drivers/STM32F4xx_HAL_Driver/Inc -I../Drivers/STM32F4xx_HAL_Driver/Inc/Legacy -I../Drivers/CMSIS/Device/ST/STM32F4xx/Include -I../Drivers/CMSIS/Include -I"/home/tomas1908/STM32CubeIDE/workspace_1.19.0/pdm/Trabajo_final_PdM/Drivers/API/Inc" -I"/home/tomas1908/STM32CubeIDE/workspace_1.19.0/pdm/Trabajo_final_PdM/Drivers/API/Src" -I"/home/tomas1908/STM32CubeIDE/workspace_1.19.0/pdm/Trabajo_final_PdM/Core/Src" -O0 -ffunction-sections -fdata-sections -Wall -fstack-usage -fcyclomatic-complexity -MMD -MP -MF"Drivers/STM32F4xx_HAL_Driver/Src/stm32f4xx_hal_flash_ex.d" -MT"Drivers/STM32F4xx_HAL_Driver/Src/stm32f4xx_hal_flash_ex.o" --specs=nano.specs -mfpu=fpv4-sp-d16 -mfloat-abi=hard -mthumb -o "Drivers/STM32F4xx_HAL_Driver/Src/stm32f4xx_hal_flash_ex.o"
arm-none-eabi-gcc "../Drivers/STM32F4xx_HAL_Driver/Src/stm32f4xx_hal_flash_ramfunc.c" -mcpu=cortex-m4 -std=gnu11 -g3 -DDEBUG -DUSE_HAL_DRIVER -DSTM32F446xx -c -I../Core/Inc -I../Drivers/STM32F4xx_HAL_Driver/Inc -I../Drivers/STM32F4xx_HAL_Driver/Inc/Legacy -I../Drivers/CMSIS/Device/ST/STM32F4xx/Include -I../Drivers/CMSIS/Include -I"/home/tomas1908/STM32CubeIDE/workspace_1.19.0/pdm/Trabajo_final_PdM/Drivers/API/Inc" -I"/home/tomas1908/STM32CubeIDE/workspace_1.19.0/pdm/Trabajo_final_PdM/Drivers/API/Src" -I"/home/tomas1908/STM32CubeIDE/workspace_1.19.0/pdm/Trabajo_final_PdM/Core/Src" -O0 -ffunction-sections -fdata-sections -Wall -fstack-usage -fcyclomatic-complexity -MMD -MP -MF"Drivers/STM32F4xx_HAL_Driver/Src/stm32f4xx_hal_flash_ramfunc.d" -MT"Drivers/STM32F4xx_HAL_Driver/Src/stm32f4xx_hal_flash_ramfunc.o" --specs=nano.specs -mfpu=fpv4-sp-d16 -mfloat-abi=hard -mthumb -o "Drivers/STM32F4xx_HAL_Driver/Src/stm32f4xx_hal_flash_ramfunc.o"
arm-none-eabi-gcc "../Drivers/STM32F4xx_HAL_Driver/Src/stm32f4xx_hal_gpio.c" -mcpu=cortex-m4 -std=gnu11 -g3 -DDEBUG -DUSE_HAL_DRIVER -DSTM32F446xx -c -I../Core/Inc -I../Drivers/STM32F4xx_HAL_Driver/Inc -I../Drivers/STM32F4xx_HAL_Driver/Inc/Legacy -I../Drivers/CMSIS/Device/ST/STM32F4xx/Include -I../Drivers/CMSIS/Include -I"/home/tomas1908/STM32CubeIDE/workspace_1.19.0/pdm/Trabajo_final_PdM/Drivers/API/Inc" -I"/home/tomas1908/STM32CubeIDE/workspace_1.19.0/pdm/Trabajo_final_PdM/Drivers/API/Src" -I"/home/tomas1908/STM32CubeIDE/workspace_1.19.0/pdm/Trabajo_final_PdM/Core/Src" -O0 -ffunction-sections -fdata-sections -Wall -fstack-usage -fcyclomatic-complexity -MMD -MP -MF"Drivers/STM32F4xx_HAL_Driver/Src/stm32f4xx_hal_gpio.d" -MT"Drivers/STM32F4xx_HAL_Driver/Src/stm32f4xx_hal_gpio.o" --specs=nano.specs -mfpu=fpv4-sp-d16 -mfloat-abi=hard -mthumb -o "Drivers/STM32F4xx_HAL_Driver/Src/stm32f4xx_hal_gpio.o"
arm-none-eabi-gcc "../Drivers/STM32F4xx_HAL_Driver/Src/stm32f4xx_hal_i2c.c" -mcpu=cortex-m4 -std=gnu11 -g3 -DDEBUG -DUSE_HAL_DRIVER -DSTM32F446xx -c -I../Core/Inc -I../Drivers/STM32F4xx_HAL_Driver/Inc -I../Drivers/STM32F4xx_HAL_Driver/Inc/Legacy -I../Drivers/CMSIS/Device/ST/STM32F4xx/Include -I../Drivers/CMSIS/Include -I"/home/tomas1908/STM32CubeIDE/workspace_1.19.0/pdm/Trabajo_final_PdM/Drivers/API/Inc" -I"/home/tomas1908/STM32CubeIDE/workspace_1.19.0/pdm/Trabajo_final_PdM/Drivers/API/Src" -I"/home/tomas1908/STM32CubeIDE/workspace_1.19.0/pdm/Trabajo_final_PdM/Core/Src" -O0 -ffunction-sections -fdata-sections -Wall -fstack-usage -fcyclomatic-complexity -MMD -MP -MF"Drivers/STM32F4xx_HAL_Driver/Src/stm32f4xx_hal_i2c.d" -MT"Drivers/STM32F4xx_HAL_Driver/Src/stm32f4xx_hal_i2c.o" --specs=nano.specs -mfpu=fpv4-sp-d16 -mfloat-abi=hard -mthumb -o "Drivers/STM32F4xx_HAL_Driver/Src/stm32f4xx_hal_i2c.o"
arm-none-eabi-gcc "../Drivers/STM32F4xx_HAL_Driver/Src/stm32f4xx_hal_i2c_ex.c" -mcpu=cortex-m4 -std=gnu11 -g3 -DDEBUG -DUSE_HAL_DRIVER -DSTM32F446xx -c -I../Core/Inc -I../Drivers/STM32F4xx_HAL_Driver/Inc -I../Drivers/STM32F4xx_HAL_Driver/Inc/Legacy -I../Drivers/CMSIS/Device/ST/STM32F4xx/Include -I../Drivers/CMSIS/Include -I"/home/tomas1908/STM32CubeIDE/workspace_1.19.0/pdm/Trabajo_final_PdM/Drivers/API/Inc" -I"/home/tomas1908/STM32CubeIDE/workspace_1.19.0/pdm/Trabajo_final_PdM/Drivers/API/Src" -I"/home/tomas1908/STM32CubeIDE/workspace_1.19.0/pdm/Trabajo_final_PdM/Core/Src" -O0 -ffunction-sections -fdata-sections -Wall -fstack-usage -fcyclomatic-complexity -MMD -MP -MF"Drivers/STM32F4xx_HAL_Driver/Src/stm32f4xx_hal_i2c_ex.d" -MT"Drivers/STM32F4xx_HAL_Driver/Src/stm32f4xx_hal_i2c_ex.o" --specs=nano.specs -mfpu=fpv4-sp-d16 -mfloat-abi=hard -mthumb -o "Drivers/STM32F4xx_HAL_Driver/Src/stm32f4xx_hal_i2c_ex.o"
arm-none-eabi-gcc "../Drivers/STM32F4xx_HAL_Driver/Src/stm32f4xx_hal_pwr.c" -mcpu=cortex-m4 -std=gnu11 -g3 -DDEBUG -DUSE_HAL_DRIVER -DSTM32F446xx -c -I../Core/Inc -I../Drivers/STM32F4xx_HAL_Driver/Inc -I../Drivers/STM32F4xx_HAL_Driver/Inc/Legacy -I../Drivers/CMSIS/Device/ST/STM32F4xx/Include -I../Drivers/CMSIS/Include -I"/home/tomas1908/STM32CubeIDE/workspace_1.19.0/pdm/Trabajo_final_PdM/Drivers/API/Inc" -I"/home/tomas1908/STM32CubeIDE/workspace_1.19.0/pdm/Trabajo_final_PdM/Drivers/API/Src" -I"/home/tomas1908/STM32CubeIDE/workspace_1.19.0/pdm/Trabajo_final_PdM/Core/Src" -O0 -ffunction-sections -fdata-sections -Wall -fstack-usage -fcyclomatic-complexity -MMD -MP -MF"Drivers/STM32F4xx_HAL_Driver/Src/stm32f4xx_hal_pwr.d" -MT"Drivers/STM32F4xx_HAL_Driver/Src/stm32f4xx_hal_pwr.o" --specs=nano.specs -mfpu=fpv4-sp-d16 -mfloat-abi=hard -mthumb -o "Drivers/STM32F4xx_HAL_Driver/Src/stm32f4xx_hal_pwr.o"
arm-none-eabi-gcc "../Drivers/STM32F4xx_HAL_Driver/Src/stm32f4xx_hal_pwr_ex.c" -mcpu=cortex-m4 -std=gnu11 -g3 -DDEBUG -DUSE_HAL_DRIVER -DSTM32F446xx -c -I../Core/Inc -I../Drivers/STM32F4xx_HAL_Driver/Inc -I../Drivers/STM32F4xx_HAL_Driver/Inc/Legacy -I../Drivers/CMSIS/Device/ST/STM32F4xx/Include -I../Drivers/CMSIS/Include -I"/home/tomas1908/STM32CubeIDE/workspace_1.19.0/pdm/Trabajo_final_PdM/Drivers/API/Inc" -I"/home/tomas1908/STM32CubeIDE/workspace_1.19.0/pdm/Trabajo_final_PdM/Drivers/API/Src" -I"/home/tomas1908/STM32CubeIDE/workspace_1.19.0/pdm/Trabajo_final_PdM/Core/Src" -O0 -ffunction-sections -fdata-sections -Wall -fstack-usage -fcyclomatic-complexity -MMD -MP -MF"Drivers/STM32F4xx_HAL_Driver/Src/stm32f4xx_hal_pwr_ex.d" -MT"Drivers/STM32F4xx_HAL_Driver/Src/stm32f4xx_hal_pwr_ex.o" --specs=nano.specs -mfpu=fpv4-sp-d16 -mfloat-abi=hard -mthumb -o "Drivers/STM32F4xx_HAL_Driver/Src/stm32f4xx_hal_pwr_ex.o"
arm-none-eabi-gcc "../Drivers/STM32F4xx_HAL_Driver/Src/stm32f4xx_hal_rcc.c" -mcpu=cortex-m4 -std=gnu11 -g3 -DDEBUG -DUSE_HAL_DRIVER -DSTM32F446xx -c -I../Core/Inc -I../Drivers/STM32F4xx_HAL_Driver/Inc -I../Drivers/STM32F4xx_HAL_Driver/Inc/Legacy -I../Drivers/CMSIS/Device/ST/STM32F4xx/Include -I../Drivers/CMSIS/Include -I"/home/tomas1908/STM32CubeIDE/workspace_1.19.0/pdm/Trabajo_final_PdM/Drivers/API/Inc" -I"/home/tomas1908/STM32CubeIDE/workspace_1.19.0/pdm/Trabajo_final_PdM/Drivers/API/Src" -I"/home/tomas1908/STM32CubeIDE/workspace_1.19.0/pdm/Trabajo_final_PdM/Core/Src" -O0 -ffunction-sections -fdata-sections -Wall -fstack-usage -fcyclomatic-complexity -MMD -MP -MF"Drivers/STM32F4xx_HAL_Driver/Src/stm32f4xx_hal_rcc.d" -MT"Drivers/STM32F4xx_HAL_Driver/Src/stm32f4xx_hal_rcc.o" --specs=nano.specs -mfpu=fpv4-sp-d16 -mfloat-abi=hard -mthumb -o "Drivers/STM32F4xx_HAL_Driver/Src/stm32f4xx_hal_rcc.o"
arm-none-eabi-gcc "../Drivers/STM32F4xx_HAL_Driver/Src/stm32f4xx_hal_rcc_ex.c" -mcpu=cortex-m4 -std=gnu11 -g3 -DDEBUG -DUSE_HAL_DRIVER -DSTM32F446xx -c -I../Core/Inc -I../Drivers/STM32F4xx_HAL_Driver/Inc -I../Drivers/STM32F4xx_HAL_Driver/Inc/Legacy -I../Drivers/CMSIS/Device/ST/STM32F4xx/Include -I../Drivers/CMSIS/Include -I"/home/tomas1908/STM32CubeIDE/workspace_1.19.0/pdm/Trabajo_final_PdM/Drivers/API/Inc" -I"/home/tomas1908/STM32CubeIDE/workspace_1.19.0/pdm/Trabajo_final_PdM/Drivers/API/Src" -I"/home/tomas1908/STM32CubeIDE/workspace_1.19.0/pdm/Trabajo_final_PdM/Core/Src" -O0 -ffunction-sections -fdata-sections -Wall -fstack-usage -fcyclomatic-complexity -MMD -MP -MF"Drivers/STM32F4xx_HAL_Driver/Src/stm32f4xx_hal_rcc_ex.d" -MT"Drivers/STM32F4xx_HAL_Driver/Src/stm32f4xx_hal_rcc_ex.o" --specs=nano.specs -mfpu=fpv4-sp-d16 -mfloat-abi=hard -mthumb -o "Drivers/STM32F4xx_HAL_Driver/Src/stm32f4xx_hal_rcc_ex.o"
arm-none-eabi-gcc "../Drivers/STM32F4xx_HAL_Driver/Src/stm32f4xx_hal_tim.c" -mcpu=cortex-m4 -std=gnu11 -g3 -DDEBUG -DUSE_HAL_DRIVER -DSTM32F446xx -c -I../Core/Inc -I../Drivers/STM32F4xx_HAL_Driver/Inc -I../Drivers/STM32F4xx_HAL_Driver/Inc/Legacy -I../Drivers/CMSIS/Device/ST/STM32F4xx/Include -I../Drivers/CMSIS/Include -I"/home/tomas1908/STM32CubeIDE/workspace_1.19.0/pdm/Trabajo_final_PdM/Drivers/API/Inc" -I"/home/tomas1908/STM32CubeIDE/workspace_1.19.0/pdm/Trabajo_final_PdM/Drivers/API/Src" -I"/home/tomas1908/STM32CubeIDE/workspace_1.19.0/pdm/Trabajo_final_PdM/Core/Src" -O0 -ffunction-sections -fdata-sections -Wall -fstack-usage -fcyclomatic-complexity -MMD -MP -MF"Drivers/STM32F4xx_HAL_Driver/Src/stm32f4xx_hal_tim.d" -MT"Drivers/STM32F4xx_HAL_Driver/Src/stm32f4xx_hal_tim.o" --specs=nano.specs -mfpu=fpv4-sp-d16 -mfloat-abi=hard -mthumb -o "Drivers/STM32F4xx_HAL_Driver/Src/stm32f4xx_hal_tim.o"
arm-none-eabi-gcc "../Drivers/STM32F4xx_HAL_Driver/Src/stm32f4xx_hal_tim_ex.c" -mcpu=cortex-m4 -std=gnu11 -g3 -DDEBUG -DUSE_HAL_DRIVER -DSTM32F446xx -c -I../Core/Inc -I../Drivers/STM32F4xx_HAL_Driver/Inc -I../Drivers/STM32F4xx_HAL_Driver/Inc/Legacy -I../Drivers/CMSIS/Device/ST/STM32F4xx/Include -I../Drivers/CMSIS/Include -I"/home/tomas1908/STM32CubeIDE/workspace_1.19.0/pdm/Trabajo_final_PdM/Drivers/API/Inc" -I"/home/tomas1908/STM32CubeIDE/workspace_1.19.0/pdm/Trabajo_final_PdM/Drivers/API/Src" -I"/home/tomas1908/STM32CubeIDE/workspace_1.19.0/pdm/Trabajo_final_PdM/Core/Src" -O0 -ffunction-sections -fdata-sections -Wall -fstack-usage -fcyclomatic-complexity -MMD -MP -MF"Drivers/STM32F4xx_HAL_Driver/Src/stm32f4xx_hal_tim_ex.d" -MT"Drivers/STM32F4xx_HAL_Driver/Src/stm32f4xx_hal_tim_ex.o" --specs=nano.specs -mfpu=fpv4-sp-d16 -mfloat-abi=hard -mthumb -o "Drivers/STM32F4xx_HAL_Driver/Src/stm32f4xx_hal_tim_ex.o"
arm-none-eabi-gcc "../Drivers/STM32F4xx_HAL_Driver/Src/stm32f4xx_hal_uart.c" -mcpu=cortex-m4 -std=gnu11 -g3 -DDEBUG -DUSE_HAL_DRIVER -DSTM32F446xx -c -I../Core/Inc -I../Drivers/STM32F4xx_HAL_Driver/Inc -I../Drivers/STM32F4xx_HAL_Driver/Inc/Legacy -I../Drivers/CMSIS/Device/ST/STM32F4xx/Include -I../Drivers/CMSIS/Include -I"/home/tomas1908/STM32CubeIDE/workspace_1.19.0/pdm/Trabajo_final_PdM/Drivers/API/Inc" -I"/home/tomas1908/STM32CubeIDE/workspace_1.19.0/pdm/Trabajo_final_PdM/Drivers/API/Src" -I"/home/tomas1908/STM32CubeIDE/workspace_1.19.0/pdm/Trabajo_final_PdM/Core/Src" -O0 -ffunction-sections -fdata-sections -Wall -fstack-usage -fcyclomatic-complexity -MMD -MP -MF"Drivers/STM32F4xx_HAL_Driver/Src/stm32f4xx_hal_uart.d" -MT"Drivers/STM32F4xx_HAL_Driver/Src/stm32f4xx_hal_uart.o" --specs=nano.specs -mfpu=fpv4-sp-d16 -mfloat-abi=hard -mthumb -o "Drivers/STM32F4xx_HAL_Driver/Src/stm32f4xx_hal_uart.o"
arm-none-eabi-gcc "../Drivers/STM32F4xx_HAL_Driver/Src/stm32f4xx_ll_adc.c" -mcpu=cortex-m4 -std=gnu11 -g3 -DDEBUG -DUSE_HAL_DRIVER -DSTM32F446xx -c -I../Core/Inc -I../Drivers/STM32F4xx_HAL_Driver/Inc -I../Drivers/STM32F4xx_HAL_Driver/Inc/Legacy -I../Drivers/CMSIS/Device/ST/STM32F4xx/Include -I../Drivers/CMSIS/Include -I"/home/tomas1908/STM32CubeIDE/workspace_1.19.0/pdm/Trabajo_final_PdM/Drivers/API/Inc" -I"/home/tomas1908/STM32CubeIDE/workspace_1.19.0/pdm/Trabajo_final_PdM/Drivers/API/Src" -I"/home/tomas1908/STM32CubeIDE/workspace_1.19.0/pdm/Trabajo_final_PdM/Core/Src" -O0 -ffunction-sections -fdata-sections -Wall -fstack-usage -fcyclomatic-complexity -MMD -MP -MF"Drivers/STM32F4xx_HAL_Driver/Src/stm32f4xx_ll_adc.d" -MT"Drivers/STM32F4xx_HAL_Driver/Src/stm32f4xx_ll_adc.o" --specs=nano.specs -mfpu=fpv4-sp-d16 -mfloat-abi=hard -mthumb -o "Drivers/STM32F4xx_HAL_Driver/Src/stm32f4xx_ll_adc.o"
arm-none-eabi-gcc "../Drivers/API/Src/API_ADC.c" -mcpu=cortex-m4 -std=gnu11 -g3 -DDEBUG -DUSE_HAL_DRIVER -DSTM32F446xx -c -I../Core/Inc -I../Drivers/STM32F4xx_HAL_Driver/Inc -I../Drivers/STM32F4xx_HAL_Driver/Inc/Legacy -I../Drivers/CMSIS/Device/ST/STM32F4xx/Include -I../Drivers/CMSIS/Include -I"/home/tomas1908/STM32CubeIDE/workspace_1.19.0/pdm/Trabajo_final_PdM/Drivers/API/Inc" -I"/home/tomas1908/STM32CubeIDE/workspace_1.19.0/pdm/Trabajo_final_PdM/Drivers/API/Src" -I"/home/tomas1908/STM32CubeIDE/workspace_1.19.0/pdm/Trabajo_final_PdM/Core/Src" -O0 -ffunction-sections -fdata-sections -Wall -fstack-usage -fcyclomatic-complexity -MMD -MP -MF"Drivers/API/Src/API_ADC.d" -MT"Drivers/API/Src/API_ADC.o" --specs=nano.specs -mfpu=fpv4-sp-d16 -mfloat-abi=hard -mthumb -o "Drivers/API/Src/API_ADC.o"
arm-none-eabi-gcc "../Drivers/API/Src/API_Display.c" -mcpu=cortex-m4 -std=gnu11 -g3 -DDEBUG -DUSE_HAL_DRIVER -DSTM32F446xx -c -I../Core/Inc -I../Drivers/STM32F4xx_HAL_Driver/Inc -I../Drivers/STM32F4xx_HAL_Driver/Inc/Legacy -I../Drivers/CMSIS/Device/ST/STM32F4xx/Include -I../Drivers/CMSIS/Include -I"/home/tomas1908/STM32CubeIDE/workspace_1.19.0/pdm/Trabajo_final_PdM/Drivers/API/Inc" -I"/home/tomas1908/STM32CubeIDE/workspace_1.19.0/pdm/Trabajo_final_PdM/Drivers/API/Src" -I"/home/tomas1908/STM32CubeIDE/workspace_1.19.0/pdm/Trabajo_final_PdM/Core/Src" -O0 -ffunction-sections -fdata-sections -Wall -fstack-usage -fcyclomatic-complexity -MMD -MP -MF"Drivers/API/Src/API_Display.d" -MT"Drivers/API/Src/API_Display.o" --specs=nano.specs -mfpu=fpv4-sp-d16 -mfloat-abi=hard -mthumb -o "Drivers/API/Src/API_Display.o"
arm-none-eabi-gcc "../Drivers/API/Src/API_Servo.c" -mcpu=cortex-m4 -std=gnu11 -g3 -DDEBUG -DUSE_HAL_DRIVER -DSTM32F446xx -c -I../Core/Inc -I../Drivers/STM32F4xx_HAL_Driver/Inc -I../Drivers/STM32F4xx_HAL_Driver/Inc/Legacy -I../Drivers/CMSIS/Device/ST/STM32F4xx/Include -I../Drivers/CMSIS/Include -I"/home/tomas1908/STM32CubeIDE/workspace_1.19.0/pdm/Trabajo_final_PdM/Drivers/API/Inc" -I"/home/tomas1908/STM32CubeIDE/workspace_1.19.0/pdm/Trabajo_final_PdM/Drivers/API/Src" -I"/home/tomas1908/STM32CubeIDE/workspace_1.19.0/pdm/Trabajo_final_PdM/Core/Src" -O0 -ffunction-sections -fdata-sections -Wall -fstack-usage -fcyclomatic-complexity -MMD -MP -MF"Drivers/API/Src/API_Servo.d" -MT"Drivers/API/Src/API_Servo.o" --specs=nano.specs -mfpu=fpv4-sp-d16 -mfloat-abi=hard -mthumb -o "Drivers/API/Src/API_Servo.o"
arm-none-eabi-gcc "../Drivers/API/Src/API_debounce.c" -mcpu=cortex-m4 -std=gnu11 -g3 -DDEBUG -DUSE_HAL_DRIVER -DSTM32F446xx -c -I../Core/Inc -I../Drivers/STM32F4xx_HAL_Driver/Inc -I../Drivers/STM32F4xx_HAL_Driver/Inc/Legacy -I../Drivers/CMSIS/Device/ST/STM32F4xx/Include -I../Drivers/CMSIS/Include -I"/home/tomas1908/STM32CubeIDE/workspace_1.19.0/pdm/Trabajo_final_PdM/Drivers/API/Inc" -I"/home/tomas1908/STM32CubeIDE/workspace_1.19.0/pdm/Trabajo_final_PdM/Drivers/API/Src" -I"/home/tomas1908/STM32CubeIDE/workspace_1.19.0/pdm/Trabajo_final_PdM/Core/Src" -O0 -ffunction-sections -fdata-sections -Wall -fstack-usage -fcyclomatic-complexity -MMD -MP -MF"Drivers/API/Src/API_debounce.d" -MT"Drivers/API/Src/API_debounce.o" --specs=nano.specs -mfpu=fpv4-sp-d16 -mfloat-abi=hard -mthumb -o "Drivers/API/Src/API_debounce.o"
arm-none-eabi-gcc "../Drivers/API/Src/API_delay_port.c" -mcpu=cortex-m4 -std=gnu11 -g3 -DDEBUG -DUSE_HAL_DRIVER -DSTM32F446xx -c -I../Core/Inc -I../Drivers/STM32F4xx_HAL_Driver/Inc -I../Drivers/STM32F4xx_HAL_Driver/Inc/Legacy -I../Drivers/CMSIS/Device/ST/STM32F4xx/Include -I../Drivers/CMSIS/Include -I"/home/tomas1908/STM32CubeIDE/workspace_1.19.0/pdm/Trabajo_final_PdM/Drivers/API/Inc" -I"/home/tomas1908/STM32CubeIDE/workspace_1.19.0/pdm/Trabajo_final_PdM/Drivers/API/Src" -I"/home/tomas1908/STM32CubeIDE/workspace_1.19.0/pdm/Trabajo_final_PdM/Core/Src" -O0 -ffunction-sections -fdata-sections -Wall -fstack-usage -fcyclomatic-complexity -MMD -MP -MF"Drivers/API/Src/API_delay_port.d" -MT"Drivers/API/Src/API_delay_port.o" --specs=nano.specs -mfpu=fpv4-sp-d16 -mfloat-abi=hard -mthumb -o "Drivers/API/Src/API_delay_port.o"
arm-none-eabi-gcc "../Drivers/API/Src/fonts.c" -mcpu=cortex-m4 -std=gnu11 -g3 -DDEBUG -DUSE_HAL_DRIVER -DSTM32F446xx -c -I../Core/Inc -I../Drivers/STM32F4xx_HAL_Driver/Inc -I../Drivers/STM32F4xx_HAL_Driver/Inc/Legacy -I../Drivers/CMSIS/Device/ST/STM32F4xx/Include -I../Drivers/CMSIS/Include -I"/home/tomas1908/STM32CubeIDE/workspace_1.19.0/pdm/Trabajo_final_PdM/Drivers/API/Inc" -I"/home/tomas1908/STM32CubeIDE/workspace_1.19.0/pdm/Trabajo_final_PdM/Drivers/API/Src" -I"/home/tomas1908/STM32CubeIDE/workspace_1.19.0/pdm/Trabajo_final_PdM/Core/Src" -O0 -ffunction-sections -fdata-sections -Wall -fstack-usage -fcyclomatic-complexity -MMD -MP -MF"Drivers/API/Src/fonts.d" -MT"Drivers/API/Src/fonts.o" --specs=nano.specs -mfpu=fpv4-sp-d16 -mfloat-abi=hard -mthumb -o "Drivers/API/Src/fonts.o"
arm-none-eabi-gcc "../Drivers/API/Src/ssd1306.c" -mcpu=cortex-m4 -std=gnu11 -g3 -DDEBUG -DUSE_HAL_DRIVER -DSTM32F446xx -c -I../Core/Inc -I../Drivers/STM32F4xx_HAL_Driver/Inc -I../Drivers/STM32F4xx_HAL_Driver/Inc/Legacy -I../Drivers/CMSIS/Device/ST/STM32F4xx/Include -I../Drivers/CMSIS/Include -I"/home/tomas1908/STM32CubeIDE/workspace_1.19.0/pdm/Trabajo_final_PdM/Drivers/API/Inc" -I"/home/tomas1908/STM32CubeIDE/workspace_1.19.0/pdm/Trabajo_final_PdM/Drivers/API/Src" -I"/home/tomas1908/STM32CubeIDE/workspace_1.19.0/pdm/Trabajo_final_PdM/Core/Src" -O0 -ffunction-sections -fdata-sections -Wall -fstack-usage -fcyclomatic-complexity -MMD -MP -MF"Drivers/API/Src/ssd1306.d" -MT"Drivers/API/Src/ssd1306.o" --specs=nano.specs -mfpu=fpv4-sp-d16 -mfloat-abi=hard -mthumb -o "Drivers/API/Src/ssd1306.o"
arm-none-eabi-gcc "../Core/Src/main.c" -mcpu=cortex-m4 -std=gnu11 -g3 -DDEBUG -DUSE_HAL_DRIVER -DSTM32F446xx -c -I../Core/Inc -I../Drivers/STM32F4xx_HAL_Driver/Inc -I../Drivers/STM32F4xx_HAL_Driver/Inc/Legacy -I../Drivers/CMSIS/Device/ST/STM32F4xx/Include -I../Drivers/CMSIS/Include -I"/home/tomas1908/STM32CubeIDE/workspace_1.19.0/pdm/Trabajo_final_PdM/Drivers/API/Inc" -I"/home/tomas1908/STM32CubeIDE/workspace_1.19.0/pdm/Trabajo_final_PdM/Drivers/API/Src" -I"/home/tomas1908/STM32CubeIDE/workspace_1.19.0/pdm/Trabajo_final_PdM/Core/Src" -O0 -ffunction-sections -fdata-sections -Wall -fstack-usage -fcyclomatic-complexity -MMD -MP -MF"Core/Src/main.d" -MT"Core/Src/main.o" --specs=nano.specs -mfpu=fpv4-sp-d16 -mfloat-abi=hard -mthumb -o "Core/Src/main.o"
arm-none-eabi-gcc "../Core/Src/stm32f4xx_hal_msp.c" -mcpu=cortex-m4 -std=gnu11 -g3 -DDEBUG -DUSE_HAL_DRIVER -DSTM32F446xx -c -I../Core/Inc -I../Drivers/STM32F4xx_HAL_Driver/Inc -I../Drivers/STM32F4xx_HAL_Driver/Inc/Legacy -I../Drivers/CMSIS/Device/ST/STM32F4xx/Include -I../Drivers/CMSIS/Include -I"/home/tomas1908/STM32CubeIDE/workspace_1.19.0/pdm/Trabajo_final_PdM/Drivers/API/Inc" -I"/home/tomas1908/STM32CubeIDE/workspace_1.19.0/pdm/Trabajo_final_PdM/Drivers/API/Src" -I"/home/tomas1908/STM32CubeIDE/workspace_1.19.0/pdm/Trabajo_final_PdM/Core/Src" -O0 -ffunction-sections -fdata-sections -Wall -fstack-usage -fcyclomatic-complexity -MMD -MP -MF"Core/Src/stm32f4xx_hal_msp.d" -MT"Core/Src/stm32f4xx_hal_msp.o" --specs=nano.specs -mfpu=fpv4-sp-d16 -mfloat-abi=hard -mthumb -o "Core/Src/stm32f4xx_hal_msp.o"
arm-none-eabi-gcc "../Core/Src/stm32f4xx_it.c" -mcpu=cortex-m4 -std=gnu11 -g3 -DDEBUG -DUSE_HAL_DRIVER -DSTM32F446xx -c -I../Core/Inc -I../Drivers/STM32F4xx_HAL_Driver/Inc -I../Drivers/STM32F4xx_HAL_Driver/Inc/Legacy -I../Drivers/CMSIS/Device/ST/STM32F4xx/Include -I../Drivers/CMSIS/Include -I"/home/tomas1908/STM32CubeIDE/workspace_1.19.0/pdm/Trabajo_final_PdM/Drivers/API/Inc" -I"/home/tomas1908/STM32CubeIDE/workspace_1.19.0/pdm/Trabajo_final_PdM/Drivers/API/Src" -I"/home/tomas1908/STM32CubeIDE/workspace_1.19.0/pdm/Trabajo_final_PdM/Core/Src" -O0 -ffunction-sections -fdata-sections -Wall -fstack-usage -fcyclomatic-complexity -MMD -MP -MF"Core/Src/stm32f4xx_it.d" -MT"Core/Src/stm32f4xx_it.o" --specs=nano.specs -mfpu=fpv4-sp-d16 -mfloat-abi=hard -mthumb -o "Core/Src/stm32f4xx_it.o"
arm-none-eabi-gcc "../Core/Src/system_stm32f4xx.c" -mcpu=cortex-m4 -std=gnu11 -g3 -DDEBUG -DUSE_HAL_DRIVER -DSTM32F446xx -c -I../Core/Inc -I../Drivers/STM32F4xx_HAL_Driver/Inc -I../Drivers/STM32F4xx_HAL_Driver/Inc/Legacy -I../Drivers/CMSIS/Device/ST/STM32F4xx/Include -I../Drivers/CMSIS/Include -I"/home/tomas1908/STM32CubeIDE/workspace_1.19.0/pdm/Trabajo_final_PdM/Drivers/API/Inc" -I"/home/tomas1908/STM32CubeIDE/workspace_1.19.0/pdm/Trabajo_final_PdM/Drivers/API/Src" -I"/home/tomas1908/STM32CubeIDE/workspace_1.19.0/pdm/Trabajo_final_PdM/Core/Src" -O0 -ffunction-sections -fdata-sections -Wall -fstack-usage -fcyclomatic-complexity -MMD -MP -MF"Core/Src/system_stm32f4xx.d" -MT"Core/Src/system_stm32f4xx.o" --specs=nano.specs -mfpu=fpv4-sp-d16 -mfloat-abi=hard -mthumb -o "Core/Src/system_stm32f4xx.o"
arm-none-eabi-gcc -o "Trabajo_final_PdM.elf" @"objects.list"   -mcpu=cortex-m4 -T"/home/tomas1908/STM32CubeIDE/workspace_1.19.0/pdm/Trabajo_final_PdM/STM32F446RETX_FLASH.ld" --specs=nosys.specs -Wl,-Map="Trabajo_final_PdM.map" -Wl,--gc-sections -static --specs=nano.specs -mfpu=fpv4-sp-d16 -mfloat-abi=hard -mthumb -Wl,--start-group -lc -lm -Wl,--end-group
Finished building target: Trabajo_final_PdM.elf
 
arm-none-eabi-size  Trabajo_final_PdM.elf 
arm-none-eabi-objdump -h -S Trabajo_final_PdM.elf  > "Trabajo_final_PdM.list"
   text	   data	    bss	    dec	    hex	filename
  35380	    108	   3276	  38764	   976c	Trabajo_final_PdM.elf
Finished building: default.size.stdout
 
Finished building: Trabajo_final_PdM.list
 
11:12:15 **** Incremental Build of configuration Debug for project Trabajo_final_PdM ****
make -j8 all 
arm-none-eabi-size  Trabajo_final_PdM.elf 
   text	   data	    bss	    dec	    hex	filename
  35380	    108	   3276	  38764	   976c	Trabajo_final_PdM.elf
Finished building: default.size.stdout
 
11:29:26 **** Incremental Build of configuration Debug for project Trabajo_final_PdM ****
make -j8 all 
arm-none-eabi-gcc "../Core/Src/main.c" -mcpu=cortex-m4 -std=gnu11 -g3 -DDEBUG -DUSE_HAL_DRIVER -DSTM32F446xx -c -I../Core/Inc -I../Drivers/STM32F4xx_HAL_Driver/Inc -I../Drivers/STM32F4xx_HAL_Driver/Inc/Legacy -I../Drivers/CMSIS/Device/ST/STM32F4xx/Include -I../Drivers/CMSIS/Include -I"/home/tomas1908/STM32CubeIDE/workspace_1.19.0/pdm/Trabajo_final_PdM/Drivers/API/Inc" -I"/home/tomas1908/STM32CubeIDE/workspace_1.19.0/pdm/Trabajo_final_PdM/Drivers/API/Src" -I"/home/tomas1908/STM32CubeIDE/workspace_1.19.0/pdm/Trabajo_final_PdM/Core/Src" -O0 -ffunction-sections -fdata-sections -Wall -fstack-usage -fcyclomatic-complexity -MMD -MP -MF"Core/Src/main.d" -MT"Core/Src/main.o" --specs=nano.specs -mfpu=fpv4-sp-d16 -mfloat-abi=hard -mthumb -o "Core/Src/main.o"
../Core/Src/main.c: In function 'action_write':
../Core/Src/main.c:518:36: warning: cast from pointer to integer of different size [-Wpointer-to-int-cast]
  518 |         HAL_UART_Transmit(&huart4, (uint8_t)&ADC_data.ADC_value, sizeof(uint32_t),HAL_MAX_DELAY);
      |                                    ^
../Core/Src/main.c:518:36: warning: passing argument 2 of 'HAL_UART_Transmit' makes pointer from integer without a cast [-Wint-conversion]
  518 |         HAL_UART_Transmit(&huart4, (uint8_t)&ADC_data.ADC_value, sizeof(uint32_t),HAL_MAX_DELAY);
      |                                    ^~~~~~~~~~~~~~~~~~~~~~~~~~~~
      |                                    |
      |                                    unsigned char
In file included from ../Core/Inc/stm32f4xx_hal_conf.h:411,
                 from ../Drivers/STM32F4xx_HAL_Driver/Inc/stm32f4xx_hal.h:29,
                 from ../Core/Inc/main.h:30,
                 from ../Core/Src/main.c:20:
../Drivers/STM32F4xx_HAL_Driver/Inc/stm32f4xx_hal_uart.h:745:79: note: expected 'const uint8_t *' {aka 'const unsigned char *'} but argument is of type 'unsigned char'
  745 | HAL_StatusTypeDef HAL_UART_Transmit(UART_HandleTypeDef *huart, const uint8_t *pData, uint16_t Size, uint32_t Timeout);
      |                                                                ~~~~~~~~~~~~~~~^~~~~
arm-none-eabi-gcc -o "Trabajo_final_PdM.elf" @"objects.list"   -mcpu=cortex-m4 -T"/home/tomas1908/STM32CubeIDE/workspace_1.19.0/pdm/Trabajo_final_PdM/STM32F446RETX_FLASH.ld" --specs=nosys.specs -Wl,-Map="Trabajo_final_PdM.map" -Wl,--gc-sections -static --specs=nano.specs -mfpu=fpv4-sp-d16 -mfloat-abi=hard -mthumb -Wl,--start-group -lc -lm -Wl,--end-group
Finished building target: Trabajo_final_PdM.elf
 
arm-none-eabi-size  Trabajo_final_PdM.elf 
arm-none-eabi-objdump -h -S Trabajo_final_PdM.elf  > "Trabajo_final_PdM.list"
   text	   data	    bss	    dec	    hex	filename
  35380	    108	   3276	  38764	   976c	Trabajo_final_PdM.elf
Finished building: default.size.stdout
 
Finished building: Trabajo_final_PdM.list
 
11:29:36 **** Incremental Build of configuration Debug for project Trabajo_final_PdM ****
make -j8 all 
arm-none-eabi-gcc "../Core/Src/main.c" -mcpu=cortex-m4 -std=gnu11 -g3 -DDEBUG -DUSE_HAL_DRIVER -DSTM32F446xx -c -I../Core/Inc -I../Drivers/STM32F4xx_HAL_Driver/Inc -I../Drivers/STM32F4xx_HAL_Driver/Inc/Legacy -I../Drivers/CMSIS/Device/ST/STM32F4xx/Include -I../Drivers/CMSIS/Include -I"/home/tomas1908/STM32CubeIDE/workspace_1.19.0/pdm/Trabajo_final_PdM/Drivers/API/Inc" -I"/home/tomas1908/STM32CubeIDE/workspace_1.19.0/pdm/Trabajo_final_PdM/Drivers/API/Src" -I"/home/tomas1908/STM32CubeIDE/workspace_1.19.0/pdm/Trabajo_final_PdM/Core/Src" -O0 -ffunction-sections -fdata-sections -Wall -fstack-usage -fcyclomatic-complexity -MMD -MP -MF"Core/Src/main.d" -MT"Core/Src/main.o" --specs=nano.specs -mfpu=fpv4-sp-d16 -mfloat-abi=hard -mthumb -o "Core/Src/main.o"
../Core/Src/main.c: In function 'action_write':
../Core/Src/main.c:518:44: warning: passing argument 2 of 'HAL_UART_Transmit' makes pointer from integer without a cast [-Wint-conversion]
  518 |         HAL_UART_Transmit(&huart4, ADC_data.ADC_value, sizeof(uint32_t),HAL_MAX_DELAY);
      |                                    ~~~~~~~~^~~~~~~~~~
      |                                            |
      |                                            uint32_t {aka long unsigned int}
In file included from ../Core/Inc/stm32f4xx_hal_conf.h:411,
                 from ../Drivers/STM32F4xx_HAL_Driver/Inc/stm32f4xx_hal.h:29,
                 from ../Core/Inc/main.h:30,
                 from ../Core/Src/main.c:20:
../Drivers/STM32F4xx_HAL_Driver/Inc/stm32f4xx_hal_uart.h:745:79: note: expected 'const uint8_t *' {aka 'const unsigned char *'} but argument is of type 'uint32_t' {aka 'long unsigned int'}
  745 | HAL_StatusTypeDef HAL_UART_Transmit(UART_HandleTypeDef *huart, const uint8_t *pData, uint16_t Size, uint32_t Timeout);
      |                                                                ~~~~~~~~~~~~~~~^~~~~
arm-none-eabi-gcc -o "Trabajo_final_PdM.elf" @"objects.list"   -mcpu=cortex-m4 -T"/home/tomas1908/STM32CubeIDE/workspace_1.19.0/pdm/Trabajo_final_PdM/STM32F446RETX_FLASH.ld" --specs=nosys.specs -Wl,-Map="Trabajo_final_PdM.map" -Wl,--gc-sections -static --specs=nano.specs -mfpu=fpv4-sp-d16 -mfloat-abi=hard -mthumb -Wl,--start-group -lc -lm -Wl,--end-group
Finished building target: Trabajo_final_PdM.elf
 
arm-none-eabi-size  Trabajo_final_PdM.elf 
arm-none-eabi-objdump -h -S Trabajo_final_PdM.elf  > "Trabajo_final_PdM.list"
   text	   data	    bss	    dec	    hex	filename
  35380	    108	   3276	  38764	   976c	Trabajo_final_PdM.elf
Finished building: default.size.stdout
 
Finished building: Trabajo_final_PdM.list
 
11:29:49 **** Incremental Build of configuration Debug for project Trabajo_final_PdM ****
make -j8 all 
arm-none-eabi-gcc "../Core/Src/main.c" -mcpu=cortex-m4 -std=gnu11 -g3 -DDEBUG -DUSE_HAL_DRIVER -DSTM32F446xx -c -I../Core/Inc -I../Drivers/STM32F4xx_HAL_Driver/Inc -I../Drivers/STM32F4xx_HAL_Driver/Inc/Legacy -I../Drivers/CMSIS/Device/ST/STM32F4xx/Include -I../Drivers/CMSIS/Include -I"/home/tomas1908/STM32CubeIDE/workspace_1.19.0/pdm/Trabajo_final_PdM/Drivers/API/Inc" -I"/home/tomas1908/STM32CubeIDE/workspace_1.19.0/pdm/Trabajo_final_PdM/Drivers/API/Src" -I"/home/tomas1908/STM32CubeIDE/workspace_1.19.0/pdm/Trabajo_final_PdM/Core/Src" -O0 -ffunction-sections -fdata-sections -Wall -fstack-usage -fcyclomatic-complexity -MMD -MP -MF"Core/Src/main.d" -MT"Core/Src/main.o" --specs=nano.specs -mfpu=fpv4-sp-d16 -mfloat-abi=hard -mthumb -o "Core/Src/main.o"
../Core/Src/main.c: In function 'action_write':
../Core/Src/main.c:518:36: warning: passing argument 2 of 'HAL_UART_Transmit' from incompatible pointer type [-Wincompatible-pointer-types]
  518 |         HAL_UART_Transmit(&huart4, &ADC_data.ADC_value, sizeof(uint32_t),HAL_MAX_DELAY);
      |                                    ^~~~~~~~~~~~~~~~~~~
      |                                    |
      |                                    volatile uint32_t * {aka volatile long unsigned int *}
In file included from ../Core/Inc/stm32f4xx_hal_conf.h:411,
                 from ../Drivers/STM32F4xx_HAL_Driver/Inc/stm32f4xx_hal.h:29,
                 from ../Core/Inc/main.h:30,
                 from ../Core/Src/main.c:20:
../Drivers/STM32F4xx_HAL_Driver/Inc/stm32f4xx_hal_uart.h:745:79: note: expected 'const uint8_t *' {aka 'const unsigned char *'} but argument is of type 'volatile uint32_t *' {aka 'volatile long unsigned int *'}
  745 | HAL_StatusTypeDef HAL_UART_Transmit(UART_HandleTypeDef *huart, const uint8_t *pData, uint16_t Size, uint32_t Timeout);
      |                                                                ~~~~~~~~~~~~~~~^~~~~
arm-none-eabi-gcc -o "Trabajo_final_PdM.elf" @"objects.list"   -mcpu=cortex-m4 -T"/home/tomas1908/STM32CubeIDE/workspace_1.19.0/pdm/Trabajo_final_PdM/STM32F446RETX_FLASH.ld" --specs=nosys.specs -Wl,-Map="Trabajo_final_PdM.map" -Wl,--gc-sections -static --specs=nano.specs -mfpu=fpv4-sp-d16 -mfloat-abi=hard -mthumb -Wl,--start-group -lc -lm -Wl,--end-group
Finished building target: Trabajo_final_PdM.elf
 
arm-none-eabi-size  Trabajo_final_PdM.elf 
arm-none-eabi-objdump -h -S Trabajo_final_PdM.elf  > "Trabajo_final_PdM.list"
   text	   data	    bss	    dec	    hex	filename
  35380	    108	   3276	  38764	   976c	Trabajo_final_PdM.elf
Finished building: default.size.stdout
 
Finished building: Trabajo_final_PdM.list
 
11:30:50 **** Incremental Build of configuration Debug for project Trabajo_final_PdM ****
make -j8 all 
arm-none-eabi-gcc "../Core/Src/main.c" -mcpu=cortex-m4 -std=gnu11 -g3 -DDEBUG -DUSE_HAL_DRIVER -DSTM32F446xx -c -I../Core/Inc -I../Drivers/STM32F4xx_HAL_Driver/Inc -I../Drivers/STM32F4xx_HAL_Driver/Inc/Legacy -I../Drivers/CMSIS/Device/ST/STM32F4xx/Include -I../Drivers/CMSIS/Include -I"/home/tomas1908/STM32CubeIDE/workspace_1.19.0/pdm/Trabajo_final_PdM/Drivers/API/Inc" -I"/home/tomas1908/STM32CubeIDE/workspace_1.19.0/pdm/Trabajo_final_PdM/Drivers/API/Src" -I"/home/tomas1908/STM32CubeIDE/workspace_1.19.0/pdm/Trabajo_final_PdM/Core/Src" -O0 -ffunction-sections -fdata-sections -Wall -fstack-usage -fcyclomatic-complexity -MMD -MP -MF"Core/Src/main.d" -MT"Core/Src/main.o" --specs=nano.specs -mfpu=fpv4-sp-d16 -mfloat-abi=hard -mthumb -o "Core/Src/main.o"
../Core/Src/main.c: In function 'action_write':
../Core/Src/main.c:518:36: warning: cast from pointer to integer of different size [-Wpointer-to-int-cast]
  518 |         HAL_UART_Transmit(&huart4, (uint8_t)&ADC_data.ADC_value, sizeof(uint32_t),HAL_MAX_DELAY);
      |                                    ^
../Core/Src/main.c:518:36: warning: passing argument 2 of 'HAL_UART_Transmit' makes pointer from integer without a cast [-Wint-conversion]
  518 |         HAL_UART_Transmit(&huart4, (uint8_t)&ADC_data.ADC_value, sizeof(uint32_t),HAL_MAX_DELAY);
      |                                    ^~~~~~~~~~~~~~~~~~~~~~~~~~~~
      |                                    |
      |                                    unsigned char
In file included from ../Core/Inc/stm32f4xx_hal_conf.h:411,
                 from ../Drivers/STM32F4xx_HAL_Driver/Inc/stm32f4xx_hal.h:29,
                 from ../Core/Inc/main.h:30,
                 from ../Core/Src/main.c:20:
../Drivers/STM32F4xx_HAL_Driver/Inc/stm32f4xx_hal_uart.h:745:79: note: expected 'const uint8_t *' {aka 'const unsigned char *'} but argument is of type 'unsigned char'
  745 | HAL_StatusTypeDef HAL_UART_Transmit(UART_HandleTypeDef *huart, const uint8_t *pData, uint16_t Size, uint32_t Timeout);
      |                                                                ~~~~~~~~~~~~~~~^~~~~
arm-none-eabi-gcc -o "Trabajo_final_PdM.elf" @"objects.list"   -mcpu=cortex-m4 -T"/home/tomas1908/STM32CubeIDE/workspace_1.19.0/pdm/Trabajo_final_PdM/STM32F446RETX_FLASH.ld" --specs=nosys.specs -Wl,-Map="Trabajo_final_PdM.map" -Wl,--gc-sections -static --specs=nano.specs -mfpu=fpv4-sp-d16 -mfloat-abi=hard -mthumb -Wl,--start-group -lc -lm -Wl,--end-group
Finished building target: Trabajo_final_PdM.elf
 
arm-none-eabi-size  Trabajo_final_PdM.elf 
arm-none-eabi-objdump -h -S Trabajo_final_PdM.elf  > "Trabajo_final_PdM.list"
   text	   data	    bss	    dec	    hex	filename
  35380	    108	   3276	  38764	   976c	Trabajo_final_PdM.elf
[...]
../Drivers/API/Src/API_UART_port.c: In function 'UART_Rx_IT':
../Drivers/API/Src/API_UART_port.c:24:60: warning: passing argument 2 of 'HAL_UART_Receive_IT' discards 'volatile' qualifier from pointer target type [-Wdiscarded-qualifiers]
   24 |         HAL_StatusTypeDef ans=HAL_UART_Receive_IT(&huart4, &rxByte, 1);
      |                                                            ^~~~~~~
In file included from ../Core/Inc/stm32f4xx_hal_conf.h:411,
                 from ../Drivers/STM32F4xx_HAL_Driver/Inc/stm32f4xx_hal.h:29,
                 from /home/tomas1908/STM32CubeIDE/workspace_1.19.0/pdm/Trabajo_final_PdM/Drivers/API/Inc/API_UART_port.h:13,
                 from ../Drivers/API/Src/API_UART_port.c:8:
../Drivers/STM32F4xx_HAL_Driver/Inc/stm32f4xx_hal_uart.h:748:75: note: expected 'uint8_t *' {aka 'unsigned char *'} but argument is of type 'volatile uint8_t *' {aka 'volatile unsigned char *'}
  748 | HAL_StatusTypeDef HAL_UART_Receive_IT(UART_HandleTypeDef *huart, uint8_t *pData, uint16_t Size);
      |                                                                  ~~~~~~~~~^~~~~
arm-none-eabi-gcc -o "Trabajo_final_PdM.elf" @"objects.list"   -mcpu=cortex-m4 -T"/home/tomas1908/STM32CubeIDE/workspace_1.19.0/pdm/Trabajo_final_PdM/STM32F446RETX_FLASH.ld" --specs=nosys.specs -Wl,-Map="Trabajo_final_PdM.map" -Wl,--gc-sections -static --specs=nano.specs -mfpu=fpv4-sp-d16 -mfloat-abi=hard -mthumb -Wl,--start-group -lc -lm -Wl,--end-group
Finished building target: Trabajo_final_PdM.elf
 
arm-none-eabi-size  Trabajo_final_PdM.elf 
arm-none-eabi-objdump -h -S Trabajo_final_PdM.elf  > "Trabajo_final_PdM.list"
   text	   data	    bss	    dec	    hex	filename
  42380	    108	   3276	  45764	   b2c4	Trabajo_final_PdM.elf
Finished building: default.size.stdout
 
Finished building: Trabajo_final_PdM.list
 
19:54:47 **** Incremental Build of configuration Debug for project Trabajo_final_PdM ****
make -j8 all 
arm-none-eabi-gcc "../Drivers/API/Src/API_UART_port.c" -mcpu=cortex-m4 -std=gnu11 -g3 -DDEBUG -DUSE_HAL_DRIVER -DSTM32F446xx -c -I../Core/Inc -I../Drivers/STM32F4xx_HAL_Driver/Inc -I../Drivers/STM32F4xx_HAL_Driver/Inc/Legacy -I../Drivers/CMSIS/Device/ST/STM32F4xx/Include -I../Drivers/CMSIS/Include -I"/home/tomas1908/STM32CubeIDE/workspace_1.19.0/pdm/Trabajo_final_PdM/Drivers/API/Inc" -I"/home/tomas1908/STM32CubeIDE/workspace_1.19.0/pdm/Trabajo_final_PdM/Drivers/API/Src" -I"/home/tomas1908/STM32CubeIDE/workspace_1.19.0/pdm/Trabajo_final_PdM/Core/Src" -O0 -ffunction-sections -fdata-sections -Wall -fstack-usage -fcyclomatic-complexity -MMD -MP -MF"Drivers/API/Src/API_UART_port.d" -MT"Drivers/API/Src/API_UART_port.o" --specs=nano.specs -mfpu=fpv4-sp-d16 -mfloat-abi=hard -mthumb -o "Drivers/API/Src/API_UART_port.o"
../Drivers/API/Src/API_UART_port.c: In function 'UART_Rx_IT':
../Drivers/API/Src/API_UART_port.c:24:60: warning: passing argument 2 of 'HAL_UART_Receive_IT' discards 'volatile' qualifier from pointer target type [-Wdiscarded-qualifiers]
   24 |         HAL_StatusTypeDef ans=HAL_UART_Receive_IT(&huart4, &rxByte, 1);                 //warning aceptable: (No le gusta que sea volatile)
      |                                                            ^~~~~~~
In file included from ../Core/Inc/stm32f4xx_hal_conf.h:411,
                 from ../Drivers/STM32F4xx_HAL_Driver/Inc/stm32f4xx_hal.h:29,
                 from /home/tomas1908/STM32CubeIDE/workspace_1.19.0/pdm/Trabajo_final_PdM/Drivers/API/Inc/API_UART_port.h:13,
                 from ../Drivers/API/Src/API_UART_port.c:8:
../Drivers/STM32F4xx_HAL_Driver/Inc/stm32f4xx_hal_uart.h:748:75: note: expected 'uint8_t *' {aka 'unsigned char *'} but argument is of type 'volatile uint8_t *' {aka 'volatile unsigned char *'}
  748 | HAL_StatusTypeDef HAL_UART_Receive_IT(UART_HandleTypeDef *huart, uint8_t *pData, uint16_t Size);
      |                                                                  ~~~~~~~~~^~~~~
arm-none-eabi-gcc -o "Trabajo_final_PdM.elf" @"objects.list"   -mcpu=cortex-m4 -T"/home/tomas1908/STM32CubeIDE/workspace_1.19.0/pdm/Trabajo_final_PdM/STM32F446RETX_FLASH.ld" --specs=nosys.specs -Wl,-Map="Trabajo_final_PdM.map" -Wl,--gc-sections -static --specs=nano.specs -mfpu=fpv4-sp-d16 -mfloat-abi=hard -mthumb -Wl,--start-group -lc -lm -Wl,--end-group
Finished building target: Trabajo_final_PdM.elf
 
arm-none-eabi-size  Trabajo_final_PdM.elf 
arm-none-eabi-objdump -h -S Trabajo_final_PdM.elf  > "Trabajo_final_PdM.list"
   text	   data	    bss	    dec	    hex	filename
  42380	    108	   3276	  45764	   b2c4	Trabajo_final_PdM.elf
Finished building: default.size.stdout
 
Finished building: Trabajo_final_PdM.list
 
19:55:08 **** Incremental Build of configuration Debug for project Trabajo_final_PdM ****
make -j8 all 
arm-none-eabi-gcc "../Drivers/API/Src/API_UART_port.c" -mcpu=cortex-m4 -std=gnu11 -g3 -DDEBUG -DUSE_HAL_DRIVER -DSTM32F446xx -c -I../Core/Inc -I../Drivers/STM32F4xx_HAL_Driver/Inc -I../Drivers/STM32F4xx_HAL_Driver/Inc/Legacy -I../Drivers/CMSIS/Device/ST/STM32F4xx/Include -I../Drivers/CMSIS/Include -I"/home/tomas1908/STM32CubeIDE/workspace_1.19.0/pdm/Trabajo_final_PdM/Drivers/API/Inc" -I"/home/tomas1908/STM32CubeIDE/workspace_1.19.0/pdm/Trabajo_final_PdM/Drivers/API/Src" -I"/home/tomas1908/STM32CubeIDE/workspace_1.19.0/pdm/Trabajo_final_PdM/Core/Src" -O0 -ffunction-sections -fdata-sections -Wall -fstack-usage -fcyclomatic-complexity -MMD -MP -MF"Drivers/API/Src/API_UART_port.d" -MT"Drivers/API/Src/API_UART_port.o" --specs=nano.specs -mfpu=fpv4-sp-d16 -mfloat-abi=hard -mthumb -o "Drivers/API/Src/API_UART_port.o"
../Drivers/API/Src/API_UART_port.c: In function 'UART_Rx_IT':
../Drivers/API/Src/API_UART_port.c:24:60: warning: passing argument 2 of 'HAL_UART_Receive_IT' discards 'volatile' qualifier from pointer target type [-Wdiscarded-qualifiers]
   24 |         HAL_StatusTypeDef ans=HAL_UART_Receive_IT(&huart4, &rxByte, 1);                 //warning aceptable: (No le gusta que sea volatile)
      |                                                            ^~~~~~~
In file included from ../Core/Inc/stm32f4xx_hal_conf.h:411,
                 from ../Drivers/STM32F4xx_HAL_Driver/Inc/stm32f4xx_hal.h:29,
                 from /home/tomas1908/STM32CubeIDE/workspace_1.19.0/pdm/Trabajo_final_PdM/Drivers/API/Inc/API_UART_port.h:13,
                 from ../Drivers/API/Src/API_UART_port.c:8:
../Drivers/STM32F4xx_HAL_Driver/Inc/stm32f4xx_hal_uart.h:748:75: note: expected 'uint8_t *' {aka 'unsigned char *'} but argument is of type 'volatile uint8_t *' {aka 'volatile unsigned char *'}
  748 | HAL_StatusTypeDef HAL_UART_Receive_IT(UART_HandleTypeDef *huart, uint8_t *pData, uint16_t Size);
      |                                                                  ~~~~~~~~~^~~~~
arm-none-eabi-gcc -o "Trabajo_final_PdM.elf" @"objects.list"   -mcpu=cortex-m4 -T"/home/tomas1908/STM32CubeIDE/workspace_1.19.0/pdm/Trabajo_final_PdM/STM32F446RETX_FLASH.ld" --specs=nosys.specs -Wl,-Map="Trabajo_final_PdM.map" -Wl,--gc-sections -static --specs=nano.specs -mfpu=fpv4-sp-d16 -mfloat-abi=hard -mthumb -Wl,--start-group -lc -lm -Wl,--end-group
Finished building target: Trabajo_final_PdM.elf
 
arm-none-eabi-size  Trabajo_final_PdM.elf 
arm-none-eabi-objdump -h -S Trabajo_final_PdM.elf  > "Trabajo_final_PdM.list"
   text	   data	    bss	    dec	    hex	filename
  42380	    108	   3276	  45764	   b2c4	Trabajo_final_PdM.elf
Finished building: default.size.stdout
 
Finished building: Trabajo_final_PdM.list
 
19:55:33 **** Incremental Build of configuration Debug for project Trabajo_final_PdM ****
make -j8 all 
arm-none-eabi-gcc "../Drivers/API/Src/API_ADC_port.c" -mcpu=cortex-m4 -std=gnu11 -g3 -DDEBUG -DUSE_HAL_DRIVER -DSTM32F446xx -c -I../Core/Inc -I../Drivers/STM32F4xx_HAL_Driver/Inc -I../Drivers/STM32F4xx_HAL_Driver/Inc/Legacy -I../Drivers/CMSIS/Device/ST/STM32F4xx/Include -I../Drivers/CMSIS/Include -I"/home/tomas1908/STM32CubeIDE/workspace_1.19.0/pdm/Trabajo_final_PdM/Drivers/API/Inc" -I"/home/tomas1908/STM32CubeIDE/workspace_1.19.0/pdm/Trabajo_final_PdM/Drivers/API/Src" -I"/home/tomas1908/STM32CubeIDE/workspace_1.19.0/pdm/Trabajo_final_PdM/Core/Src" -O0 -ffunction-sections -fdata-sections -Wall -fstack-usage -fcyclomatic-complexity -MMD -MP -MF"Drivers/API/Src/API_ADC_port.d" -MT"Drivers/API/Src/API_ADC_port.o" --specs=nano.specs -mfpu=fpv4-sp-d16 -mfloat-abi=hard -mthumb -o "Drivers/API/Src/API_ADC_port.o"
arm-none-eabi-gcc -o "Trabajo_final_PdM.elf" @"objects.list"   -mcpu=cortex-m4 -T"/home/tomas1908/STM32CubeIDE/workspace_1.19.0/pdm/Trabajo_final_PdM/STM32F446RETX_FLASH.ld" --specs=nosys.specs -Wl,-Map="Trabajo_final_PdM.map" -Wl,--gc-sections -static --specs=nano.specs -mfpu=fpv4-sp-d16 -mfloat-abi=hard -mthumb -Wl,--start-group -lc -lm -Wl,--end-group
Finished building target: Trabajo_final_PdM.elf
 
arm-none-eabi-size  Trabajo_final_PdM.elf 
arm-none-eabi-objdump -h -S Trabajo_final_PdM.elf  > "Trabajo_final_PdM.list"
   text	   data	    bss	    dec	    hex	filename
  42380	    108	   3276	  45764	   b2c4	Trabajo_final_PdM.elf
Finished building: default.size.stdout
 
Finished building: Trabajo_final_PdM.list
 
19:55:44 **** Incremental Build of configuration Debug for project Trabajo_final_PdM ****
make -j8 all 
arm-none-eabi-gcc "../Drivers/API/Src/API_ADC_port.c" -mcpu=cortex-m4 -std=gnu11 -g3 -DDEBUG -DUSE_HAL_DRIVER -DSTM32F446xx -c -I../Core/Inc -I../Drivers/STM32F4xx_HAL_Driver/Inc -I../Drivers/STM32F4xx_HAL_Driver/Inc/Legacy -I../Drivers/CMSIS/Device/ST/STM32F4xx/Include -I../Drivers/CMSIS/Include -I"/home/tomas1908/STM32CubeIDE/workspace_1.19.0/pdm/Trabajo_final_PdM/Drivers/API/Inc" -I"/home/tomas1908/STM32CubeIDE/workspace_1.19.0/pdm/Trabajo_final_PdM/Drivers/API/Src" -I"/home/tomas1908/STM32CubeIDE/workspace_1.19.0/pdm/Trabajo_final_PdM/Core/Src" -O0 -ffunction-sections -fdata-sections -Wall -fstack-usage -fcyclomatic-complexity -MMD -MP -MF"Drivers/API/Src/API_ADC_port.d" -MT"Drivers/API/Src/API_ADC_port.o" --specs=nano.specs -mfpu=fpv4-sp-d16 -mfloat-abi=hard -mthumb -o "Drivers/API/Src/API_ADC_port.o"
arm-none-eabi-gcc -o "Trabajo_final_PdM.elf" @"objects.list"   -mcpu=cortex-m4 -T"/home/tomas1908/STM32CubeIDE/workspace_1.19.0/pdm/Trabajo_final_PdM/STM32F446RETX_FLASH.ld" --specs=nosys.specs -Wl,-Map="Trabajo_final_PdM.map" -Wl,--gc-sections -static --specs=nano.specs -mfpu=fpv4-sp-d16 -mfloat-abi=hard -mthumb -Wl,--start-group -lc -lm -Wl,--end-group
Finished building target: Trabajo_final_PdM.elf
 
arm-none-eabi-size  Trabajo_final_PdM.elf 
arm-none-eabi-objdump -h -S Trabajo_final_PdM.elf  > "Trabajo_final_PdM.list"
   text	   data	    bss	    dec	    hex	filename
  42380	    108	   3276	  45764	   b2c4	Trabajo_final_PdM.elf
Finished building: default.size.stdout
 
Finished building: Trabajo_final_PdM.list
 
20:00:29 **** Incremental Build of configuration Debug for project Trabajo_final_PdM ****
make -j8 all 
arm-none-eabi-gcc "../Drivers/API/Src/Error_Management.c" -mcpu=cortex-m4 -std=gnu11 -g3 -DDEBUG -DUSE_HAL_DRIVER -DSTM32F446xx -c -I../Core/Inc -I../Drivers/STM32F4xx_HAL_Driver/Inc -I../Drivers/STM32F4xx_HAL_Driver/Inc/Legacy -I../Drivers/CMSIS/Device/ST/STM32F4xx/Include -I../Drivers/CMSIS/Include -I"/home/tomas1908/STM32CubeIDE/workspace_1.19.0/pdm/Trabajo_final_PdM/Drivers/API/Inc" -I"/home/tomas1908/STM32CubeIDE/workspace_1.19.0/pdm/Trabajo_final_PdM/Drivers/API/Src" -I"/home/tomas1908/STM32CubeIDE/workspace_1.19.0/pdm/Trabajo_final_PdM/Core/Src" -O0 -ffunction-sections -fdata-sections -Wall -fstack-usage -fcyclomatic-complexity -MMD -MP -MF"Drivers/API/Src/Error_Management.d" -MT"Drivers/API/Src/Error_Management.o" --specs=nano.specs -mfpu=fpv4-sp-d16 -mfloat-abi=hard -mthumb -o "Drivers/API/Src/Error_Management.o"
arm-none-eabi-gcc -o "Trabajo_final_PdM.elf" @"objects.list"   -mcpu=cortex-m4 -T"/home/tomas1908/STM32CubeIDE/workspace_1.19.0/pdm/Trabajo_final_PdM/STM32F446RETX_FLASH.ld" --specs=nosys.specs -Wl,-Map="Trabajo_final_PdM.map" -Wl,--gc-sections -static --specs=nano.specs -mfpu=fpv4-sp-d16 -mfloat-abi=hard -mthumb -Wl,--start-group -lc -lm -Wl,--end-group
Finished building target: Trabajo_final_PdM.elf
 
arm-none-eabi-size  Trabajo_final_PdM.elf 
arm-none-eabi-objdump -h -S Trabajo_final_PdM.elf  > "Trabajo_final_PdM.list"
   text	   data	    bss	    dec	    hex	filename
  42380	    108	   3276	  45764	   b2c4	Trabajo_final_PdM.elf
Finished building: default.size.stdout
 
Finished building: Trabajo_final_PdM.list
 
20:02:07 **** Incremental Build of configuration Debug for project Trabajo_final_PdM ****
make -j8 all 
arm-none-eabi-gcc "../Drivers/API/Src/API_ADC_port.c" -mcpu=cortex-m4 -std=gnu11 -g3 -DDEBUG -DUSE_HAL_DRIVER -DSTM32F446xx -c -I../Core/Inc -I../Drivers/STM32F4xx_HAL_Driver/Inc -I../Drivers/STM32F4xx_HAL_Driver/Inc/Legacy -I../Drivers/CMSIS/Device/ST/STM32F4xx/Include -I../Drivers/CMSIS/Include -I"/home/tomas1908/STM32CubeIDE/workspace_1.19.0/pdm/Trabajo_final_PdM/Drivers/API/Inc" -I"/home/tomas1908/STM32CubeIDE/workspace_1.19.0/pdm/Trabajo_final_PdM/Drivers/API/Src" -I"/home/tomas1908/STM32CubeIDE/workspace_1.19.0/pdm/Trabajo_final_PdM/Core/Src" -O0 -ffunction-sections -fdata-sections -Wall -fstack-usage -fcyclomatic-complexity -MMD -MP -MF"Drivers/API/Src/API_ADC_port.d" -MT"Drivers/API/Src/API_ADC_port.o" --specs=nano.specs -mfpu=fpv4-sp-d16 -mfloat-abi=hard -mthumb -o "Drivers/API/Src/API_ADC_port.o"
../Drivers/API/Src/API_ADC_port.c: In function 'ADC_Start':
../Drivers/API/Src/API_ADC_port.c:18:17: warning: implicit declaration of function 'System_Error_Handler' [-Wimplicit-function-declaration]
   18 |                 System_Error_Handler();
      |                 ^~~~~~~~~~~~~~~~~~~~
arm-none-eabi-gcc -o "Trabajo_final_PdM.elf" @"objects.list"   -mcpu=cortex-m4 -T"/home/tomas1908/STM32CubeIDE/workspace_1.19.0/pdm/Trabajo_final_PdM/STM32F446RETX_FLASH.ld" --specs=nosys.specs -Wl,-Map="Trabajo_final_PdM.map" -Wl,--gc-sections -static --specs=nano.specs -mfpu=fpv4-sp-d16 -mfloat-abi=hard -mthumb -Wl,--start-group -lc -lm -Wl,--end-group
Finished building target: Trabajo_final_PdM.elf
 
arm-none-eabi-size  Trabajo_final_PdM.elf 
arm-none-eabi-objdump -h -S Trabajo_final_PdM.elf  > "Trabajo_final_PdM.list"
   text	   data	    bss	    dec	    hex	filename
  42420	    108	   3276	  45804	   b2ec	Trabajo_final_PdM.elf
Finished building: default.size.stdout
 
Finished building: Trabajo_final_PdM.list
 
20:02:21 **** Incremental Build of configuration Debug for project Trabajo_final_PdM ****
make -j8 all 
arm-none-eabi-gcc "../Drivers/API/Src/API_ADC_port.c" -mcpu=cortex-m4 -std=gnu11 -g3 -DDEBUG -DUSE_HAL_DRIVER -DSTM32F446xx -c -I../Core/Inc -I../Drivers/STM32F4xx_HAL_Driver/Inc -I../Drivers/STM32F4xx_HAL_Driver/Inc/Legacy -I../Drivers/CMSIS/Device/ST/STM32F4xx/Include -I../Drivers/CMSIS/Include -I"/home/tomas1908/STM32CubeIDE/workspace_1.19.0/pdm/Trabajo_final_PdM/Drivers/API/Inc" -I"/home/tomas1908/STM32CubeIDE/workspace_1.19.0/pdm/Trabajo_final_PdM/Drivers/API/Src" -I"/home/tomas1908/STM32CubeIDE/workspace_1.19.0/pdm/Trabajo_final_PdM/Core/Src" -O0 -ffunction-sections -fdata-sections -Wall -fstack-usage -fcyclomatic-complexity -MMD -MP -MF"Drivers/API/Src/API_ADC_port.d" -MT"Drivers/API/Src/API_ADC_port.o" --specs=nano.specs -mfpu=fpv4-sp-d16 -mfloat-abi=hard -mthumb -o "Drivers/API/Src/API_ADC_port.o"
arm-none-eabi-gcc -o "Trabajo_final_PdM.elf" @"objects.list"   -mcpu=cortex-m4 -T"/home/tomas1908/STM32CubeIDE/workspace_1.19.0/pdm/Trabajo_final_PdM/STM32F446RETX_FLASH.ld" --specs=nosys.specs -Wl,-Map="Trabajo_final_PdM.map" -Wl,--gc-sections -static --specs=nano.specs -mfpu=fpv4-sp-d16 -mfloat-abi=hard -mthumb -Wl,--start-group -lc -lm -Wl,--end-group
Finished building target: Trabajo_final_PdM.elf
 
arm-none-eabi-size  Trabajo_final_PdM.elf 
arm-none-eabi-objdump -h -S Trabajo_final_PdM.elf  > "Trabajo_final_PdM.list"
   text	   data	    bss	    dec	    hex	filename
  42420	    108	   3276	  45804	   b2ec	Trabajo_final_PdM.elf
Finished building: default.size.stdout
 
Finished building: Trabajo_final_PdM.list
 
20:03:07 **** Incremental Build of configuration Debug for project Trabajo_final_PdM ****
make -j8 all 
arm-none-eabi-gcc "../Drivers/API/Src/API_ADC_port.c" -mcpu=cortex-m4 -std=gnu11 -g3 -DDEBUG -DUSE_HAL_DRIVER -DSTM32F446xx -c -I../Core/Inc -I../Drivers/STM32F4xx_HAL_Driver/Inc -I../Drivers/STM32F4xx_HAL_Driver/Inc/Legacy -I../Drivers/CMSIS/Device/ST/STM32F4xx/Include -I../Drivers/CMSIS/Include -I"/home/tomas1908/STM32CubeIDE/workspace_1.19.0/pdm/Trabajo_final_PdM/Drivers/API/Inc" -I"/home/tomas1908/STM32CubeIDE/workspace_1.19.0/pdm/Trabajo_final_PdM/Drivers/API/Src" -I"/home/tomas1908/STM32CubeIDE/workspace_1.19.0/pdm/Trabajo_final_PdM/Core/Src" -O0 -ffunction-sections -fdata-sections -Wall -fstack-usage -fcyclomatic-complexity -MMD -MP -MF"Drivers/API/Src/API_ADC_port.d" -MT"Drivers/API/Src/API_ADC_port.o" --specs=nano.specs -mfpu=fpv4-sp-d16 -mfloat-abi=hard -mthumb -o "Drivers/API/Src/API_ADC_port.o"
arm-none-eabi-gcc -o "Trabajo_final_PdM.elf" @"objects.list"   -mcpu=cortex-m4 -T"/home/tomas1908/STM32CubeIDE/workspace_1.19.0/pdm/Trabajo_final_PdM/STM32F446RETX_FLASH.ld" --specs=nosys.specs -Wl,-Map="Trabajo_final_PdM.map" -Wl,--gc-sections -static --specs=nano.specs -mfpu=fpv4-sp-d16 -mfloat-abi=hard -mthumb -Wl,--start-group -lc -lm -Wl,--end-group
Finished building target: Trabajo_final_PdM.elf
 
arm-none-eabi-size  Trabajo_final_PdM.elf 
arm-none-eabi-objdump -h -S Trabajo_final_PdM.elf  > "Trabajo_final_PdM.list"
   text	   data	    bss	    dec	    hex	filename
  42412	    108	   3276	  45796	   b2e4	Trabajo_final_PdM.elf
Finished building: default.size.stdout
 
Finished building: Trabajo_final_PdM.list
 
20:03:24 **** Incremental Build of configuration Debug for project Trabajo_final_PdM ****
make -j8 all 
arm-none-eabi-gcc "../Drivers/API/Src/API_ADC_port.c" -mcpu=cortex-m4 -std=gnu11 -g3 -DDEBUG -DUSE_HAL_DRIVER -DSTM32F446xx -c -I../Core/Inc -I../Drivers/STM32F4xx_HAL_Driver/Inc -I../Drivers/STM32F4xx_HAL_Driver/Inc/Legacy -I../Drivers/CMSIS/Device/ST/STM32F4xx/Include -I../Drivers/CMSIS/Include -I"/home/tomas1908/STM32CubeIDE/workspace_1.19.0/pdm/Trabajo_final_PdM/Drivers/API/Inc" -I"/home/tomas1908/STM32CubeIDE/workspace_1.19.0/pdm/Trabajo_final_PdM/Drivers/API/Src" -I"/home/tomas1908/STM32CubeIDE/workspace_1.19.0/pdm/Trabajo_final_PdM/Core/Src" -O0 -ffunction-sections -fdata-sections -Wall -fstack-usage -fcyclomatic-complexity -MMD -MP -MF"Drivers/API/Src/API_ADC_port.d" -MT"Drivers/API/Src/API_ADC_port.o" --specs=nano.specs -mfpu=fpv4-sp-d16 -mfloat-abi=hard -mthumb -o "Drivers/API/Src/API_ADC_port.o"
arm-none-eabi-gcc -o "Trabajo_final_PdM.elf" @"objects.list"   -mcpu=cortex-m4 -T"/home/tomas1908/STM32CubeIDE/workspace_1.19.0/pdm/Trabajo_final_PdM/STM32F446RETX_FLASH.ld" --specs=nosys.specs -Wl,-Map="Trabajo_final_PdM.map" -Wl,--gc-sections -static --specs=nano.specs -mfpu=fpv4-sp-d16 -mfloat-abi=hard -mthumb -Wl,--start-group -lc -lm -Wl,--end-group
Finished building target: Trabajo_final_PdM.elf
 
arm-none-eabi-size  Trabajo_final_PdM.elf 
arm-none-eabi-objdump -h -S Trabajo_final_PdM.elf  > "Trabajo_final_PdM.list"
   text	   data	    bss	    dec	    hex	filename
  42412	    108	   3276	  45796	   b2e4	Trabajo_final_PdM.elf
Finished building: default.size.stdout
 
Finished building: Trabajo_final_PdM.list
 
