17:09:36 **** Incremental Build of configuration Debug for project Trabajo_final_PdM ****
make -j8 all 
arm-none-eabi-gcc "../Core/Src/main.c" -mcpu=cortex-m4 -std=gnu11 -g3 -DDEBUG -DUSE_HAL_DRIVER -DSTM32F446xx -c -I../Core/Inc -I../Drivers/STM32F4xx_HAL_Driver/Inc -I../Drivers/STM32F4xx_HAL_Driver/Inc/Legacy -I../Drivers/CMSIS/Device/ST/STM32F4xx/Include -I../Drivers/CMSIS/Include -I"/home/tomas1908/STM32CubeIDE/workspace_1.19.0/pdm/Trabajo_final_PdM/Drivers/API/Inc" -I"/home/tomas1908/STM32CubeIDE/workspace_1.19.0/pdm/Trabajo_final_PdM/Drivers/API/Src" -I"/home/tomas1908/STM32CubeIDE/workspace_1.19.0/pdm/Trabajo_final_PdM/Core/Src" -O0 -ffunction-sections -fdata-sections -Wall -fstack-usage -fcyclomatic-complexity -MMD -MP -MF"Core/Src/main.d" -MT"Core/Src/main.o" --specs=nano.specs -mfpu=fpv4-sp-d16 -mfloat-abi=hard -mthumb -o "Core/Src/main.o"
../Core/Src/main.c: In function 'message':
../Core/Src/main.c:493:9: warning: implicit declaration of function 'sprintf' [-Wimplicit-function-declaration]
  493 |         sprintf(angle, "%d", value);
      |         ^~~~~~~
../Core/Src/main.c:27:1: note: include '<stdio.h>' or provide a declaration of 'sprintf'
   26 | #include "ssd1306.h"
  +++ |+#include <stdio.h>
   27 | 
../Core/Src/main.c:493:9: warning: incompatible implicit declaration of built-in function 'sprintf' [-Wbuiltin-declaration-mismatch]
  493 |         sprintf(angle, "%d", value);
      |         ^~~~~~~
../Core/Src/main.c:493:9: note: include '<stdio.h>' or provide a declaration of 'sprintf'
../Core/Src/main.c:493:26: warning: format '%d' expects argument of type 'int', but argument 3 has type 'uint32_t' {aka 'long unsigned int'} [-Wformat=]
  493 |         sprintf(angle, "%d", value);
      |                         ~^   ~~~~~
      |                          |   |
      |                          int uint32_t {aka long unsigned int}
      |                         %ld
arm-none-eabi-gcc -o "Trabajo_final_PdM.elf" @"objects.list"   -mcpu=cortex-m4 -T"/home/tomas1908/STM32CubeIDE/workspace_1.19.0/pdm/Trabajo_final_PdM/STM32F446RETX_FLASH.ld" --specs=nosys.specs -Wl,-Map="Trabajo_final_PdM.map" -Wl,--gc-sections -static --specs=nano.specs -mfpu=fpv4-sp-d16 -mfloat-abi=hard -mthumb -Wl,--start-group -lc -lm -Wl,--end-group
Finished building target: Trabajo_final_PdM.elf
 
arm-none-eabi-size  Trabajo_final_PdM.elf 
arm-none-eabi-objdump -h -S Trabajo_final_PdM.elf  > "Trabajo_final_PdM.list"
   text	   data	    bss	    dec	    hex	filename
  28712	    108	   3204	  32024	   7d18	Trabajo_final_PdM.elf
Finished building: default.size.stdout
 
Finished building: Trabajo_final_PdM.list
 
17:09:55 **** Incremental Build of configuration Debug for project Trabajo_final_PdM ****
make -j8 all 
arm-none-eabi-gcc "../Core/Src/main.c" -mcpu=cortex-m4 -std=gnu11 -g3 -DDEBUG -DUSE_HAL_DRIVER -DSTM32F446xx -c -I../Core/Inc -I../Drivers/STM32F4xx_HAL_Driver/Inc -I../Drivers/STM32F4xx_HAL_Driver/Inc/Legacy -I../Drivers/CMSIS/Device/ST/STM32F4xx/Include -I../Drivers/CMSIS/Include -I"/home/tomas1908/STM32CubeIDE/workspace_1.19.0/pdm/Trabajo_final_PdM/Drivers/API/Inc" -I"/home/tomas1908/STM32CubeIDE/workspace_1.19.0/pdm/Trabajo_final_PdM/Drivers/API/Src" -I"/home/tomas1908/STM32CubeIDE/workspace_1.19.0/pdm/Trabajo_final_PdM/Core/Src" -O0 -ffunction-sections -fdata-sections -Wall -fstack-usage -fcyclomatic-complexity -MMD -MP -MF"Core/Src/main.d" -MT"Core/Src/main.o" --specs=nano.specs -mfpu=fpv4-sp-d16 -mfloat-abi=hard -mthumb -o "Core/Src/main.o"
../Core/Src/main.c: In function 'message':
../Core/Src/main.c:493:9: warning: implicit declaration of function 'sprintf' [-Wimplicit-function-declaration]
  493 |         sprintf(angle, "%d", (int)value);
      |         ^~~~~~~
../Core/Src/main.c:27:1: note: include '<stdio.h>' or provide a declaration of 'sprintf'
   26 | #include "ssd1306.h"
  +++ |+#include <stdio.h>
   27 | 
../Core/Src/main.c:493:9: warning: incompatible implicit declaration of built-in function 'sprintf' [-Wbuiltin-declaration-mismatch]
  493 |         sprintf(angle, "%d", (int)value);
      |         ^~~~~~~
../Core/Src/main.c:493:9: note: include '<stdio.h>' or provide a declaration of 'sprintf'
arm-none-eabi-gcc -o "Trabajo_final_PdM.elf" @"objects.list"   -mcpu=cortex-m4 -T"/home/tomas1908/STM32CubeIDE/workspace_1.19.0/pdm/Trabajo_final_PdM/STM32F446RETX_FLASH.ld" --specs=nosys.specs -Wl,-Map="Trabajo_final_PdM.map" -Wl,--gc-sections -static --specs=nano.specs -mfpu=fpv4-sp-d16 -mfloat-abi=hard -mthumb -Wl,--start-group -lc -lm -Wl,--end-group
Finished building target: Trabajo_final_PdM.elf
 
arm-none-eabi-size  Trabajo_final_PdM.elf 
   text	   data	    bss	    dec	    hex	filename
  28712	    108	   3204	  32024	   7d18	Trabajo_final_PdM.elf
Finished building: default.size.stdout
 
arm-none-eabi-objdump -h -S Trabajo_final_PdM.elf  > "Trabajo_final_PdM.list"
Finished building: Trabajo_final_PdM.list
 
17:10:28 **** Incremental Build of configuration Debug for project Trabajo_final_PdM ****
make -j8 all 
arm-none-eabi-gcc "../Core/Src/main.c" -mcpu=cortex-m4 -std=gnu11 -g3 -DDEBUG -DUSE_HAL_DRIVER -DSTM32F446xx -c -I../Core/Inc -I../Drivers/STM32F4xx_HAL_Driver/Inc -I../Drivers/STM32F4xx_HAL_Driver/Inc/Legacy -I../Drivers/CMSIS/Device/ST/STM32F4xx/Include -I../Drivers/CMSIS/Include -I"/home/tomas1908/STM32CubeIDE/workspace_1.19.0/pdm/Trabajo_final_PdM/Drivers/API/Inc" -I"/home/tomas1908/STM32CubeIDE/workspace_1.19.0/pdm/Trabajo_final_PdM/Drivers/API/Src" -I"/home/tomas1908/STM32CubeIDE/workspace_1.19.0/pdm/Trabajo_final_PdM/Core/Src" -O0 -ffunction-sections -fdata-sections -Wall -fstack-usage -fcyclomatic-complexity -MMD -MP -MF"Core/Src/main.d" -MT"Core/Src/main.o" --specs=nano.specs -mfpu=fpv4-sp-d16 -mfloat-abi=hard -mthumb -o "Core/Src/main.o"
arm-none-eabi-gcc -o "Trabajo_final_PdM.elf" @"objects.list"   -mcpu=cortex-m4 -T"/home/tomas1908/STM32CubeIDE/workspace_1.19.0/pdm/Trabajo_final_PdM/STM32F446RETX_FLASH.ld" --specs=nosys.specs -Wl,-Map="Trabajo_final_PdM.map" -Wl,--gc-sections -static --specs=nano.specs -mfpu=fpv4-sp-d16 -mfloat-abi=hard -mthumb -Wl,--start-group -lc -lm -Wl,--end-group
Finished building target: Trabajo_final_PdM.elf
 
arm-none-eabi-size  Trabajo_final_PdM.elf 
arm-none-eabi-objdump -h -S Trabajo_final_PdM.elf  > "Trabajo_final_PdM.list"
   text	   data	    bss	    dec	    hex	filename
  28712	    108	   3204	  32024	   7d18	Trabajo_final_PdM.elf
Finished building: default.size.stdout
 
Finished building: Trabajo_final_PdM.list
 
17:11:09 **** Incremental Build of configuration Debug for project Trabajo_final_PdM ****
make -j8 all 
arm-none-eabi-gcc "../Core/Src/main.c" -mcpu=cortex-m4 -std=gnu11 -g3 -DDEBUG -DUSE_HAL_DRIVER -DSTM32F446xx -c -I../Core/Inc -I../Drivers/STM32F4xx_HAL_Driver/Inc -I../Drivers/STM32F4xx_HAL_Driver/Inc/Legacy -I../Drivers/CMSIS/Device/ST/STM32F4xx/Include -I../Drivers/CMSIS/Include -I"/home/tomas1908/STM32CubeIDE/workspace_1.19.0/pdm/Trabajo_final_PdM/Drivers/API/Inc" -I"/home/tomas1908/STM32CubeIDE/workspace_1.19.0/pdm/Trabajo_final_PdM/Drivers/API/Src" -I"/home/tomas1908/STM32CubeIDE/workspace_1.19.0/pdm/Trabajo_final_PdM/Core/Src" -O0 -ffunction-sections -fdata-sections -Wall -fstack-usage -fcyclomatic-complexity -MMD -MP -MF"Core/Src/main.d" -MT"Core/Src/main.o" --specs=nano.specs -mfpu=fpv4-sp-d16 -mfloat-abi=hard -mthumb -o "Core/Src/main.o"
arm-none-eabi-gcc "../Core/Src/stm32f4xx_hal_msp.c" -mcpu=cortex-m4 -std=gnu11 -g3 -DDEBUG -DUSE_HAL_DRIVER -DSTM32F446xx -c -I../Core/Inc -I../Drivers/STM32F4xx_HAL_Driver/Inc -I../Drivers/STM32F4xx_HAL_Driver/Inc/Legacy -I../Drivers/CMSIS/Device/ST/STM32F4xx/Include -I../Drivers/CMSIS/Include -I"/home/tomas1908/STM32CubeIDE/workspace_1.19.0/pdm/Trabajo_final_PdM/Drivers/API/Inc" -I"/home/tomas1908/STM32CubeIDE/workspace_1.19.0/pdm/Trabajo_final_PdM/Drivers/API/Src" -I"/home/tomas1908/STM32CubeIDE/workspace_1.19.0/pdm/Trabajo_final_PdM/Core/Src" -O0 -ffunction-sections -fdata-sections -Wall -fstack-usage -fcyclomatic-complexity -MMD -MP -MF"Core/Src/stm32f4xx_hal_msp.d" -MT"Core/Src/stm32f4xx_hal_msp.o" --specs=nano.specs -mfpu=fpv4-sp-d16 -mfloat-abi=hard -mthumb -o "Core/Src/stm32f4xx_hal_msp.o"
arm-none-eabi-gcc "../Core/Src/stm32f4xx_it.c" -mcpu=cortex-m4 -std=gnu11 -g3 -DDEBUG -DUSE_HAL_DRIVER -DSTM32F446xx -c -I../Core/Inc -I../Drivers/STM32F4xx_HAL_Driver/Inc -I../Drivers/STM32F4xx_HAL_Driver/Inc/Legacy -I../Drivers/CMSIS/Device/ST/STM32F4xx/Include -I../Drivers/CMSIS/Include -I"/home/tomas1908/STM32CubeIDE/workspace_1.19.0/pdm/Trabajo_final_PdM/Drivers/API/Inc" -I"/home/tomas1908/STM32CubeIDE/workspace_1.19.0/pdm/Trabajo_final_PdM/Drivers/API/Src" -I"/home/tomas1908/STM32CubeIDE/workspace_1.19.0/pdm/Trabajo_final_PdM/Core/Src" -O0 -ffunction-sections -fdata-sections -Wall -fstack-usage -fcyclomatic-complexity -MMD -MP -MF"Core/Src/stm32f4xx_it.d" -MT"Core/Src/stm32f4xx_it.o" --specs=nano.specs -mfpu=fpv4-sp-d16 -mfloat-abi=hard -mthumb -o "Core/Src/stm32f4xx_it.o"
arm-none-eabi-gcc -o "Trabajo_final_PdM.elf" @"objects.list"   -mcpu=cortex-m4 -T"/home/tomas1908/STM32CubeIDE/workspace_1.19.0/pdm/Trabajo_final_PdM/STM32F446RETX_FLASH.ld" --specs=nosys.specs -Wl,-Map="Trabajo_final_PdM.map" -Wl,--gc-sections -static --specs=nano.specs -mfpu=fpv4-sp-d16 -mfloat-abi=hard -mthumb -Wl,--start-group -lc -lm -Wl,--end-group
Finished building target: Trabajo_final_PdM.elf
 
arm-none-eabi-size  Trabajo_final_PdM.elf 
arm-none-eabi-objdump -h -S Trabajo_final_PdM.elf  > "Trabajo_final_PdM.list"
   text	   data	    bss	    dec	    hex	filename
  28712	    108	   3204	  32024	   7d18	Trabajo_final_PdM.elf
Finished building: default.size.stdout
 
Finished building: Trabajo_final_PdM.list
 
17:13:22 **** Incremental Build of configuration Debug for project Trabajo_final_PdM ****
make -j8 all 
arm-none-eabi-gcc "../Core/Src/main.c" -mcpu=cortex-m4 -std=gnu11 -g3 -DDEBUG -DUSE_HAL_DRIVER -DSTM32F446xx -c -I../Core/Inc -I../Drivers/STM32F4xx_HAL_Driver/Inc -I../Drivers/STM32F4xx_HAL_Driver/Inc/Legacy -I../Drivers/CMSIS/Device/ST/STM32F4xx/Include -I../Drivers/CMSIS/Include -I"/home/tomas1908/STM32CubeIDE/workspace_1.19.0/pdm/Trabajo_final_PdM/Drivers/API/Inc" -I"/home/tomas1908/STM32CubeIDE/workspace_1.19.0/pdm/Trabajo_final_PdM/Drivers/API/Src" -I"/home/tomas1908/STM32CubeIDE/workspace_1.19.0/pdm/Trabajo_final_PdM/Core/Src" -O0 -ffunction-sections -fdata-sections -Wall -fstack-usage -fcyclomatic-complexity -MMD -MP -MF"Core/Src/main.d" -MT"Core/Src/main.o" --specs=nano.specs -mfpu=fpv4-sp-d16 -mfloat-abi=hard -mthumb -o "Core/Src/main.o"
arm-none-eabi-gcc "../Core/Src/stm32f4xx_hal_msp.c" -mcpu=cortex-m4 -std=gnu11 -g3 -DDEBUG -DUSE_HAL_DRIVER -DSTM32F446xx -c -I../Core/Inc -I../Drivers/STM32F4xx_HAL_Driver/Inc -I../Drivers/STM32F4xx_HAL_Driver/Inc/Legacy -I../Drivers/CMSIS/Device/ST/STM32F4xx/Include -I../Drivers/CMSIS/Include -I"/home/tomas1908/STM32CubeIDE/workspace_1.19.0/pdm/Trabajo_final_PdM/Drivers/API/Inc" -I"/home/tomas1908/STM32CubeIDE/workspace_1.19.0/pdm/Trabajo_final_PdM/Drivers/API/Src" -I"/home/tomas1908/STM32CubeIDE/workspace_1.19.0/pdm/Trabajo_final_PdM/Core/Src" -O0 -ffunction-sections -fdata-sections -Wall -fstack-usage -fcyclomatic-complexity -MMD -MP -MF"Core/Src/stm32f4xx_hal_msp.d" -MT"Core/Src/stm32f4xx_hal_msp.o" --specs=nano.specs -mfpu=fpv4-sp-d16 -mfloat-abi=hard -mthumb -o "Core/Src/stm32f4xx_hal_msp.o"
arm-none-eabi-gcc "../Core/Src/stm32f4xx_it.c" -mcpu=cortex-m4 -std=gnu11 -g3 -DDEBUG -DUSE_HAL_DRIVER -DSTM32F446xx -c -I../Core/Inc -I../Drivers/STM32F4xx_HAL_Driver/Inc -I../Drivers/STM32F4xx_HAL_Driver/Inc/Legacy -I../Drivers/CMSIS/Device/ST/STM32F4xx/Include -I../Drivers/CMSIS/Include -I"/home/tomas1908/STM32CubeIDE/workspace_1.19.0/pdm/Trabajo_final_PdM/Drivers/API/Inc" -I"/home/tomas1908/STM32CubeIDE/workspace_1.19.0/pdm/Trabajo_final_PdM/Drivers/API/Src" -I"/home/tomas1908/STM32CubeIDE/workspace_1.19.0/pdm/Trabajo_final_PdM/Core/Src" -O0 -ffunction-sections -fdata-sections -Wall -fstack-usage -fcyclomatic-complexity -MMD -MP -MF"Core/Src/stm32f4xx_it.d" -MT"Core/Src/stm32f4xx_it.o" --specs=nano.specs -mfpu=fpv4-sp-d16 -mfloat-abi=hard -mthumb -o "Core/Src/stm32f4xx_it.o"
arm-none-eabi-gcc -o "Trabajo_final_PdM.elf" @"objects.list"   -mcpu=cortex-m4 -T"/home/tomas1908/STM32CubeIDE/workspace_1.19.0/pdm/Trabajo_final_PdM/STM32F446RETX_FLASH.ld" --specs=nosys.specs -Wl,-Map="Trabajo_final_PdM.map" -Wl,--gc-sections -static --specs=nano.specs -mfpu=fpv4-sp-d16 -mfloat-abi=hard -mthumb -Wl,--start-group -lc -lm -Wl,--end-group
Finished building target: Trabajo_final_PdM.elf
 
arm-none-eabi-size  Trabajo_final_PdM.elf 
arm-none-eabi-objdump -h -S Trabajo_final_PdM.elf  > "Trabajo_final_PdM.list"
   text	   data	    bss	    dec	    hex	filename
  28712	    108	   3204	  32024	   7d18	Trabajo_final_PdM.elf
Finished building: default.size.stdout
 
Finished building: Trabajo_final_PdM.list
 
17:14:05 **** Incremental Build of configuration Debug for project Trabajo_final_PdM ****
make -j8 all 
arm-none-eabi-gcc "../Core/Src/main.c" -mcpu=cortex-m4 -std=gnu11 -g3 -DDEBUG -DUSE_HAL_DRIVER -DSTM32F446xx -c -I../Core/Inc -I../Drivers/STM32F4xx_HAL_Driver/Inc -I../Drivers/STM32F4xx_HAL_Driver/Inc/Legacy -I../Drivers/CMSIS/Device/ST/STM32F4xx/Include -I../Drivers/CMSIS/Include -I"/home/tomas1908/STM32CubeIDE/workspace_1.19.0/pdm/Trabajo_final_PdM/Drivers/API/Inc" -I"/home/tomas1908/STM32CubeIDE/workspace_1.19.0/pdm/Trabajo_final_PdM/Drivers/API/Src" -I"/home/tomas1908/STM32CubeIDE/workspace_1.19.0/pdm/Trabajo_final_PdM/Core/Src" -O0 -ffunction-sections -fdata-sections -Wall -fstack-usage -fcyclomatic-complexity -MMD -MP -MF"Core/Src/main.d" -MT"Core/Src/main.o" --specs=nano.specs -mfpu=fpv4-sp-d16 -mfloat-abi=hard -mthumb -o "Core/Src/main.o"
arm-none-eabi-gcc "../Core/Src/stm32f4xx_hal_msp.c" -mcpu=cortex-m4 -std=gnu11 -g3 -DDEBUG -DUSE_HAL_DRIVER -DSTM32F446xx -c -I../Core/Inc -I../Drivers/STM32F4xx_HAL_Driver/Inc -I../Drivers/STM32F4xx_HAL_Driver/Inc/Legacy -I../Drivers/CMSIS/Device/ST/STM32F4xx/Include -I../Drivers/CMSIS/Include -I"/home/tomas1908/STM32CubeIDE/workspace_1.19.0/pdm/Trabajo_final_PdM/Drivers/API/Inc" -I"/home/tomas1908/STM32CubeIDE/workspace_1.19.0/pdm/Trabajo_final_PdM/Drivers/API/Src" -I"/home/tomas1908/STM32CubeIDE/workspace_1.19.0/pdm/Trabajo_final_PdM/Core/Src" -O0 -ffunction-sections -fdata-sections -Wall -fstack-usage -fcyclomatic-complexity -MMD -MP -MF"Core/Src/stm32f4xx_hal_msp.d" -MT"Core/Src/stm32f4xx_hal_msp.o" --specs=nano.specs -mfpu=fpv4-sp-d16 -mfloat-abi=hard -mthumb -o "Core/Src/stm32f4xx_hal_msp.o"
arm-none-eabi-gcc "../Core/Src/stm32f4xx_it.c" -mcpu=cortex-m4 -std=gnu11 -g3 -DDEBUG -DUSE_HAL_DRIVER -DSTM32F446xx -c -I../Core/Inc -I../Drivers/STM32F4xx_HAL_Driver/Inc -I../Drivers/STM32F4xx_HAL_Driver/Inc/Legacy -I../Drivers/CMSIS/Device/ST/STM32F4xx/Include -I../Drivers/CMSIS/Include -I"/home/tomas1908/STM32CubeIDE/workspace_1.19.0/pdm/Trabajo_final_PdM/Drivers/API/Inc" -I"/home/tomas1908/STM32CubeIDE/workspace_1.19.0/pdm/Trabajo_final_PdM/Drivers/API/Src" -I"/home/tomas1908/STM32CubeIDE/workspace_1.19.0/pdm/Trabajo_final_PdM/Core/Src" -O0 -ffunction-sections -fdata-sections -Wall -fstack-usage -fcyclomatic-complexity -MMD -MP -MF"Core/Src/stm32f4xx_it.d" -MT"Core/Src/stm32f4xx_it.o" --specs=nano.specs -mfpu=fpv4-sp-d16 -mfloat-abi=hard -mthumb -o "Core/Src/stm32f4xx_it.o"
arm-none-eabi-gcc -o "Trabajo_final_PdM.elf" @"objects.list"   -mcpu=cortex-m4 -T"/home/tomas1908/STM32CubeIDE/workspace_1.19.0/pdm/Trabajo_final_PdM/STM32F446RETX_FLASH.ld" --specs=nosys.specs -Wl,-Map="Trabajo_final_PdM.map" -Wl,--gc-sections -static --specs=nano.specs -mfpu=fpv4-sp-d16 -mfloat-abi=hard -mthumb -Wl,--start-group -lc -lm -Wl,--end-group
Finished building target: Trabajo_final_PdM.elf
 
arm-none-eabi-size  Trabajo_final_PdM.elf 
arm-none-eabi-objdump -h -S Trabajo_final_PdM.elf  > "Trabajo_final_PdM.list"
   text	   data	    bss	    dec	    hex	filename
  28712	    108	   3204	  32024	   7d18	Trabajo_final_PdM.elf
Finished building: default.size.stdout
 
Finished building: Trabajo_final_PdM.list
 
17:15:55 **** Incremental Build of configuration Debug for project Trabajo_final_PdM ****
make -j8 all 
arm-none-eabi-gcc "../Drivers/API/Src/API_ADC.c" -mcpu=cortex-m4 -std=gnu11 -g3 -DDEBUG -DUSE_HAL_DRIVER -DSTM32F446xx -c -I../Core/Inc -I../Drivers/STM32F4xx_HAL_Driver/Inc -I../Drivers/STM32F4xx_HAL_Driver/Inc/Legacy -I../Drivers/CMSIS/Device/ST/STM32F4xx/Include -I../Drivers/CMSIS/Include -I"/home/tomas1908/STM32CubeIDE/workspace_1.19.0/pdm/Trabajo_final_PdM/Drivers/API/Inc" -I"/home/tomas1908/STM32CubeIDE/workspace_1.19.0/pdm/Trabajo_final_PdM/Drivers/API/Src" -I"/home/tomas1908/STM32CubeIDE/workspace_1.19.0/pdm/Trabajo_final_PdM/Core/Src" -O0 -ffunction-sections -fdata-sections -Wall -fstack-usage -fcyclomatic-complexity -MMD -MP -MF"Drivers/API/Src/API_ADC.d" -MT"Drivers/API/Src/API_ADC.o" --specs=nano.specs -mfpu=fpv4-sp-d16 -mfloat-abi=hard -mthumb -o "Drivers/API/Src/API_ADC.o"
arm-none-eabi-gcc "../Drivers/API/Src/API_debounce.c" -mcpu=cortex-m4 -std=gnu11 -g3 -DDEBUG -DUSE_HAL_DRIVER -DSTM32F446xx -c -I../Core/Inc -I../Drivers/STM32F4xx_HAL_Driver/Inc -I../Drivers/STM32F4xx_HAL_Driver/Inc/Legacy -I../Drivers/CMSIS/Device/ST/STM32F4xx/Include -I../Drivers/CMSIS/Include -I"/home/tomas1908/STM32CubeIDE/workspace_1.19.0/pdm/Trabajo_final_PdM/Drivers/API/Inc" -I"/home/tomas1908/STM32CubeIDE/workspace_1.19.0/pdm/Trabajo_final_PdM/Drivers/API/Src" -I"/home/tomas1908/STM32CubeIDE/workspace_1.19.0/pdm/Trabajo_final_PdM/Core/Src" -O0 -ffunction-sections -fdata-sections -Wall -fstack-usage -fcyclomatic-complexity -MMD -MP -MF"Drivers/API/Src/API_debounce.d" -MT"Drivers/API/Src/API_debounce.o" --specs=nano.specs -mfpu=fpv4-sp-d16 -mfloat-abi=hard -mthumb -o "Drivers/API/Src/API_debounce.o"
arm-none-eabi-gcc "../Drivers/API/Src/API_delay.c" -mcpu=cortex-m4 -std=gnu11 -g3 -DDEBUG -DUSE_HAL_DRIVER -DSTM32F446xx -c -I../Core/Inc -I../Drivers/STM32F4xx_HAL_Driver/Inc -I../Drivers/STM32F4xx_HAL_Driver/Inc/Legacy -I../Drivers/CMSIS/Device/ST/STM32F4xx/Include -I../Drivers/CMSIS/Include -I"/home/tomas1908/STM32CubeIDE/workspace_1.19.0/pdm/Trabajo_final_PdM/Drivers/API/Inc" -I"/home/tomas1908/STM32CubeIDE/workspace_1.19.0/pdm/Trabajo_final_PdM/Drivers/API/Src" -I"/home/tomas1908/STM32CubeIDE/workspace_1.19.0/pdm/Trabajo_final_PdM/Core/Src" -O0 -ffunction-sections -fdata-sections -Wall -fstack-usage -fcyclomatic-complexity -MMD -MP -MF"Drivers/API/Src/API_delay.d" -MT"Drivers/API/Src/API_delay.o" --specs=nano.specs -mfpu=fpv4-sp-d16 -mfloat-abi=hard -mthumb -o "Drivers/API/Src/API_delay.o"
arm-none-eabi-gcc "../Drivers/API/Src/API_delay_port.c" -mcpu=cortex-m4 -std=gnu11 -g3 -DDEBUG -DUSE_HAL_DRIVER -DSTM32F446xx -c -I../Core/Inc -I../Drivers/STM32F4xx_HAL_Driver/Inc -I../Drivers/STM32F4xx_HAL_Driver/Inc/Legacy -I../Drivers/CMSIS/Device/ST/STM32F4xx/Include -I../Drivers/CMSIS/Include -I"/home/tomas1908/STM32CubeIDE/workspace_1.19.0/pdm/Trabajo_final_PdM/Drivers/API/Inc" -I"/home/tomas1908/STM32CubeIDE/workspace_1.19.0/pdm/Trabajo_final_PdM/Drivers/API/Src" -I"/home/tomas1908/STM32CubeIDE/workspace_1.19.0/pdm/Trabajo_final_PdM/Core/Src" -O0 -ffunction-sections -fdata-sections -Wall -fstack-usage -fcyclomatic-complexity -MMD -MP -MF"Drivers/API/Src/API_delay_port.d" -MT"Drivers/API/Src/API_delay_port.o" --specs=nano.specs -mfpu=fpv4-sp-d16 -mfloat-abi=hard -mthumb -o "Drivers/API/Src/API_delay_port.o"
arm-none-eabi-gcc "../Drivers/API/Src/API_servo.c" -mcpu=cortex-m4 -std=gnu11 -g3 -DDEBUG -DUSE_HAL_DRIVER -DSTM32F446xx -c -I../Core/Inc -I../Drivers/STM32F4xx_HAL_Driver/Inc -I../Drivers/STM32F4xx_HAL_Driver/Inc/Legacy -I../Drivers/CMSIS/Device/ST/STM32F4xx/Include -I../Drivers/CMSIS/Include -I"/home/tomas1908/STM32CubeIDE/workspace_1.19.0/pdm/Trabajo_final_PdM/Drivers/API/Inc" -I"/home/tomas1908/STM32CubeIDE/workspace_1.19.0/pdm/Trabajo_final_PdM/Drivers/API/Src" -I"/home/tomas1908/STM32CubeIDE/workspace_1.19.0/pdm/Trabajo_final_PdM/Core/Src" -O0 -ffunction-sections -fdata-sections -Wall -fstack-usage -fcyclomatic-complexity -MMD -MP -MF"Drivers/API/Src/API_servo.d" -MT"Drivers/API/Src/API_servo.o" --specs=nano.specs -mfpu=fpv4-sp-d16 -mfloat-abi=hard -mthumb -o "Drivers/API/Src/API_servo.o"
arm-none-eabi-gcc "../Core/Src/main.c" -mcpu=cortex-m4 -std=gnu11 -g3 -DDEBUG -DUSE_HAL_DRIVER -DSTM32F446xx -c -I../Core/Inc -I../Drivers/STM32F4xx_HAL_Driver/Inc -I../Drivers/STM32F4xx_HAL_Driver/Inc/Legacy -I../Drivers/CMSIS/Device/ST/STM32F4xx/Include -I../Drivers/CMSIS/Include -I"/home/tomas1908/STM32CubeIDE/workspace_1.19.0/pdm/Trabajo_final_PdM/Drivers/API/Inc" -I"/home/tomas1908/STM32CubeIDE/workspace_1.19.0/pdm/Trabajo_final_PdM/Drivers/API/Src" -I"/home/tomas1908/STM32CubeIDE/workspace_1.19.0/pdm/Trabajo_final_PdM/Core/Src" -O0 -ffunction-sections -fdata-sections -Wall -fstack-usage -fcyclomatic-complexity -MMD -MP -MF"Core/Src/main.d" -MT"Core/Src/main.o" --specs=nano.specs -mfpu=fpv4-sp-d16 -mfloat-abi=hard -mthumb -o "Core/Src/main.o"
../Core/Src/main.c: In function 'PWM_Control':
../Core/Src/main.c:390:30: error: 'SCALE' undeclared (first use in this function)
  390 |         control = (control * SCALE) + OFFSET;
      |                              ^~~~~
../Core/Src/main.c:390:30: note: each undeclared identifier is reported only once for each function it appears in
../Core/Src/main.c:390:39: error: 'OFFSET' undeclared (first use in this function)
  390 |         control = (control * SCALE) + OFFSET;
      |                                       ^~~~~~
make: *** [Core/Src/subdir.mk:40: Core/Src/main.o] Error 1
make: *** Waiting for unfinished jobs....
"make -j8 all" terminated with exit code 2. Build might be incomplete.
17:16:17 **** Incremental Build of configuration Debug for project Trabajo_final_PdM ****
make -j8 all 
arm-none-eabi-gcc "../Core/Src/main.c" -mcpu=cortex-m4 -std=gnu11 -g3 -DDEBUG -DUSE_HAL_DRIVER -DSTM32F446xx -c -I../Core/Inc -I../Drivers/STM32F4xx_HAL_Driver/Inc -I../Drivers/STM32F4xx_HAL_Driver/Inc/Legacy -I../Drivers/CMSIS/Device/ST/STM32F4xx/Include -I../Drivers/CMSIS/Include -I"/home/tomas1908/STM32CubeIDE/workspace_1.19.0/pdm/Trabajo_final_PdM/Drivers/API/Inc" -I"/home/tomas1908/STM32CubeIDE/workspace_1.19.0/pdm/Trabajo_final_PdM/Drivers/API/Src" -I"/home/tomas1908/STM32CubeIDE/workspace_1.19.0/pdm/Trabajo_final_PdM/Core/Src" -O0 -ffunction-sections -fdata-sections -Wall -fstack-usage -fcyclomatic-complexity -MMD -MP -MF"Core/Src/main.d" -MT"Core/Src/main.o" --specs=nano.specs -mfpu=fpv4-sp-d16 -mfloat-abi=hard -mthumb -o "Core/Src/main.o"
arm-none-eabi-gcc "../Core/Src/stm32f4xx_hal_msp.c" -mcpu=cortex-m4 -std=gnu11 -g3 -DDEBUG -DUSE_HAL_DRIVER -DSTM32F446xx -c -I../Core/Inc -I../Drivers/STM32F4xx_HAL_Driver/Inc -I../Drivers/STM32F4xx_HAL_Driver/Inc/Legacy -I../Drivers/CMSIS/Device/ST/STM32F4xx/Include -I../Drivers/CMSIS/Include -I"/home/tomas1908/STM32CubeIDE/workspace_1.19.0/pdm/Trabajo_final_PdM/Drivers/API/Inc" -I"/home/tomas1908/STM32CubeIDE/workspace_1.19.0/pdm/Trabajo_final_PdM/Drivers/API/Src" -I"/home/tomas1908/STM32CubeIDE/workspace_1.19.0/pdm/Trabajo_final_PdM/Core/Src" -O0 -ffunction-sections -fdata-sections -Wall -fstack-usage -fcyclomatic-complexity -MMD -MP -MF"Core/Src/stm32f4xx_hal_msp.d" -MT"Core/Src/stm32f4xx_hal_msp.o" --specs=nano.specs -mfpu=fpv4-sp-d16 -mfloat-abi=hard -mthumb -o "Core/Src/stm32f4xx_hal_msp.o"
arm-none-eabi-gcc "../Core/Src/stm32f4xx_it.c" -mcpu=cortex-m4 -std=gnu11 -g3 -DDEBUG -DUSE_HAL_DRIVER -DSTM32F446xx -c -I../Core/Inc -I../Drivers/STM32F4xx_HAL_Driver/Inc -I../Drivers/STM32F4xx_HAL_Driver/Inc/Legacy -I../Drivers/CMSIS/Device/ST/STM32F4xx/Include -I../Drivers/CMSIS/Include -I"/home/tomas1908/STM32CubeIDE/workspace_1.19.0/pdm/Trabajo_final_PdM/Drivers/API/Inc" -I"/home/tomas1908/STM32CubeIDE/workspace_1.19.0/pdm/Trabajo_final_PdM/Drivers/API/Src" -I"/home/tomas1908/STM32CubeIDE/workspace_1.19.0/pdm/Trabajo_final_PdM/Core/Src" -O0 -ffunction-sections -fdata-sections -Wall -fstack-usage -fcyclomatic-complexity -MMD -MP -MF"Core/Src/stm32f4xx_it.d" -MT"Core/Src/stm32f4xx_it.o" --specs=nano.specs -mfpu=fpv4-sp-d16 -mfloat-abi=hard -mthumb -o "Core/Src/stm32f4xx_it.o"
arm-none-eabi-gcc -o "Trabajo_final_PdM.elf" @"objects.list"   -mcpu=cortex-m4 -T"/home/tomas1908/STM32CubeIDE/workspace_1.19.0/pdm/Trabajo_final_PdM/STM32F446RETX_FLASH.ld" --specs=nosys.specs -Wl,-Map="Trabajo_final_PdM.map" -Wl,--gc-sections -static --specs=nano.specs -mfpu=fpv4-sp-d16 -mfloat-abi=hard -mthumb -Wl,--start-group -lc -lm -Wl,--end-group
/opt/st/stm32cubeide_1.19.0/plugins/com.st.stm32cube.ide.mcu.externaltools.gnu-tools-for-stm32.13.3.rel1.linux64_1.0.0.202410170706/tools/bin/../lib/gcc/arm-none-eabi/13.3.1/../../../../arm-none-eabi/bin/ld: ./Core/Src/stm32f4xx_hal_msp.o:/home/tomas1908/STM32CubeIDE/workspace_1.19.0/pdm/Trabajo_final_PdM/Drivers/API/Inc/API_Servo.h:12: multiple definition of `SCALE'; ./Core/Src/main.o:/home/tomas1908/STM32CubeIDE/workspace_1.19.0/pdm/Trabajo_final_PdM/Drivers/API/Inc/API_Servo.h:12: first defined here
/opt/st/stm32cubeide_1.19.0/plugins/com.st.stm32cube.ide.mcu.externaltools.gnu-tools-for-stm32.13.3.rel1.linux64_1.0.0.202410170706/tools/bin/../lib/gcc/arm-none-eabi/13.3.1/../../../../arm-none-eabi/bin/ld: ./Core/Src/stm32f4xx_hal_msp.o:/home/tomas1908/STM32CubeIDE/workspace_1.19.0/pdm/Trabajo_final_PdM/Drivers/API/Inc/API_Servo.h:13: multiple definition of `OFFSET'; ./Core/Src/main.o:/home/tomas1908/STM32CubeIDE/workspace_1.19.0/pdm/Trabajo_final_PdM/Drivers/API/Inc/API_Servo.h:13: first defined here
/opt/st/stm32cubeide_1.19.0/plugins/com.st.stm32cube.ide.mcu.externaltools.gnu-tools-for-stm32.13.3.rel1.linux64_1.0.0.202410170706/tools/bin/../lib/gcc/arm-none-eabi/13.3.1/../../../../arm-none-eabi/bin/ld: ./Core/Src/stm32f4xx_it.o:/home/tomas1908/STM32CubeIDE/workspace_1.19.0/pdm/Trabajo_final_PdM/Drivers/API/Inc/API_Servo.h:12: multiple definition of `SCALE'; ./Core/Src/main.o:/home/tomas1908/STM32CubeIDE/workspace_1.19.0/pdm/Trabajo_final_PdM/Drivers/API/Inc/API_Servo.h:12: first defined here
/opt/st/stm32cubeide_1.19.0/plugins/com.st.stm32cube.ide.mcu.externaltools.gnu-tools-for-stm32.13.3.rel1.linux64_1.0.0.202410170706/tools/bin/../lib/gcc/arm-none-eabi/13.3.1/../../../../arm-none-eabi/bin/ld: ./Core/Src/stm32f4xx_it.o:/home/tomas1908/STM32CubeIDE/workspace_1.19.0/pdm/Trabajo_final_PdM/Drivers/API/Inc/API_Servo.h:13: multiple definition of `OFFSET'; ./Core/Src/main.o:/home/tomas1908/STM32CubeIDE/workspace_1.19.0/pdm/Trabajo_final_PdM/Drivers/API/Inc/API_Servo.h:13: first defined here
collect2: error: ld returned 1 exit status
make: *** [makefile:65: Trabajo_final_PdM.elf] Error 1
"make -j8 all" terminated with exit code 2. Build might be incomplete.
17:18:20 **** Incremental Build of configuration Debug for project Trabajo_final_PdM ****
make -j8 all 
arm-none-eabi-gcc "../Drivers/API/Src/API_servo.c" -mcpu=cortex-m4 -std=gnu11 -g3 -DDEBUG -DUSE_HAL_DRIVER -DSTM32F446xx -c -I../Core/Inc -I../Drivers/STM32F4xx_HAL_Driver/Inc -I../Drivers/STM32F4xx_HAL_Driver/Inc/Legacy -I../Drivers/CMSIS/Device/ST/STM32F4xx/Include -I../Drivers/CMSIS/Include -I"/home/tomas1908/STM32CubeIDE/workspace_1.19.0/pdm/Trabajo_final_PdM/Drivers/API/Inc" -I"/home/tomas1908/STM32CubeIDE/workspace_1.19.0/pdm/Trabajo_final_PdM/Drivers/API/Src" -I"/home/tomas1908/STM32CubeIDE/workspace_1.19.0/pdm/Trabajo_final_PdM/Core/Src" -O0 -ffunction-sections -fdata-sections -Wall -fstack-usage -fcyclomatic-complexity -MMD -MP -MF"Drivers/API/Src/API_servo.d" -MT"Drivers/API/Src/API_servo.o" --specs=nano.specs -mfpu=fpv4-sp-d16 -mfloat-abi=hard -mthumb -o "Drivers/API/Src/API_servo.o"
In file included from ../Drivers/API/Src/API_servo.c:9:
/home/tomas1908/STM32CubeIDE/workspace_1.19.0/pdm/Trabajo_final_PdM/Drivers/API/Inc/API_Servo.h:13:7: error: unknown type name 'uint32_t'
   13 | const uint32_t OFFSET=1000;
      |       ^~~~~~~~
make: *** [Drivers/API/Src/subdir.mk:31: Drivers/API/Src/API_servo.o] Error 1
"make -j8 all" terminated with exit code 2. Build might be incomplete.
17:19:08 **** Incremental Build of configuration Debug for project Trabajo_final_PdM ****
make -j8 all 
arm-none-eabi-gcc "../Drivers/API/Src/API_servo.c" -mcpu=cortex-m4 -std=gnu11 -g3 -DDEBUG -DUSE_HAL_DRIVER -DSTM32F446xx -c -I../Core/Inc -I../Drivers/STM32F4xx_HAL_Driver/Inc -I../Drivers/STM32F4xx_HAL_Driver/Inc/Legacy -I../Drivers/CMSIS/Device/ST/STM32F4xx/Include -I../Drivers/CMSIS/Include -I"/home/tomas1908/STM32CubeIDE/workspace_1.19.0/pdm/Trabajo_final_PdM/Drivers/API/Inc" -I"/home/tomas1908/STM32CubeIDE/workspace_1.19.0/pdm/Trabajo_final_PdM/Drivers/API/Src" -I"/home/tomas1908/STM32CubeIDE/workspace_1.19.0/pdm/Trabajo_final_PdM/Core/Src" -O0 -ffunction-sections -fdata-sections -Wall -fstack-usage -fcyclomatic-complexity -MMD -MP -MF"Drivers/API/Src/API_servo.d" -MT"Drivers/API/Src/API_servo.o" --specs=nano.specs -mfpu=fpv4-sp-d16 -mfloat-abi=hard -mthumb -o "Drivers/API/Src/API_servo.o"
arm-none-eabi-gcc "../Core/Src/main.c" -mcpu=cortex-m4 -std=gnu11 -g3 -DDEBUG -DUSE_HAL_DRIVER -DSTM32F446xx -c -I../Core/Inc -I../Drivers/STM32F4xx_HAL_Driver/Inc -I../Drivers/STM32F4xx_HAL_Driver/Inc/Legacy -I../Drivers/CMSIS/Device/ST/STM32F4xx/Include -I../Drivers/CMSIS/Include -I"/home/tomas1908/STM32CubeIDE/workspace_1.19.0/pdm/Trabajo_final_PdM/Drivers/API/Inc" -I"/home/tomas1908/STM32CubeIDE/workspace_1.19.0/pdm/Trabajo_final_PdM/Drivers/API/Src" -I"/home/tomas1908/STM32CubeIDE/workspace_1.19.0/pdm/Trabajo_final_PdM/Core/Src" -O0 -ffunction-sections -fdata-sections -Wall -fstack-usage -fcyclomatic-complexity -MMD -MP -MF"Core/Src/main.d" -MT"Core/Src/main.o" --specs=nano.specs -mfpu=fpv4-sp-d16 -mfloat-abi=hard -mthumb -o "Core/Src/main.o"
arm-none-eabi-gcc "../Core/Src/stm32f4xx_hal_msp.c" -mcpu=cortex-m4 -std=gnu11 -g3 -DDEBUG -DUSE_HAL_DRIVER -DSTM32F446xx -c -I../Core/Inc -I../Drivers/STM32F4xx_HAL_Driver/Inc -I../Drivers/STM32F4xx_HAL_Driver/Inc/Legacy -I../Drivers/CMSIS/Device/ST/STM32F4xx/Include -I../Drivers/CMSIS/Include -I"/home/tomas1908/STM32CubeIDE/workspace_1.19.0/pdm/Trabajo_final_PdM/Drivers/API/Inc" -I"/home/tomas1908/STM32CubeIDE/workspace_1.19.0/pdm/Trabajo_final_PdM/Drivers/API/Src" -I"/home/tomas1908/STM32CubeIDE/workspace_1.19.0/pdm/Trabajo_final_PdM/Core/Src" -O0 -ffunction-sections -fdata-sections -Wall -fstack-usage -fcyclomatic-complexity -MMD -MP -MF"Core/Src/stm32f4xx_hal_msp.d" -MT"Core/Src/stm32f4xx_hal_msp.o" --specs=nano.specs -mfpu=fpv4-sp-d16 -mfloat-abi=hard -mthumb -o "Core/Src/stm32f4xx_hal_msp.o"
arm-none-eabi-gcc "../Core/Src/stm32f4xx_it.c" -mcpu=cortex-m4 -std=gnu11 -g3 -DDEBUG -DUSE_HAL_DRIVER -DSTM32F446xx -c -I../Core/Inc -I../Drivers/STM32F4xx_HAL_Driver/Inc -I../Drivers/STM32F4xx_HAL_Driver/Inc/Legacy -I../Drivers/CMSIS/Device/ST/STM32F4xx/Include -I../Drivers/CMSIS/Include -I"/home/tomas1908/STM32CubeIDE/workspace_1.19.0/pdm/Trabajo_final_PdM/Drivers/API/Inc" -I"/home/tomas1908/STM32CubeIDE/workspace_1.19.0/pdm/Trabajo_final_PdM/Drivers/API/Src" -I"/home/tomas1908/STM32CubeIDE/workspace_1.19.0/pdm/Trabajo_final_PdM/Core/Src" -O0 -ffunction-sections -fdata-sections -Wall -fstack-usage -fcyclomatic-complexity -MMD -MP -MF"Core/Src/stm32f4xx_it.d" -MT"Core/Src/stm32f4xx_it.o" --specs=nano.specs -mfpu=fpv4-sp-d16 -mfloat-abi=hard -mthumb -o "Core/Src/stm32f4xx_it.o"
arm-none-eabi-gcc -o "Trabajo_final_PdM.elf" @"objects.list"   -mcpu=cortex-m4 -T"/home/tomas1908/STM32CubeIDE/workspace_1.19.0/pdm/Trabajo_final_PdM/STM32F446RETX_FLASH.ld" --specs=nosys.specs -Wl,-Map="Trabajo_final_PdM.map" -Wl,--gc-sections -static --specs=nano.specs -mfpu=fpv4-sp-d16 -mfloat-abi=hard -mthumb -Wl,--start-group -lc -lm -Wl,--end-group
/opt/st/stm32cubeide_1.19.0/plugins/com.st.stm32cube.ide.mcu.externaltools.gnu-tools-for-stm32.13.3.rel1.linux64_1.0.0.202410170706/tools/bin/../lib/gcc/arm-none-eabi/13.3.1/../../../../arm-none-eabi/bin/ld: ./Core/Src/stm32f4xx_hal_msp.o:/home/tomas1908/STM32CubeIDE/workspace_1.19.0/pdm/Trabajo_final_PdM/Drivers/API/Inc/API_Servo.h:14: multiple definition of `SCALE'; ./Core/Src/main.o:/home/tomas1908/STM32CubeIDE/workspace_1.19.0/pdm/Trabajo_final_PdM/Drivers/API/Inc/API_Servo.h:14: first defined here
/opt/st/stm32cubeide_1.19.0/plugins/com.st.stm32cube.ide.mcu.externaltools.gnu-tools-for-stm32.13.3.rel1.linux64_1.0.0.202410170706/tools/bin/../lib/gcc/arm-none-eabi/13.3.1/../../../../arm-none-eabi/bin/ld: ./Core/Src/stm32f4xx_hal_msp.o:/home/tomas1908/STM32CubeIDE/workspace_1.19.0/pdm/Trabajo_final_PdM/Drivers/API/Inc/API_Servo.h:15: multiple definition of `OFFSET'; ./Core/Src/main.o:/home/tomas1908/STM32CubeIDE/workspace_1.19.0/pdm/Trabajo_final_PdM/Drivers/API/Inc/API_Servo.h:15: first defined here
/opt/st/stm32cubeide_1.19.0/plugins/com.st.stm32cube.ide.mcu.externaltools.gnu-tools-for-stm32.13.3.rel1.linux64_1.0.0.202410170706/tools/bin/../lib/gcc/arm-none-eabi/13.3.1/../../../../arm-none-eabi/bin/ld: ./Core/Src/stm32f4xx_it.o:/home/tomas1908/STM32CubeIDE/workspace_1.19.0/pdm/Trabajo_final_PdM/Drivers/API/Inc/API_Servo.h:14: multiple definition of `SCALE'; ./Core/Src/main.o:/home/tomas1908/STM32CubeIDE/workspace_1.19.0/pdm/Trabajo_final_PdM/Drivers/API/Inc/API_Servo.h:14: first defined here
/opt/st/stm32cubeide_1.19.0/plugins/com.st.stm32cube.ide.mcu.externaltools.gnu-tools-for-stm32.13.3.rel1.linux64_1.0.0.202410170706/tools/bin/../lib/gcc/arm-none-eabi/13.3.1/../../../../arm-none-eabi/bin/ld: ./Core/Src/stm32f4xx_it.o:/home/tomas1908/STM32CubeIDE/workspace_1.19.0/pdm/Trabajo_final_PdM/Drivers/API/Inc/API_Servo.h:15: multiple definition of `OFFSET'; ./Core/Src/main.o:/home/tomas1908/STM32CubeIDE/workspace_1.19.0/pdm/Trabajo_final_PdM/Drivers/API/Inc/API_Servo.h:15: first defined here
/opt/st/stm32cubeide_1.19.0/plugins/com.st.stm32cube.ide.mcu.externaltools.gnu-tools-for-stm32.13.3.rel1.linux64_1.0.0.202410170706/tools/bin/../lib/gcc/arm-none-eabi/13.3.1/../../../../arm-none-eabi/bin/ld: ./Drivers/API/Src/API_servo.o:/home/tomas1908/STM32CubeIDE/workspace_1.19.0/pdm/Trabajo_final_PdM/Drivers/API/Inc/API_Servo.h:14: multiple definition of `SCALE'; ./Core/Src/main.o:/home/tomas1908/STM32CubeIDE/workspace_1.19.0/pdm/Trabajo_final_PdM/Drivers/API/Inc/API_Servo.h:14: first defined here
/opt/st/stm32cubeide_1.19.0/plugins/com.st.stm32cube.ide.mcu.externaltools.gnu-tools-for-stm32.13.3.rel1.linux64_1.0.0.202410170706/tools/bin/../lib/gcc/arm-none-eabi/13.3.1/../../../../arm-none-eabi/bin/ld: ./Drivers/API/Src/API_servo.o:/home/tomas1908/STM32CubeIDE/workspace_1.19.0/pdm/Trabajo_final_PdM/Drivers/API/Inc/API_Servo.h:15: multiple definition of `OFFSET'; ./Core/Src/main.o:/home/tomas1908/STM32CubeIDE/workspace_1.19.0/pdm/Trabajo_final_PdM/Drivers/API/Inc/API_Servo.h:15: first defined here
collect2: error: ld returned 1 exit status
make: *** [makefile:65: Trabajo_final_PdM.elf] Error 1
"make -j8 all" terminated with exit code 2. Build might be incomplete.
17:19:59 **** Incremental Build of configuration Debug for project Trabajo_final_PdM ****
make -j8 all 
arm-none-eabi-gcc "../Drivers/API/Src/API_servo.c" -mcpu=cortex-m4 -std=gnu11 -g3 -DDEBUG -DUSE_HAL_DRIVER -DSTM32F446xx -c -I../Core/Inc -I../Drivers/STM32F4xx_HAL_Driver/Inc -I../Drivers/STM32F4xx_HAL_Driver/Inc/Legacy -I../Drivers/CMSIS/Device/ST/STM32F4xx/Include -I../Drivers/CMSIS/Include -I"/home/tomas1908/STM32CubeIDE/workspace_1.19.0/pdm/Trabajo_final_PdM/Drivers/API/Inc" -I"/home/tomas1908/STM32CubeIDE/workspace_1.19.0/pdm/Trabajo_final_PdM/Drivers/API/Src" -I"/home/tomas1908/STM32CubeIDE/workspace_1.19.0/pdm/Trabajo_final_PdM/Core/Src" -O0 -ffunction-sections -fdata-sections -Wall -fstack-usage -fcyclomatic-complexity -MMD -MP -MF"Drivers/API/Src/API_servo.d" -MT"Drivers/API/Src/API_servo.o" --specs=nano.specs -mfpu=fpv4-sp-d16 -mfloat-abi=hard -mthumb -o "Drivers/API/Src/API_servo.o"
arm-none-eabi-gcc "../Core/Src/main.c" -mcpu=cortex-m4 -std=gnu11 -g3 -DDEBUG -DUSE_HAL_DRIVER -DSTM32F446xx -c -I../Core/Inc -I../Drivers/STM32F4xx_HAL_Driver/Inc -I../Drivers/STM32F4xx_HAL_Driver/Inc/Legacy -I../Drivers/CMSIS/Device/ST/STM32F4xx/Include -I../Drivers/CMSIS/Include -I"/home/tomas1908/STM32CubeIDE/workspace_1.19.0/pdm/Trabajo_final_PdM/Drivers/API/Inc" -I"/home/tomas1908/STM32CubeIDE/workspace_1.19.0/pdm/Trabajo_final_PdM/Drivers/API/Src" -I"/home/tomas1908/STM32CubeIDE/workspace_1.19.0/pdm/Trabajo_final_PdM/Core/Src" -O0 -ffunction-sections -fdata-sections -Wall -fstack-usage -fcyclomatic-complexity -MMD -MP -MF"Core/Src/main.d" -MT"Core/Src/main.o" --specs=nano.specs -mfpu=fpv4-sp-d16 -mfloat-abi=hard -mthumb -o "Core/Src/main.o"
arm-none-eabi-gcc "../Core/Src/stm32f4xx_hal_msp.c" -mcpu=cortex-m4 -std=gnu11 -g3 -DDEBUG -DUSE_HAL_DRIVER -DSTM32F446xx -c -I../Core/Inc -I../Drivers/STM32F4xx_HAL_Driver/Inc -I../Drivers/STM32F4xx_HAL_Driver/Inc/Legacy -I../Drivers/CMSIS/Device/ST/STM32F4xx/Include -I../Drivers/CMSIS/Include -I"/home/tomas1908/STM32CubeIDE/workspace_1.19.0/pdm/Trabajo_final_PdM/Drivers/API/Inc" -I"/home/tomas1908/STM32CubeIDE/workspace_1.19.0/pdm/Trabajo_final_PdM/Drivers/API/Src" -I"/home/tomas1908/STM32CubeIDE/workspace_1.19.0/pdm/Trabajo_final_PdM/Core/Src" -O0 -ffunction-sections -fdata-sections -Wall -fstack-usage -fcyclomatic-complexity -MMD -MP -MF"Core/Src/stm32f4xx_hal_msp.d" -MT"Core/Src/stm32f4xx_hal_msp.o" --specs=nano.specs -mfpu=fpv4-sp-d16 -mfloat-abi=hard -mthumb -o "Core/Src/stm32f4xx_hal_msp.o"
arm-none-eabi-gcc "../Core/Src/stm32f4xx_it.c" -mcpu=cortex-m4 -std=gnu11 -g3 -DDEBUG -DUSE_HAL_DRIVER -DSTM32F446xx -c -I../Core/Inc -I../Drivers/STM32F4xx_HAL_Driver/Inc -I../Drivers/STM32F4xx_HAL_Driver/Inc/Legacy -I../Drivers/CMSIS/Device/ST/STM32F4xx/Include -I../Drivers/CMSIS/Include -I"/home/tomas1908/STM32CubeIDE/workspace_1.19.0/pdm/Trabajo_final_PdM/Drivers/API/Inc" -I"/home/tomas1908/STM32CubeIDE/workspace_1.19.0/pdm/Trabajo_final_PdM/Drivers/API/Src" -I"/home/tomas1908/STM32CubeIDE/workspace_1.19.0/pdm/Trabajo_final_PdM/Core/Src" -O0 -ffunction-sections -fdata-sections -Wall -fstack-usage -fcyclomatic-complexity -MMD -MP -MF"Core/Src/stm32f4xx_it.d" -MT"Core/Src/stm32f4xx_it.o" --specs=nano.specs -mfpu=fpv4-sp-d16 -mfloat-abi=hard -mthumb -o "Core/Src/stm32f4xx_it.o"
In file included from ../Core/Inc/main.h:41,
                 from ../Core/Src/stm32f4xx_hal_msp.c:22:
../Core/Src/stm32f4xx_hal_msp.c: In function 'HAL_MspInit':
/home/tomas1908/STM32CubeIDE/workspace_1.19.0/pdm/Trabajo_final_PdM/Drivers/API/Inc/API_Servo.h:15:18: warning: type defaults to 'int' in declaration of 'OFFSET' [-Wimplicit-int]
   15 | #define uint32_t OFFSET=1000;
      |                  ^~~~~~
../Drivers/STM32F4xx_HAL_Driver/Inc/stm32f4xx_hal_rcc.h:598:51: note: in expansion of macro 'uint32_t'
  598 |                                              __IO uint32_t tmpreg = 0x00U; \
      |                                                   ^~~~~~~~
../Core/Src/stm32f4xx_hal_msp.c:72:3: note: in expansion of macro '__HAL_RCC_SYSCFG_CLK_ENABLE'
   72 |   __HAL_RCC_SYSCFG_CLK_ENABLE();
      |   ^~~~~~~~~~~~~~~~~~~~~~~~~~~
In file included from ../Core/Inc/stm32f4xx_hal_conf.h:275,
                 from ../Drivers/STM32F4xx_HAL_Driver/Inc/stm32f4xx_hal.h:29,
                 from ../Core/Inc/main.h:30:
../Drivers/STM32F4xx_HAL_Driver/Inc/stm32f4xx_hal_rcc.h:598:60: error: 'tmpreg' undeclared (first use in this function); did you mean '_mprec'?
  598 |                                              __IO uint32_t tmpreg = 0x00U; \
      |                                                            ^~~~~~
../Core/Src/stm32f4xx_hal_msp.c:72:3: note: in expansion of macro '__HAL_RCC_SYSCFG_CLK_ENABLE'
   72 |   __HAL_RCC_SYSCFG_CLK_ENABLE();
      |   ^~~~~~~~~~~~~~~~~~~~~~~~~~~
../Drivers/STM32F4xx_HAL_Driver/Inc/stm32f4xx_hal_rcc.h:598:60: note: each undeclared identifier is reported only once for each function it appears in
  598 |                                              __IO uint32_t tmpreg = 0x00U; \
      |                                                            ^~~~~~
../Core/Src/stm32f4xx_hal_msp.c:72:3: note: in expansion of macro '__HAL_RCC_SYSCFG_CLK_ENABLE'
   72 |   __HAL_RCC_SYSCFG_CLK_ENABLE();
      |   ^~~~~~~~~~~~~~~~~~~~~~~~~~~
/home/tomas1908/STM32CubeIDE/workspace_1.19.0/pdm/Trabajo_final_PdM/Drivers/API/Inc/API_Servo.h:15:18: warning: unused variable 'OFFSET' [-Wunused-variable]
   15 | #define uint32_t OFFSET=1000;
      |                  ^~~~~~
../Drivers/STM32F4xx_HAL_Driver/Inc/stm32f4xx_hal_rcc.h:598:51: note: in expansion of macro 'uint32_t'
  598 |                                              __IO uint32_t tmpreg = 0x00U; \
      |                                                   ^~~~~~~~
../Core/Src/stm32f4xx_hal_msp.c:72:3: note: in expansion of macro '__HAL_RCC_SYSCFG_CLK_ENABLE'
   72 |   __HAL_RCC_SYSCFG_CLK_ENABLE();
      |   ^~~~~~~~~~~~~~~~~~~~~~~~~~~
/home/tomas1908/STM32CubeIDE/workspace_1.19.0/pdm/Trabajo_final_PdM/Drivers/API/Inc/API_Servo.h:15:18: warning: type defaults to 'int' in declaration of 'OFFSET' [-Wimplicit-int]
   15 | #define uint32_t OFFSET=1000;
      |                  ^~~~~~
../Drivers/STM32F4xx_HAL_Driver/Inc/stm32f4xx_hal_rcc.h:511:50: note: in expansion of macro 'uint32_t'
  511 |                                             __IO uint32_t tmpreg = 0x00U; \
      |                                                  ^~~~~~~~
../Core/Src/stm32f4xx_hal_msp.c:73:3: note: in expansion of macro '__HAL_RCC_PWR_CLK_ENABLE'
   73 |   __HAL_RCC_PWR_CLK_ENABLE();
      |   ^~~~~~~~~~~~~~~~~~~~~~~~
/home/tomas1908/STM32CubeIDE/workspace_1.19.0/pdm/Trabajo_final_PdM/Drivers/API/Inc/API_Servo.h:15:18: warning: unused variable 'OFFSET' [-Wunused-variable]
   15 | #define uint32_t OFFSET=1000;
      |                  ^~~~~~
../Drivers/STM32F4xx_HAL_Driver/Inc/stm32f4xx_hal_rcc.h:511:50: note: in expansion of macro 'uint32_t'
  511 |                                             __IO uint32_t tmpreg = 0x00U; \
      |                                                  ^~~~~~~~
../Core/Src/stm32f4xx_hal_msp.c:73:3: note: in expansion of macro '__HAL_RCC_PWR_CLK_ENABLE'
   73 |   __HAL_RCC_PWR_CLK_ENABLE();
      |   ^~~~~~~~~~~~~~~~~~~~~~~~
../Core/Src/stm32f4xx_hal_msp.c: In function 'HAL_ADC_MspInit':
/home/tomas1908/STM32CubeIDE/workspace_1.19.0/pdm/Trabajo_final_PdM/Drivers/API/Inc/API_Servo.h:15:18: warning: type defaults to 'int' in declaration of 'OFFSET' [-Wimplicit-int]
   15 | #define uint32_t OFFSET=1000;
      |                  ^~~~~~
../Drivers/STM32F4xx_HAL_Driver/Inc/stm32f4xx_hal_rcc.h:584:51: note: in expansion of macro 'uint32_t'
  584 |                                              __IO uint32_t tmpreg = 0x00U; \
      |                                                   ^~~~~~~~
../Core/Src/stm32f4xx_hal_msp.c:97:5: note: in expansion of macro '__HAL_RCC_ADC1_CLK_ENABLE'
   97 |     __HAL_RCC_ADC1_CLK_ENABLE();
      |     ^~~~~~~~~~~~~~~~~~~~~~~~~
../Drivers/STM32F4xx_HAL_Driver/Inc/stm32f4xx_hal_rcc.h:584:60: error: 'tmpreg' undeclared (first use in this function); did you mean '_mprec'?
  584 |                                              __IO uint32_t tmpreg = 0x00U; \
      |                                                            ^~~~~~
../Core/Src/stm32f4xx_hal_msp.c:97:5: note: in expansion of macro '__HAL_RCC_ADC1_CLK_ENABLE'
   97 |     __HAL_RCC_ADC1_CLK_ENABLE();
      |     ^~~~~~~~~~~~~~~~~~~~~~~~~
/home/tomas1908/STM32CubeIDE/workspace_1.19.0/pdm/Trabajo_final_PdM/Drivers/API/Inc/API_Servo.h:15:18: warning: unused variable 'OFFSET' [-Wunused-variable]
   15 | #define uint32_t OFFSET=1000;
      |                  ^~~~~~
../Drivers/STM32F4xx_HAL_Driver/Inc/stm32f4xx_hal_rcc.h:584:51: note: in expansion of macro 'uint32_t'
  584 |                                              __IO uint32_t tmpreg = 0x00U; \
      |                                                   ^~~~~~~~
../Core/Src/stm32f4xx_hal_msp.c:97:5: note: in expansion of macro '__HAL_RCC_ADC1_CLK_ENABLE'
   97 |     __HAL_RCC_ADC1_CLK_ENABLE();
      |     ^~~~~~~~~~~~~~~~~~~~~~~~~
/home/tomas1908/STM32CubeIDE/workspace_1.19.0/pdm/Trabajo_final_PdM/Drivers/API/Inc/API_Servo.h:15:18: warning: type defaults to 'int' in declaration of 'OFFSET' [-Wimplicit-int]
   15 | #define uint32_t OFFSET=1000;
      |                  ^~~~~~
../Drivers/STM32F4xx_HAL_Driver/Inc/stm32f4xx_hal_rcc.h:385:50: note: in expansion of macro 'uint32_t'
  385 |                                             __IO uint32_t tmpreg = 0x00U; \
      |                                                  ^~~~~~~~
../Core/Src/stm32f4xx_hal_msp.c:99:5: note: in expansion of macro '__HAL_RCC_GPIOA_CLK_ENABLE'
   99 |     __HAL_RCC_GPIOA_CLK_ENABLE();
      |     ^~~~~~~~~~~~~~~~~~~~~~~~~~
/home/tomas1908/STM32CubeIDE/workspace_1.19.0/pdm/Trabajo_final_PdM/Drivers/API/Inc/API_Servo.h:15:18: warning: unused variable 'OFFSET' [-Wunused-variable]
   15 | #define uint32_t OFFSET=1000;
      |                  ^~~~~~
../Drivers/STM32F4xx_HAL_Driver/Inc/stm32f4xx_hal_rcc.h:385:50: note: in expansion of macro 'uint32_t'
  385 |                                             __IO uint32_t tmpreg = 0x00U; \
      |                                                  ^~~~~~~~
../Core/Src/stm32f4xx_hal_msp.c:99:5: note: in expansion of macro '__HAL_RCC_GPIOA_CLK_ENABLE'
   99 |     __HAL_RCC_GPIOA_CLK_ENABLE();
      |     ^~~~~~~~~~~~~~~~~~~~~~~~~~
../Core/Src/stm32f4xx_hal_msp.c: In function 'HAL_I2C_MspInit':
/home/tomas1908/STM32CubeIDE/workspace_1.19.0/pdm/Trabajo_final_PdM/Drivers/API/Inc/API_Servo.h:15:18: warning: type defaults to 'int' in declaration of 'OFFSET' [-Wimplicit-int]
   15 | #define uint32_t OFFSET=1000;
      |                  ^~~~~~
../Drivers/STM32F4xx_HAL_Driver/Inc/stm32f4xx_hal_rcc.h:392:50: note: in expansion of macro 'uint32_t'
  392 |                                             __IO uint32_t tmpreg = 0x00U; \
      |                                                  ^~~~~~~~
../Core/Src/stm32f4xx_hal_msp.c:164:5: note: in expansion of macro '__HAL_RCC_GPIOB_CLK_ENABLE'
  164 |     __HAL_RCC_GPIOB_CLK_ENABLE();
      |     ^~~~~~~~~~~~~~~~~~~~~~~~~~
../Drivers/STM32F4xx_HAL_Driver/Inc/stm32f4xx_hal_rcc.h:392:59: error: 'tmpreg' undeclared (first use in this function); did you mean '_mprec'?
  392 |                                             __IO uint32_t tmpreg = 0x00U; \
      |                                                           ^~~~~~
../Core/Src/stm32f4xx_hal_msp.c:164:5: note: in expansion of macro '__HAL_RCC_GPIOB_CLK_ENABLE'
  164 |     __HAL_RCC_GPIOB_CLK_ENABLE();
      |     ^~~~~~~~~~~~~~~~~~~~~~~~~~
/home/tomas1908/STM32CubeIDE/workspace_1.19.0/pdm/Trabajo_final_PdM/Drivers/API/Inc/API_Servo.h:15:18: warning: unused variable 'OFFSET' [-Wunused-variable]
   15 | #define uint32_t OFFSET=1000;
      |                  ^~~~~~
../Drivers/STM32F4xx_HAL_Driver/Inc/stm32f4xx_hal_rcc.h:392:50: note: in expansion of macro 'uint32_t'
  392 |                                             __IO uint32_t tmpreg = 0x00U; \
      |                                                  ^~~~~~~~
../Core/Src/stm32f4xx_hal_msp.c:164:5: note: in expansion of macro '__HAL_RCC_GPIOB_CLK_ENABLE'
  164 |     __HAL_RCC_GPIOB_CLK_ENABLE();
      |     ^~~~~~~~~~~~~~~~~~~~~~~~~~
/home/tomas1908/STM32CubeIDE/workspace_1.19.0/pdm/Trabajo_final_PdM/Drivers/API/Inc/API_Servo.h:15:18: warning: type defaults to 'int' in declaration of 'OFFSET' [-Wimplicit-int]
   15 | #define uint32_t OFFSET=1000;
      |                  ^~~~~~
../Drivers/STM32F4xx_HAL_Driver/Inc/stm32f4xx_hal_rcc.h:497:51: note: in expansion of macro 'uint32_t'
  497 |                                              __IO uint32_t tmpreg = 0x00U; \
      |                                                   ^~~~~~~~
../Core/Src/stm32f4xx_hal_msp.c:177:5: note: in expansion of macro '__HAL_RCC_I2C1_CLK_ENABLE'
  177 |     __HAL_RCC_I2C1_CLK_ENABLE();
      |     ^~~~~~~~~~~~~~~~~~~~~~~~~
/home/tomas1908/STM32CubeIDE/workspace_1.19.0/pdm/Trabajo_final_PdM/Drivers/API/Inc/API_Servo.h:15:18: warning: unused variable 'OFFSET' [-Wunused-variable]
   15 | #define uint32_t OFFSET=1000;
      |                  ^~~~~~
../Drivers/STM32F4xx_HAL_Driver/Inc/stm32f4xx_hal_rcc.h:497:51: note: in expansion of macro 'uint32_t'
  497 |                                              __IO uint32_t tmpreg = 0x00U; \
      |                                                   ^~~~~~~~
../Core/Src/stm32f4xx_hal_msp.c:177:5: note: in expansion of macro '__HAL_RCC_I2C1_CLK_ENABLE'
  177 |     __HAL_RCC_I2C1_CLK_ENABLE();
      |     ^~~~~~~~~~~~~~~~~~~~~~~~~
../Core/Src/stm32f4xx_hal_msp.c: In function 'HAL_TIM_Base_MspInit':
/home/tomas1908/STM32CubeIDE/workspace_1.19.0/pdm/Trabajo_final_PdM/Drivers/API/Inc/API_Servo.h:15:18: warning: type defaults to 'int' in declaration of 'OFFSET' [-Wimplicit-int]
   15 | #define uint32_t OFFSET=1000;
      |                  ^~~~~~
../Drivers/STM32F4xx_HAL_Driver/Inc/stm32f4xx_hal_rcc_ex.h:4276:51: note: in expansion of macro 'uint32_t'
 4276 |                                              __IO uint32_t tmpreg = 0x00U; \
      |                                                   ^~~~~~~~
../Core/Src/stm32f4xx_hal_msp.c:231:5: note: in expansion of macro '__HAL_RCC_TIM3_CLK_ENABLE'
  231 |     __HAL_RCC_TIM3_CLK_ENABLE();
      |     ^~~~~~~~~~~~~~~~~~~~~~~~~
In file included from ../Drivers/STM32F4xx_HAL_Driver/Inc/stm32f4xx_hal_rcc.h:31:
../Drivers/STM32F4xx_HAL_Driver/Inc/stm32f4xx_hal_rcc_ex.h:4276:60: error: 'tmpreg' undeclared (first use in this function); did you mean '_mprec'?
 4276 |                                              __IO uint32_t tmpreg = 0x00U; \
      |                                                            ^~~~~~
../Core/Src/stm32f4xx_hal_msp.c:231:5: note: in expansion of macro '__HAL_RCC_TIM3_CLK_ENABLE'
  231 |     __HAL_RCC_TIM3_CLK_ENABLE();
      |     ^~~~~~~~~~~~~~~~~~~~~~~~~
/home/tomas1908/STM32CubeIDE/workspace_1.19.0/pdm/Trabajo_final_PdM/Drivers/API/Inc/API_Servo.h:15:18: warning: unused variable 'OFFSET' [-Wunused-variable]
   15 | #define uint32_t OFFSET=1000;
      |                  ^~~~~~
../Drivers/STM32F4xx_HAL_Driver/Inc/stm32f4xx_hal_rcc_ex.h:4276:51: note: in expansion of macro 'uint32_t'
 4276 |                                              __IO uint32_t tmpreg = 0x00U; \
      |                                                   ^~~~~~~~
../Core/Src/stm32f4xx_hal_msp.c:231:5: note: in expansion of macro '__HAL_RCC_TIM3_CLK_ENABLE'
  231 |     __HAL_RCC_TIM3_CLK_ENABLE();
      |     ^~~~~~~~~~~~~~~~~~~~~~~~~
../Core/Src/stm32f4xx_hal_msp.c: In function 'HAL_TIM_MspPostInit':
/home/tomas1908/STM32CubeIDE/workspace_1.19.0/pdm/Trabajo_final_PdM/Drivers/API/Inc/API_Servo.h:15:18: warning: type defaults to 'int' in declaration of 'OFFSET' [-Wimplicit-int]
   15 | #define uint32_t OFFSET=1000;
      |                  ^~~~~~
../Drivers/STM32F4xx_HAL_Driver/Inc/stm32f4xx_hal_rcc.h:385:50: note: in expansion of macro 'uint32_t'
  385 |                                             __IO uint32_t tmpreg = 0x00U; \
      |                                                  ^~~~~~~~
../Core/Src/stm32f4xx_hal_msp.c:249:5: note: in expansion of macro '__HAL_RCC_GPIOA_CLK_ENABLE'
  249 |     __HAL_RCC_GPIOA_CLK_ENABLE();
      |     ^~~~~~~~~~~~~~~~~~~~~~~~~~
../Drivers/STM32F4xx_HAL_Driver/Inc/stm32f4xx_hal_rcc.h:385:59: error: 'tmpreg' undeclared (first use in this function); did you mean '_mprec'?
  385 |                                             __IO uint32_t tmpreg = 0x00U; \
      |                                                           ^~~~~~
../Core/Src/stm32f4xx_hal_msp.c:249:5: note: in expansion of macro '__HAL_RCC_GPIOA_CLK_ENABLE'
  249 |     __HAL_RCC_GPIOA_CLK_ENABLE();
      |     ^~~~~~~~~~~~~~~~~~~~~~~~~~
/home/tomas1908/STM32CubeIDE/workspace_1.19.0/pdm/Trabajo_final_PdM/Drivers/API/Inc/API_Servo.h:15:18: warning: unused variable 'OFFSET' [-Wunused-variable]
   15 | #define uint32_t OFFSET=1000;
      |                  ^~~~~~
../Drivers/STM32F4xx_HAL_Driver/Inc/stm32f4xx_hal_rcc.h:385:50: note: in expansion of macro 'uint32_t'
  385 |                                             __IO uint32_t tmpreg = 0x00U; \
      |                                                  ^~~~~~~~
../Core/Src/stm32f4xx_hal_msp.c:249:5: note: in expansion of macro '__HAL_RCC_GPIOA_CLK_ENABLE'
  249 |     __HAL_RCC_GPIOA_CLK_ENABLE();
      |     ^~~~~~~~~~~~~~~~~~~~~~~~~~
make: *** [Core/Src/subdir.mk:40: Core/Src/stm32f4xx_hal_msp.o] Error 1
make: *** Waiting for unfinished jobs....
In file included from ../Core/Inc/main.h:41,
                 from ../Core/Src/main.c:20:
/home/tomas1908/STM32CubeIDE/workspace_1.19.0/pdm/Trabajo_final_PdM/Drivers/API/Inc/API_Servo.h:15:18: warning: type defaults to 'int' in declaration of 'OFFSET' [-Wimplicit-int]
   15 | #define uint32_t OFFSET=1000;
      |                  ^~~~~~
../Core/Src/main.c:53:10: note: in expansion of macro 'uint32_t'
   53 | volatile uint32_t adc_value_x=0;
      |          ^~~~~~~~
../Core/Src/main.c:53:19: warning: data definition has no type or storage class
   53 | volatile uint32_t adc_value_x=0;
      |                   ^~~~~~~~~~~
../Core/Src/main.c:53:19: warning: type defaults to 'int' in declaration of 'adc_value_x' [-Wimplicit-int]
/home/tomas1908/STM32CubeIDE/workspace_1.19.0/pdm/Trabajo_final_PdM/Drivers/API/Inc/API_Servo.h:15:24: error: expected ')' before '=' token
   15 | #define uint32_t OFFSET=1000;
      |                        ^
../Core/Src/main.c:68:18: note: in expansion of macro 'uint32_t'
   68 | void PWM_Control(uint32_t control);
      |                  ^~~~~~~~
/home/tomas1908/STM32CubeIDE/workspace_1.19.0/pdm/Trabajo_final_PdM/Drivers/API/Inc/API_Servo.h:15:24: error: expected ')' before '=' token
   15 | #define uint32_t OFFSET=1000;
      |                        ^
../Core/Src/main.c:72:19: note: in expansion of macro 'uint32_t'
   72 | void action_write(uint32_t ADC_value,delay_t * mechanic_delay);
      |                   ^~~~~~~~
/home/tomas1908/STM32CubeIDE/workspace_1.19.0/pdm/Trabajo_final_PdM/Drivers/API/Inc/API_Servo.h:15:24: error: expected ')' before '=' token
   15 | #define uint32_t OFFSET=1000;
      |                        ^
../Core/Src/main.c:75:14: note: in expansion of macro 'uint32_t'
   75 | void message(uint32_t value);
      |              ^~~~~~~~
../Core/Src/main.c: In function 'main':
../Core/Src/main.c:122:3: warning: implicit declaration of function 'PWM_Control' [-Wimplicit-function-declaration]
  122 |   PWM_Control(20000);
      |   ^~~~~~~~~~~
../Core/Src/main.c: In function 'SystemClock_Config':
/home/tomas1908/STM32CubeIDE/workspace_1.19.0/pdm/Trabajo_final_PdM/Drivers/API/Inc/API_Servo.h:15:18: warning: type defaults to 'int' in declaration of 'OFFSET' [-Wimplicit-int]
   15 | #define uint32_t OFFSET=1000;
      |                  ^~~~~~
../Drivers/STM32F4xx_HAL_Driver/Inc/stm32f4xx_hal_rcc.h:511:50: note: in expansion of macro 'uint32_t'
  511 |                                             __IO uint32_t tmpreg = 0x00U; \
      |                                                  ^~~~~~~~
../Core/Src/main.c:159:3: note: in expansion of macro '__HAL_RCC_PWR_CLK_ENABLE'
  159 |   __HAL_RCC_PWR_CLK_ENABLE();
      |   ^~~~~~~~~~~~~~~~~~~~~~~~
In file included from ../Core/Inc/stm32f4xx_hal_conf.h:275,
                 from ../Drivers/STM32F4xx_HAL_Driver/Inc/stm32f4xx_hal.h:29,
                 from ../Core/Inc/main.h:30:
../Drivers/STM32F4xx_HAL_Driver/Inc/stm32f4xx_hal_rcc.h:511:59: error: 'tmpreg' undeclared (first use in this function); did you mean '_mprec'?
  511 |                                             __IO uint32_t tmpreg = 0x00U; \
      |                                                           ^~~~~~
../Core/Src/main.c:159:3: note: in expansion of macro '__HAL_RCC_PWR_CLK_ENABLE'
  159 |   __HAL_RCC_PWR_CLK_ENABLE();
      |   ^~~~~~~~~~~~~~~~~~~~~~~~
../Drivers/STM32F4xx_HAL_Driver/Inc/stm32f4xx_hal_rcc.h:511:59: note: each undeclared identifier is reported only once for each function it appears in
  511 |                                             __IO uint32_t tmpreg = 0x00U; \
      |                                                           ^~~~~~
../Core/Src/main.c:159:3: note: in expansion of macro '__HAL_RCC_PWR_CLK_ENABLE'
  159 |   __HAL_RCC_PWR_CLK_ENABLE();
      |   ^~~~~~~~~~~~~~~~~~~~~~~~
/home/tomas1908/STM32CubeIDE/workspace_1.19.0/pdm/Trabajo_final_PdM/Drivers/API/Inc/API_Servo.h:15:18: warning: unused variable 'OFFSET' [-Wunused-variable]
   15 | #define uint32_t OFFSET=1000;
      |                  ^~~~~~
../Drivers/STM32F4xx_HAL_Driver/Inc/stm32f4xx_hal_rcc.h:511:50: note: in expansion of macro 'uint32_t'
  511 |                                             __IO uint32_t tmpreg = 0x00U; \
      |                                                  ^~~~~~~~
../Core/Src/main.c:159:3: note: in expansion of macro '__HAL_RCC_PWR_CLK_ENABLE'
  159 |   __HAL_RCC_PWR_CLK_ENABLE();
      |   ^~~~~~~~~~~~~~~~~~~~~~~~
/home/tomas1908/STM32CubeIDE/workspace_1.19.0/pdm/Trabajo_final_PdM/Drivers/API/Inc/API_Servo.h:15:18: warning: type defaults to 'int' in declaration of 'OFFSET' [-Wimplicit-int]
   15 | #define uint32_t OFFSET=1000;
      |                  ^~~~~~
../Drivers/STM32F4xx_HAL_Driver/Inc/stm32f4xx_hal_pwr_ex.h:136:66: note: in expansion of macro 'uint32_t'
  136 |                                                             __IO uint32_t tmpreg = 0x00U;                        \
      |                                                                  ^~~~~~~~
../Core/Src/main.c:160:3: note: in expansion of macro '__HAL_PWR_VOLTAGESCALING_CONFIG'
  160 |   __HAL_PWR_VOLTAGESCALING_CONFIG(PWR_REGULATOR_VOLTAGE_SCALE3);
      |   ^~~~~~~~~~~~~~~~~~~~~~~~~~~~~~~
/home/tomas1908/STM32CubeIDE/workspace_1.19.0/pdm/Trabajo_final_PdM/Drivers/API/Inc/API_Servo.h:15:18: warning: unused variable 'OFFSET' [-Wunused-variable]
   15 | #define uint32_t OFFSET=1000;
      |                  ^~~~~~
../Drivers/STM32F4xx_HAL_Driver/Inc/stm32f4xx_hal_pwr_ex.h:136:66: note: in expansion of macro 'uint32_t'
  136 |                                                             __IO uint32_t tmpreg = 0x00U;                        \
      |                                                                  ^~~~~~~~
../Core/Src/main.c:160:3: note: in expansion of macro '__HAL_PWR_VOLTAGESCALING_CONFIG'
  160 |   __HAL_PWR_VOLTAGESCALING_CONFIG(PWR_REGULATOR_VOLTAGE_SCALE3);
      |   ^~~~~~~~~~~~~~~~~~~~~~~~~~~~~~~
../Core/Src/main.c: In function 'MX_ADC1_Init':
/home/tomas1908/STM32CubeIDE/workspace_1.19.0/pdm/Trabajo_final_PdM/Drivers/API/Inc/API_Servo.h:15:29: error: expected ')' before ';' token
   15 | #define uint32_t OFFSET=1000;
      |                             ^
../Drivers/STM32F4xx_HAL_Driver/Inc/stm32f4xx_hal_adc.h:273:39: note: in expansion of macro 'uint32_t'
  273 | #define ADC_CLOCK_SYNC_PCLK_DIV4    ((uint32_t)ADC_CCR_ADCPRE_0)
      |                                       ^~~~~~~~
../Core/Src/main.c:216:31: note: in expansion of macro 'ADC_CLOCK_SYNC_PCLK_DIV4'
  216 |   hadc1.Init.ClockPrescaler = ADC_CLOCK_SYNC_PCLK_DIV4;
      |                               ^~~~~~~~~~~~~~~~~~~~~~~~
In file included from ../Core/Inc/stm32f4xx_hal_conf.h:295:
../Drivers/STM32F4xx_HAL_Driver/Inc/stm32f4xx_hal_adc.h:273:38: note: to match this '('
  273 | #define ADC_CLOCK_SYNC_PCLK_DIV4    ((uint32_t)ADC_CCR_ADCPRE_0)
      |                                      ^
../Core/Src/main.c:216:31: note: in expansion of macro 'ADC_CLOCK_SYNC_PCLK_DIV4'
  216 |   hadc1.Init.ClockPrescaler = ADC_CLOCK_SYNC_PCLK_DIV4;
      |                               ^~~~~~~~~~~~~~~~~~~~~~~~
/home/tomas1908/STM32CubeIDE/workspace_1.19.0/pdm/Trabajo_final_PdM/Drivers/API/Inc/API_Servo.h:15:24: error: called object is not a function or function pointer
   15 | #define uint32_t OFFSET=1000;
../Drivers/STM32F4xx_HAL_Driver/Inc/stm32f4xx_hal_adc.h:273:39: note: in expansion of macro 'uint32_t'
  273 | #define ADC_CLOCK_SYNC_PCLK_DIV4    ((uint32_t)ADC_CCR_ADCPRE_0)
      |                                       ^~~~~~~~
../Core/Src/main.c:216:31: note: in expansion of macro 'ADC_CLOCK_SYNC_PCLK_DIV4'
  216 |   hadc1.Init.ClockPrescaler = ADC_CLOCK_SYNC_PCLK_DIV4;
      |                               ^~~~~~~~~~~~~~~~~~~~~~~~
/home/tomas1908/STM32CubeIDE/workspace_1.19.0/pdm/Trabajo_final_PdM/Drivers/API/Inc/API_Servo.h:15:29: error: expected ')' before ';' token
   15 | #define uint32_t OFFSET=1000;
      |                             ^
../Drivers/STM32F4xx_HAL_Driver/Inc/stm32f4xx_hal_adc.h:346:42: note: in expansion of macro 'uint32_t'
  346 | #define ADC_SOFTWARE_START             ((uint32_t)ADC_CR2_EXTSEL + 1U)
      |                                          ^~~~~~~~
../Core/Src/main.c:222:33: note: in expansion of macro 'ADC_SOFTWARE_START'
  222 |   hadc1.Init.ExternalTrigConv = ADC_SOFTWARE_START;
      |                                 ^~~~~~~~~~~~~~~~~~
../Drivers/STM32F4xx_HAL_Driver/Inc/stm32f4xx_hal_adc.h:346:41: note: to match this '('
  346 | #define ADC_SOFTWARE_START             ((uint32_t)ADC_CR2_EXTSEL + 1U)
      |                                         ^
../Core/Src/main.c:222:33: note: in expansion of macro 'ADC_SOFTWARE_START'
  222 |   hadc1.Init.ExternalTrigConv = ADC_SOFTWARE_START;
      |                                 ^~~~~~~~~~~~~~~~~~
/home/tomas1908/STM32CubeIDE/workspace_1.19.0/pdm/Trabajo_final_PdM/Drivers/API/Inc/API_Servo.h:15:24: error: called object is not a function or function pointer
   15 | #define uint32_t OFFSET=1000;
../Drivers/STM32F4xx_HAL_Driver/Inc/stm32f4xx_hal_adc.h:346:42: note: in expansion of macro 'uint32_t'
  346 | #define ADC_SOFTWARE_START             ((uint32_t)ADC_CR2_EXTSEL + 1U)
      |                                          ^~~~~~~~
../Core/Src/main.c:222:33: note: in expansion of macro 'ADC_SOFTWARE_START'
  222 |   hadc1.Init.ExternalTrigConv = ADC_SOFTWARE_START;
      |                                 ^~~~~~~~~~~~~~~~~~
../Core/Src/main.c: In function 'MX_GPIO_Init':
/home/tomas1908/STM32CubeIDE/workspace_1.19.0/pdm/Trabajo_final_PdM/Drivers/API/Inc/API_Servo.h:15:18: warning: type defaults to 'int' in declaration of 'OFFSET' [-Wimplicit-int]
   15 | #define uint32_t OFFSET=1000;
      |                  ^~~~~~
../Drivers/STM32F4xx_HAL_Driver/Inc/stm32f4xx_hal_rcc.h:399:49: note: in expansion of macro 'uint32_t'
  399 |                                            __IO uint32_t tmpreg = 0x00U; \
      |                                                 ^~~~~~~~
../Core/Src/main.c:353:3: note: in expansion of macro '__HAL_RCC_GPIOC_CLK_ENABLE'
  353 |   __HAL_RCC_GPIOC_CLK_ENABLE();
      |   ^~~~~~~~~~~~~~~~~~~~~~~~~~
../Drivers/STM32F4xx_HAL_Driver/Inc/stm32f4xx_hal_rcc.h:399:58: error: 'tmpreg' undeclared (first use in this function); did you mean '_mprec'?
  399 |                                            __IO uint32_t tmpreg = 0x00U; \
      |                                                          ^~~~~~
../Core/Src/main.c:353:3: note: in expansion of macro '__HAL_RCC_GPIOC_CLK_ENABLE'
  353 |   __HAL_RCC_GPIOC_CLK_ENABLE();
      |   ^~~~~~~~~~~~~~~~~~~~~~~~~~
/home/tomas1908/STM32CubeIDE/workspace_1.19.0/pdm/Trabajo_final_PdM/Drivers/API/Inc/API_Servo.h:15:18: warning: unused variable 'OFFSET' [-Wunused-variable]
   15 | #define uint32_t OFFSET=1000;
      |                  ^~~~~~
../Drivers/STM32F4xx_HAL_Driver/Inc/stm32f4xx_hal_rcc.h:399:49: note: in expansion of macro 'uint32_t'
  399 |                                            __IO uint32_t tmpreg = 0x00U; \
      |                                                 ^~~~~~~~
../Core/Src/main.c:353:3: note: in expansion of macro '__HAL_RCC_GPIOC_CLK_ENABLE'
  353 |   __HAL_RCC_GPIOC_CLK_ENABLE();
      |   ^~~~~~~~~~~~~~~~~~~~~~~~~~
/home/tomas1908/STM32CubeIDE/workspace_1.19.0/pdm/Trabajo_final_PdM/Drivers/API/Inc/API_Servo.h:15:18: warning: type defaults to 'int' in declaration of 'OFFSET' [-Wimplicit-int]
   15 | #define uint32_t OFFSET=1000;
      |                  ^~~~~~
../Drivers/STM32F4xx_HAL_Driver/Inc/stm32f4xx_hal_rcc.h:406:49: note: in expansion of macro 'uint32_t'
  406 |                                            __IO uint32_t tmpreg = 0x00U; \
      |                                                 ^~~~~~~~
../Core/Src/main.c:354:3: note: in expansion of macro '__HAL_RCC_GPIOH_CLK_ENABLE'
  354 |   __HAL_RCC_GPIOH_CLK_ENABLE();
      |   ^~~~~~~~~~~~~~~~~~~~~~~~~~
/home/tomas1908/STM32CubeIDE/workspace_1.19.0/pdm/Trabajo_final_PdM/Drivers/API/Inc/API_Servo.h:15:18: warning: unused variable 'OFFSET' [-Wunused-variable]
   15 | #define uint32_t OFFSET=1000;
      |                  ^~~~~~
../Drivers/STM32F4xx_HAL_Driver/Inc/stm32f4xx_hal_rcc.h:406:49: note: in expansion of macro 'uint32_t'
  406 |                                            __IO uint32_t tmpreg = 0x00U; \
      |                                                 ^~~~~~~~
../Core/Src/main.c:354:3: note: in expansion of macro '__HAL_RCC_GPIOH_CLK_ENABLE'
  354 |   __HAL_RCC_GPIOH_CLK_ENABLE();
      |   ^~~~~~~~~~~~~~~~~~~~~~~~~~
/home/tomas1908/STM32CubeIDE/workspace_1.19.0/pdm/Trabajo_final_PdM/Drivers/API/Inc/API_Servo.h:15:18: warning: type defaults to 'int' in declaration of 'OFFSET' [-Wimplicit-int]
   15 | #define uint32_t OFFSET=1000;
      |                  ^~~~~~
../Drivers/STM32F4xx_HAL_Driver/Inc/stm32f4xx_hal_rcc.h:385:50: note: in expansion of macro 'uint32_t'
  385 |                                             __IO uint32_t tmpreg = 0x00U; \
      |                                                  ^~~~~~~~
../Core/Src/main.c:355:3: note: in expansion of macro '__HAL_RCC_GPIOA_CLK_ENABLE'
  355 |   __HAL_RCC_GPIOA_CLK_ENABLE();
      |   ^~~~~~~~~~~~~~~~~~~~~~~~~~
/home/tomas1908/STM32CubeIDE/workspace_1.19.0/pdm/Trabajo_final_PdM/Drivers/API/Inc/API_Servo.h:15:18: warning: unused variable 'OFFSET' [-Wunused-variable]
   15 | #define uint32_t OFFSET=1000;
      |                  ^~~~~~
../Drivers/STM32F4xx_HAL_Driver/Inc/stm32f4xx_hal_rcc.h:385:50: note: in expansion of macro 'uint32_t'
  385 |                                             __IO uint32_t tmpreg = 0x00U; \
      |                                                  ^~~~~~~~
../Core/Src/main.c:355:3: note: in expansion of macro '__HAL_RCC_GPIOA_CLK_ENABLE'
  355 |   __HAL_RCC_GPIOA_CLK_ENABLE();
      |   ^~~~~~~~~~~~~~~~~~~~~~~~~~
/home/tomas1908/STM32CubeIDE/workspace_1.19.0/pdm/Trabajo_final_PdM/Drivers/API/Inc/API_Servo.h:15:18: warning: type defaults to 'int' in declaration of 'OFFSET' [-Wimplicit-int]
   15 | #define uint32_t OFFSET=1000;
      |                  ^~~~~~
../Drivers/STM32F4xx_HAL_Driver/Inc/stm32f4xx_hal_rcc.h:392:50: note: in expansion of macro 'uint32_t'
  392 |                                             __IO uint32_t tmpreg = 0x00U; \
      |                                                  ^~~~~~~~
../Core/Src/main.c:356:3: note: in expansion of macro '__HAL_RCC_GPIOB_CLK_ENABLE'
  356 |   __HAL_RCC_GPIOB_CLK_ENABLE();
      |   ^~~~~~~~~~~~~~~~~~~~~~~~~~
/home/tomas1908/STM32CubeIDE/workspace_1.19.0/pdm/Trabajo_final_PdM/Drivers/API/Inc/API_Servo.h:15:18: warning: unused variable 'OFFSET' [-Wunused-variable]
   15 | #define uint32_t OFFSET=1000;
      |                  ^~~~~~
../Drivers/STM32F4xx_HAL_Driver/Inc/stm32f4xx_hal_rcc.h:392:50: note: in expansion of macro 'uint32_t'
  392 |                                             __IO uint32_t tmpreg = 0x00U; \
      |                                                  ^~~~~~~~
../Core/Src/main.c:356:3: note: in expansion of macro '__HAL_RCC_GPIOB_CLK_ENABLE'
  356 |   __HAL_RCC_GPIOB_CLK_ENABLE();
      |   ^~~~~~~~~~~~~~~~~~~~~~~~~~
../Core/Src/main.c: At top level:
/home/tomas1908/STM32CubeIDE/workspace_1.19.0/pdm/Trabajo_final_PdM/Drivers/API/Inc/API_Servo.h:15:24: error: expected ')' before '=' token
   15 | #define uint32_t OFFSET=1000;
      |                        ^
../Core/Src/main.c:389:18: note: in expansion of macro 'uint32_t'
  389 | void PWM_Control(uint32_t control){
      |                  ^~~~~~~~
../Core/Src/main.c: In function 'FSM':
../Core/Src/main.c:424:33: warning: implicit declaration of function 'action_write'; did you mean 'action_wait'? [-Wimplicit-function-declaration]
  424 |                                 action_write(adc_value_x, &delay_mech);
      |                                 ^~~~~~~~~~~~
      |                                 action_wait
../Core/Src/main.c: At top level:
/home/tomas1908/STM32CubeIDE/workspace_1.19.0/pdm/Trabajo_final_PdM/Drivers/API/Inc/API_Servo.h:15:24: error: expected ')' before '=' token
   15 | #define uint32_t OFFSET=1000;
      |                        ^
../Core/Src/main.c:465:19: note: in expansion of macro 'uint32_t'
  465 | void action_write(uint32_t ADC_value,delay_t * mechanic_delay){
      |                   ^~~~~~~~
/home/tomas1908/STM32CubeIDE/workspace_1.19.0/pdm/Trabajo_final_PdM/Drivers/API/Inc/API_Servo.h:15:24: error: expected ')' before '=' token
   15 | #define uint32_t OFFSET=1000;
      |                        ^
../Core/Src/main.c:481:14: note: in expansion of macro 'uint32_t'
  481 | void message(uint32_t value){
      |              ^~~~~~~~
make: *** [Core/Src/subdir.mk:40: Core/Src/main.o] Error 1
"make -j8 all" terminated with exit code 2. Build might be incomplete.
17:20:04 **** Incremental Build of configuration Debug for project Trabajo_final_PdM ****
make -j8 all 
arm-none-eabi-gcc "../Drivers/API/Src/API_servo.c" -mcpu=cortex-m4 -std=gnu11 -g3 -DDEBUG -DUSE_HAL_DRIVER -DSTM32F446xx -c -I../Core/Inc -I../Drivers/STM32F4xx_HAL_Driver/Inc -I../Drivers/STM32F4xx_HAL_Driver/Inc/Legacy -I../Drivers/CMSIS/Device/ST/STM32F4xx/Include -I../Drivers/CMSIS/Include -I"/home/tomas1908/STM32CubeIDE/workspace_1.19.0/pdm/Trabajo_final_PdM/Drivers/API/Inc" -I"/home/tomas1908/STM32CubeIDE/workspace_1.19.0/pdm/Trabajo_final_PdM/Drivers/API/Src" -I"/home/tomas1908/STM32CubeIDE/workspace_1.19.0/pdm/Trabajo_final_PdM/Core/Src" -O0 -ffunction-sections -fdata-sections -Wall -fstack-usage -fcyclomatic-complexity -MMD -MP -MF"Drivers/API/Src/API_servo.d" -MT"Drivers/API/Src/API_servo.o" --specs=nano.specs -mfpu=fpv4-sp-d16 -mfloat-abi=hard -mthumb -o "Drivers/API/Src/API_servo.o"
arm-none-eabi-gcc "../Core/Src/main.c" -mcpu=cortex-m4 -std=gnu11 -g3 -DDEBUG -DUSE_HAL_DRIVER -DSTM32F446xx -c -I../Core/Inc -I../Drivers/STM32F4xx_HAL_Driver/Inc -I../Drivers/STM32F4xx_HAL_Driver/Inc/Legacy -I../Drivers/CMSIS/Device/ST/STM32F4xx/Include -I../Drivers/CMSIS/Include -I"/home/tomas1908/STM32CubeIDE/workspace_1.19.0/pdm/Trabajo_final_PdM/Drivers/API/Inc" -I"/home/tomas1908/STM32CubeIDE/workspace_1.19.0/pdm/Trabajo_final_PdM/Drivers/API/Src" -I"/home/tomas1908/STM32CubeIDE/workspace_1.19.0/pdm/Trabajo_final_PdM/Core/Src" -O0 -ffunction-sections -fdata-sections -Wall -fstack-usage -fcyclomatic-complexity -MMD -MP -MF"Core/Src/main.d" -MT"Core/Src/main.o" --specs=nano.specs -mfpu=fpv4-sp-d16 -mfloat-abi=hard -mthumb -o "Core/Src/main.o"
arm-none-eabi-gcc "../Core/Src/stm32f4xx_hal_msp.c" -mcpu=cortex-m4 -std=gnu11 -g3 -DDEBUG -DUSE_HAL_DRIVER -DSTM32F446xx -c -I../Core/Inc -I../Drivers/STM32F4xx_HAL_Driver/Inc -I../Drivers/STM32F4xx_HAL_Driver/Inc/Legacy -I../Drivers/CMSIS/Device/ST/STM32F4xx/Include -I../Drivers/CMSIS/Include -I"/home/tomas1908/STM32CubeIDE/workspace_1.19.0/pdm/Trabajo_final_PdM/Drivers/API/Inc" -I"/home/tomas1908/STM32CubeIDE/workspace_1.19.0/pdm/Trabajo_final_PdM/Drivers/API/Src" -I"/home/tomas1908/STM32CubeIDE/workspace_1.19.0/pdm/Trabajo_final_PdM/Core/Src" -O0 -ffunction-sections -fdata-sections -Wall -fstack-usage -fcyclomatic-complexity -MMD -MP -MF"Core/Src/stm32f4xx_hal_msp.d" -MT"Core/Src/stm32f4xx_hal_msp.o" --specs=nano.specs -mfpu=fpv4-sp-d16 -mfloat-abi=hard -mthumb -o "Core/Src/stm32f4xx_hal_msp.o"
arm-none-eabi-gcc "../Core/Src/stm32f4xx_it.c" -mcpu=cortex-m4 -std=gnu11 -g3 -DDEBUG -DUSE_HAL_DRIVER -DSTM32F446xx -c -I../Core/Inc -I../Drivers/STM32F4xx_HAL_Driver/Inc -I../Drivers/STM32F4xx_HAL_Driver/Inc/Legacy -I../Drivers/CMSIS/Device/ST/STM32F4xx/Include -I../Drivers/CMSIS/Include -I"/home/tomas1908/STM32CubeIDE/workspace_1.19.0/pdm/Trabajo_final_PdM/Drivers/API/Inc" -I"/home/tomas1908/STM32CubeIDE/workspace_1.19.0/pdm/Trabajo_final_PdM/Drivers/API/Src" -I"/home/tomas1908/STM32CubeIDE/workspace_1.19.0/pdm/Trabajo_final_PdM/Core/Src" -O0 -ffunction-sections -fdata-sections -Wall -fstack-usage -fcyclomatic-complexity -MMD -MP -MF"Core/Src/stm32f4xx_it.d" -MT"Core/Src/stm32f4xx_it.o" --specs=nano.specs -mfpu=fpv4-sp-d16 -mfloat-abi=hard -mthumb -o "Core/Src/stm32f4xx_it.o"
In file included from ../Drivers/API/Src/API_servo.c:9:
/home/tomas1908/STM32CubeIDE/workspace_1.19.0/pdm/Trabajo_final_PdM/Drivers/API/Inc/API_Servo.h:15:9: warning: ISO C99 requires whitespace after the macro name
   15 | #define OFFSET=1000;
      |         ^~~~~~
In file included from ../Core/Inc/main.h:41,
                 from ../Core/Src/stm32f4xx_it.c:21:
/home/tomas1908/STM32CubeIDE/workspace_1.19.0/pdm/Trabajo_final_PdM/Drivers/API/Inc/API_Servo.h:15:9: warning: ISO C99 requires whitespace after the macro name
   15 | #define OFFSET=1000;
      |         ^~~~~~
In file included from ../Core/Inc/main.h:41,
                 from ../Core/Src/main.c:20:
/home/tomas1908/STM32CubeIDE/workspace_1.19.0/pdm/Trabajo_final_PdM/Drivers/API/Inc/API_Servo.h:15:9: warning: ISO C99 requires whitespace after the macro name
   15 | #define OFFSET=1000;
      |         ^~~~~~
../Core/Src/main.c: In function 'PWM_Control':
/home/tomas1908/STM32CubeIDE/workspace_1.19.0/pdm/Trabajo_final_PdM/Drivers/API/Inc/API_Servo.h:14:15: error: expected expression before '=' token
   14 | #define SCALE = 0.244;
      |               ^
../Core/Src/main.c:390:30: note: in expansion of macro 'SCALE'
  390 |         control = (control * SCALE) + OFFSET;
      |                              ^~~~~
/home/tomas1908/STM32CubeIDE/workspace_1.19.0/pdm/Trabajo_final_PdM/Drivers/API/Inc/API_Servo.h:15:15: error: expected expression before '=' token
   15 | #define OFFSET=1000;
      |               ^
../Core/Src/main.c:390:39: note: in expansion of macro 'OFFSET'
  390 |         control = (control * SCALE) + OFFSET;
      |                                       ^~~~~~
In file included from ../Core/Inc/main.h:41,
                 from ../Core/Src/stm32f4xx_hal_msp.c:22:
/home/tomas1908/STM32CubeIDE/workspace_1.19.0/pdm/Trabajo_final_PdM/Drivers/API/Inc/API_Servo.h:15:9: warning: ISO C99 requires whitespace after the macro name
   15 | #define OFFSET=1000;
      |         ^~~~~~
make: *** [Core/Src/subdir.mk:40: Core/Src/main.o] Error 1
make: *** Waiting for unfinished jobs....
"make -j8 all" terminated with exit code 2. Build might be incomplete.
17:20:14 **** Incremental Build of configuration Debug for project Trabajo_final_PdM ****
make -j8 all 
arm-none-eabi-gcc "../Drivers/API/Src/API_servo.c" -mcpu=cortex-m4 -std=gnu11 -g3 -DDEBUG -DUSE_HAL_DRIVER -DSTM32F446xx -c -I../Core/Inc -I../Drivers/STM32F4xx_HAL_Driver/Inc -I../Drivers/STM32F4xx_HAL_Driver/Inc/Legacy -I../Drivers/CMSIS/Device/ST/STM32F4xx/Include -I../Drivers/CMSIS/Include -I"/home/tomas1908/STM32CubeIDE/workspace_1.19.0/pdm/Trabajo_final_PdM/Drivers/API/Inc" -I"/home/tomas1908/STM32CubeIDE/workspace_1.19.0/pdm/Trabajo_final_PdM/Drivers/API/Src" -I"/home/tomas1908/STM32CubeIDE/workspace_1.19.0/pdm/Trabajo_final_PdM/Core/Src" -O0 -ffunction-sections -fdata-sections -Wall -fstack-usage -fcyclomatic-complexity -MMD -MP -MF"Drivers/API/Src/API_servo.d" -MT"Drivers/API/Src/API_servo.o" --specs=nano.specs -mfpu=fpv4-sp-d16 -mfloat-abi=hard -mthumb -o "Drivers/API/Src/API_servo.o"
arm-none-eabi-gcc "../Core/Src/main.c" -mcpu=cortex-m4 -std=gnu11 -g3 -DDEBUG -DUSE_HAL_DRIVER -DSTM32F446xx -c -I../Core/Inc -I../Drivers/STM32F4xx_HAL_Driver/Inc -I../Drivers/STM32F4xx_HAL_Driver/Inc/Legacy -I../Drivers/CMSIS/Device/ST/STM32F4xx/Include -I../Drivers/CMSIS/Include -I"/home/tomas1908/STM32CubeIDE/workspace_1.19.0/pdm/Trabajo_final_PdM/Drivers/API/Inc" -I"/home/tomas1908/STM32CubeIDE/workspace_1.19.0/pdm/Trabajo_final_PdM/Drivers/API/Src" -I"/home/tomas1908/STM32CubeIDE/workspace_1.19.0/pdm/Trabajo_final_PdM/Core/Src" -O0 -ffunction-sections -fdata-sections -Wall -fstack-usage -fcyclomatic-complexity -MMD -MP -MF"Core/Src/main.d" -MT"Core/Src/main.o" --specs=nano.specs -mfpu=fpv4-sp-d16 -mfloat-abi=hard -mthumb -o "Core/Src/main.o"
arm-none-eabi-gcc "../Core/Src/stm32f4xx_hal_msp.c" -mcpu=cortex-m4 -std=gnu11 -g3 -DDEBUG -DUSE_HAL_DRIVER -DSTM32F446xx -c -I../Core/Inc -I../Drivers/STM32F4xx_HAL_Driver/Inc -I../Drivers/STM32F4xx_HAL_Driver/Inc/Legacy -I../Drivers/CMSIS/Device/ST/STM32F4xx/Include -I../Drivers/CMSIS/Include -I"/home/tomas1908/STM32CubeIDE/workspace_1.19.0/pdm/Trabajo_final_PdM/Drivers/API/Inc" -I"/home/tomas1908/STM32CubeIDE/workspace_1.19.0/pdm/Trabajo_final_PdM/Drivers/API/Src" -I"/home/tomas1908/STM32CubeIDE/workspace_1.19.0/pdm/Trabajo_final_PdM/Core/Src" -O0 -ffunction-sections -fdata-sections -Wall -fstack-usage -fcyclomatic-complexity -MMD -MP -MF"Core/Src/stm32f4xx_hal_msp.d" -MT"Core/Src/stm32f4xx_hal_msp.o" --specs=nano.specs -mfpu=fpv4-sp-d16 -mfloat-abi=hard -mthumb -o "Core/Src/stm32f4xx_hal_msp.o"
arm-none-eabi-gcc "../Core/Src/stm32f4xx_it.c" -mcpu=cortex-m4 -std=gnu11 -g3 -DDEBUG -DUSE_HAL_DRIVER -DSTM32F446xx -c -I../Core/Inc -I../Drivers/STM32F4xx_HAL_Driver/Inc -I../Drivers/STM32F4xx_HAL_Driver/Inc/Legacy -I../Drivers/CMSIS/Device/ST/STM32F4xx/Include -I../Drivers/CMSIS/Include -I"/home/tomas1908/STM32CubeIDE/workspace_1.19.0/pdm/Trabajo_final_PdM/Drivers/API/Inc" -I"/home/tomas1908/STM32CubeIDE/workspace_1.19.0/pdm/Trabajo_final_PdM/Drivers/API/Src" -I"/home/tomas1908/STM32CubeIDE/workspace_1.19.0/pdm/Trabajo_final_PdM/Core/Src" -O0 -ffunction-sections -fdata-sections -Wall -fstack-usage -fcyclomatic-complexity -MMD -MP -MF"Core/Src/stm32f4xx_it.d" -MT"Core/Src/stm32f4xx_it.o" --specs=nano.specs -mfpu=fpv4-sp-d16 -mfloat-abi=hard -mthumb -o "Core/Src/stm32f4xx_it.o"
In file included from ../Core/Inc/main.h:41,
                 from ../Core/Src/main.c:20:
../Core/Src/main.c: In function 'PWM_Control':
/home/tomas1908/STM32CubeIDE/workspace_1.19.0/pdm/Trabajo_final_PdM/Drivers/API/Inc/API_Servo.h:14:20: error: expected ')' before ';' token
   14 | #define SCALE 0.244;
      |                    ^
../Core/Src/main.c:390:30: note: in expansion of macro 'SCALE'
  390 |         control = (control * SCALE) + OFFSET;
      |                              ^~~~~
../Core/Src/main.c:390:19: note: to match this '('
  390 |         control = (control * SCALE) + OFFSET;
      |                   ^
make: *** [Core/Src/subdir.mk:40: Core/Src/main.o] Error 1
make: *** Waiting for unfinished jobs....
"make -j8 all" terminated with exit code 2. Build might be incomplete.
17:20:21 **** Incremental Build of configuration Debug for project Trabajo_final_PdM ****
make -j8 all 
arm-none-eabi-gcc "../Drivers/API/Src/API_servo.c" -mcpu=cortex-m4 -std=gnu11 -g3 -DDEBUG -DUSE_HAL_DRIVER -DSTM32F446xx -c -I../Core/Inc -I../Drivers/STM32F4xx_HAL_Driver/Inc -I../Drivers/STM32F4xx_HAL_Driver/Inc/Legacy -I../Drivers/CMSIS/Device/ST/STM32F4xx/Include -I../Drivers/CMSIS/Include -I"/home/tomas1908/STM32CubeIDE/workspace_1.19.0/pdm/Trabajo_final_PdM/Drivers/API/Inc" -I"/home/tomas1908/STM32CubeIDE/workspace_1.19.0/pdm/Trabajo_final_PdM/Drivers/API/Src" -I"/home/tomas1908/STM32CubeIDE/workspace_1.19.0/pdm/Trabajo_final_PdM/Core/Src" -O0 -ffunction-sections -fdata-sections -Wall -fstack-usage -fcyclomatic-complexity -MMD -MP -MF"Drivers/API/Src/API_servo.d" -MT"Drivers/API/Src/API_servo.o" --specs=nano.specs -mfpu=fpv4-sp-d16 -mfloat-abi=hard -mthumb -o "Drivers/API/Src/API_servo.o"
[...]
arm-none-eabi-gcc "../Core/Src/main.c" -mcpu=cortex-m4 -std=gnu11 -g3 -DDEBUG -DUSE_HAL_DRIVER -DSTM32F446xx -c -I../Core/Inc -I../Drivers/STM32F4xx_HAL_Driver/Inc -I../Drivers/STM32F4xx_HAL_Driver/Inc/Legacy -I../Drivers/CMSIS/Device/ST/STM32F4xx/Include -I../Drivers/CMSIS/Include -I"/home/tomas1908/STM32CubeIDE/workspace_1.19.0/pdm/Trabajo_final_PdM/Drivers/API/Inc" -I"/home/tomas1908/STM32CubeIDE/workspace_1.19.0/pdm/Trabajo_final_PdM/Drivers/API/Src" -I"/home/tomas1908/STM32CubeIDE/workspace_1.19.0/pdm/Trabajo_final_PdM/Core/Src" -O0 -ffunction-sections -fdata-sections -Wall -fstack-usage -fcyclomatic-complexity -MMD -MP -MF"Core/Src/main.d" -MT"Core/Src/main.o" --specs=nano.specs -mfpu=fpv4-sp-d16 -mfloat-abi=hard -mthumb -o "Core/Src/main.o"
arm-none-eabi-gcc "../Core/Src/stm32f4xx_hal_msp.c" -mcpu=cortex-m4 -std=gnu11 -g3 -DDEBUG -DUSE_HAL_DRIVER -DSTM32F446xx -c -I../Core/Inc -I../Drivers/STM32F4xx_HAL_Driver/Inc -I../Drivers/STM32F4xx_HAL_Driver/Inc/Legacy -I../Drivers/CMSIS/Device/ST/STM32F4xx/Include -I../Drivers/CMSIS/Include -I"/home/tomas1908/STM32CubeIDE/workspace_1.19.0/pdm/Trabajo_final_PdM/Drivers/API/Inc" -I"/home/tomas1908/STM32CubeIDE/workspace_1.19.0/pdm/Trabajo_final_PdM/Drivers/API/Src" -I"/home/tomas1908/STM32CubeIDE/workspace_1.19.0/pdm/Trabajo_final_PdM/Core/Src" -O0 -ffunction-sections -fdata-sections -Wall -fstack-usage -fcyclomatic-complexity -MMD -MP -MF"Core/Src/stm32f4xx_hal_msp.d" -MT"Core/Src/stm32f4xx_hal_msp.o" --specs=nano.specs -mfpu=fpv4-sp-d16 -mfloat-abi=hard -mthumb -o "Core/Src/stm32f4xx_hal_msp.o"
../Drivers/API/Src/API_Display.c: In function 'message':
../Drivers/API/Src/API_Display.c:24:9: warning: implicit declaration of function 'sprintf' [-Wimplicit-function-declaration]
   24 |         sprintf(angle, "%d", (int)value);
      |         ^~~~~~~
../Drivers/API/Src/API_Display.c:10:1: note: include '<stdio.h>' or provide a declaration of 'sprintf'
    9 | #include "API_Display.h"
  +++ |+#include <stdio.h>
   10 | #include "stm32f4xx_hal.h"
../Drivers/API/Src/API_Display.c:24:9: warning: incompatible implicit declaration of built-in function 'sprintf' [-Wbuiltin-declaration-mismatch]
   24 |         sprintf(angle, "%d", (int)value);
      |         ^~~~~~~
../Drivers/API/Src/API_Display.c:24:9: note: include '<stdio.h>' or provide a declaration of 'sprintf'
../Drivers/API/Src/API_Display.c:24:25: warning: '%d' directive writing between 1 and 7 bytes into a region of size 6 [-Wformat-overflow=]
   24 |         sprintf(angle, "%d", (int)value);
      |                         ^~
../Drivers/API/Src/API_Display.c:24:24: note: directive argument in the range [0, 1048832]
   24 |         sprintf(angle, "%d", (int)value);
      |                        ^~~~
../Drivers/API/Src/API_Display.c:24:9: note: 'sprintf' output between 2 and 8 bytes into a destination of size 6
   24 |         sprintf(angle, "%d", (int)value);
      |         ^~~~~~~~~~~~~~~~~~~~~~~~~~~~~~~~
../Core/Src/main.c: In function 'main':
../Core/Src/main.c:120:3: warning: implicit declaration of function 'wellcome' [-Wimplicit-function-declaration]
  120 |   wellcome();
      |   ^~~~~~~~
../Core/Src/main.c: In function 'action_write':
../Core/Src/main.c:459:9: warning: implicit declaration of function 'message' [-Wimplicit-function-declaration]
  459 |         message(ADC_value);
      |         ^~~~~~~
arm-none-eabi-gcc "../Core/Src/stm32f4xx_it.c" -mcpu=cortex-m4 -std=gnu11 -g3 -DDEBUG -DUSE_HAL_DRIVER -DSTM32F446xx -c -I../Core/Inc -I../Drivers/STM32F4xx_HAL_Driver/Inc -I../Drivers/STM32F4xx_HAL_Driver/Inc/Legacy -I../Drivers/CMSIS/Device/ST/STM32F4xx/Include -I../Drivers/CMSIS/Include -I"/home/tomas1908/STM32CubeIDE/workspace_1.19.0/pdm/Trabajo_final_PdM/Drivers/API/Inc" -I"/home/tomas1908/STM32CubeIDE/workspace_1.19.0/pdm/Trabajo_final_PdM/Drivers/API/Src" -I"/home/tomas1908/STM32CubeIDE/workspace_1.19.0/pdm/Trabajo_final_PdM/Core/Src" -O0 -ffunction-sections -fdata-sections -Wall -fstack-usage -fcyclomatic-complexity -MMD -MP -MF"Core/Src/stm32f4xx_it.d" -MT"Core/Src/stm32f4xx_it.o" --specs=nano.specs -mfpu=fpv4-sp-d16 -mfloat-abi=hard -mthumb -o "Core/Src/stm32f4xx_it.o"
arm-none-eabi-gcc "../Core/Src/syscalls.c" -mcpu=cortex-m4 -std=gnu11 -g3 -DDEBUG -DUSE_HAL_DRIVER -DSTM32F446xx -c -I../Core/Inc -I../Drivers/STM32F4xx_HAL_Driver/Inc -I../Drivers/STM32F4xx_HAL_Driver/Inc/Legacy -I../Drivers/CMSIS/Device/ST/STM32F4xx/Include -I../Drivers/CMSIS/Include -I"/home/tomas1908/STM32CubeIDE/workspace_1.19.0/pdm/Trabajo_final_PdM/Drivers/API/Inc" -I"/home/tomas1908/STM32CubeIDE/workspace_1.19.0/pdm/Trabajo_final_PdM/Drivers/API/Src" -I"/home/tomas1908/STM32CubeIDE/workspace_1.19.0/pdm/Trabajo_final_PdM/Core/Src" -O0 -ffunction-sections -fdata-sections -Wall -fstack-usage -fcyclomatic-complexity -MMD -MP -MF"Core/Src/syscalls.d" -MT"Core/Src/syscalls.o" --specs=nano.specs -mfpu=fpv4-sp-d16 -mfloat-abi=hard -mthumb -o "Core/Src/syscalls.o"
arm-none-eabi-gcc "../Core/Src/sysmem.c" -mcpu=cortex-m4 -std=gnu11 -g3 -DDEBUG -DUSE_HAL_DRIVER -DSTM32F446xx -c -I../Core/Inc -I../Drivers/STM32F4xx_HAL_Driver/Inc -I../Drivers/STM32F4xx_HAL_Driver/Inc/Legacy -I../Drivers/CMSIS/Device/ST/STM32F4xx/Include -I../Drivers/CMSIS/Include -I"/home/tomas1908/STM32CubeIDE/workspace_1.19.0/pdm/Trabajo_final_PdM/Drivers/API/Inc" -I"/home/tomas1908/STM32CubeIDE/workspace_1.19.0/pdm/Trabajo_final_PdM/Drivers/API/Src" -I"/home/tomas1908/STM32CubeIDE/workspace_1.19.0/pdm/Trabajo_final_PdM/Core/Src" -O0 -ffunction-sections -fdata-sections -Wall -fstack-usage -fcyclomatic-complexity -MMD -MP -MF"Core/Src/sysmem.d" -MT"Core/Src/sysmem.o" --specs=nano.specs -mfpu=fpv4-sp-d16 -mfloat-abi=hard -mthumb -o "Core/Src/sysmem.o"
arm-none-eabi-gcc "../Core/Src/system_stm32f4xx.c" -mcpu=cortex-m4 -std=gnu11 -g3 -DDEBUG -DUSE_HAL_DRIVER -DSTM32F446xx -c -I../Core/Inc -I../Drivers/STM32F4xx_HAL_Driver/Inc -I../Drivers/STM32F4xx_HAL_Driver/Inc/Legacy -I../Drivers/CMSIS/Device/ST/STM32F4xx/Include -I../Drivers/CMSIS/Include -I"/home/tomas1908/STM32CubeIDE/workspace_1.19.0/pdm/Trabajo_final_PdM/Drivers/API/Inc" -I"/home/tomas1908/STM32CubeIDE/workspace_1.19.0/pdm/Trabajo_final_PdM/Drivers/API/Src" -I"/home/tomas1908/STM32CubeIDE/workspace_1.19.0/pdm/Trabajo_final_PdM/Core/Src" -O0 -ffunction-sections -fdata-sections -Wall -fstack-usage -fcyclomatic-complexity -MMD -MP -MF"Core/Src/system_stm32f4xx.d" -MT"Core/Src/system_stm32f4xx.o" --specs=nano.specs -mfpu=fpv4-sp-d16 -mfloat-abi=hard -mthumb -o "Core/Src/system_stm32f4xx.o"
arm-none-eabi-gcc -o "Trabajo_final_PdM.elf" @"objects.list"   -mcpu=cortex-m4 -T"/home/tomas1908/STM32CubeIDE/workspace_1.19.0/pdm/Trabajo_final_PdM/STM32F446RETX_FLASH.ld" --specs=nosys.specs -Wl,-Map="Trabajo_final_PdM.map" -Wl,--gc-sections -static --specs=nano.specs -mfpu=fpv4-sp-d16 -mfloat-abi=hard -mthumb -Wl,--start-group -lc -lm -Wl,--end-group
Finished building target: Trabajo_final_PdM.elf
 
arm-none-eabi-size  Trabajo_final_PdM.elf 
arm-none-eabi-objdump -h -S Trabajo_final_PdM.elf  > "Trabajo_final_PdM.list"
   text	   data	    bss	    dec	    hex	filename
  30304	    108	   3204	  33616	   8350	Trabajo_final_PdM.elf
Finished building: default.size.stdout
 
Finished building: Trabajo_final_PdM.list
 
19:07:10 **** Incremental Build of configuration Debug for project Trabajo_final_PdM ****
make -j8 all 
arm-none-eabi-gcc "../Core/Src/main.c" -mcpu=cortex-m4 -std=gnu11 -g3 -DDEBUG -DUSE_HAL_DRIVER -DSTM32F446xx -c -I../Core/Inc -I../Drivers/STM32F4xx_HAL_Driver/Inc -I../Drivers/STM32F4xx_HAL_Driver/Inc/Legacy -I../Drivers/CMSIS/Device/ST/STM32F4xx/Include -I../Drivers/CMSIS/Include -I"/home/tomas1908/STM32CubeIDE/workspace_1.19.0/pdm/Trabajo_final_PdM/Drivers/API/Inc" -I"/home/tomas1908/STM32CubeIDE/workspace_1.19.0/pdm/Trabajo_final_PdM/Drivers/API/Src" -I"/home/tomas1908/STM32CubeIDE/workspace_1.19.0/pdm/Trabajo_final_PdM/Core/Src" -O0 -ffunction-sections -fdata-sections -Wall -fstack-usage -fcyclomatic-complexity -MMD -MP -MF"Core/Src/main.d" -MT"Core/Src/main.o" --specs=nano.specs -mfpu=fpv4-sp-d16 -mfloat-abi=hard -mthumb -o "Core/Src/main.o"
arm-none-eabi-gcc "../Core/Src/stm32f4xx_hal_msp.c" -mcpu=cortex-m4 -std=gnu11 -g3 -DDEBUG -DUSE_HAL_DRIVER -DSTM32F446xx -c -I../Core/Inc -I../Drivers/STM32F4xx_HAL_Driver/Inc -I../Drivers/STM32F4xx_HAL_Driver/Inc/Legacy -I../Drivers/CMSIS/Device/ST/STM32F4xx/Include -I../Drivers/CMSIS/Include -I"/home/tomas1908/STM32CubeIDE/workspace_1.19.0/pdm/Trabajo_final_PdM/Drivers/API/Inc" -I"/home/tomas1908/STM32CubeIDE/workspace_1.19.0/pdm/Trabajo_final_PdM/Drivers/API/Src" -I"/home/tomas1908/STM32CubeIDE/workspace_1.19.0/pdm/Trabajo_final_PdM/Core/Src" -O0 -ffunction-sections -fdata-sections -Wall -fstack-usage -fcyclomatic-complexity -MMD -MP -MF"Core/Src/stm32f4xx_hal_msp.d" -MT"Core/Src/stm32f4xx_hal_msp.o" --specs=nano.specs -mfpu=fpv4-sp-d16 -mfloat-abi=hard -mthumb -o "Core/Src/stm32f4xx_hal_msp.o"
arm-none-eabi-gcc "../Core/Src/stm32f4xx_it.c" -mcpu=cortex-m4 -std=gnu11 -g3 -DDEBUG -DUSE_HAL_DRIVER -DSTM32F446xx -c -I../Core/Inc -I../Drivers/STM32F4xx_HAL_Driver/Inc -I../Drivers/STM32F4xx_HAL_Driver/Inc/Legacy -I../Drivers/CMSIS/Device/ST/STM32F4xx/Include -I../Drivers/CMSIS/Include -I"/home/tomas1908/STM32CubeIDE/workspace_1.19.0/pdm/Trabajo_final_PdM/Drivers/API/Inc" -I"/home/tomas1908/STM32CubeIDE/workspace_1.19.0/pdm/Trabajo_final_PdM/Drivers/API/Src" -I"/home/tomas1908/STM32CubeIDE/workspace_1.19.0/pdm/Trabajo_final_PdM/Core/Src" -O0 -ffunction-sections -fdata-sections -Wall -fstack-usage -fcyclomatic-complexity -MMD -MP -MF"Core/Src/stm32f4xx_it.d" -MT"Core/Src/stm32f4xx_it.o" --specs=nano.specs -mfpu=fpv4-sp-d16 -mfloat-abi=hard -mthumb -o "Core/Src/stm32f4xx_it.o"
../Core/Src/main.c: In function 'main':
../Core/Src/main.c:116:3: warning: implicit declaration of function 'SSD1306_Init' [-Wimplicit-function-declaration]
  116 |   SSD1306_Init();
      |   ^~~~~~~~~~~~
../Core/Src/main.c:120:3: warning: implicit declaration of function 'wellcome' [-Wimplicit-function-declaration]
  120 |   wellcome();
      |   ^~~~~~~~
../Core/Src/main.c: In function 'action_write':
../Core/Src/main.c:459:9: warning: implicit declaration of function 'message' [-Wimplicit-function-declaration]
  459 |         message(ADC_value);
      |         ^~~~~~~
arm-none-eabi-gcc -o "Trabajo_final_PdM.elf" @"objects.list"   -mcpu=cortex-m4 -T"/home/tomas1908/STM32CubeIDE/workspace_1.19.0/pdm/Trabajo_final_PdM/STM32F446RETX_FLASH.ld" --specs=nosys.specs -Wl,-Map="Trabajo_final_PdM.map" -Wl,--gc-sections -static --specs=nano.specs -mfpu=fpv4-sp-d16 -mfloat-abi=hard -mthumb -Wl,--start-group -lc -lm -Wl,--end-group
Finished building target: Trabajo_final_PdM.elf
 
arm-none-eabi-size  Trabajo_final_PdM.elf 
arm-none-eabi-objdump -h -S Trabajo_final_PdM.elf  > "Trabajo_final_PdM.list"
   text	   data	    bss	    dec	    hex	filename
  30304	    108	   3204	  33616	   8350	Trabajo_final_PdM.elf
Finished building: default.size.stdout
 
Finished building: Trabajo_final_PdM.list
 
19:07:26 **** Incremental Build of configuration Debug for project Trabajo_final_PdM ****
make -j8 all 
arm-none-eabi-gcc "../Drivers/API/Src/API_Display.c" -mcpu=cortex-m4 -std=gnu11 -g3 -DDEBUG -DUSE_HAL_DRIVER -DSTM32F446xx -c -I../Core/Inc -I../Drivers/STM32F4xx_HAL_Driver/Inc -I../Drivers/STM32F4xx_HAL_Driver/Inc/Legacy -I../Drivers/CMSIS/Device/ST/STM32F4xx/Include -I../Drivers/CMSIS/Include -I"/home/tomas1908/STM32CubeIDE/workspace_1.19.0/pdm/Trabajo_final_PdM/Drivers/API/Inc" -I"/home/tomas1908/STM32CubeIDE/workspace_1.19.0/pdm/Trabajo_final_PdM/Drivers/API/Src" -I"/home/tomas1908/STM32CubeIDE/workspace_1.19.0/pdm/Trabajo_final_PdM/Core/Src" -O0 -ffunction-sections -fdata-sections -Wall -fstack-usage -fcyclomatic-complexity -MMD -MP -MF"Drivers/API/Src/API_Display.d" -MT"Drivers/API/Src/API_Display.o" --specs=nano.specs -mfpu=fpv4-sp-d16 -mfloat-abi=hard -mthumb -o "Drivers/API/Src/API_Display.o"
arm-none-eabi-gcc "../Core/Src/main.c" -mcpu=cortex-m4 -std=gnu11 -g3 -DDEBUG -DUSE_HAL_DRIVER -DSTM32F446xx -c -I../Core/Inc -I../Drivers/STM32F4xx_HAL_Driver/Inc -I../Drivers/STM32F4xx_HAL_Driver/Inc/Legacy -I../Drivers/CMSIS/Device/ST/STM32F4xx/Include -I../Drivers/CMSIS/Include -I"/home/tomas1908/STM32CubeIDE/workspace_1.19.0/pdm/Trabajo_final_PdM/Drivers/API/Inc" -I"/home/tomas1908/STM32CubeIDE/workspace_1.19.0/pdm/Trabajo_final_PdM/Drivers/API/Src" -I"/home/tomas1908/STM32CubeIDE/workspace_1.19.0/pdm/Trabajo_final_PdM/Core/Src" -O0 -ffunction-sections -fdata-sections -Wall -fstack-usage -fcyclomatic-complexity -MMD -MP -MF"Core/Src/main.d" -MT"Core/Src/main.o" --specs=nano.specs -mfpu=fpv4-sp-d16 -mfloat-abi=hard -mthumb -o "Core/Src/main.o"
arm-none-eabi-gcc "../Core/Src/stm32f4xx_hal_msp.c" -mcpu=cortex-m4 -std=gnu11 -g3 -DDEBUG -DUSE_HAL_DRIVER -DSTM32F446xx -c -I../Core/Inc -I../Drivers/STM32F4xx_HAL_Driver/Inc -I../Drivers/STM32F4xx_HAL_Driver/Inc/Legacy -I../Drivers/CMSIS/Device/ST/STM32F4xx/Include -I../Drivers/CMSIS/Include -I"/home/tomas1908/STM32CubeIDE/workspace_1.19.0/pdm/Trabajo_final_PdM/Drivers/API/Inc" -I"/home/tomas1908/STM32CubeIDE/workspace_1.19.0/pdm/Trabajo_final_PdM/Drivers/API/Src" -I"/home/tomas1908/STM32CubeIDE/workspace_1.19.0/pdm/Trabajo_final_PdM/Core/Src" -O0 -ffunction-sections -fdata-sections -Wall -fstack-usage -fcyclomatic-complexity -MMD -MP -MF"Core/Src/stm32f4xx_hal_msp.d" -MT"Core/Src/stm32f4xx_hal_msp.o" --specs=nano.specs -mfpu=fpv4-sp-d16 -mfloat-abi=hard -mthumb -o "Core/Src/stm32f4xx_hal_msp.o"
arm-none-eabi-gcc "../Core/Src/stm32f4xx_it.c" -mcpu=cortex-m4 -std=gnu11 -g3 -DDEBUG -DUSE_HAL_DRIVER -DSTM32F446xx -c -I../Core/Inc -I../Drivers/STM32F4xx_HAL_Driver/Inc -I../Drivers/STM32F4xx_HAL_Driver/Inc/Legacy -I../Drivers/CMSIS/Device/ST/STM32F4xx/Include -I../Drivers/CMSIS/Include -I"/home/tomas1908/STM32CubeIDE/workspace_1.19.0/pdm/Trabajo_final_PdM/Drivers/API/Inc" -I"/home/tomas1908/STM32CubeIDE/workspace_1.19.0/pdm/Trabajo_final_PdM/Drivers/API/Src" -I"/home/tomas1908/STM32CubeIDE/workspace_1.19.0/pdm/Trabajo_final_PdM/Core/Src" -O0 -ffunction-sections -fdata-sections -Wall -fstack-usage -fcyclomatic-complexity -MMD -MP -MF"Core/Src/stm32f4xx_it.d" -MT"Core/Src/stm32f4xx_it.o" --specs=nano.specs -mfpu=fpv4-sp-d16 -mfloat-abi=hard -mthumb -o "Core/Src/stm32f4xx_it.o"
../Drivers/API/Src/API_Display.c: In function 'message':
../Drivers/API/Src/API_Display.c:24:25: warning: '%d' directive writing between 1 and 7 bytes into a region of size 6 [-Wformat-overflow=]
   24 |         sprintf(angle, "%d", (int)value);
      |                         ^~
../Drivers/API/Src/API_Display.c:24:24: note: directive argument in the range [0, 1048832]
   24 |         sprintf(angle, "%d", (int)value);
      |                        ^~~~
../Drivers/API/Src/API_Display.c:24:9: note: 'sprintf' output between 2 and 8 bytes into a destination of size 6
   24 |         sprintf(angle, "%d", (int)value);
      |         ^~~~~~~~~~~~~~~~~~~~~~~~~~~~~~~~
../Core/Src/main.c: In function 'main':
../Core/Src/main.c:116:3: warning: implicit declaration of function 'SSD1306_Init' [-Wimplicit-function-declaration]
  116 |   SSD1306_Init();
      |   ^~~~~~~~~~~~
../Core/Src/main.c:120:3: warning: implicit declaration of function 'wellcome' [-Wimplicit-function-declaration]
  120 |   wellcome();
      |   ^~~~~~~~
../Core/Src/main.c: In function 'action_write':
../Core/Src/main.c:459:9: warning: implicit declaration of function 'message' [-Wimplicit-function-declaration]
  459 |         message(ADC_value);
      |         ^~~~~~~
arm-none-eabi-gcc -o "Trabajo_final_PdM.elf" @"objects.list"   -mcpu=cortex-m4 -T"/home/tomas1908/STM32CubeIDE/workspace_1.19.0/pdm/Trabajo_final_PdM/STM32F446RETX_FLASH.ld" --specs=nosys.specs -Wl,-Map="Trabajo_final_PdM.map" -Wl,--gc-sections -static --specs=nano.specs -mfpu=fpv4-sp-d16 -mfloat-abi=hard -mthumb -Wl,--start-group -lc -lm -Wl,--end-group
Finished building target: Trabajo_final_PdM.elf
 
arm-none-eabi-size  Trabajo_final_PdM.elf 
arm-none-eabi-objdump -h -S Trabajo_final_PdM.elf  > "Trabajo_final_PdM.list"
   text	   data	    bss	    dec	    hex	filename
  30304	    108	   3204	  33616	   8350	Trabajo_final_PdM.elf
Finished building: default.size.stdout
 
Finished building: Trabajo_final_PdM.list
 
19:08:51 **** Incremental Build of configuration Debug for project Trabajo_final_PdM ****
make -j8 all 
arm-none-eabi-gcc "../Core/Src/main.c" -mcpu=cortex-m4 -std=gnu11 -g3 -DDEBUG -DUSE_HAL_DRIVER -DSTM32F446xx -c -I../Core/Inc -I../Drivers/STM32F4xx_HAL_Driver/Inc -I../Drivers/STM32F4xx_HAL_Driver/Inc/Legacy -I../Drivers/CMSIS/Device/ST/STM32F4xx/Include -I../Drivers/CMSIS/Include -I"/home/tomas1908/STM32CubeIDE/workspace_1.19.0/pdm/Trabajo_final_PdM/Drivers/API/Inc" -I"/home/tomas1908/STM32CubeIDE/workspace_1.19.0/pdm/Trabajo_final_PdM/Drivers/API/Src" -I"/home/tomas1908/STM32CubeIDE/workspace_1.19.0/pdm/Trabajo_final_PdM/Core/Src" -O0 -ffunction-sections -fdata-sections -Wall -fstack-usage -fcyclomatic-complexity -MMD -MP -MF"Core/Src/main.d" -MT"Core/Src/main.o" --specs=nano.specs -mfpu=fpv4-sp-d16 -mfloat-abi=hard -mthumb -o "Core/Src/main.o"
arm-none-eabi-gcc "../Core/Src/stm32f4xx_hal_msp.c" -mcpu=cortex-m4 -std=gnu11 -g3 -DDEBUG -DUSE_HAL_DRIVER -DSTM32F446xx -c -I../Core/Inc -I../Drivers/STM32F4xx_HAL_Driver/Inc -I../Drivers/STM32F4xx_HAL_Driver/Inc/Legacy -I../Drivers/CMSIS/Device/ST/STM32F4xx/Include -I../Drivers/CMSIS/Include -I"/home/tomas1908/STM32CubeIDE/workspace_1.19.0/pdm/Trabajo_final_PdM/Drivers/API/Inc" -I"/home/tomas1908/STM32CubeIDE/workspace_1.19.0/pdm/Trabajo_final_PdM/Drivers/API/Src" -I"/home/tomas1908/STM32CubeIDE/workspace_1.19.0/pdm/Trabajo_final_PdM/Core/Src" -O0 -ffunction-sections -fdata-sections -Wall -fstack-usage -fcyclomatic-complexity -MMD -MP -MF"Core/Src/stm32f4xx_hal_msp.d" -MT"Core/Src/stm32f4xx_hal_msp.o" --specs=nano.specs -mfpu=fpv4-sp-d16 -mfloat-abi=hard -mthumb -o "Core/Src/stm32f4xx_hal_msp.o"
arm-none-eabi-gcc "../Core/Src/stm32f4xx_it.c" -mcpu=cortex-m4 -std=gnu11 -g3 -DDEBUG -DUSE_HAL_DRIVER -DSTM32F446xx -c -I../Core/Inc -I../Drivers/STM32F4xx_HAL_Driver/Inc -I../Drivers/STM32F4xx_HAL_Driver/Inc/Legacy -I../Drivers/CMSIS/Device/ST/STM32F4xx/Include -I../Drivers/CMSIS/Include -I"/home/tomas1908/STM32CubeIDE/workspace_1.19.0/pdm/Trabajo_final_PdM/Drivers/API/Inc" -I"/home/tomas1908/STM32CubeIDE/workspace_1.19.0/pdm/Trabajo_final_PdM/Drivers/API/Src" -I"/home/tomas1908/STM32CubeIDE/workspace_1.19.0/pdm/Trabajo_final_PdM/Core/Src" -O0 -ffunction-sections -fdata-sections -Wall -fstack-usage -fcyclomatic-complexity -MMD -MP -MF"Core/Src/stm32f4xx_it.d" -MT"Core/Src/stm32f4xx_it.o" --specs=nano.specs -mfpu=fpv4-sp-d16 -mfloat-abi=hard -mthumb -o "Core/Src/stm32f4xx_it.o"
arm-none-eabi-gcc -o "Trabajo_final_PdM.elf" @"objects.list"   -mcpu=cortex-m4 -T"/home/tomas1908/STM32CubeIDE/workspace_1.19.0/pdm/Trabajo_final_PdM/STM32F446RETX_FLASH.ld" --specs=nosys.specs -Wl,-Map="Trabajo_final_PdM.map" -Wl,--gc-sections -static --specs=nano.specs -mfpu=fpv4-sp-d16 -mfloat-abi=hard -mthumb -Wl,--start-group -lc -lm -Wl,--end-group
Finished building target: Trabajo_final_PdM.elf
 
arm-none-eabi-size  Trabajo_final_PdM.elf 
arm-none-eabi-objdump -h -S Trabajo_final_PdM.elf  > "Trabajo_final_PdM.list"
   text	   data	    bss	    dec	    hex	filename
  30304	    108	   3204	  33616	   8350	Trabajo_final_PdM.elf
Finished building: default.size.stdout
 
Finished building: Trabajo_final_PdM.list
 
19:09:06 **** Incremental Build of configuration Debug for project Trabajo_final_PdM ****
make -j8 all 
arm-none-eabi-size  Trabajo_final_PdM.elf 
   text	   data	    bss	    dec	    hex	filename
  30304	    108	   3204	  33616	   8350	Trabajo_final_PdM.elf
Finished building: default.size.stdout
 
