17:24:38 **** Incremental Build of configuration Debug for project Trabajo_final_PdM ****
make -j8 all 
arm-none-eabi-gcc "../Core/Src/main.c" -mcpu=cortex-m4 -std=gnu11 -g3 -DDEBUG -DUSE_HAL_DRIVER -DSTM32F446xx -c -I../Core/Inc -I../Drivers/STM32F4xx_HAL_Driver/Inc -I../Drivers/STM32F4xx_HAL_Driver/Inc/Legacy -I../Drivers/CMSIS/Device/ST/STM32F4xx/Include -I../Drivers/CMSIS/Include -I"/home/tomas1908/STM32CubeIDE/workspace_1.19.0/pdm/Trabajo_final_PdM/Drivers/API/Inc" -I"/home/tomas1908/STM32CubeIDE/workspace_1.19.0/pdm/Trabajo_final_PdM/Drivers/API/Src" -I"/home/tomas1908/STM32CubeIDE/workspace_1.19.0/pdm/Trabajo_final_PdM/Core/Src" -O0 -ffunction-sections -fdata-sections -Wall -fstack-usage -fcyclomatic-complexity -MMD -MP -MF"Core/Src/main.d" -MT"Core/Src/main.o" --specs=nano.specs -mfpu=fpv4-sp-d16 -mfloat-abi=hard -mthumb -o "Core/Src/main.o"
arm-none-eabi-gcc -o "Trabajo_final_PdM.elf" @"objects.list"   -mcpu=cortex-m4 -T"/home/tomas1908/STM32CubeIDE/workspace_1.19.0/pdm/Trabajo_final_PdM/STM32F446RETX_FLASH.ld" --specs=nosys.specs -Wl,-Map="Trabajo_final_PdM.map" -Wl,--gc-sections -static --specs=nano.specs -mfpu=fpv4-sp-d16 -mfloat-abi=hard -mthumb -Wl,--start-group -lc -lm -Wl,--end-group
Finished building target: Trabajo_final_PdM.elf
 
arm-none-eabi-size  Trabajo_final_PdM.elf 
arm-none-eabi-objdump -h -S Trabajo_final_PdM.elf  > "Trabajo_final_PdM.list"
   text	   data	    bss	    dec	    hex	filename
  35620	    108	   3276	  39004	   985c	Trabajo_final_PdM.elf
Finished building: default.size.stdout
 
Finished building: Trabajo_final_PdM.list
 

17:24:38 Build Finished. 0 errors, 0 warnings. (took 382ms)

