09:40:51 **** Incremental Build of configuration Debug for project Trabajo_final_PdM ****
make -j8 all 
arm-none-eabi-gcc "../Core/Src/main.c" -mcpu=cortex-m4 -std=gnu11 -g3 -DDEBUG -DUSE_HAL_DRIVER -DSTM32F446xx -c -I../Core/Inc -I../Drivers/STM32F4xx_HAL_Driver/Inc -I../Drivers/STM32F4xx_HAL_Driver/Inc/Legacy -I../Drivers/CMSIS/Device/ST/STM32F4xx/Include -I../Drivers/CMSIS/Include -I"/home/tomas1908/STM32CubeIDE/workspace_1.19.0/pdm/Trabajo_final_PdM/Drivers/API/Inc" -I"/home/tomas1908/STM32CubeIDE/workspace_1.19.0/pdm/Trabajo_final_PdM/Drivers/API/Src" -O0 -ffunction-sections -fdata-sections -Wall -fstack-usage -fcyclomatic-complexity -MMD -MP -MF"Core/Src/main.d" -MT"Core/Src/main.o" --specs=nano.specs -mfpu=fpv4-sp-d16 -mfloat-abi=hard -mthumb -o "Core/Src/main.o"
../Core/Src/main.c: In function 'main':
../Core/Src/main.c:146:22: warning: passing argument 1 of 'delayRead' discards 'volatile' qualifier from pointer target type [-Wdiscarded-qualifiers]
  146 |         if(delayRead(&delay_mech) == ready_mode){
      |                      ^~~~~~~~~~~
In file included from ../Core/Inc/main.h:34,
                 from ../Core/Src/main.c:20:
/home/tomas1908/STM32CubeIDE/workspace_1.19.0/pdm/Trabajo_final_PdM/Drivers/API/Inc/API_delay.h:24:29: note: expected 'delay_t *' but argument is of type 'volatile delay_t *'
   24 | mode_t delayRead( delay_t * delay );
      |                   ~~~~~~~~~~^~~~~
../Core/Src/main.c: In function 'FSM':
../Core/Src/main.c:382:41: warning: passing argument 1 of 'SM_init' discards 'volatile' qualifier from pointer target type [-Wdiscarded-qualifiers]
  382 |                                 SM_init(&delay_mech);
      |                                         ^~~~~~~~~~~
../Core/Src/main.c:78:24: note: expected 'delay_t *' but argument is of type 'volatile delay_t *'
   78 | void SM_init(delay_t * mechanic_delay);
      |              ~~~~~~~~~~^~~~~~~~~~~~~~
../Core/Src/main.c:388:59: warning: passing argument 2 of 'action_write' discards 'volatile' qualifier from pointer target type [-Wdiscarded-qualifiers]
  388 |                                 action_write(adc_value_x, &delay_mech);
      |                                                           ^~~~~~~~~~~
../Core/Src/main.c:74:48: note: expected 'delay_t *' but argument is of type 'volatile delay_t *'
   74 | void action_write(uint32_t ADC_value,delay_t * mechanic_delay);
      |                                      ~~~~~~~~~~^~~~~~~~~~~~~~
../Core/Src/main.c: In function 'action_write':
../Core/Src/main.c:431:22: warning: passing argument 1 of 'delayDisable' discards 'volatile' qualifier from pointer target type [-Wdiscarded-qualifiers]
  431 |         delayDisable(&delay_mech);
      |                      ^~~~~~~~~~~
/home/tomas1908/STM32CubeIDE/workspace_1.19.0/pdm/Trabajo_final_PdM/Drivers/API/Inc/API_delay.h:25:29: note: expected 'delay_t *' but argument is of type 'volatile delay_t *'
   25 | void delayDisable(delay_t * delay);
      |                   ~~~~~~~~~~^~~~~
arm-none-eabi-gcc -o "Trabajo_final_PdM.elf" @"objects.list"   -mcpu=cortex-m4 -T"/home/tomas1908/STM32CubeIDE/workspace_1.19.0/pdm/Trabajo_final_PdM/STM32F446RETX_FLASH.ld" --specs=nosys.specs -Wl,-Map="Trabajo_final_PdM.map" -Wl,--gc-sections -static --specs=nano.specs -mfpu=fpv4-sp-d16 -mfloat-abi=hard -mthumb -Wl,--start-group -lc -lm -Wl,--end-group
Finished building target: Trabajo_final_PdM.elf
 
arm-none-eabi-size  Trabajo_final_PdM.elf 
arm-none-eabi-objdump -h -S Trabajo_final_PdM.elf  > "Trabajo_final_PdM.list"
   text	   data	    bss	    dec	    hex	filename
  13808	     12	   1740	  15560	   3cc8	Trabajo_final_PdM.elf
Finished building: default.size.stdout
 
Finished building: Trabajo_final_PdM.list
 

09:40:52 Build Finished. 0 errors, 4 warnings. (took 812ms)

